BL51 BANKED LINKER/LOCATER V6.22                                                        12/13/2017  23:08:36  PAGE 1


BL51 BANKED LINKER/LOCATER V6.22, INVOKED BY:
D:\PROGRAM FILES (X86)\KEIL\C51\BIN\BL51.EXE .\Objects\STARTUP.obj, .\Objects\main.obj, .\Objects\HD7279.obj, .\Objects\
>> delay.obj, .\Objects\basicIO.obj, .\Objects\decode.obj, .\Objects\p1IO.obj, .\Objects\dataMemory.obj, .\Objects\timer
>> .obj, .\Objects\89C51_it.obj, .\Objects\usart.obj, .\Objects\8255.obj, .\Objects\8254.obj, .\Objects\8251A.obj, .\Obj
>> ects\CS5550.obj, .\Objects\pwm.obj, .\Objects\brushDcMotor.obj, .\Objects\stepMotor.obj, .\Objects\speaker.obj, .\Obj
>> ects\gpio.obj TO .\Objects\keyLED PRINT (.\Listings\keyLED.m51) RAMSIZE (256)


MEMORY MODEL: SMALL WITH FLOATING POINT ARITHMETIC


INPUT MODULES INCLUDED:
  .\Objects\STARTUP.obj (?C_STARTUP)
  .\Objects\main.obj (MAIN)
  .\Objects\HD7279.obj (HD7279)
  .\Objects\delay.obj (DELAY)
  .\Objects\basicIO.obj (BASICIO)
  .\Objects\decode.obj (DECODE)
  .\Objects\p1IO.obj (P1IO)
  .\Objects\dataMemory.obj (DATAMEMORY)
  .\Objects\timer.obj (TIMER)
  .\Objects\89C51_it.obj (89C51_IT)
  .\Objects\usart.obj (USART)
  .\Objects\8255.obj (8255)
  .\Objects\8254.obj (8254)
  .\Objects\8251A.obj (8251A)
  .\Objects\CS5550.obj (CS5550)
  .\Objects\pwm.obj (PWM)
  .\Objects\brushDcMotor.obj (BRUSHDCMOTOR)
  .\Objects\stepMotor.obj (STEPMOTOR)
  .\Objects\speaker.obj (SPEAKER)
  .\Objects\gpio.obj (GPIO)
  D:\PROGRAM FILES (X86)\KEIL\C51\LIB\C51FPS.LIB (?C?FPADD)
  D:\PROGRAM FILES (X86)\KEIL\C51\LIB\C51FPS.LIB (?C?FPMUL)
  D:\PROGRAM FILES (X86)\KEIL\C51\LIB\C51FPS.LIB (?C?FPDIV)
  D:\PROGRAM FILES (X86)\KEIL\C51\LIB\C51FPS.LIB (?C?FPCMP)
  D:\PROGRAM FILES (X86)\KEIL\C51\LIB\C51FPS.LIB (?C?FPNEG)
  D:\PROGRAM FILES (X86)\KEIL\C51\LIB\C51FPS.LIB (?C?FCAST)
  D:\PROGRAM FILES (X86)\KEIL\C51\LIB\C51FPS.LIB (?C?CASTF)
  D:\PROGRAM FILES (X86)\KEIL\C51\LIB\C51FPS.LIB (PRINTF)
  D:\PROGRAM FILES (X86)\KEIL\C51\LIB\C51FPS.LIB (?C?FPGETOPN)
  D:\PROGRAM FILES (X86)\KEIL\C51\LIB\C51FPS.LIB (?C?FPROUND)
  D:\PROGRAM FILES (X86)\KEIL\C51\LIB\C51FPS.LIB (?C?FPCONVERT)
  D:\PROGRAM FILES (X86)\KEIL\C51\LIB\C51FPS.LIB (?C?FTNPWR)
  D:\PROGRAM FILES (X86)\KEIL\C51\LIB\C51S.LIB (?C_INIT)
  D:\PROGRAM FILES (X86)\KEIL\C51\LIB\C51S.LIB (?C?COPY)
  D:\PROGRAM FILES (X86)\KEIL\C51\LIB\C51S.LIB (?C?CLDPTR)
  D:\PROGRAM FILES (X86)\KEIL\C51\LIB\C51S.LIB (?C?CLDOPTR)
  D:\PROGRAM FILES (X86)\KEIL\C51\LIB\C51S.LIB (?C?CSTPTR)
  D:\PROGRAM FILES (X86)\KEIL\C51\LIB\C51S.LIB (?C?IMUL)
  D:\PROGRAM FILES (X86)\KEIL\C51\LIB\C51S.LIB (?C?UIDIV)
  D:\PROGRAM FILES (X86)\KEIL\C51\LIB\C51S.LIB (?C?ULDIV)
  D:\PROGRAM FILES (X86)\KEIL\C51\LIB\C51S.LIB (?C?SLDIV)
  D:\PROGRAM FILES (X86)\KEIL\C51\LIB\C51S.LIB (?C?LNEG)
  D:\PROGRAM FILES (X86)\KEIL\C51\LIB\C51S.LIB (?C?SLCMP)
  D:\PROGRAM FILES (X86)\KEIL\C51\LIB\C51S.LIB (?C?ULSHR)
  D:\PROGRAM FILES (X86)\KEIL\C51\LIB\C51S.LIB (?C?LSTXDATA)
  D:\PROGRAM FILES (X86)\KEIL\C51\LIB\C51S.LIB (?C?LSTKXDATA)
BL51 BANKED LINKER/LOCATER V6.22                                                      12/13/2017  23:08:36  PAGE 2


  D:\PROGRAM FILES (X86)\KEIL\C51\LIB\C51S.LIB (?C?PLDIIDATA)
  D:\PROGRAM FILES (X86)\KEIL\C51\LIB\C51S.LIB (?C?CCASE)
  D:\PROGRAM FILES (X86)\KEIL\C51\LIB\C51S.LIB (PUTCHAR)


LINK MAP OF MODULE:  .\Objects\keyLED (?C_STARTUP)


            TYPE    BASE      LENGTH    RELOCATION   SEGMENT NAME
            -----------------------------------------------------

            * * * * * * *   D A T A   M E M O R Y   * * * * * * *
            REG     0000H     0008H     ABSOLUTE     "REG BANK 0"
            DATA    0008H     0013H     UNIT         _DATA_GROUP_
            DATA    001BH     0005H     UNIT         ?DT?_CS5550WRITERES?CS5550
            BIT     0020H.0   0001H.1   UNIT         ?BI?PRINTF?PRINTF
                    0021H.1   0000H.7                *** GAP ***
            DATA    0022H     001CH     UNIT         ?DT?PRINTF?PRINTF
            DATA    003EH     0009H     UNIT         ?DT?_UARTBAUDRATEINIT?USART
            DATA    0047H     0008H     UNIT         ?DT?IO8255INIT?8255
            DATA    004FH     0007H     UNIT         ?DT?_UARTINIT?USART
            DATA    0056H     0004H     UNIT         ?DT?_LEDSHOWINT?HD7279
            DATA    005AH     0004H     UNIT         ?DT?_LEDSHOWFLOAT?HD7279
            DATA    005EH     0004H     UNIT         ?DT?_STEPMOTORSPEEDCONTROL?STEPMOTOR
            DATA    0062H     0002H     UNIT         ?DT?_BLINKIN4?P1IO
            DATA    0064H     0001H     UNIT         ?DT?_HD7279SENDBYTE?HD7279
            DATA    0065H     0001H     UNIT         ?DT?_LEDWRITE?HD7279
            DATA    0066H     0001H     UNIT         ?DT?_TIMER8254CMD?8254
            DATA    0067H     0001H     UNIT         ?DT?_TIMER8254STARTTRIGGER?8254
            DATA    0068H     0001H     UNIT         ?DT?_TIMER8254STARTHARDSTROBE?8254
            IDATA   0069H     0001H     UNIT         ?STACK

            * * * * * * *  X D A T A   M E M O R Y  * * * * * * *
            XDATA   0000H     0012H     UNIT         ?XD?_LEDSHOWINT?HD7279
            XDATA   0012H     0012H     UNIT         ?XD?_LEDSHOWFLOAT?HD7279
            XDATA   0024H     000EH     UNIT         ?XD?HD7279
            XDATA   0032H     000CH     UNIT         _XDATA_GROUP_
            XDATA   003EH     0006H     UNIT         ?XD?BRUSHDCMOTOR
            XDATA   0044H     0005H     UNIT         ?XD?P1IO
            XDATA   0049H     0004H     UNIT         ?XD?_CS5550READRES?CS5550
            XDATA   004DH     0003H     UNIT         ?XD?_DELAY10US?DELAY
            XDATA   0050H     0002H     UNIT         ?XD?HD7279RECEIVEBYTE?HD7279
            XDATA   0052H     0002H     UNIT         ?XD?_TIMER8254GETCOUNTER?8254
            XDATA   0054H     0002H     UNIT         ?XD?CS5550RECIEVEBYTE?CS5550
            XDATA   0056H     0001H     UNIT         ?XD?_HD7279SENDBYTE?HD7279
            XDATA   0057H     0001H     UNIT         ?XD?SHOWINPUT?P1IO
            XDATA   0058H     0001H     UNIT         ?XD?_TIMERGETOVERFLOWITFLAG?TIMER
            XDATA   0059H     0001H     UNIT         ?XD?IO8255INIT?8255
            XDATA   005AH     0001H     UNIT         ?XD?_TIMER8254COUNTERMODEINIT?8254
            XDATA   005BH     0001H     UNIT         ?XD?_TIMER8254TRIGGERMODEINIT?8254
            XDATA   005CH     0001H     UNIT         ?XD?_TIMER8254PRESCALERMODEINIT?8254
            XDATA   005DH     0001H     UNIT         ?XD?_TIMER8254SQUAREWAVEMODEINIT?8254
            XDATA   005EH     0001H     UNIT         ?XD?_TIMER8254SOFTWARESTROBEMODEINIT?8254
            XDATA   005FH     0001H     UNIT         ?XD?_TIMER8254HARDWARESTROBEMODEINIT?8254
            XDATA   0060H     0001H     UNIT         ?XD?_CS5550WRITEBYTE?CS5550
            XDATA   0061H     0001H     UNIT         ?XD?STEPMOTOR
                    0062H     F79EH                  *** GAP ***
BL51 BANKED LINKER/LOCATER V6.22                                                      12/13/2017  23:08:36  PAGE 3


            XDATA   F800H     0001H     ABSOLUTE     
* OVERLAP * XDATA   F800H     0001H     ABSOLUTE     
            XDATA   F801H     0001H     ABSOLUTE     
            XDATA   F802H     0001H     ABSOLUTE     
            XDATA   F803H     0001H     ABSOLUTE     
                    F804H     00FCH                  *** GAP ***
            XDATA   F900H     0001H     ABSOLUTE     
* OVERLAP * XDATA   F900H     0001H     ABSOLUTE     
            XDATA   F901H     0001H     ABSOLUTE     
            XDATA   F902H     0001H     ABSOLUTE     
            XDATA   F903H     0001H     ABSOLUTE     
                    F904H     00FCH                  *** GAP ***
            XDATA   FA00H     0001H     ABSOLUTE     
                    FA01H     00FFH                  *** GAP ***
            XDATA   FB00H     0001H     ABSOLUTE     

            * * * * * * *   C O D E   M E M O R Y   * * * * * * *
            CODE    0000H     0003H     ABSOLUTE     
            CODE    0003H     0003H     ABSOLUTE     
            CODE    0006H     0004H     UNIT         ?CO?MAIN
                    000AH     0001H                  *** GAP ***
            CODE    000BH     0003H     ABSOLUTE     
            CODE    000EH     0015H     UNIT         ?PR?_TIMEROVERFLOWITINIT?TIMER
            CODE    0023H     0003H     ABSOLUTE     
            CODE    0026H     0015H     UNIT         ?PR?_TIMER8254STARTTRIGGER?8254
            CODE    003BH     0003H     ABSOLUTE     
            CODE    003EH     08B6H     UNIT         ?C?LIB_CODE
            CODE    08F4H     046FH     UNIT         ?PR?PRINTF?PRINTF
            CODE    0D63H     01DDH     UNIT         ?PR?_LEDSHOWFLOAT?HD7279
            CODE    0F40H     018AH     UNIT         ?PR?_LEDSHOWINT?HD7279
            CODE    10CAH     017BH     UNIT         ?PR?_STEPMOTORSPEEDCONTROL?STEPMOTOR
            CODE    1245H     00F6H     UNIT         ?PR?_MOTORVELCRL?BRUSHDCMOTOR
            CODE    133BH     00F2H     UNIT         ?PR?_UARTBAUDRATEINIT?USART
            CODE    142DH     00D3H     UNIT         ?PR?_CS5550READRES?CS5550
            CODE    1500H     00C4H     UNIT         ?PR?MAIN?MAIN
            CODE    15C4H     00AEH     UNIT         ?PR?TIME0?89C51_IT
            CODE    1672H     008CH     UNIT         ?C_C51STARTUP
            CODE    16FEH     0076H     UNIT         ?PR?_GPIOINIT?GPIO
            CODE    1774H     0072H     UNIT         ?PR?_TIMERELOADNUMINIT?TIMER
            CODE    17E6H     0072H     UNIT         ?PR?_IO8255SETBIT?8255
            CODE    1858H     006EH     UNIT         ?PR?_IO8255READBIT?8255
            CODE    18C6H     0060H     UNIT         ?PR?_TIMEMODEINIT?TIMER
            CODE    1926H     0059H     UNIT         ?PR?UART1_ITHANDLER?89C51_IT
            CODE    197FH     0058H     UNIT         ?PR?_DELAYMS?DELAY
            CODE    19D7H     0053H     UNIT         ?PR?_TIMEINIT?TIMER
            CODE    1A2AH     004CH     UNIT         ?PR?CS5550RECIEVEBYTE?CS5550
            CODE    1A76H     0049H     UNIT         ?PR?_GPIOREADBIT?GPIO
            CODE    1ABFH     0048H     UNIT         ?PR?HD7279RECEIVEBYTE?HD7279
            CODE    1B07H     0046H     UNIT         ?PR?_HD7279SENDBYTE?HD7279
            CODE    1B4DH     0044H     UNIT         ?PR?_BLINKIN4?P1IO
            CODE    1B91H     0044H     UNIT         ?C?LDIV
            CODE    1BD5H     0041H     UNIT         ?PR?_TIMER8254GETCOUNTER?8254
            CODE    1C16H     003FH     UNIT         ?PR?_TIMER8254COUNTERMODEINIT?8254
            CODE    1C55H     003DH     UNIT         ?PR?_FLOW?P1IO
            CODE    1C92H     003DH     UNIT         ?PR?_TIMER8254PRESCALERMODEINIT?8254
            CODE    1CCFH     003DH     UNIT         ?PR?_TIMER8254SQUAREWAVEMODEINIT?8254
            CODE    1D0CH     003DH     UNIT         ?PR?_TIMER8254SOFTWARESTROBEMODEINIT?8254
BL51 BANKED LINKER/LOCATER V6.22                                                      12/13/2017  23:08:36  PAGE 4


            CODE    1D49H     003DH     UNIT         ?PR?_TIMER8254HARDWARESTROBEMODEINIT?8254
            CODE    1D86H     003CH     UNIT         ?PR?_DELAY10US?DELAY
            CODE    1DC2H     0039H     UNIT         ?PR?IO8255INIT?8255
            CODE    1DFBH     0035H     UNIT         ?PR?_TIMER8254TRIGGERMODEINIT?8254
            CODE    1E30H     0030H     UNIT         ?C_INITSEG
            CODE    1E60H     0030H     UNIT         ?PR?_CS5550WRITEBYTE?CS5550
            CODE    1E90H     002CH     UNIT         ?PR?_PWM0SETCOMPARE?PWM
            CODE    1EBCH     0028H     UNIT         ?PR?_TIMERCMD?TIMER
            CODE    1EE4H     0027H     UNIT         ?CO?HD7279
            CODE    1F0BH     0027H     UNIT         ?PR?PUTCHAR?PUTCHAR
            CODE    1F32H     0024H     UNIT         ?PR?_UARTMODEINIT?USART
            CODE    1F56H     0024H     UNIT         ?PR?_UARTINIT?USART
            CODE    1F7AH     0024H     UNIT         ?PR?STEPMOTORPININIT?STEPMOTOR
            CODE    1F9EH     0022H     UNIT         ?PR?_GPIORESETBIT?GPIO
            CODE    1FC0H     001FH     UNIT         ?PR?_TIMERGETOVERFLOWITFLAG?TIMER
            CODE    1FDFH     001FH     UNIT         ?PR?_UARTGETFLAGSTATUS?USART
            CODE    1FFEH     001FH     UNIT         ?PR?_UARTSENDBYTE?USART
            CODE    201DH     001EH     UNIT         ?PR?_EXTERNALITINIT?89C51_IT
            CODE    203BH     001EH     UNIT         ?PR?_GPIOSETBIT?GPIO
            CODE    2059H     001CH     UNIT         ?PR?_CS5550WRITERES?CS5550
            CODE    2075H     0017H     UNIT         ?PR?_UARTITCONFIG?USART
            CODE    208CH     0017H     UNIT         ?PR?CCP1INIT?PWM
            CODE    20A3H     0016H     UNIT         ?PR?SHOWINPUT?P1IO
            CODE    20B9H     0016H     UNIT         ?PR?_UARTRXCMD?USART
            CODE    20CFH     0015H     UNIT         ?PR?_TIMER8254STARTHARDSTROBE?8254
            CODE    20E4H     0013H     UNIT         ?PR?PWM0INIT?PWM
            CODE    20F7H     0012H     UNIT         ?PR?_EXTERNALITCMD?89C51_IT
            CODE    2109H     0011H     UNIT         ?PR?_LEDWRITE?HD7279
            CODE    211AH     0011H     UNIT         ?PR?INTERINT0?89C51_IT
            CODE    212BH     0010H     UNIT         ?PR?_UARTCLEARFLAGSTATUS?USART
            CODE    213BH     000FH     UNIT         ?PR?_UARTRECIEVEBYTE?USART
            CODE    214AH     000EH     UNIT         ?PR?_TIMER8254CMD?8254
            CODE    2158H     000CH     UNIT         ?PR?_TIMERCLEAROVERFLOWFLAG?TIMER
            CODE    2164H     000BH     UNIT         ?PR?PCA_ITHANDLER?89C51_IT
            CODE    216FH     0009H     UNIT         ?PR?KEYREAD?HD7279
            CODE    2178H     0009H     UNIT         ?PR?_PWMCMD?PWM
            CODE    2181H     0008H     UNIT         ?CO?USART



OVERLAY MAP OF MODULE:   .\Objects\keyLED (?C_STARTUP)


SEGMENT                                            DATA_GROUP          XDATA_GROUP
  +--> CALLED SEGMENT                            START    LENGTH     START    LENGTH
------------------------------------------------------------------------------------
?C_C51STARTUP                                    -----    -----      -----    -----
  +--> ?PR?MAIN?MAIN
  +--> ?C_INITSEG

?PR?MAIN?MAIN                                    -----    -----      0032H    0004H
  +--> ?CO?MAIN
  +--> ?PR?_TIMEINIT?TIMER
  +--> ?PR?_TIMEROVERFLOWITINIT?TIMER
  +--> ?PR?PWM0INIT?PWM
  +--> ?PR?CCP1INIT?PWM
  +--> ?PR?_PWM0SETCOMPARE?PWM
BL51 BANKED LINKER/LOCATER V6.22                                                      12/13/2017  23:08:36  PAGE 5


  +--> ?PR?_PWMCMD?PWM
  +--> ?PR?_DELAYMS?DELAY
  +--> ?PR?_MOTORVELCRL?BRUSHDCMOTOR

?PR?_TIMEINIT?TIMER                              0008H    000BH      -----    -----
  +--> ?PR?_TIMEMODEINIT?TIMER
  +--> ?PR?_TIMERELOADNUMINIT?TIMER
  +--> ?PR?_TIMERCMD?TIMER

?PR?_TIMEMODEINIT?TIMER                          0013H    0005H      0036H    0001H

?PR?_TIMERELOADNUMINIT?TIMER                     0013H    0008H      0036H    0004H

?PR?_PWM0SETCOMPARE?PWM                          0010H    0004H      -----    -----

?PR?_DELAYMS?DELAY                               -----    -----      0036H    0005H

?PR?_MOTORVELCRL?BRUSHDCMOTOR                    0008H    0008H      0036H    0008H
  +--> ?PR?_PWM0SETCOMPARE?PWM

*** NEW ROOT ***************************************************

?PR?TIME0?89C51_IT                               -----    -----      -----    -----
  +--> ?PR?_TIMERCLEAROVERFLOWFLAG?TIMER
  +--> ?PR?_TIMERCMD?TIMER

*** NEW ROOT ***************************************************

?PR?UART1_ITHANDLER?89C51_IT                     -----    -----      -----    -----
  +--> ?PR?_UARTGETFLAGSTATUS?USART
  +--> ?PR?_UARTRECIEVEBYTE?USART
  +--> ?PR?_UARTCLEARFLAGSTATUS?USART



UNRESOLVED EXTERNAL SYMBOLS:
   ITTIMES
   LEDITSTATUS
   UART1RECIEVE



SYMBOL TABLE OF MODULE:  .\Objects\keyLED (?C_STARTUP)

  VALUE           TYPE          NAME
  ----------------------------------

  -------         MODULE        ?C_STARTUP
  C:1672H         SEGMENT       ?C_C51STARTUP
  I:0069H         SEGMENT       ?STACK
  C:0000H         PUBLIC        ?C_STARTUP
  D:00E0H         SYMBOL        ACC
  D:00F0H         SYMBOL        B
  D:0083H         SYMBOL        DPH
  D:0082H         SYMBOL        DPL
  N:0000H         SYMBOL        IBPSTACK
  N:0100H         SYMBOL        IBPSTACKTOP
BL51 BANKED LINKER/LOCATER V6.22                                                      12/13/2017  23:08:36  PAGE 6


  N:0080H         SYMBOL        IDATALEN
  C:1675H         SYMBOL        IDATALOOP
  N:0000H         SYMBOL        PBPSTACK
  N:0100H         SYMBOL        PBPSTACKTOP
  N:0000H         SYMBOL        PDATALEN
  N:0000H         SYMBOL        PDATASTART
  N:0000H         SYMBOL        PPAGE
  N:0000H         SYMBOL        PPAGEENABLE
  D:00A0H         SYMBOL        PPAGE_SFR
  D:0081H         SYMBOL        SP
  C:1672H         SYMBOL        STARTUP1
  N:0000H         SYMBOL        XBPSTACK
  N:0000H         SYMBOL        XBPSTACKTOP
  N:0000H         SYMBOL        XDATALEN
  N:0000H         SYMBOL        XDATASTART
  C:0000H         LINE#         126
  C:1672H         LINE#         133
  C:1674H         LINE#         134
  C:1675H         LINE#         135
  C:1676H         LINE#         136
  C:1678H         LINE#         185
  C:167BH         LINE#         196
  -------         ENDMOD        ?C_STARTUP

  -------         MODULE        MAIN
  C:0000H         SYMBOL        _ICE_DUMMY_
  D:0080H         PUBLIC        P0
  D:0090H         PUBLIC        P1
  D:00A0H         PUBLIC        P2
  D:00B0H         PUBLIC        P3
  D:00C0H         PUBLIC        P4
  D:00C8H         PUBLIC        P5
  D:00E8H         PUBLIC        P6
  D:00F8H         PUBLIC        P7
  D:00A8H         PUBLIC        IE
  D:00B8H         PUBLIC        IP
  D:00D8H         PUBLIC        CCON
  C:1500H         PUBLIC        main
  D:0098H         PUBLIC        SCON
  D:0088H         PUBLIC        TCON
  C:0006H         SYMBOL        _?ix1000
  D:00D0H         PUBLIC        PSW
  -------         PROC          MAIN
  -------         DO            
  X:0032H         SYMBOL        timeMode
  -------         ENDDO         
  C:1500H         LINE#         691
  C:1500H         LINE#         692
  C:1500H         LINE#         699
  C:1513H         LINE#         702
  C:1518H         LINE#         703
  C:151AH         LINE#         704
  C:151CH         LINE#         705
  C:151EH         LINE#         708
  C:1546H         LINE#         710
  C:154DH         LINE#         713
  C:1552H         LINE#         714
BL51 BANKED LINKER/LOCATER V6.22                                                      12/13/2017  23:08:36  PAGE 7


  C:1555H         LINE#         715
  C:1558H         LINE#         716
  C:155AH         LINE#         719
  C:157EH         LINE#         721
  C:1581H         LINE#         723
  C:1584H         LINE#         725
  C:158FH         LINE#         726
  C:1594H         LINE#         728
  C:159BH         LINE#         729
  C:159BH         LINE#         730
  C:159BH         LINE#         731
  C:15A2H         LINE#         732
  C:15C2H         LINE#         733
  -------         ENDPROC       MAIN
  -------         ENDMOD        MAIN

  -------         MODULE        HD7279
  C:0000H         SYMBOL        _ICE_DUMMY_
  D:0080H         PUBLIC        P0
  D:0090H         PUBLIC        P1
  D:00A0H         PUBLIC        P2
  D:00B0H         PUBLIC        P3
  D:00C0H         PUBLIC        P4
  D:00C8H         PUBLIC        P5
  D:00E8H         PUBLIC        P6
  D:00F8H         PUBLIC        P7
  C:1B07H         PUBLIC        _HD7279SendByte
  D:00A8H         PUBLIC        IE
  D:00B8H         PUBLIC        IP
  X:0024H         PUBLIC        realCode
  D:00D8H         PUBLIC        CCON
  C:2110H         PUBLIC        _LedWrite
  C:0F40H         PUBLIC        _LEDShowInt
  C:216FH         PUBLIC        KeyRead
  D:0098H         PUBLIC        SCON
  D:0088H         PUBLIC        TCON
  B:0090H.4       PUBLIC        dat
  B:0090H.7       PUBLIC        clk
  C:1EEBH         SYMBOL        _?ix1000
  C:1EF3H         SYMBOL        _?ix1001
  C:1EFBH         SYMBOL        _?ix1002
  C:1F03H         SYMBOL        _?ix1003
  C:1ABFH         PUBLIC        HD7279ReceiveByte
  B:0090H.6       PUBLIC        cs
  C:0D63H         PUBLIC        _LEDShowFloat
  D:00D0H         PUBLIC        PSW
  -------         PROC          _HD7279SENDBYTE
  D:0064H         SYMBOL        sendData
  -------         DO            
  X:0056H         SYMBOL        sendCounter
  -------         ENDDO         
  C:1B07H         LINE#         11
  C:1B09H         LINE#         12
  C:1B09H         LINE#         14
  C:1B0EH         LINE#         15
  C:1B10H         LINE#         16
  C:1B16H         LINE#         18
BL51 BANKED LINKER/LOCATER V6.22                                                      12/13/2017  23:08:36  PAGE 8


  C:1B1BH         LINE#         19
  C:1B1BH         LINE#         20
  C:1B20H         LINE#         21
  C:1B20H         LINE#         22
  C:1B22H         LINE#         23
  C:1B24H         LINE#         25
  C:1B24H         LINE#         26
  C:1B26H         LINE#         27
  C:1B26H         LINE#         28
  C:1B28H         LINE#         29
  C:1B2FH         LINE#         30
  C:1B31H         LINE#         31
  C:1B38H         LINE#         32
  C:1B3EH         LINE#         33
  C:1B4AH         LINE#         34
  C:1B4CH         LINE#         35
  -------         ENDPROC       _HD7279SENDBYTE
  -------         PROC          HD7279RECEIVEBYTE
  -------         DO            
  X:0050H         SYMBOL        receiveCounter
  X:0051H         SYMBOL        receiveData
  -------         ENDDO         
  C:1ABFH         LINE#         38
  C:1ABFH         LINE#         39
  C:1ABFH         LINE#         41
  C:1AC4H         LINE#         42
  C:1AC6H         LINE#         43
  C:1AC8H         LINE#         44
  C:1ACEH         LINE#         46
  C:1AD3H         LINE#         47
  C:1AD3H         LINE#         48
  C:1AD5H         LINE#         49
  C:1ADCH         LINE#         50
  C:1AE3H         LINE#         51
  C:1AE6H         LINE#         52
  C:1AE6H         LINE#         53
  C:1AEAH         LINE#         54
  C:1AEAH         LINE#         56
  C:1AEAH         LINE#         58
  C:1AEAH         LINE#         59
  C:1AECH         LINE#         60
  C:1AF3H         LINE#         61
  C:1AFFH         LINE#         62
  C:1B01H         LINE#         63
  C:1B06H         LINE#         64
  -------         ENDPROC       HD7279RECEIVEBYTE
  -------         PROC          L?0056
  -------         ENDPROC       L?0056
  -------         PROC          _LEDWRITE
  D:0007H         SYMBOL        cmd
  D:0065H         SYMBOL        dataSend
  C:2110H         LINE#         67
  C:2112H         LINE#         68
  C:2112H         LINE#         69
  C:2115H         LINE#         71
  -------         ENDPROC       _LEDWRITE
  -------         PROC          KEYREAD
BL51 BANKED LINKER/LOCATER V6.22                                                      12/13/2017  23:08:36  PAGE 9


  C:216FH         LINE#         75
  C:216FH         LINE#         76
  C:216FH         LINE#         77
  C:2174H         LINE#         79
  C:2177H         LINE#         80
  -------         ENDPROC       KEYREAD
  -------         PROC          _LEDSHOWINT
  D:0056H         SYMBOL        showData
  -------         DO            
  X:0000H         SYMBOL        LedData
  X:0008H         SYMBOL        i
  X:0009H         SYMBOL        tempBuff
  X:0011H         SYMBOL        dataLength
  -------         ENDDO         
  C:0F40H         LINE#         83
  C:0F48H         LINE#         84
  C:0F48H         LINE#         85
  C:0F5BH         LINE#         86
  C:0F60H         LINE#         87
  C:0F72H         LINE#         88
  C:0F77H         LINE#         90
  C:0FA3H         LINE#         91
  C:0FA3H         LINE#         94
  C:0FC1H         LINE#         97
  C:0FD0H         LINE#         98
  C:0FD0H         LINE#         99
  C:0FDDH         LINE#         100
  C:0FDDH         LINE#         101
  C:0FE3H         LINE#         102
  C:0FE3H         LINE#         103
  C:0FEBH         LINE#         106
  C:1000H         LINE#         107
  C:1000H         LINE#         108
  C:1010H         LINE#         109
  C:1010H         LINE#         110
  C:103AH         LINE#         111
  C:1050H         LINE#         112
  C:1052H         LINE#         114
  C:1052H         LINE#         115
  C:107BH         LINE#         116
  C:107BH         LINE#         117
  C:1084H         LINE#         120
  C:1089H         LINE#         121
  C:1089H         LINE#         122
  C:10A2H         LINE#         123
  C:10AFH         LINE#         124
  C:10AFH         LINE#         126
  C:10AFH         LINE#         127
  C:10BEH         LINE#         128
  C:10BEH         LINE#         129
  C:10C1H         LINE#         130
  C:10C9H         LINE#         131
  C:10C9H         LINE#         132
  -------         ENDPROC       _LEDSHOWINT
  -------         PROC          _LEDSHOWFLOAT
  D:005AH         SYMBOL        showData
  -------         DO            
BL51 BANKED LINKER/LOCATER V6.22                                                      12/13/2017  23:08:36  PAGE 10


  X:0012H         SYMBOL        LedData
  X:001AH         SYMBOL        i
  X:001BH         SYMBOL        tempBuff
  X:0023H         SYMBOL        dataLength
  -------         ENDDO         
  C:0D63H         LINE#         134
  C:0D6BH         LINE#         135
  C:0D6BH         LINE#         136
  C:0D7EH         LINE#         137
  C:0D83H         LINE#         138
  C:0D95H         LINE#         139
  C:0D9AH         LINE#         141
  C:0DCCH         LINE#         142
  C:0DCCH         LINE#         145
  C:0DEAH         LINE#         148
  C:0DF9H         LINE#         149
  C:0DF9H         LINE#         150
  C:0E06H         LINE#         151
  C:0E06H         LINE#         152
  C:0E0CH         LINE#         153
  C:0E0CH         LINE#         154
  C:0E14H         LINE#         157
  C:0E29H         LINE#         158
  C:0E29H         LINE#         159
  C:0E3EH         LINE#         160
  C:0E3EH         LINE#         161
  C:0E71H         LINE#         162
  C:0E87H         LINE#         163
  C:0E89H         LINE#         164
  C:0E9CH         LINE#         165
  C:0E9CH         LINE#         166
  C:0EC2H         LINE#         167
  C:0EC4H         LINE#         168
  C:0EC8H         LINE#         169
  C:0EC8H         LINE#         170
  C:0EF1H         LINE#         171
  C:0EF1H         LINE#         172
  C:0EFAH         LINE#         175
  C:0EFFH         LINE#         176
  C:0EFFH         LINE#         177
  C:0F18H         LINE#         178
  C:0F25H         LINE#         179
  C:0F25H         LINE#         181
  C:0F25H         LINE#         182
  C:0F34H         LINE#         183
  C:0F34H         LINE#         184
  C:0F37H         LINE#         185
  C:0F3FH         LINE#         186
  C:0F3FH         LINE#         187
  -------         ENDPROC       _LEDSHOWFLOAT
  -------         ENDMOD        HD7279

  -------         MODULE        DELAY
  C:0000H         SYMBOL        _ICE_DUMMY_
  C:1D86H         PUBLIC        _Delay10Us
  C:197FH         PUBLIC        _DelayMs
  -------         PROC          _DELAYMS
BL51 BANKED LINKER/LOCATER V6.22                                                      12/13/2017  23:08:36  PAGE 11


  D:0006H         SYMBOL        timeMs
  -------         DO            
  X:0036H         SYMBOL        nMsCounter
  X:0038H         SYMBOL        msCounter
  X:003AH         SYMBOL        i
  -------         ENDDO         
  C:197FH         LINE#         4
  C:197FH         LINE#         5
  C:197FH         LINE#         7
  C:1986H         LINE#         8
  C:198AH         LINE#         9
  C:198CH         LINE#         10
  C:199FH         LINE#         11
  C:199FH         LINE#         12
  C:19A6H         LINE#         13
  C:19A6H         LINE#         14
  C:19ACH         LINE#         15
  C:19C6H         LINE#         16
  C:19D6H         LINE#         17
  -------         ENDPROC       _DELAYMS
  -------         PROC          _DELAY10US
  D:0006H         SYMBOL        timeUs
  -------         DO            
  X:004DH         SYMBOL        nUsCounter
  X:004FH         SYMBOL        usCounter
  -------         ENDDO         
  C:1D86H         LINE#         20
  C:1D86H         LINE#         21
  C:1D86H         LINE#         23
  C:1D8DH         LINE#         24
  C:1D8FH         LINE#         25
  C:1DA2H         LINE#         26
  C:1DA2H         LINE#         27
  C:1DA7H         LINE#         28
  C:1DA7H         LINE#         30
  C:1DB1H         LINE#         31
  C:1DC1H         LINE#         32
  -------         ENDPROC       _DELAY10US
  -------         ENDMOD        DELAY

  -------         MODULE        BASICIO
  C:0000H         SYMBOL        _ICE_DUMMY_
  X:FB00H         PUBLIC        chip245Adress
  X:FA00H         PUBLIC        chip374Adress
  -------         ENDMOD        BASICIO

  -------         MODULE        DECODE
  C:0000H         SYMBOL        _ICE_DUMMY_
  X:F800H         PUBLIC        decodeAdress1
  X:F900H         PUBLIC        decodeAdress2
  -------         ENDMOD        DECODE

  -------         MODULE        P1IO
  C:0000H         SYMBOL        _ICE_DUMMY_
  D:0080H         PUBLIC        P0
  D:0090H         PUBLIC        P1
  D:00A0H         PUBLIC        P2
BL51 BANKED LINKER/LOCATER V6.22                                                      12/13/2017  23:08:36  PAGE 12


  D:00B0H         PUBLIC        P3
  D:00C0H         PUBLIC        P4
  D:00C8H         PUBLIC        P5
  D:00E8H         PUBLIC        P6
  D:00F8H         PUBLIC        P7
  D:00A8H         PUBLIC        IE
  D:00B8H         PUBLIC        IP
  C:1C55H         PUBLIC        _Flow
  D:00D8H         PUBLIC        CCON
  D:0098H         PUBLIC        SCON
  D:0088H         PUBLIC        TCON
  C:20A3H         PUBLIC        ShowInput
  C:1B4DH         PUBLIC        _BlinkIn4
  D:00D0H         PUBLIC        PSW
  -------         PROC          _BLINKIN4
  D:0062H         SYMBOL        period
  -------         DO            
  X:0044H         SYMBOL        blinkTimeCounter
  -------         ENDDO         
  C:1B4DH         LINE#         6
  C:1B51H         LINE#         7
  C:1B51H         LINE#         10
  C:1B5FH         LINE#         11
  C:1B7EH         LINE#         13
  C:1B89H         LINE#         14
  C:1B89H         LINE#         15
  C:1B8CH         LINE#         16
  C:1B8DH         LINE#         18
  C:1B8DH         LINE#         19
  C:1B90H         LINE#         20
  C:1B90H         LINE#         21
  -------         ENDPROC       _BLINKIN4
  -------         PROC          _FLOW
  D:0004H         SYMBOL        flowPeriod
  -------         DO            
  X:0046H         SYMBOL        flowCounter
  X:0048H         SYMBOL        flowState
  -------         ENDDO         
  C:1C55H         LINE#         24
  C:1C59H         LINE#         25
  C:1C59H         LINE#         29
  C:1C67H         LINE#         30
  C:1C77H         LINE#         33
  C:1C7DH         LINE#         35
  C:1C81H         LINE#         36
  C:1C81H         LINE#         37
  C:1C86H         LINE#         38
  C:1C86H         LINE#         39
  C:1C8AH         LINE#         40
  C:1C8BH         LINE#         42
  C:1C8BH         LINE#         43
  C:1C91H         LINE#         44
  C:1C91H         LINE#         45
  C:1C91H         LINE#         47
  -------         ENDPROC       _FLOW
  -------         PROC          SHOWINPUT
  -------         DO            
BL51 BANKED LINKER/LOCATER V6.22                                                      12/13/2017  23:08:36  PAGE 13


  X:0057H         SYMBOL        p1Input
  -------         ENDDO         
  C:20A3H         LINE#         50
  C:20A3H         LINE#         51
  C:20A3H         LINE#         52
  C:20A8H         LINE#         55
  C:20ABH         LINE#         57
  C:20B0H         LINE#         59
  C:20B5H         LINE#         60
  C:20B8H         LINE#         62
  -------         ENDPROC       SHOWINPUT
  -------         ENDMOD        P1IO

  -------         MODULE        DATAMEMORY
  C:0000H         SYMBOL        _ICE_DUMMY_
  D:0080H         PUBLIC        P0
  D:0090H         PUBLIC        P1
  D:00A0H         PUBLIC        P2
  D:00B0H         PUBLIC        P3
  D:00C0H         PUBLIC        P4
  D:00C8H         PUBLIC        P5
  D:00E8H         PUBLIC        P6
  D:00F8H         PUBLIC        P7
  D:00A8H         PUBLIC        IE
  D:00B8H         PUBLIC        IP
  D:00D8H         PUBLIC        CCON
  D:0098H         PUBLIC        SCON
  D:0088H         PUBLIC        TCON
  D:00D0H         PUBLIC        PSW
  -------         ENDMOD        DATAMEMORY

  -------         MODULE        TIMER
  C:0000H         SYMBOL        _ICE_DUMMY_
  D:0080H         PUBLIC        P0
  D:0090H         PUBLIC        P1
  D:00A0H         PUBLIC        P2
  D:00B0H         PUBLIC        P3
  D:00C0H         PUBLIC        P4
  D:00C8H         PUBLIC        P5
  B:00A8H.7       PUBLIC        EA
  D:00E8H         PUBLIC        P6
  D:00F8H         PUBLIC        P7
  D:00A8H         PUBLIC        IE
  B:00A8H.1       PUBLIC        ETx
  C:000EH         PUBLIC        _TimerOverFlowItInit
  D:00B8H         PUBLIC        IP
  C:1EBCH         PUBLIC        _TimerCmd
  D:00D8H         PUBLIC        CCON
  C:2158H         PUBLIC        _TimerClearOverFlowFlag
  C:19D7H         PUBLIC        _TimeInit
  C:18C6H         PUBLIC        _TimeModeInit
  D:0098H         PUBLIC        SCON
  D:0089H         PUBLIC        TMOD
  D:0088H         PUBLIC        TCON
  C:1774H         PUBLIC        _TimeReloadNumInit
  B:0088H.5       PUBLIC        TF0
  B:0088H.7       PUBLIC        TF1
BL51 BANKED LINKER/LOCATER V6.22                                                      12/13/2017  23:08:36  PAGE 14


  D:008CH         PUBLIC        TH0
  D:008DH         PUBLIC        TH1
  D:008AH         PUBLIC        TL0
  D:008BH         PUBLIC        TL1
  D:00D0H         PUBLIC        PSW
  C:1FC0H         PUBLIC        _TimerGetOverFlowITFlag
  -------         PROC          _TIMERCMD
  D:0007H         SYMBOL        TIMx
  D:0005H         SYMBOL        newState
  C:1EBCH         LINE#         5
  C:1EBCH         LINE#         6
  C:1EBCH         LINE#         8
  C:1EBFH         LINE#         9
  C:1EBFH         LINE#         10
  C:1ED0H         LINE#         11
  C:1ED1H         LINE#         13
  C:1ED1H         LINE#         14
  C:1EE3H         LINE#         15
  C:1EE3H         LINE#         17
  -------         ENDPROC       _TIMERCMD
  -------         PROC          _TIMERGETOVERFLOWITFLAG
  D:0007H         SYMBOL        TIMx
  -------         DO            
  X:0058H         SYMBOL        tempItFlag
  -------         ENDDO         
  C:1FC0H         LINE#         20
  C:1FC0H         LINE#         21
  C:1FC0H         LINE#         22
  C:1FC5H         LINE#         24
  C:1FC8H         LINE#         25
  C:1FC8H         LINE#         26
  C:1FCCH         LINE#         27
  C:1FCEH         LINE#         28
  C:1FD1H         LINE#         29
  C:1FD1H         LINE#         30
  C:1FD9H         LINE#         31
  C:1FD9H         LINE#         32
  C:1FDEH         LINE#         33
  -------         ENDPROC       _TIMERGETOVERFLOWITFLAG
  -------         PROC          _TIMERCLEAROVERFLOWFLAG
  D:0007H         SYMBOL        TIMx
  C:2158H         LINE#         36
  C:2158H         LINE#         37
  C:2158H         LINE#         39
  C:215BH         LINE#         40
  C:215BH         LINE#         41
  C:215DH         LINE#         42
  C:215EH         LINE#         43
  C:2161H         LINE#         44
  C:2161H         LINE#         45
  C:2163H         LINE#         46
  C:2163H         LINE#         47
  -------         ENDPROC       _TIMERCLEAROVERFLOWFLAG
  -------         PROC          _TIMEMODEINIT
  D:0007H         SYMBOL        TIMx
  D:0014H         SYMBOL        timeMode
  -------         DO            
BL51 BANKED LINKER/LOCATER V6.22                                                      12/13/2017  23:08:36  PAGE 15


  X:0036H         SYMBOL        tempCrl
  -------         ENDDO         
  C:18C6H         LINE#         50
  C:18C6H         LINE#         51
  C:18C6H         LINE#         52
  C:18CBH         LINE#         56
  C:18E1H         LINE#         58
  C:18F7H         LINE#         60
  C:1915H         LINE#         62
  C:1925H         LINE#         63
  -------         ENDPROC       _TIMEMODEINIT
  -------         PROC          _TIMERELOADNUMINIT
  D:0013H         SYMBOL        TIMx
  D:0005H         SYMBOL        timerMode
  D:0015H         SYMBOL        timerPeriod
  D:0019H         SYMBOL        mechinePeriod
  -------         DO            
  X:0036H         SYMBOL        bitNum
  X:0038H         SYMBOL        reloadNum
  -------         ENDDO         
  C:1774H         LINE#         66
  C:1776H         LINE#         67
  C:1776H         LINE#         68
  C:177DH         LINE#         69
  C:1781H         LINE#         72
  C:1787H         LINE#         73
  C:1787H         LINE#         74
  C:178FH         LINE#         75
  C:1791H         LINE#         77
  C:1791H         LINE#         78
  C:179AH         LINE#         79
  C:179AH         LINE#         82
  C:17C3H         LINE#         86
  C:17C7H         LINE#         87
  C:17C7H         LINE#         88
  C:17D0H         LINE#         89
  C:17D3H         LINE#         90
  C:17D4H         LINE#         91
  C:17D9H         LINE#         92
  C:17D9H         LINE#         93
  C:17E2H         LINE#         94
  C:17E5H         LINE#         95
  C:17E5H         LINE#         97
  -------         ENDPROC       _TIMERELOADNUMINIT
  -------         PROC          _TIMEINIT
  D:0008H         SYMBOL        TIMx
  D:0009H         SYMBOL        timeMode
  D:000DH         SYMBOL        timerPeriod
  D:0011H         SYMBOL        mechinePeriod
  C:19D7H         LINE#         100
  C:19D9H         LINE#         101
  C:19D9H         LINE#         104
  C:19F1H         LINE#         107
  C:1A0AH         LINE#         108
  C:1A0FH         LINE#         109
  C:1A0FH         LINE#         110
  C:1A13H         LINE#         111
BL51 BANKED LINKER/LOCATER V6.22                                                      12/13/2017  23:08:36  PAGE 16


  C:1A13H         LINE#         112
  C:1A15H         LINE#         113
  C:1A17H         LINE#         114
  C:1A19H         LINE#         115
  C:1A1EH         LINE#         116
  C:1A1EH         LINE#         117
  C:1A21H         LINE#         118
  C:1A23H         LINE#         119
  C:1A23H         LINE#         120
  C:1A23H         LINE#         123
  -------         ENDPROC       _TIMEINIT
  -------         PROC          _TIMEROVERFLOWITINIT
  D:0007H         SYMBOL        TIMx
  D:0005H         SYMBOL        newState
  C:000EH         LINE#         129
  C:000EH         LINE#         130
  C:000EH         LINE#         132
  C:0011H         LINE#         133
  C:0011H         LINE#         134
  C:0013H         LINE#         135
  C:0013H         LINE#         136
  C:001DH         LINE#         137
  C:0022H         LINE#         138
  -------         ENDPROC       _TIMEROVERFLOWITINIT
  -------         ENDMOD        TIMER

  -------         MODULE        89C51_IT
  C:0000H         SYMBOL        _ICE_DUMMY_
  D:0080H         PUBLIC        P0
  D:0090H         PUBLIC        P1
  D:00A0H         PUBLIC        P2
  D:00B0H         PUBLIC        P3
  D:00C0H         PUBLIC        P4
  D:00C8H         PUBLIC        P5
  D:00E8H         PUBLIC        P6
  D:00F8H         PUBLIC        P7
  B:00D8H.7       PUBLIC        CF
  D:00A8H         PUBLIC        IE
  C:2164H         PUBLIC        PCA_ITHandler
  D:00B8H         PUBLIC        IP
  C:211AH         PUBLIC        interint0
  D:00D8H         PUBLIC        CCON
  C:1926H         PUBLIC        UART1_ITHandler
  D:0098H         PUBLIC        SCON
  D:0088H         PUBLIC        TCON
  D:008DH         PUBLIC        TH1
  B:0088H.0       PUBLIC        IT0
  B:00A8H.0       PUBLIC        EX0
  B:0088H.2       PUBLIC        IT1
  B:00A8H.2       PUBLIC        EX1
  D:008BH         PUBLIC        TL1
  C:15C4H         PUBLIC        time0
  D:00D0H         PUBLIC        PSW
  C:20F7H         PUBLIC        _ExternalITCmd
  B:00D8H.0       PUBLIC        CCF0
  C:201DH         PUBLIC        _ExternalITInit
  -------         PROC          _EXTERNALITCMD
BL51 BANKED LINKER/LOCATER V6.22                                                      12/13/2017  23:08:36  PAGE 17


  D:0007H         SYMBOL        exITx
  D:0005H         SYMBOL        newState
  C:20F7H         LINE#         9
  C:20F7H         LINE#         10
  C:20F7H         LINE#         11
  C:20FAH         LINE#         12
  C:20FAH         LINE#         13
  C:20FFH         LINE#         14
  C:2100H         LINE#         15
  C:2103H         LINE#         16
  C:2103H         LINE#         17
  C:2108H         LINE#         18
  C:2108H         LINE#         19
  -------         ENDPROC       _EXTERNALITCMD
  -------         PROC          _EXTERNALITINIT
  D:0007H         SYMBOL        exITx
  D:0005H         SYMBOL        triggerMode
  C:201DH         LINE#         21
  C:201DH         LINE#         22
  C:201DH         LINE#         23
  C:2020H         LINE#         24
  C:2020H         LINE#         25
  C:2025H         LINE#         26
  C:2029H         LINE#         27
  C:202BH         LINE#         28
  C:202EH         LINE#         29
  C:202EH         LINE#         30
  C:2033H         LINE#         31
  C:203AH         LINE#         32
  C:203AH         LINE#         33
  -------         ENDPROC       _EXTERNALITINIT
  -------         PROC          INTERINT0
  C:211AH         LINE#         36
  C:211CH         LINE#         38
  C:2120H         LINE#         39
  C:2120H         LINE#         40
  C:2123H         LINE#         41
  C:2125H         LINE#         43
  C:2125H         LINE#         44
  C:2128H         LINE#         45
  C:2128H         LINE#         46
  -------         ENDPROC       INTERINT0
  -------         PROC          TIME0
  C:15C4H         LINE#         49
  C:15E1H         LINE#         51
  C:15E6H         LINE#         52
  C:15E8H         LINE#         53
  C:15F1H         LINE#         54
  C:15F5H         LINE#         55
  C:15F5H         LINE#         56
  C:15F9H         LINE#         57
  C:15F9H         LINE#         58
  C:15FCH         LINE#         59
  C:15FEH         LINE#         61
  C:15FEH         LINE#         62
  C:1601H         LINE#         63
  C:1601H         LINE#         64
BL51 BANKED LINKER/LOCATER V6.22                                                      12/13/2017  23:08:36  PAGE 18


  C:1601H         LINE#         70
  C:1608H         LINE#         71
  C:1612H         LINE#         72
  C:161DH         LINE#         73
  C:1620H         LINE#         74
  C:1623H         LINE#         75
  C:162AH         LINE#         77
  C:1657H         LINE#         78
  -------         ENDPROC       TIME0
  -------         PROC          UART1_ITHANDLER
  C:1926H         LINE#         82
  C:1943H         LINE#         84
  C:194DH         LINE#         85
  C:194DH         LINE#         86
  C:1954H         LINE#         87
  C:195BH         LINE#         88
  C:195DH         LINE#         89
  C:1964H         LINE#         90
  C:1964H         LINE#         92
  C:1964H         LINE#         93
  -------         ENDPROC       UART1_ITHANDLER
  -------         PROC          PCA_ITHANDLER
  C:2164H         LINE#         95
  C:2164H         LINE#         97
  C:2167H         LINE#         98
  C:2167H         LINE#         99
  C:2169H         LINE#         101
  C:2169H         LINE#         102
  C:216CH         LINE#         103
  C:216CH         LINE#         104
  C:216EH         LINE#         105
  C:216EH         LINE#         108
  -------         ENDPROC       PCA_ITHANDLER
  -------         ENDMOD        89C51_IT

  -------         MODULE        USART
  C:0000H         SYMBOL        _ICE_DUMMY_
  D:0080H         PUBLIC        P0
  D:0090H         PUBLIC        P1
  D:00A0H         PUBLIC        P2
  C:133BH         PUBLIC        _UARTBaudrateInit
  D:00B0H         PUBLIC        P3
  D:00C0H         PUBLIC        P4
  D:00C8H         PUBLIC        P5
  B:00A8H.7       PUBLIC        EA
  D:00E8H         PUBLIC        P6
  D:00F8H         PUBLIC        P7
  D:00A8H         PUBLIC        IE
  B:00A8H.4       PUBLIC        ES
  D:00B8H         PUBLIC        IP
  C:213BH         PUBLIC        _UARTRecieveByte
  C:20B9H         PUBLIC        _UARTRxCmd
  B:00B8H.4       PUBLIC        PS
  D:00D8H         PUBLIC        CCON
  C:212BH         PUBLIC        _UARTClearFlagStatus
  D:0099H         PUBLIC        SBUF
  D:0087H         PUBLIC        PCON
BL51 BANKED LINKER/LOCATER V6.22                                                      12/13/2017  23:08:36  PAGE 19


  D:0098H         PUBLIC        SCON
  D:0088H         PUBLIC        TCON
  C:2075H         PUBLIC        _UARTITConfig
  D:00AFH         PUBLIC        IE2
  D:008EH         PUBLIC        AUXR
  C:2181H         SYMBOL        _?ix1000
  C:2185H         SYMBOL        _?ix1001
  D:00B5H         PUBLIC        IP2
  C:1F56H         PUBLIC        _UARTInit
  C:1F32H         PUBLIC        _UARTModeInit
  B:0098H.4       PUBLIC        RENx
  C:1FFEH         PUBLIC        _UARTSendByte
  D:009BH         PUBLIC        S2BUF
  C:1FDFH         PUBLIC        _UARTGetFlagStatus
  D:009AH         PUBLIC        S2CON
  D:00D0H         PUBLIC        PSW
  -------         PROC          _UARTMODEINIT
  D:0007H         SYMBOL        UARTx
  D:0005H         SYMBOL        UARTMode
  C:1F32H         LINE#         7
  C:1F32H         LINE#         8
  C:1F32H         LINE#         9
  C:1F35H         LINE#         10
  C:1F35H         LINE#         11
  C:1F43H         LINE#         12
  C:1F44H         LINE#         13
  C:1F47H         LINE#         14
  C:1F47H         LINE#         15
  C:1F55H         LINE#         16
  C:1F55H         LINE#         17
  -------         ENDPROC       _UARTMODEINIT
  -------         PROC          _UARTBAUDRATEINIT
  D:003EH         SYMBOL        UARTx
  D:0005H         SYMBOL        UARTMode
  D:0003H         SYMBOL        isBaudrateDouble
  D:0041H         SYMBOL        baudRate
  -------         DO            
  D:0043H         SYMBOL        timeMode
  D:0043H         SYMBOL        timeMode
  -------         ENDDO         
  -------         DO            
  D:0043H         SYMBOL        timeMode
  -------         ENDDO         
  C:133BH         LINE#         19
  C:133DH         LINE#         20
  C:133DH         LINE#         21
  C:1341H         LINE#         22
  C:1341H         LINE#         23
  C:1350H         LINE#         24
  C:1350H         LINE#         25
  C:1350H         LINE#         26
  C:1350H         LINE#         28
  C:1350H         LINE#         29
  C:135CH         LINE#         30
  C:135CH         LINE#         31
  C:135CH         LINE#         32
  C:135CH         LINE#         33
BL51 BANKED LINKER/LOCATER V6.22                                                      12/13/2017  23:08:36  PAGE 20


  C:135CH         LINE#         34
  C:1360H         LINE#         35
  C:1360H         LINE#         37
  C:1371H         LINE#         40
  C:1374H         LINE#         41
  C:1376H         LINE#         42
  C:1378H         LINE#         43
  C:137AH         LINE#         45
  C:13BEH         LINE#         47
  C:13C1H         LINE#         48
  C:13C2H         LINE#         49
  C:13C6H         LINE#         50
  C:13C6H         LINE#         52
  C:13C6H         LINE#         53
  C:13C7H         LINE#         54
  C:13C7H         LINE#         56
  C:13C7H         LINE#         57
  C:13C7H         LINE#         58
  C:13CBH         LINE#         59
  C:13CBH         LINE#         61
  C:13DCH         LINE#         64
  C:13DFH         LINE#         65
  C:13E1H         LINE#         66
  C:13E3H         LINE#         67
  C:13E5H         LINE#         69
  C:1429H         LINE#         71
  C:142CH         LINE#         72
  C:142CH         LINE#         73
  C:142CH         LINE#         74
  C:142CH         LINE#         76
  C:142CH         LINE#         77
  C:142CH         LINE#         78
  C:142CH         LINE#         79
  C:142CH         LINE#         80
  C:142CH         LINE#         81
  -------         ENDPROC       _UARTBAUDRATEINIT
  -------         PROC          _UARTRXCMD
  D:0007H         SYMBOL        UARTx
  D:0005H         SYMBOL        newState
  C:20B9H         LINE#         84
  C:20B9H         LINE#         85
  C:20B9H         LINE#         86
  C:20BCH         LINE#         87
  C:20BCH         LINE#         88
  C:20BCH         LINE#         89
  C:20BEH         LINE#         90
  C:20C1H         LINE#         91
  C:20C1H         LINE#         92
  C:20C9H         LINE#         93
  C:20CEH         LINE#         94
  C:20CEH         LINE#         95
  -------         ENDPROC       _UARTRXCMD
  -------         PROC          _UARTGETFLAGSTATUS
  D:0007H         SYMBOL        UARTx
  D:0005H         SYMBOL        UARTFlag
  C:1FDFH         LINE#         97
  C:1FDFH         LINE#         98
BL51 BANKED LINKER/LOCATER V6.22                                                      12/13/2017  23:08:36  PAGE 21


  C:1FDFH         LINE#         99
  C:1FE2H         LINE#         100
  C:1FE2H         LINE#         101
  C:1FE7H         LINE#         102
  C:1FE7H         LINE#         103
  C:1FEAH         LINE#         104
  C:1FEAH         LINE#         106
  C:1FEAH         LINE#         107
  C:1FEDH         LINE#         108
  C:1FEDH         LINE#         109
  C:1FEDH         LINE#         110
  C:1FF0H         LINE#         111
  C:1FF0H         LINE#         112
  C:1FF5H         LINE#         113
  C:1FF5H         LINE#         114
  C:1FF8H         LINE#         115
  C:1FF8H         LINE#         117
  C:1FF8H         LINE#         118
  C:1FFBH         LINE#         119
  C:1FFBH         LINE#         120
  C:1FFBH         LINE#         122
  C:1FFBH         LINE#         123
  C:1FFDH         LINE#         124
  C:1FFDH         LINE#         125
  -------         ENDPROC       _UARTGETFLAGSTATUS
  -------         PROC          _UARTCLEARFLAGSTATUS
  D:0007H         SYMBOL        UARTx
  D:0005H         SYMBOL        UARTFlag
  C:212BH         LINE#         127
  C:212BH         LINE#         128
  C:212BH         LINE#         129
  C:212EH         LINE#         130
  C:212EH         LINE#         131
  C:2132H         LINE#         132
  C:2133H         LINE#         133
  C:2136H         LINE#         134
  C:2136H         LINE#         135
  C:213AH         LINE#         136
  C:213AH         LINE#         137
  -------         ENDPROC       _UARTCLEARFLAGSTATUS
  -------         PROC          _UARTSENDBYTE
  D:0006H         SYMBOL        UARTx
  D:0005H         SYMBOL        sendData
  C:1FFEH         LINE#         139
  C:2000H         LINE#         140
  C:2000H         LINE#         141
  C:2003H         LINE#         142
  C:2003H         LINE#         143
  C:2005H         LINE#         144
  C:2007H         LINE#         145
  C:200AH         LINE#         146
  C:200AH         LINE#         147
  C:200CH         LINE#         149
  C:200CH         LINE#         150
  C:2016H         LINE#         151
  -------         ENDPROC       _UARTSENDBYTE
  -------         PROC          _UARTRECIEVEBYTE
BL51 BANKED LINKER/LOCATER V6.22                                                      12/13/2017  23:08:36  PAGE 22


  D:0007H         SYMBOL        UARTx
  C:213BH         LINE#         154
  C:213BH         LINE#         155
  C:213BH         LINE#         156
  C:213EH         LINE#         157
  C:213EH         LINE#         158
  C:2141H         LINE#         159
  C:2141H         LINE#         160
  C:2144H         LINE#         161
  C:2144H         LINE#         162
  C:2147H         LINE#         163
  C:2147H         LINE#         165
  C:2147H         LINE#         166
  C:2149H         LINE#         167
  C:2149H         LINE#         168
  -------         ENDPROC       _UARTRECIEVEBYTE
  -------         PROC          _UARTINIT
  D:004FH         SYMBOL        UARTx
  D:0050H         SYMBOL        UARTMode
  D:0054H         SYMBOL        baudRate
  C:1F56H         LINE#         170
  C:1F58H         LINE#         171
  C:1F58H         LINE#         172
  C:1F5DH         LINE#         174
  C:1F6CH         LINE#         176
  C:1F73H         LINE#         178
  -------         ENDPROC       _UARTINIT
  -------         PROC          _UARTITCONFIG
  D:0007H         SYMBOL        UARTx
  D:0005H         SYMBOL        UARTPriority
  C:2075H         LINE#         182
  C:2075H         LINE#         183
  C:2075H         LINE#         184
  C:2077H         LINE#         185
  C:207AH         LINE#         186
  C:207AH         LINE#         188
  C:207CH         LINE#         189
  C:2081H         LINE#         190
  C:2082H         LINE#         191
  C:2085H         LINE#         192
  C:2085H         LINE#         193
  C:2088H         LINE#         194
  C:208BH         LINE#         195
  C:208BH         LINE#         196
  -------         ENDPROC       _UARTITCONFIG
  -------         ENDMOD        USART

  -------         MODULE        8255
  C:0000H         SYMBOL        _ICE_DUMMY_
  C:1DC2H         PUBLIC        IO8255Init
  C:1858H         PUBLIC        _IO8255ReadBit
  X:F803H         PUBLIC        IO8255PortCtl
  C:17E6H         PUBLIC        _IO8255SetBit
  X:F800H         PUBLIC        IO8255PortA
  X:F801H         PUBLIC        IO8255PortB
  X:F802H         PUBLIC        IO8255PortC
  -------         PROC          IO8255INIT
BL51 BANKED LINKER/LOCATER V6.22                                                      12/13/2017  23:08:36  PAGE 23


  D:0047H         SYMBOL        IO8255InitStuction
  -------         DO            
  X:0059H         SYMBOL        initData
  -------         ENDDO         
  C:1DC2H         LINE#         8
  C:1DC2H         LINE#         9
  C:1DC2H         LINE#         10
  C:1DC8H         LINE#         12
  C:1DD2H         LINE#         13
  C:1DDAH         LINE#         15
  C:1DE3H         LINE#         16
  C:1DEAH         LINE#         18
  C:1DF3H         LINE#         20
  C:1DF6H         LINE#         22
  C:1DFAH         LINE#         24
  -------         ENDPROC       IO8255INIT
  -------         PROC          _IO8255SETBIT
  D:0007H         SYMBOL        IOPort
  D:0005H         SYMBOL        IOBit
  D:0003H         SYMBOL        state
  C:17E6H         LINE#         26
  C:17E6H         LINE#         27
  C:17E6H         LINE#         28
  C:17E9H         LINE#         29
  C:17E9H         LINE#         30
  C:17F4H         LINE#         31
  C:17F4H         LINE#         32
  C:17F4H         LINE#         33
  C:1803H         LINE#         34
  C:1805H         LINE#         35
  C:1805H         LINE#         36
  C:1817H         LINE#         37
  C:1818H         LINE#         38
  C:1818H         LINE#         39
  C:181DH         LINE#         40
  C:181FH         LINE#         41
  C:181FH         LINE#         42
  C:181FH         LINE#         43
  C:181FH         LINE#         44
  C:181FH         LINE#         46
  C:181FH         LINE#         47
  C:182AH         LINE#         48
  C:182AH         LINE#         49
  C:182AH         LINE#         50
  C:183AH         LINE#         51
  C:183CH         LINE#         52
  C:183CH         LINE#         53
  C:184FH         LINE#         54
  C:1850H         LINE#         55
  C:1850H         LINE#         56
  C:1857H         LINE#         57
  C:1857H         LINE#         58
  C:1857H         LINE#         59
  C:1857H         LINE#         60
  C:1857H         LINE#         61
  C:1857H         LINE#         62
  -------         ENDPROC       _IO8255SETBIT
BL51 BANKED LINKER/LOCATER V6.22                                                      12/13/2017  23:08:36  PAGE 24


  -------         PROC          _IO8255READBIT
  D:0007H         SYMBOL        IOPort
  D:0005H         SYMBOL        IOBit
  C:1858H         LINE#         65
  C:1858H         LINE#         66
  C:1858H         LINE#         67
  C:1863H         LINE#         68
  C:1863H         LINE#         69
  C:1863H         LINE#         70
  C:1883H         LINE#         71
  C:1883H         LINE#         72
  C:1883H         LINE#         73
  C:18A3H         LINE#         74
  C:18A3H         LINE#         75
  C:18A3H         LINE#         76
  C:18C5H         LINE#         77
  C:18C5H         LINE#         78
  C:18C5H         LINE#         79
  C:18C5H         LINE#         80
  C:18C5H         LINE#         81
  -------         ENDPROC       _IO8255READBIT
  -------         ENDMOD        8255

  -------         MODULE        8254
  C:0000H         SYMBOL        _ICE_DUMMY_
  D:0080H         PUBLIC        P0
  D:0090H         PUBLIC        P1
  D:00A0H         PUBLIC        P2
  D:00B0H         PUBLIC        P3
  C:1CCFH         PUBLIC        _Timer8254SquareWaveModeInit
  D:00C0H         PUBLIC        P4
  D:00C8H         PUBLIC        P5
  D:00E8H         PUBLIC        P6
  D:00F8H         PUBLIC        P7
  D:00A8H         PUBLIC        IE
  D:00B8H         PUBLIC        IP
  C:1D49H         PUBLIC        _Timer8254HardwareStrobeModeInit
  C:1C92H         PUBLIC        _Timer8254PrescalerModeInit
  X:F903H         PUBLIC        timer8254Ctr
  D:00D8H         PUBLIC        CCON
  X:F900H         PUBLIC        timer8254Timer0Base
  X:F901H         PUBLIC        timer8254Timer1Base
  X:F902H         PUBLIC        timer8254Timer2Base
  D:0098H         PUBLIC        SCON
  D:0088H         PUBLIC        TCON
  C:1D0CH         PUBLIC        _Timer8254SoftwareStrobeModeInit
  C:0026H         PUBLIC        _Timer8254StartTrigger
  C:1DFBH         PUBLIC        _Timer8254TriggerModeInit
  C:1C16H         PUBLIC        _Timer8254CounterModeInit
  C:1BD5H         PUBLIC        _Timer8254GetCounter
  C:20CFH         PUBLIC        _Timer8254StartHardStrobe
  C:214AH         PUBLIC        _Timer8254Cmd
  D:00D0H         PUBLIC        PSW
  -------         PROC          _TIMER8254CMD
  D:0007H         SYMBOL        timerx
  D:0066H         SYMBOL        newState
  C:214AH         LINE#         8
BL51 BANKED LINKER/LOCATER V6.22                                                      12/13/2017  23:08:36  PAGE 25


  C:214CH         LINE#         9
  C:214CH         LINE#         10
  C:2157H         LINE#         11
  C:2157H         LINE#         12
  C:2157H         LINE#         13
  C:2157H         LINE#         14
  C:2157H         LINE#         16
  C:2157H         LINE#         18
  C:2157H         LINE#         20
  C:2157H         LINE#         21
  C:2157H         LINE#         22
  C:2157H         LINE#         23
  C:2157H         LINE#         24
  C:2157H         LINE#         26
  C:2157H         LINE#         28
  C:2157H         LINE#         30
  C:2157H         LINE#         31
  C:2157H         LINE#         32
  C:2157H         LINE#         33
  C:2157H         LINE#         34
  C:2157H         LINE#         36
  C:2157H         LINE#         38
  C:2157H         LINE#         40
  C:2157H         LINE#         41
  C:2157H         LINE#         42
  C:2157H         LINE#         43
  C:2157H         LINE#         44
  C:2157H         LINE#         45
  -------         ENDPROC       _TIMER8254CMD
  -------         PROC          _TIMER8254COUNTERMODEINIT
  D:0003H         SYMBOL        timerx
  D:0004H         SYMBOL        setCounter
  -------         DO            
  X:005AH         SYMBOL        initData
  -------         ENDDO         
  C:1C16H         LINE#         47
  C:1C18H         LINE#         48
  C:1C18H         LINE#         49
  C:1C1DH         LINE#         51
  C:1C24H         LINE#         53
  C:1C27H         LINE#         55
  C:1C2BH         LINE#         57
  C:1C30H         LINE#         59
  C:1C3BH         LINE#         60
  C:1C3BH         LINE#         61
  C:1C3BH         LINE#         62
  C:1C3FH         LINE#         63
  C:1C3FH         LINE#         64
  C:1C41H         LINE#         65
  C:1C41H         LINE#         66
  C:1C45H         LINE#         67
  C:1C45H         LINE#         68
  C:1C47H         LINE#         69
  C:1C47H         LINE#         70
  C:1C4CH         LINE#         71
  C:1C4EH         LINE#         72
  C:1C4EH         LINE#         73
BL51 BANKED LINKER/LOCATER V6.22                                                      12/13/2017  23:08:36  PAGE 26


  C:1C4EH         LINE#         74
  C:1C4EH         LINE#         75
  C:1C4EH         LINE#         76
  -------         ENDPROC       _TIMER8254COUNTERMODEINIT
  -------         PROC          _TIMER8254TRIGGERMODEINIT
  D:0007H         SYMBOL        timerx
  D:0004H         SYMBOL        setCounter
  -------         DO            
  X:005BH         SYMBOL        initData
  -------         ENDDO         
  C:1DFBH         LINE#         79
  C:1DFBH         LINE#         80
  C:1DFBH         LINE#         81
  C:1E00H         LINE#         83
  C:1E07H         LINE#         85
  C:1E0AH         LINE#         87
  C:1E0DH         LINE#         89
  C:1E11H         LINE#         91
  C:1E1CH         LINE#         92
  C:1E1CH         LINE#         93
  C:1E1CH         LINE#         94
  C:1E20H         LINE#         95
  C:1E20H         LINE#         96
  C:1E22H         LINE#         97
  C:1E22H         LINE#         98
  C:1E26H         LINE#         99
  C:1E26H         LINE#         100
  C:1E28H         LINE#         101
  C:1E28H         LINE#         102
  C:1E2DH         LINE#         103
  C:1E2FH         LINE#         104
  C:1E2FH         LINE#         105
  C:1E2FH         LINE#         106
  C:1E2FH         LINE#         107
  C:1E2FH         LINE#         108
  -------         ENDPROC       _TIMER8254TRIGGERMODEINIT
  -------         PROC          _TIMER8254STARTTRIGGER
  D:0067H         SYMBOL        timerx
  C:0026H         LINE#         110
  C:0028H         LINE#         111
  C:0028H         LINE#         112
  C:002DH         LINE#         113
  C:0034H         LINE#         114
  -------         ENDPROC       _TIMER8254STARTTRIGGER
  -------         PROC          _TIMER8254PRESCALERMODEINIT
  D:0003H         SYMBOL        timerx
  D:0004H         SYMBOL        prescale
  -------         DO            
  X:005CH         SYMBOL        initData
  -------         ENDDO         
  C:1C92H         LINE#         117
  C:1C94H         LINE#         118
  C:1C94H         LINE#         119
  C:1C99H         LINE#         121
  C:1CA0H         LINE#         123
  C:1CA3H         LINE#         125
  C:1CA6H         LINE#         127
BL51 BANKED LINKER/LOCATER V6.22                                                      12/13/2017  23:08:36  PAGE 27


  C:1CAAH         LINE#         129
  C:1CB5H         LINE#         130
  C:1CB5H         LINE#         131
  C:1CB5H         LINE#         132
  C:1CB9H         LINE#         133
  C:1CB9H         LINE#         134
  C:1CBBH         LINE#         135
  C:1CBBH         LINE#         136
  C:1CBFH         LINE#         137
  C:1CBFH         LINE#         138
  C:1CC1H         LINE#         139
  C:1CC1H         LINE#         140
  C:1CC6H         LINE#         141
  C:1CC8H         LINE#         142
  C:1CC8H         LINE#         143
  C:1CC8H         LINE#         144
  C:1CC8H         LINE#         145
  C:1CC8H         LINE#         147
  -------         ENDPROC       _TIMER8254PRESCALERMODEINIT
  -------         PROC          _TIMER8254SQUAREWAVEMODEINIT
  D:0003H         SYMBOL        timerx
  D:0004H         SYMBOL        period
  -------         DO            
  X:005DH         SYMBOL        initData
  -------         ENDDO         
  C:1CCFH         LINE#         151
  C:1CD1H         LINE#         152
  C:1CD1H         LINE#         153
  C:1CD6H         LINE#         155
  C:1CDDH         LINE#         157
  C:1CE0H         LINE#         159
  C:1CE3H         LINE#         161
  C:1CE7H         LINE#         163
  C:1CF2H         LINE#         164
  C:1CF2H         LINE#         165
  C:1CF2H         LINE#         166
  C:1CF6H         LINE#         167
  C:1CF6H         LINE#         168
  C:1CF8H         LINE#         169
  C:1CF8H         LINE#         170
  C:1CFCH         LINE#         171
  C:1CFCH         LINE#         172
  C:1CFEH         LINE#         173
  C:1CFEH         LINE#         174
  C:1D03H         LINE#         175
  C:1D05H         LINE#         176
  C:1D05H         LINE#         177
  C:1D05H         LINE#         178
  C:1D05H         LINE#         179
  C:1D05H         LINE#         181
  -------         ENDPROC       _TIMER8254SQUAREWAVEMODEINIT
  -------         PROC          _TIMER8254SOFTWARESTROBEMODEINIT
  D:0003H         SYMBOL        timerx
  D:0004H         SYMBOL        setCounter
  -------         DO            
  X:005EH         SYMBOL        initData
  -------         ENDDO         
BL51 BANKED LINKER/LOCATER V6.22                                                      12/13/2017  23:08:36  PAGE 28


  C:1D0CH         LINE#         184
  C:1D0EH         LINE#         185
  C:1D0EH         LINE#         186
  C:1D13H         LINE#         188
  C:1D1AH         LINE#         190
  C:1D1DH         LINE#         192
  C:1D20H         LINE#         194
  C:1D24H         LINE#         196
  C:1D2FH         LINE#         197
  C:1D2FH         LINE#         198
  C:1D2FH         LINE#         199
  C:1D33H         LINE#         200
  C:1D33H         LINE#         201
  C:1D35H         LINE#         202
  C:1D35H         LINE#         203
  C:1D39H         LINE#         204
  C:1D39H         LINE#         205
  C:1D3BH         LINE#         206
  C:1D3BH         LINE#         207
  C:1D40H         LINE#         208
  C:1D42H         LINE#         209
  C:1D42H         LINE#         210
  C:1D42H         LINE#         211
  C:1D42H         LINE#         212
  C:1D42H         LINE#         214
  -------         ENDPROC       _TIMER8254SOFTWARESTROBEMODEINIT
  -------         PROC          _TIMER8254HARDWARESTROBEMODEINIT
  D:0003H         SYMBOL        timerx
  D:0004H         SYMBOL        setCounter
  -------         DO            
  X:005FH         SYMBOL        initData
  -------         ENDDO         
  C:1D49H         LINE#         217
  C:1D4BH         LINE#         218
  C:1D4BH         LINE#         219
  C:1D50H         LINE#         221
  C:1D57H         LINE#         223
  C:1D5AH         LINE#         225
  C:1D5DH         LINE#         227
  C:1D61H         LINE#         229
  C:1D6CH         LINE#         230
  C:1D6CH         LINE#         231
  C:1D6CH         LINE#         232
  C:1D70H         LINE#         233
  C:1D70H         LINE#         234
  C:1D72H         LINE#         235
  C:1D72H         LINE#         236
  C:1D76H         LINE#         237
  C:1D76H         LINE#         238
  C:1D78H         LINE#         239
  C:1D78H         LINE#         240
  C:1D7DH         LINE#         241
  C:1D7FH         LINE#         242
  C:1D7FH         LINE#         243
  C:1D7FH         LINE#         244
  C:1D7FH         LINE#         245
  C:1D7FH         LINE#         247
BL51 BANKED LINKER/LOCATER V6.22                                                      12/13/2017  23:08:36  PAGE 29


  -------         ENDPROC       _TIMER8254HARDWARESTROBEMODEINIT
  -------         PROC          _TIMER8254STARTHARDSTROBE
  D:0068H         SYMBOL        timerx
  C:20CFH         LINE#         250
  C:20D1H         LINE#         251
  C:20D1H         LINE#         252
  C:20D6H         LINE#         253
  C:20DDH         LINE#         254
  -------         ENDPROC       _TIMER8254STARTHARDSTROBE
  -------         PROC          _TIMER8254GETCOUNTER
  D:0007H         SYMBOL        timerx
  -------         DO            
  X:0052H         SYMBOL        returnValue
  -------         ENDDO         
  C:1BD5H         LINE#         257
  C:1BD5H         LINE#         258
  C:1BD5H         LINE#         259
  C:1BDCH         LINE#         261
  C:1BE6H         LINE#         263
  C:1BF1H         LINE#         264
  C:1BF1H         LINE#         265
  C:1BF1H         LINE#         266
  C:1BF4H         LINE#         267
  C:1BF4H         LINE#         268
  C:1BF6H         LINE#         269
  C:1BF6H         LINE#         270
  C:1BF9H         LINE#         271
  C:1BF9H         LINE#         272
  C:1BF9H         LINE#         273
  C:1C03H         LINE#         275
  C:1C0DH         LINE#         276
  C:1C0DH         LINE#         277
  C:1C0DH         LINE#         278
  C:1C0DH         LINE#         279
  C:1C0DH         LINE#         281
  C:1C15H         LINE#         282
  -------         ENDPROC       _TIMER8254GETCOUNTER
  -------         ENDMOD        8254

  -------         MODULE        8251A
  C:0000H         SYMBOL        _ICE_DUMMY_
  D:0080H         PUBLIC        P0
  D:0090H         PUBLIC        P1
  D:00A0H         PUBLIC        P2
  D:00B0H         PUBLIC        P3
  D:00C0H         PUBLIC        P4
  D:00C8H         PUBLIC        P5
  D:00E8H         PUBLIC        P6
  D:00F8H         PUBLIC        P7
  D:00A8H         PUBLIC        IE
  D:00B8H         PUBLIC        IP
  D:00D8H         PUBLIC        CCON
  D:0098H         PUBLIC        SCON
  D:0088H         PUBLIC        TCON
  D:00D0H         PUBLIC        PSW
  -------         ENDMOD        8251A

BL51 BANKED LINKER/LOCATER V6.22                                                      12/13/2017  23:08:36  PAGE 30


  -------         MODULE        CS5550
  C:0000H         SYMBOL        _ICE_DUMMY_
  D:0080H         PUBLIC        P0
  D:0090H         PUBLIC        P1
  D:00A0H         PUBLIC        P2
  D:00B0H         PUBLIC        P3
  D:00C0H         PUBLIC        P4
  D:00C8H         PUBLIC        P5
  D:00E8H         PUBLIC        P6
  D:00F8H         PUBLIC        P7
  C:1E6BH         PUBLIC        _CS5550WriteByte
  D:00A8H         PUBLIC        IE
  C:142DH         PUBLIC        _CS5550ReadRes
  D:00B8H         PUBLIC        IP
  C:2059H         PUBLIC        _CS5550WriteRes
  D:00D8H         PUBLIC        CCON
  B:0090H.1       PUBLIC        CS5550_SDI
  B:0090H.0       PUBLIC        CS5550_SDO
  D:0098H         PUBLIC        SCON
  D:0088H         PUBLIC        TCON
  C:1A2AH         PUBLIC        CS5550RecieveByte
  B:0090H.2       PUBLIC        CS5550_CS
  B:0090H.3       PUBLIC        CS5550_SCLK
  D:00D0H         PUBLIC        PSW
  -------         PROC          L?0018
  -------         ENDPROC       L?0018
  -------         PROC          _CS5550WRITEBYTE
  D:0007H         SYMBOL        message
  -------         DO            
  X:0060H         SYMBOL        i
  -------         ENDDO         
  C:1E6BH         LINE#         4
  C:1E6BH         LINE#         5
  C:1E6BH         LINE#         6
  C:1E70H         LINE#         7
  C:1E71H         LINE#         8
  C:1E71H         LINE#         9
  C:1E73H         LINE#         10
  C:1E77H         LINE#         11
  C:1E77H         LINE#         12
  C:1E79H         LINE#         13
  C:1E7BH         LINE#         15
  C:1E7BH         LINE#         16
  C:1E7DH         LINE#         17
  C:1E7DH         LINE#         18
  C:1E7FH         LINE#         19
  C:1E83H         LINE#         20
  C:1E8DH         LINE#         21
  C:1E8FH         LINE#         22
  -------         ENDPROC       _CS5550WRITEBYTE
  -------         PROC          CS5550RECIEVEBYTE
  -------         DO            
  X:0054H         SYMBOL        recieveData
  X:0055H         SYMBOL        i
  -------         ENDDO         
  C:1A2AH         LINE#         24
  C:1A2AH         LINE#         25
BL51 BANKED LINKER/LOCATER V6.22                                                      12/13/2017  23:08:36  PAGE 31


  C:1A2AH         LINE#         26
  C:1A2FH         LINE#         27
  C:1A31H         LINE#         29
  C:1A3CH         LINE#         30
  C:1A3CH         LINE#         31
  C:1A40H         LINE#         32
  C:1A40H         LINE#         33
  C:1A42H         LINE#         34
  C:1A44H         LINE#         36
  C:1A44H         LINE#         37
  C:1A46H         LINE#         38
  C:1A46H         LINE#         40
  C:1A48H         LINE#         41
  C:1A4FH         LINE#         42
  C:1A51H         LINE#         43
  C:1A54H         LINE#         44
  C:1A54H         LINE#         45
  C:1A58H         LINE#         46
  C:1A5AH         LINE#         48
  C:1A5AH         LINE#         49
  C:1A61H         LINE#         50
  C:1A61H         LINE#         51
  C:1A68H         LINE#         52
  C:1A70H         LINE#         53
  C:1A75H         LINE#         54
  -------         ENDPROC       CS5550RECIEVEBYTE
  -------         PROC          _CS5550WRITERES
  D:0007H         SYMBOL        cmd
  D:001CH         SYMBOL        value
  C:2059H         LINE#         56
  C:2059H         LINE#         57
  C:2059H         LINE#         58
  C:205BH         LINE#         59
  C:2062H         LINE#         60
  C:2067H         LINE#         61
  C:206CH         LINE#         62
  C:2072H         LINE#         63
  C:2074H         LINE#         64
  -------         ENDPROC       _CS5550WRITERES
  -------         PROC          _CS5550READRES
  D:0003H         SYMBOL        cmd
  -------         DO            
  X:0049H         SYMBOL        recieveData
  -------         ENDDO         
  C:142DH         LINE#         66
  C:142FH         LINE#         67
  C:142FH         LINE#         68
  C:1439H         LINE#         69
  C:143BH         LINE#         70
  C:1440H         LINE#         71
  C:1486H         LINE#         72
  C:14BFH         LINE#         73
  C:14EFH         LINE#         74
  C:14F1H         LINE#         75
  C:14FFH         LINE#         76
  -------         ENDPROC       _CS5550READRES
  -------         ENDMOD        CS5550
BL51 BANKED LINKER/LOCATER V6.22                                                      12/13/2017  23:08:36  PAGE 32



  -------         MODULE        PWM
  C:0000H         SYMBOL        _ICE_DUMMY_
  D:0080H         PUBLIC        P0
  D:0090H         PUBLIC        P1
  D:00A0H         PUBLIC        P2
  D:00B0H         PUBLIC        P3
  D:00C0H         PUBLIC        P4
  D:00C8H         PUBLIC        P5
  B:00A8H.7       PUBLIC        EA
  D:00E8H         PUBLIC        P6
  D:00F8H         PUBLIC        P7
  C:2178H         PUBLIC        _PWMCmd
  D:00F9H         PUBLIC        CH
  D:00A2H         PUBLIC        P_SW1
  D:00A8H         PUBLIC        IE
  D:00E9H         PUBLIC        CL
  D:00FAH         PUBLIC        CCAP0H
  D:00FBH         PUBLIC        CCAP1H
  D:00EAH         PUBLIC        CCAP0L
  B:00D8H.6       PUBLIC        CR
  D:00EBH         PUBLIC        CCAP1L
  D:00DAH         PUBLIC        CCAPM0
  D:00DBH         PUBLIC        CCAPM1
  D:00B8H         PUBLIC        IP
  C:208CH         PUBLIC        CCP1Init
  C:1E90H         PUBLIC        _PWM0SetCompare
  D:00D9H         PUBLIC        CMOD
  D:00D8H         PUBLIC        CCON
  D:0098H         PUBLIC        SCON
  D:0088H         PUBLIC        TCON
  C:20E4H         PUBLIC        PWM0Init
  D:00F2H         PUBLIC        PCA_PWM0
  D:00D0H         PUBLIC        PSW
  -------         PROC          PWM0INIT
  C:20E4H         LINE#         3
  C:20E4H         LINE#         4
  C:20E4H         LINE#         5
  C:20E7H         LINE#         6
  C:20EAH         LINE#         7
  C:20ECH         LINE#         8
  C:20EEH         LINE#         9
  C:20F1H         LINE#         10
  C:20F3H         LINE#         11
  C:20F6H         LINE#         12
  -------         ENDPROC       PWM0INIT
  -------         PROC          CCP1INIT
  C:208CH         LINE#         14
  C:208CH         LINE#         15
  C:208CH         LINE#         16
  C:208FH         LINE#         17
  C:2092H         LINE#         18
  C:2094H         LINE#         19
  C:2096H         LINE#         20
  C:2099H         LINE#         21
  C:209BH         LINE#         22
  C:209DH         LINE#         23
BL51 BANKED LINKER/LOCATER V6.22                                                      12/13/2017  23:08:36  PAGE 33


  C:20A0H         LINE#         24
  C:20A2H         LINE#         25
  -------         ENDPROC       CCP1INIT
  -------         PROC          _PWM0SETCOMPARE
  D:0010H         SYMBOL        compareValue
  C:1E90H         LINE#         27
  C:1E98H         LINE#         28
  C:1E98H         LINE#         29
  C:1EB9H         LINE#         30
  C:1EBBH         LINE#         31
  -------         ENDPROC       _PWM0SETCOMPARE
  -------         PROC          _PWMCMD
  D:0007H         SYMBOL        newState
  C:2178H         LINE#         33
  C:2178H         LINE#         34
  C:2178H         LINE#         35
  C:217BH         LINE#         36
  C:217BH         LINE#         37
  C:217DH         LINE#         38
  C:217EH         LINE#         40
  C:217EH         LINE#         41
  C:2180H         LINE#         42
  C:2180H         LINE#         43
  -------         ENDPROC       _PWMCMD
  -------         ENDMOD        PWM

  -------         MODULE        BRUSHDCMOTOR
  C:0000H         SYMBOL        _ICE_DUMMY_
  D:0080H         PUBLIC        P0
  D:0090H         PUBLIC        P1
  D:00A0H         PUBLIC        P2
  D:00B0H         PUBLIC        P3
  D:00C0H         PUBLIC        P4
  D:00C8H         PUBLIC        P5
  D:00E8H         PUBLIC        P6
  D:00F8H         PUBLIC        P7
  D:00A8H         PUBLIC        IE
  X:003EH         PUBLIC        relativePos
  D:00B8H         PUBLIC        IP
  D:00D8H         PUBLIC        CCON
  X:0040H         PUBLIC        actSpeed
  D:0098H         PUBLIC        SCON
  D:0088H         PUBLIC        TCON
  C:1245H         PUBLIC        _MotorVelCrl
  D:00D0H         PUBLIC        PSW
  -------         PROC          _MOTORVELCRL
  D:0008H         SYMBOL        expVel
  D:000CH         SYMBOL        actVel
  -------         DO            
  X:0036H         SYMBOL        dutyCycle
  X:003AH         SYMBOL        error
  -------         ENDDO         
  C:1245H         LINE#         7
  C:124DH         LINE#         8
  C:124DH         LINE#         10
  C:1257H         LINE#         11
  C:1261H         LINE#         13
BL51 BANKED LINKER/LOCATER V6.22                                                      12/13/2017  23:08:36  PAGE 34


  C:1275H         LINE#         14
  C:1275H         LINE#         15
  C:1280H         LINE#         16
  C:1280H         LINE#         18
  C:12A4H         LINE#         20
  C:12BDH         LINE#         22
  C:1303H         LINE#         24
  C:1320H         LINE#         25
  C:1320H         LINE#         26
  C:132AH         LINE#         27
  C:132AH         LINE#         29
  -------         ENDPROC       _MOTORVELCRL
  -------         ENDMOD        BRUSHDCMOTOR

  -------         MODULE        STEPMOTOR
  C:0000H         SYMBOL        _ICE_DUMMY_
  D:0080H         PUBLIC        P0
  D:0090H         PUBLIC        P1
  D:00A0H         PUBLIC        P2
  D:00B0H         PUBLIC        P3
  D:00C0H         PUBLIC        P4
  D:00C8H         PUBLIC        P5
  D:00E8H         PUBLIC        P6
  D:00F8H         PUBLIC        P7
  D:00A8H         PUBLIC        IE
  C:10CAH         PUBLIC        _StepMotorSpeedControl
[...]
  D:00D8H         PUBLIC        CCON
  D:0098H         PUBLIC        SCON
  D:0088H         PUBLIC        TCON
  C:1F7AH         PUBLIC        StepMotorPinInit
  D:00D0H         PUBLIC        PSW
  -------         PROC          STEPMOTORPININIT
  C:1F7AH         LINE#         4
  C:1F7AH         LINE#         5
  C:1F7AH         LINE#         6
  C:1F83H         LINE#         7
  C:1F8CH         LINE#         8
  C:1F95H         LINE#         9
  -------         ENDPROC       STEPMOTORPININIT
  -------         PROC          _STEPMOTORSPEEDCONTROL
  D:005EH         SYMBOL        vel
  -------         DO            
  X:0061H         SYMBOL        state
  -------         ENDDO         
  C:10CAH         LINE#         12
  C:10D2H         LINE#         13
  C:10D2H         LINE#         15
  C:10FDH         LINE#         16
  C:10FDH         LINE#         17
  C:10FDH         LINE#         18
  C:1104H         LINE#         19
  C:110BH         LINE#         20
  C:110BH         LINE#         21
  C:110BH         LINE#         22
  C:110DH         LINE#         23
  C:110DH         LINE#         24
BL51 BANKED LINKER/LOCATER V6.22                                                      12/13/2017  23:08:36  PAGE 35


  C:1114H         LINE#         25
  C:111BH         LINE#         26
  C:111BH         LINE#         27
  C:111BH         LINE#         28
  C:111DH         LINE#         29
  C:111DH         LINE#         30
  C:1124H         LINE#         31
  C:112BH         LINE#         32
  C:1132H         LINE#         33
  C:1132H         LINE#         34
  C:1134H         LINE#         35
  C:1134H         LINE#         36
  C:113BH         LINE#         37
  C:1142H         LINE#         38
  C:1149H         LINE#         39
  C:1149H         LINE#         40
  C:114BH         LINE#         41
  C:114BH         LINE#         42
  C:1152H         LINE#         43
  C:1159H         LINE#         44
  C:1160H         LINE#         45
  C:1167H         LINE#         46
  C:1169H         LINE#         47
  C:1169H         LINE#         48
  C:1170H         LINE#         49
  C:1177H         LINE#         50
  C:117EH         LINE#         51
  C:117EH         LINE#         52
  C:1180H         LINE#         53
  C:1180H         LINE#         54
  C:1187H         LINE#         55
  C:118EH         LINE#         56
  C:1195H         LINE#         57
  C:1195H         LINE#         58
  C:1197H         LINE#         59
  C:1197H         LINE#         60
  C:119EH         LINE#         61
  C:11A5H         LINE#         62
  C:11ACH         LINE#         63
  C:11B3H         LINE#         64
  C:11B3H         LINE#         65
  C:11B3H         LINE#         66
  C:11B3H         LINE#         67
  C:11B3H         LINE#         68
  C:11C7H         LINE#         69
  C:11C7H         LINE#         70
  C:11EAH         LINE#         71
  C:11F0H         LINE#         72
  C:11F4H         LINE#         73
  C:11F5H         LINE#         74
  C:1207H         LINE#         75
  C:1207H         LINE#         76
  C:1235H         LINE#         77
  C:123BH         LINE#         78
  C:123BH         LINE#         79
  C:123EH         LINE#         80
  C:123EH         LINE#         81
BL51 BANKED LINKER/LOCATER V6.22                                                      12/13/2017  23:08:36  PAGE 36


  C:1244H         LINE#         82
  C:1244H         LINE#         83
  -------         ENDPROC       _STEPMOTORSPEEDCONTROL
  -------         ENDMOD        STEPMOTOR

  -------         MODULE        SPEAKER
  C:0000H         SYMBOL        _ICE_DUMMY_
  -------         ENDMOD        SPEAKER

  -------         MODULE        GPIO
  C:0000H         SYMBOL        _ICE_DUMMY_
  D:0092H         PUBLIC        P1M0
  D:0093H         PUBLIC        P0M1
  C:203BH         PUBLIC        _GPIOSetBit
  D:0096H         PUBLIC        P2M0
  D:0091H         PUBLIC        P1M1
  D:0080H         PUBLIC        P0
  D:00B2H         PUBLIC        P3M0
  D:0095H         PUBLIC        P2M1
  D:0090H         PUBLIC        P1
  D:00B1H         PUBLIC        P3M1
  D:00A0H         PUBLIC        P2
  D:00B0H         PUBLIC        P3
  D:00C0H         PUBLIC        P4
  D:00C8H         PUBLIC        P5
  D:00E8H         PUBLIC        P6
  D:00F8H         PUBLIC        P7
  D:00A8H         PUBLIC        IE
  D:00B8H         PUBLIC        IP
  D:00D8H         PUBLIC        CCON
  D:0098H         PUBLIC        SCON
  D:0088H         PUBLIC        TCON
  C:16FEH         PUBLIC        _GPIOInit
  C:1A76H         PUBLIC        _GPIOReadBit
  C:1F9EH         PUBLIC        _GPIOResetBit
  D:00D0H         PUBLIC        PSW
  D:0094H         PUBLIC        P0M0
  -------         PROC          _GPIOINIT
  D:0007H         SYMBOL        GPIOPort
  D:0005H         SYMBOL        GPIOPin
  D:0003H         SYMBOL        GPIOMode
  C:16FEH         LINE#         3
  C:16FEH         LINE#         4
  C:16FEH         LINE#         5
  C:170CH         LINE#         6
  C:170CH         LINE#         7
  C:170CH         LINE#         8
  C:1710H         LINE#         9
  C:1710H         LINE#         10
  C:1713H         LINE#         11
  C:1715H         LINE#         13
  C:1715H         LINE#         14
  C:1719H         LINE#         15
  C:1719H         LINE#         16
  C:171DH         LINE#         17
  C:171DH         LINE#         18
  C:1720H         LINE#         19
BL51 BANKED LINKER/LOCATER V6.22                                                      12/13/2017  23:08:36  PAGE 37


  C:1721H         LINE#         21
  C:1721H         LINE#         22
  C:1725H         LINE#         23
  C:1725H         LINE#         24
  C:1726H         LINE#         25
  C:1726H         LINE#         26
  C:172AH         LINE#         27
  C:172AH         LINE#         28
  C:172DH         LINE#         29
  C:172FH         LINE#         31
  C:172FH         LINE#         32
  C:1733H         LINE#         33
  C:1733H         LINE#         34
  C:1737H         LINE#         35
  C:1737H         LINE#         36
  C:173AH         LINE#         37
  C:173BH         LINE#         39
  C:173BH         LINE#         40
  C:173FH         LINE#         41
  C:173FH         LINE#         42
  C:1740H         LINE#         43
  C:1740H         LINE#         44
  C:1744H         LINE#         45
  C:1744H         LINE#         46
  C:1747H         LINE#         47
  C:1749H         LINE#         49
  C:1749H         LINE#         50
  C:174DH         LINE#         51
  C:174DH         LINE#         52
  C:1751H         LINE#         53
  C:1751H         LINE#         54
  C:1754H         LINE#         55
  C:1755H         LINE#         57
  C:1755H         LINE#         58
  C:1759H         LINE#         59
  C:1759H         LINE#         60
  C:175AH         LINE#         61
  C:175AH         LINE#         62
  C:175EH         LINE#         63
  C:175EH         LINE#         64
  C:1761H         LINE#         65
  C:1763H         LINE#         67
  C:1763H         LINE#         68
  C:1767H         LINE#         69
  C:1767H         LINE#         70
  C:176BH         LINE#         71
  C:176BH         LINE#         72
  C:176EH         LINE#         73
  C:176FH         LINE#         75
  C:176FH         LINE#         76
  C:1773H         LINE#         77
  C:1773H         LINE#         78
  C:1773H         LINE#         79
  C:1773H         LINE#         80
  C:1773H         LINE#         81
  C:1773H         LINE#         83
  -------         ENDPROC       _GPIOINIT
BL51 BANKED LINKER/LOCATER V6.22                                                      12/13/2017  23:08:36  PAGE 38


  -------         PROC          _GPIOSETBIT
  D:0007H         SYMBOL        GPIOPort
  D:0005H         SYMBOL        GPIOPin
  C:203BH         LINE#         85
  C:203BH         LINE#         86
  C:203BH         LINE#         87
  C:2049H         LINE#         88
  C:2049H         LINE#         89
  C:2049H         LINE#         90
  C:204CH         LINE#         91
  C:204DH         LINE#         92
  C:204DH         LINE#         93
  C:2050H         LINE#         94
  C:2051H         LINE#         95
  C:2051H         LINE#         96
  C:2054H         LINE#         97
  C:2055H         LINE#         98
  C:2055H         LINE#         99
  C:2058H         LINE#         100
  C:2058H         LINE#         101
  C:2058H         LINE#         102
  C:2058H         LINE#         103
  C:2058H         LINE#         105
  -------         ENDPROC       _GPIOSETBIT
  -------         PROC          _GPIORESETBIT
  D:0007H         SYMBOL        GPIOPort
  D:0005H         SYMBOL        GPIOPin
  C:1F9EH         LINE#         107
  C:1F9EH         LINE#         108
  C:1F9EH         LINE#         109
  C:1FACH         LINE#         110
  C:1FACH         LINE#         111
  C:1FACH         LINE#         112
  C:1FB0H         LINE#         113
  C:1FB1H         LINE#         114
  C:1FB1H         LINE#         115
  C:1FB5H         LINE#         116
  C:1FB6H         LINE#         117
  C:1FB6H         LINE#         118
  C:1FBAH         LINE#         119
  C:1FBBH         LINE#         120
  C:1FBBH         LINE#         121
  C:1FBFH         LINE#         122
  C:1FBFH         LINE#         123
  C:1FBFH         LINE#         124
  C:1FBFH         LINE#         125
  C:1FBFH         LINE#         126
  -------         ENDPROC       _GPIORESETBIT
  -------         PROC          _GPIOREADBIT
  D:0007H         SYMBOL        GPIOPort
  D:0005H         SYMBOL        GPIOPin
  C:1A76H         LINE#         128
  C:1A76H         LINE#         129
  C:1A76H         LINE#         130
  C:1A84H         LINE#         131
  C:1A84H         LINE#         132
  C:1A84H         LINE#         133
BL51 BANKED LINKER/LOCATER V6.22                                                      12/13/2017  23:08:36  PAGE 39


  C:1A87H         LINE#         134
  C:1A92H         LINE#         135
  C:1A92H         LINE#         136
  C:1A92H         LINE#         137
  C:1A95H         LINE#         138
  C:1AA0H         LINE#         139
  C:1AA0H         LINE#         140
  C:1AA0H         LINE#         141
  C:1AA3H         LINE#         142
  C:1AAEH         LINE#         143
  C:1AAEH         LINE#         144
  C:1AAEH         LINE#         145
  C:1AB1H         LINE#         146
  C:1ABCH         LINE#         147
  C:1ABCH         LINE#         148
  C:1ABCH         LINE#         149
  C:1ABEH         LINE#         150
  C:1ABEH         LINE#         151
  C:1ABEH         LINE#         152
  -------         ENDPROC       _GPIOREADBIT
  -------         ENDMOD        GPIO

  -------         MODULE        ?C?FPADD
  C:0045H         PUBLIC        ?C?FPADD
  C:0041H         PUBLIC        ?C?FPSUB
  -------         ENDMOD        ?C?FPADD

  -------         MODULE        ?C?FPMUL
  C:0136H         PUBLIC        ?C?FPMUL
  -------         ENDMOD        ?C?FPMUL

  -------         MODULE        ?C?FPDIV
  C:023FH         PUBLIC        ?C?FPDIV
  -------         ENDMOD        ?C?FPDIV

  -------         MODULE        ?C?FPCMP
  C:02DEH         PUBLIC        ?C?FPCMP
  C:02DCH         PUBLIC        ?C?FPCMP3
  -------         ENDMOD        ?C?FPCMP

  -------         MODULE        ?C?FPNEG
  C:0355H         PUBLIC        ?C?FPNEG
  -------         ENDMOD        ?C?FPNEG

  -------         MODULE        ?C?FCAST
  C:0370H         PUBLIC        ?C?FCASTC
  C:036BH         PUBLIC        ?C?FCASTI
  C:0366H         PUBLIC        ?C?FCASTL
  -------         ENDMOD        ?C?FCAST

  -------         MODULE        ?C?CASTF
  C:03A4H         PUBLIC        ?C?CASTF
  -------         ENDMOD        ?C?CASTF

  -------         MODULE        PRINTF
  D:0022H         PUBLIC        ?_PRINTF?BYTE
  D:0022H         PUBLIC        ?_SPRINTF?BYTE
BL51 BANKED LINKER/LOCATER V6.22                                                      12/13/2017  23:08:36  PAGE 40


  C:0956H         PUBLIC        _PRINTF
  C:0950H         PUBLIC        _SPRINTF
  -------         ENDMOD        PRINTF

  -------         MODULE        ?C?FPROUND
  C:0425H         PUBLIC        ?C?FPROUND
  -------         ENDMOD        ?C?FPROUND

  -------         MODULE        ?C?FPCONVERT
  C:0454H         PUBLIC        ?C?FPCONVERT
  -------         ENDMOD        ?C?FPCONVERT

  -------         MODULE        ?C?FTNPWR
  C:0587H         PUBLIC        ?C?FTNPWR
  -------         ENDMOD        ?C?FTNPWR

  -------         MODULE        ?C?COPY
  C:0697H         PUBLIC        ?C?COPY
  -------         ENDMOD        ?C?COPY

  -------         MODULE        ?C?CLDPTR
  C:06BDH         PUBLIC        ?C?CLDPTR
  -------         ENDMOD        ?C?CLDPTR

  -------         MODULE        ?C?CLDOPTR
  C:06D6H         PUBLIC        ?C?CLDOPTR
  -------         ENDMOD        ?C?CLDOPTR

  -------         MODULE        ?C?CSTPTR
  C:0703H         PUBLIC        ?C?CSTPTR
  -------         ENDMOD        ?C?CSTPTR

  -------         MODULE        ?C?IMUL
  C:0715H         PUBLIC        ?C?IMUL
  -------         ENDMOD        ?C?IMUL

  -------         MODULE        ?C?UIDIV
  C:0727H         PUBLIC        ?C?UIDIV
  -------         ENDMOD        ?C?UIDIV

  -------         MODULE        ?C?ULDIV
  C:07B8H         PUBLIC        ?C?ULDIV
  -------         ENDMOD        ?C?ULDIV

  -------         MODULE        ?C?SLDIV
  C:1B91H         PUBLIC        ?C?SLDIV
  -------         ENDMOD        ?C?SLDIV

  -------         MODULE        ?C?LNEG
  C:084AH         PUBLIC        ?C?LNEG
  -------         ENDMOD        ?C?LNEG

  -------         MODULE        ?C?SLCMP
  C:0858H         PUBLIC        ?C?SLCMP
  -------         ENDMOD        ?C?SLCMP

  -------         MODULE        ?C?ULSHR
BL51 BANKED LINKER/LOCATER V6.22                                                      12/13/2017  23:08:36  PAGE 41


  C:086EH         PUBLIC        ?C?ULSHR
  -------         ENDMOD        ?C?ULSHR

  -------         MODULE        ?C?LSTXDATA
  C:0881H         PUBLIC        ?C?LSTXDATA
  -------         ENDMOD        ?C?LSTXDATA

  -------         MODULE        ?C?LSTKXDATA
  C:088DH         PUBLIC        ?C?LSTKXDATA
  -------         ENDMOD        ?C?LSTKXDATA

  -------         MODULE        ?C?PLDIIDATA
  C:08BEH         PUBLIC        ?C?PLDIIDATA
  -------         ENDMOD        ?C?PLDIIDATA

  -------         MODULE        ?C?CCASE
  C:08CEH         PUBLIC        ?C?CCASE
  -------         ENDMOD        ?C?CCASE

  -------         MODULE        PUTCHAR
  C:1F0BH         PUBLIC        _PUTCHAR
  -------         ENDMOD        PUTCHAR

*** WARNING L16: UNCALLED SEGMENT, IGNORED FOR OVERLAY PROCESS
    SEGMENT: ?PR?KEYREAD?HD7279

*** WARNING L16: UNCALLED SEGMENT, IGNORED FOR OVERLAY PROCESS
    SEGMENT: ?PR?_LEDSHOWINT?HD7279

*** WARNING L16: UNCALLED SEGMENT, IGNORED FOR OVERLAY PROCESS
    SEGMENT: ?PR?_LEDSHOWFLOAT?HD7279

*** WARNING L16: UNCALLED SEGMENT, IGNORED FOR OVERLAY PROCESS
    SEGMENT: ?PR?_BLINKIN4?P1IO

*** WARNING L16: UNCALLED SEGMENT, IGNORED FOR OVERLAY PROCESS
    SEGMENT: ?PR?_FLOW?P1IO

*** WARNING L16: UNCALLED SEGMENT, IGNORED FOR OVERLAY PROCESS
    SEGMENT: ?PR?SHOWINPUT?P1IO

*** WARNING L16: UNCALLED SEGMENT, IGNORED FOR OVERLAY PROCESS
    SEGMENT: ?PR?_TIMERGETOVERFLOWITFLAG?TIMER

*** WARNING L16: UNCALLED SEGMENT, IGNORED FOR OVERLAY PROCESS
    SEGMENT: ?PR?_EXTERNALITINIT?89C51_IT

*** WARNING L16: UNCALLED SEGMENT, IGNORED FOR OVERLAY PROCESS
    SEGMENT: ?PR?_UARTSENDBYTE?USART

*** WARNING L16: UNCALLED SEGMENT, IGNORED FOR OVERLAY PROCESS
    SEGMENT: ?PR?_UARTINIT?USART

*** WARNING L16: UNCALLED SEGMENT, IGNORED FOR OVERLAY PROCESS
    SEGMENT: ?PR?IO8255INIT?8255

*** WARNING L16: UNCALLED SEGMENT, IGNORED FOR OVERLAY PROCESS
BL51 BANKED LINKER/LOCATER V6.22                                                      12/13/2017  23:08:36  PAGE 42


    SEGMENT: ?PR?_IO8255SETBIT?8255

*** WARNING L16: UNCALLED SEGMENT, IGNORED FOR OVERLAY PROCESS
    SEGMENT: ?PR?_IO8255READBIT?8255

*** WARNING L16: UNCALLED SEGMENT, IGNORED FOR OVERLAY PROCESS
    SEGMENT: ?PR?_TIMER8254COUNTERMODEINIT?8254

*** WARNING L16: UNCALLED SEGMENT, IGNORED FOR OVERLAY PROCESS
    SEGMENT: ?PR?_TIMER8254TRIGGERMODEINIT?8254

*** WARNING L16: UNCALLED SEGMENT, IGNORED FOR OVERLAY PROCESS
    SEGMENT: ?PR?_TIMER8254STARTTRIGGER?8254

*** WARNING L16: UNCALLED SEGMENT, IGNORED FOR OVERLAY PROCESS
    SEGMENT: ?PR?_TIMER8254PRESCALERMODEINIT?8254

*** WARNING L16: UNCALLED SEGMENT, IGNORED FOR OVERLAY PROCESS
    SEGMENT: ?PR?_TIMER8254SQUAREWAVEMODEINIT?8254

*** WARNING L16: UNCALLED SEGMENT, IGNORED FOR OVERLAY PROCESS
    SEGMENT: ?PR?_TIMER8254SOFTWARESTROBEMODEINIT?8254

*** WARNING L16: UNCALLED SEGMENT, IGNORED FOR OVERLAY PROCESS
    SEGMENT: ?PR?_TIMER8254HARDWARESTROBEMODEINIT?8254

*** WARNING L16: UNCALLED SEGMENT, IGNORED FOR OVERLAY PROCESS
    SEGMENT: ?PR?_TIMER8254STARTHARDSTROBE?8254

*** WARNING L16: UNCALLED SEGMENT, IGNORED FOR OVERLAY PROCESS
    SEGMENT: ?PR?_TIMER8254GETCOUNTER?8254

*** WARNING L16: UNCALLED SEGMENT, IGNORED FOR OVERLAY PROCESS
    SEGMENT: ?PR?_CS5550WRITERES?CS5550

*** WARNING L16: UNCALLED SEGMENT, IGNORED FOR OVERLAY PROCESS
    SEGMENT: ?PR?_CS5550READRES?CS5550

*** WARNING L16: UNCALLED SEGMENT, IGNORED FOR OVERLAY PROCESS
    SEGMENT: ?PR?STEPMOTORPININIT?STEPMOTOR

*** WARNING L16: UNCALLED SEGMENT, IGNORED FOR OVERLAY PROCESS
    SEGMENT: ?PR?_STEPMOTORSPEEDCONTROL?STEPMOTOR

*** WARNING L16: UNCALLED SEGMENT, IGNORED FOR OVERLAY PROCESS
    SEGMENT: ?PR?_GPIOREADBIT?GPIO

*** WARNING L6: XDATA SPACE MEMORY OVERLAP
    FROM:    F800H
    TO:      F800H

*** WARNING L6: XDATA SPACE MEMORY OVERLAP
    FROM:    F900H
    TO:      F900H

*** WARNING L1: UNRESOLVED EXTERNAL SYMBOL
    SYMBOL:  UART1RECIEVE
BL51 BANKED LINKER/LOCATER V6.22                                                      12/13/2017  23:08:36  PAGE 43


    MODULE:  .\Objects\89C51_it.obj (89C51_IT)

*** WARNING L1: UNRESOLVED EXTERNAL SYMBOL
    SYMBOL:  LEDITSTATUS
    MODULE:  .\Objects\89C51_it.obj (89C51_IT)

*** WARNING L1: UNRESOLVED EXTERNAL SYMBOL
    SYMBOL:  ITTIMES
    MODULE:  .\Objects\89C51_it.obj (89C51_IT)

*** WARNING L2: REFERENCE MADE TO UNRESOLVED EXTERNAL
    SYMBOL:  LEDITSTATUS
    MODULE:  .\Objects\89C51_it.obj (89C51_IT)
    ADDRESS: 211DH

*** WARNING L2: REFERENCE MADE TO UNRESOLVED EXTERNAL
    SYMBOL:  LEDITSTATUS
    MODULE:  .\Objects\89C51_it.obj (89C51_IT)
    ADDRESS: 2121H

*** WARNING L2: REFERENCE MADE TO UNRESOLVED EXTERNAL
    SYMBOL:  LEDITSTATUS
    MODULE:  .\Objects\89C51_it.obj (89C51_IT)
    ADDRESS: 2126H

*** WARNING L2: REFERENCE MADE TO UNRESOLVED EXTERNAL
    SYMBOL:  ITTIMES
    MODULE:  .\Objects\89C51_it.obj (89C51_IT)
    ADDRESS: 15E7H

*** WARNING L2: REFERENCE MADE TO UNRESOLVED EXTERNAL
    SYMBOL:  ITTIMES
    MODULE:  .\Objects\89C51_it.obj (89C51_IT)
    ADDRESS: 15E9H

*** WARNING L2: REFERENCE MADE TO UNRESOLVED EXTERNAL
    SYMBOL:  ITTIMES
    MODULE:  .\Objects\89C51_it.obj (89C51_IT)
    ADDRESS: 15F0H

*** WARNING L2: REFERENCE MADE TO UNRESOLVED EXTERNAL
    SYMBOL:  ITTIMES
    MODULE:  .\Objects\89C51_it.obj (89C51_IT)
    ADDRESS: 15F2H

*** WARNING L2: REFERENCE MADE TO UNRESOLVED EXTERNAL
    SYMBOL:  LEDITSTATUS
    MODULE:  .\Objects\89C51_it.obj (89C51_IT)
    ADDRESS: 15F6H

*** WARNING L2: REFERENCE MADE TO UNRESOLVED EXTERNAL
    SYMBOL:  LEDITSTATUS
    MODULE:  .\Objects\89C51_it.obj (89C51_IT)
    ADDRESS: 15FAH

*** WARNING L2: REFERENCE MADE TO UNRESOLVED EXTERNAL
    SYMBOL:  LEDITSTATUS
BL51 BANKED LINKER/LOCATER V6.22                                                      12/13/2017  23:08:36  PAGE 44


    MODULE:  .\Objects\89C51_it.obj (89C51_IT)
    ADDRESS: 15FFH

*** WARNING L2: REFERENCE MADE TO UNRESOLVED EXTERNAL
    SYMBOL:  UART1RECIEVE
    MODULE:  .\Objects\89C51_it.obj (89C51_IT)
    ADDRESS: 1953H

Program Size: data=105.1 xdata=110 code=8584
LINK/LOCATE RUN COMPLETE.  43 WARNING(S),  0 ERROR(S)
