BL51 BANKED LINKER/LOCATER V6.22                                                        12/14/2017  18:29:42  PAGE 1


BL51 BANKED LINKER/LOCATER V6.22, INVOKED BY:
D:\PROGRAM FILES (X86)\KEIL\C51\BIN\BL51.EXE .\Objects\STARTUP.obj, .\Objects\main.obj, .\Objects\HD7279.obj, .\Objects\
>> delay.obj, .\Objects\basicIO.obj, .\Objects\decode.obj, .\Objects\p1IO.obj, .\Objects\dataMemory.obj, .\Objects\timer
>> .obj, .\Objects\89C51_it.obj, .\Objects\usart.obj, .\Objects\8255.obj, .\Objects\8254.obj, .\Objects\8251A.obj, .\Obj
>> ects\CS5550.obj, .\Objects\pwm.obj, .\Objects\brushDcMotor.obj, .\Objects\stepMotor.obj, .\Objects\speaker.obj, .\Obj
>> ects\gpio.obj TO .\Objects\keyLED PRINT (.\Listings\keyLED.m51) RAMSIZE (256)


MEMORY MODEL: SMALL WITH FLOATING POINT ARITHMETIC


INPUT MODULES INCLUDED:
  .\Objects\STARTUP.obj (?C_STARTUP)
  .\Objects\main.obj (MAIN)
  .\Objects\HD7279.obj (HD7279)
  .\Objects\delay.obj (DELAY)
  .\Objects\basicIO.obj (BASICIO)
  .\Objects\decode.obj (DECODE)
  .\Objects\p1IO.obj (P1IO)
  .\Objects\dataMemory.obj (DATAMEMORY)
  .\Objects\timer.obj (TIMER)
  .\Objects\89C51_it.obj (89C51_IT)
  .\Objects\usart.obj (USART)
  .\Objects\8255.obj (8255)
  .\Objects\8254.obj (8254)
  .\Objects\8251A.obj (8251A)
  .\Objects\CS5550.obj (CS5550)
  .\Objects\pwm.obj (PWM)
  .\Objects\brushDcMotor.obj (BRUSHDCMOTOR)
  .\Objects\stepMotor.obj (STEPMOTOR)
  .\Objects\speaker.obj (SPEAKER)
  .\Objects\gpio.obj (GPIO)
  D:\PROGRAM FILES (X86)\KEIL\C51\LIB\C51FPS.LIB (?C?FPADD)
  D:\PROGRAM FILES (X86)\KEIL\C51\LIB\C51FPS.LIB (?C?FPMUL)
  D:\PROGRAM FILES (X86)\KEIL\C51\LIB\C51FPS.LIB (?C?FPDIV)
  D:\PROGRAM FILES (X86)\KEIL\C51\LIB\C51FPS.LIB (?C?FPCMP)
  D:\PROGRAM FILES (X86)\KEIL\C51\LIB\C51FPS.LIB (?C?FPNEG)
  D:\PROGRAM FILES (X86)\KEIL\C51\LIB\C51FPS.LIB (?C?FCAST)
  D:\PROGRAM FILES (X86)\KEIL\C51\LIB\C51FPS.LIB (?C?CASTF)
  D:\PROGRAM FILES (X86)\KEIL\C51\LIB\C51FPS.LIB (PRINTF)
  D:\PROGRAM FILES (X86)\KEIL\C51\LIB\C51FPS.LIB (?C?FPGETOPN)
  D:\PROGRAM FILES (X86)\KEIL\C51\LIB\C51FPS.LIB (?C?FPROUND)
  D:\PROGRAM FILES (X86)\KEIL\C51\LIB\C51FPS.LIB (?C?FPCONVERT)
  D:\PROGRAM FILES (X86)\KEIL\C51\LIB\C51FPS.LIB (?C?FTNPWR)
  D:\PROGRAM FILES (X86)\KEIL\C51\LIB\C51S.LIB (?C_INIT)
  D:\PROGRAM FILES (X86)\KEIL\C51\LIB\C51S.LIB (?C?COPY)
  D:\PROGRAM FILES (X86)\KEIL\C51\LIB\C51S.LIB (?C?CLDPTR)
  D:\PROGRAM FILES (X86)\KEIL\C51\LIB\C51S.LIB (?C?CLDOPTR)
  D:\PROGRAM FILES (X86)\KEIL\C51\LIB\C51S.LIB (?C?CSTPTR)
  D:\PROGRAM FILES (X86)\KEIL\C51\LIB\C51S.LIB (?C?IMUL)
  D:\PROGRAM FILES (X86)\KEIL\C51\LIB\C51S.LIB (?C?UIDIV)
  D:\PROGRAM FILES (X86)\KEIL\C51\LIB\C51S.LIB (?C?ULDIV)
  D:\PROGRAM FILES (X86)\KEIL\C51\LIB\C51S.LIB (?C?SLDIV)
  D:\PROGRAM FILES (X86)\KEIL\C51\LIB\C51S.LIB (?C?LNEG)
  D:\PROGRAM FILES (X86)\KEIL\C51\LIB\C51S.LIB (?C?SLCMP)
  D:\PROGRAM FILES (X86)\KEIL\C51\LIB\C51S.LIB (?C?ULSHR)
  D:\PROGRAM FILES (X86)\KEIL\C51\LIB\C51S.LIB (?C?LSHL)
  D:\PROGRAM FILES (X86)\KEIL\C51\LIB\C51S.LIB (?C?LSTXDATA)
BL51 BANKED LINKER/LOCATER V6.22                                                      12/14/2017  18:29:42  PAGE 2


  D:\PROGRAM FILES (X86)\KEIL\C51\LIB\C51S.LIB (?C?LSTKXDATA)
  D:\PROGRAM FILES (X86)\KEIL\C51\LIB\C51S.LIB (?C?PLDIIDATA)
  D:\PROGRAM FILES (X86)\KEIL\C51\LIB\C51S.LIB (?C?CCASE)
  D:\PROGRAM FILES (X86)\KEIL\C51\LIB\C51S.LIB (PUTCHAR)


LINK MAP OF MODULE:  .\Objects\keyLED (?C_STARTUP)


            TYPE    BASE      LENGTH    RELOCATION   SEGMENT NAME
            -----------------------------------------------------

            * * * * * * *   D A T A   M E M O R Y   * * * * * * *
            REG     0000H     0008H     ABSOLUTE     "REG BANK 0"
            DATA    0008H     000BH     UNIT         ?DT?_TIMEINIT?TIMER
            DATA    0013H     0009H     UNIT         ?DT?_UARTBAUDRATEINIT?USART
            DATA    001CH     0004H     UNIT         ?DT?_LEDSHOWINT?HD7279
            BIT     0020H.0   0001H.1   UNIT         _BIT_GROUP_
                    0021H.1   0000H.7                *** GAP ***
            DATA    0022H     0020H     UNIT         _DATA_GROUP_
            DATA    0042H     0008H     UNIT         ?DT?_TIMERELOADNUMINIT?TIMER
            DATA    004AH     0008H     UNIT         ?DT?IO8255INIT?8255
            DATA    0052H     0008H     UNIT         ?DT?_MOTORVELCRL?BRUSHDCMOTOR
            DATA    005AH     0007H     UNIT         ?DT?_UARTINIT?USART
            DATA    0061H     0005H     UNIT         ?DT?_TIMEMODEINIT?TIMER
            DATA    0066H     0004H     UNIT         ?DT?_PWM0SETCOMPARE?PWM
            DATA    006AH     0004H     UNIT         ?DT?_STEPMOTORSPEEDCONTROL?STEPMOTOR
            DATA    006EH     0002H     UNIT         ?DT?_BLINKIN4?P1IO
            DATA    0070H     0001H     UNIT         ?DT?_TIMER8254CMD?8254
            DATA    0071H     0001H     UNIT         ?DT?_TIMER8254STARTTRIGGER?8254
            DATA    0072H     0001H     UNIT         ?DT?_TIMER8254STARTHARDSTROBE?8254
            IDATA   0073H     0001H     UNIT         ?STACK

            * * * * * * *  X D A T A   M E M O R Y  * * * * * * *
            XDATA   0000H     001EH     UNIT         _XDATA_GROUP_
            XDATA   001EH     0012H     UNIT         ?XD?_LEDSHOWINT?HD7279
            XDATA   0030H     000EH     UNIT         ?XD?HD7279
            XDATA   003EH     0008H     UNIT         ?XD?_MOTORVELCRL?BRUSHDCMOTOR
            XDATA   0046H     0006H     UNIT         ?XD?BRUSHDCMOTOR
            XDATA   004CH     0005H     UNIT         ?XD?P1IO
            XDATA   0051H     0004H     UNIT         ?XD?_TIMERELOADNUMINIT?TIMER
            XDATA   0055H     0002H     UNIT         ?XD?HD7279RECEIVEBYTE?HD7279
            XDATA   0057H     0002H     UNIT         ?XD?_TIMER8254GETCOUNTER?8254
            XDATA   0059H     0001H     UNIT         ?XD?SHOWINPUT?P1IO
            XDATA   005AH     0001H     UNIT         ?XD?_TIMERGETOVERFLOWITFLAG?TIMER
            XDATA   005BH     0001H     UNIT         ?XD?_TIMEMODEINIT?TIMER
            XDATA   005CH     0001H     UNIT         ?XD?IO8255INIT?8255
            XDATA   005DH     0001H     UNIT         ?XD?_TIMER8254COUNTERMODEINIT?8254
            XDATA   005EH     0001H     UNIT         ?XD?_TIMER8254TRIGGERMODEINIT?8254
            XDATA   005FH     0001H     UNIT         ?XD?_TIMER8254PRESCALERMODEINIT?8254
            XDATA   0060H     0001H     UNIT         ?XD?_TIMER8254SQUAREWAVEMODEINIT?8254
            XDATA   0061H     0001H     UNIT         ?XD?_TIMER8254SOFTWARESTROBEMODEINIT?8254
            XDATA   0062H     0001H     UNIT         ?XD?_TIMER8254HARDWARESTROBEMODEINIT?8254
            XDATA   0063H     0001H     UNIT         ?XD?STEPMOTOR
                    0064H     F79CH                  *** GAP ***
            XDATA   F800H     0001H     ABSOLUTE     
* OVERLAP * XDATA   F800H     0001H     ABSOLUTE     
BL51 BANKED LINKER/LOCATER V6.22                                                      12/14/2017  18:29:42  PAGE 3


            XDATA   F801H     0001H     ABSOLUTE     
            XDATA   F802H     0001H     ABSOLUTE     
            XDATA   F803H     0001H     ABSOLUTE     
                    F804H     00FCH                  *** GAP ***
            XDATA   F900H     0001H     ABSOLUTE     
* OVERLAP * XDATA   F900H     0001H     ABSOLUTE     
            XDATA   F901H     0001H     ABSOLUTE     
            XDATA   F902H     0001H     ABSOLUTE     
            XDATA   F903H     0001H     ABSOLUTE     
                    F904H     00FCH                  *** GAP ***
            XDATA   FA00H     0001H     ABSOLUTE     
                    FA01H     00FFH                  *** GAP ***
            XDATA   FB00H     0001H     ABSOLUTE     

            * * * * * * *   C O D E   M E M O R Y   * * * * * * *
            CODE    0000H     0003H     ABSOLUTE     
            CODE    0003H     0003H     ABSOLUTE     
                    0006H     0005H                  *** GAP ***
            CODE    000BH     0003H     ABSOLUTE     
            CODE    000EH     0015H     UNIT         ?PR?_TIMEROVERFLOWITINIT?TIMER
            CODE    0023H     0003H     ABSOLUTE     
            CODE    0026H     0015H     UNIT         ?PR?_TIMER8254STARTTRIGGER?8254
            CODE    003BH     0003H     ABSOLUTE     
            CODE    003EH     08C9H     UNIT         ?C?LIB_CODE
            CODE    0907H     046FH     UNIT         ?PR?PRINTF?PRINTF
            CODE    0D76H     01DDH     UNIT         ?PR?_LEDSHOWFLOAT?HD7279
            CODE    0F53H     018AH     UNIT         ?PR?_LEDSHOWINT?HD7279
            CODE    10DDH     017BH     UNIT         ?PR?_STEPMOTORSPEEDCONTROL?STEPMOTOR
            CODE    1258H     00F6H     UNIT         ?PR?_MOTORVELCRL?BRUSHDCMOTOR
            CODE    134EH     00F2H     UNIT         ?PR?_UARTBAUDRATEINIT?USART
            CODE    1440H     00D5H     UNIT         ?PR?MAIN?MAIN
            CODE    1515H     00BCH     UNIT         ?PR?_CS5550READRES?CS5550
            CODE    15D1H     00AEH     UNIT         ?PR?TIME0?89C51_IT
            CODE    167FH     008CH     UNIT         ?C_C51STARTUP
            CODE    170BH     0076H     UNIT         ?PR?_GPIOINIT?GPIO
            CODE    1781H     0072H     UNIT         ?PR?_TIMERELOADNUMINIT?TIMER
            CODE    17F3H     0072H     UNIT         ?PR?_IO8255SETBIT?8255
            CODE    1865H     006EH     UNIT         ?PR?_IO8255READBIT?8255
            CODE    18D3H     0060H     UNIT         ?PR?_TIMEMODEINIT?TIMER
            CODE    1933H     0059H     UNIT         ?PR?UART1_ITHANDLER?89C51_IT
            CODE    198CH     0058H     UNIT         ?PR?_DELAYMS?DELAY
            CODE    19E4H     0053H     UNIT         ?PR?_TIMEINIT?TIMER
            CODE    1A37H     0049H     UNIT         ?PR?_GPIOREADBIT?GPIO
            CODE    1A80H     0048H     UNIT         ?PR?HD7279RECEIVEBYTE?HD7279
            CODE    1AC8H     0046H     UNIT         ?PR?_HD7279SENDBYTE?HD7279
            CODE    1B0EH     0045H     UNIT         ?PR?CS5550RECIEVEBYTE?CS5550
            CODE    1B53H     0044H     UNIT         ?PR?_BLINKIN4?P1IO
            CODE    1B97H     0044H     UNIT         ?C?LDIV
            CODE    1BDBH     0041H     UNIT         ?PR?_TIMER8254GETCOUNTER?8254
            CODE    1C1CH     003FH     UNIT         ?PR?_TIMER8254COUNTERMODEINIT?8254
            CODE    1C5BH     003DH     UNIT         ?PR?_FLOW?P1IO
            CODE    1C98H     003DH     UNIT         ?PR?_TIMER8254PRESCALERMODEINIT?8254
            CODE    1CD5H     003DH     UNIT         ?PR?_TIMER8254SQUAREWAVEMODEINIT?8254
            CODE    1D12H     003DH     UNIT         ?PR?_TIMER8254SOFTWARESTROBEMODEINIT?8254
            CODE    1D4FH     003DH     UNIT         ?PR?_TIMER8254HARDWARESTROBEMODEINIT?8254
            CODE    1D8CH     003CH     UNIT         ?PR?_DELAY10US?DELAY
            CODE    1DC8H     0039H     UNIT         ?PR?IO8255INIT?8255
BL51 BANKED LINKER/LOCATER V6.22                                                      12/14/2017  18:29:42  PAGE 4


            CODE    1E01H     0035H     UNIT         ?PR?_TIMER8254TRIGGERMODEINIT?8254
            CODE    1E36H     0030H     UNIT         ?C_INITSEG
            CODE    1E66H     0030H     UNIT         ?PR?_CS5550WRITEBYTE?CS5550
            CODE    1E96H     002CH     UNIT         ?PR?_PWM0SETCOMPARE?PWM
            CODE    1EC2H     0029H     UNIT         ?CO?HD7279
            CODE    1EEBH     0028H     UNIT         ?PR?_TIMERCMD?TIMER
            CODE    1F13H     0027H     UNIT         ?PR?PUTCHAR?PUTCHAR
            CODE    1F3AH     0024H     UNIT         ?PR?_UARTMODEINIT?USART
            CODE    1F5EH     0024H     UNIT         ?PR?_UARTINIT?USART
            CODE    1F82H     0024H     UNIT         ?PR?STEPMOTORPININIT?STEPMOTOR
            CODE    1FA6H     0022H     UNIT         ?PR?_GPIORESETBIT?GPIO
            CODE    1FC8H     001FH     UNIT         ?PR?_TIMERGETOVERFLOWITFLAG?TIMER
            CODE    1FE7H     001FH     UNIT         ?PR?_UARTGETFLAGSTATUS?USART
            CODE    2006H     001FH     UNIT         ?PR?_UARTSENDBYTE?USART
            CODE    2025H     001EH     UNIT         ?PR?_EXTERNALITINIT?89C51_IT
            CODE    2043H     001EH     UNIT         ?PR?_GPIOSETBIT?GPIO
            CODE    2061H     001CH     UNIT         ?PR?_CS5550WRITERES?CS5550
            CODE    207DH     0017H     UNIT         ?PR?_UARTITCONFIG?USART
            CODE    2094H     0017H     UNIT         ?PR?CCP1INIT?PWM
            CODE    20ABH     0016H     UNIT         ?PR?SHOWINPUT?P1IO
            CODE    20C1H     0016H     UNIT         ?PR?_UARTRXCMD?USART
            CODE    20D7H     0015H     UNIT         ?PR?_TIMER8254STARTHARDSTROBE?8254
            CODE    20ECH     0013H     UNIT         ?PR?PWM0INIT?PWM
            CODE    20FFH     0012H     UNIT         ?PR?_EXTERNALITCMD?89C51_IT
            CODE    2111H     0011H     UNIT         ?PR?_LEDWRITE?HD7279
            CODE    2122H     0011H     UNIT         ?PR?INTERINT0?89C51_IT
            CODE    2133H     0010H     UNIT         ?PR?_UARTCLEARFLAGSTATUS?USART
            CODE    2143H     000FH     UNIT         ?PR?_UARTRECIEVEBYTE?USART
            CODE    2152H     000EH     UNIT         ?PR?_TIMER8254CMD?8254
            CODE    2160H     000CH     UNIT         ?PR?_TIMERCLEAROVERFLOWFLAG?TIMER
            CODE    216CH     000BH     UNIT         ?PR?PCA_ITHANDLER?89C51_IT
            CODE    2177H     0009H     UNIT         ?PR?KEYREAD?HD7279
            CODE    2180H     0009H     UNIT         ?PR?_PWMCMD?PWM
            CODE    2189H     0008H     UNIT         ?CO?USART



OVERLAY MAP OF MODULE:   .\Objects\keyLED (?C_STARTUP)


SEGMENT                                             BIT_GROUP          DATA_GROUP          XDATA_GROUP
  +--> CALLED SEGMENT                            START    LENGTH     START    LENGTH     START    LENGTH
--------------------------------------------------------------------------------------------------------
?C_C51STARTUP                                    -----    -----      -----    -----      -----    -----
  +--> ?PR?MAIN?MAIN
  +--> ?C_INITSEG

?PR?MAIN?MAIN                                    -----    -----      -----    -----      0000H    0008H
  +--> ?PR?_CS5550WRITERES?CS5550
  +--> ?PR?_DELAYMS?DELAY
  +--> ?PR?_CS5550READRES?CS5550
  +--> ?PR?_LEDSHOWFLOAT?HD7279

?PR?_CS5550WRITERES?CS5550                       -----    -----      0022H    0005H      -----    -----
  +--> ?PR?_CS5550WRITEBYTE?CS5550

?PR?_CS5550WRITEBYTE?CS5550                      -----    -----      -----    -----      000CH    0001H
BL51 BANKED LINKER/LOCATER V6.22                                                      12/14/2017  18:29:42  PAGE 5



?PR?_DELAYMS?DELAY                               -----    -----      -----    -----      0008H    0005H

?PR?_CS5550READRES?CS5550                        -----    -----      -----    -----      0008H    0004H
  +--> ?PR?_CS5550WRITEBYTE?CS5550
  +--> ?PR?CS5550RECIEVEBYTE?CS5550

?PR?CS5550RECIEVEBYTE?CS5550                     -----    -----      -----    -----      000CH    0002H

?PR?_LEDSHOWFLOAT?HD7279                         -----    -----      0022H    0004H      0008H    0012H
  +--> ?CO?HD7279
  +--> ?PR?PRINTF?PRINTF
  +--> ?PR?_LEDWRITE?HD7279

?PR?PRINTF?PRINTF                                0020H.0  0001H.1    0026H    001CH      -----    -----
  +--> ?PR?PUTCHAR?PUTCHAR

?PR?_LEDWRITE?HD7279                             -----    -----      0026H    0001H      -----    -----
  +--> ?PR?_HD7279SENDBYTE?HD7279

?PR?_HD7279SENDBYTE?HD7279                       -----    -----      0027H    0001H      001AH    0001H
  +--> ?PR?_DELAY10US?DELAY

?PR?_DELAY10US?DELAY                             -----    -----      -----    -----      001BH    0003H

*** NEW ROOT ***************************************************

?PR?TIME0?89C51_IT                               -----    -----      -----    -----      -----    -----
  +--> ?PR?_TIMERCLEAROVERFLOWFLAG?TIMER
  +--> ?PR?_TIMERCMD?TIMER

*** NEW ROOT ***************************************************

?PR?UART1_ITHANDLER?89C51_IT                     -----    -----      -----    -----      -----    -----
  +--> ?PR?_UARTGETFLAGSTATUS?USART
  +--> ?PR?_UARTRECIEVEBYTE?USART
  +--> ?PR?_UARTCLEARFLAGSTATUS?USART



UNRESOLVED EXTERNAL SYMBOLS:
   ITTIMES
   LEDITSTATUS
   UART1RECIEVE



SYMBOL TABLE OF MODULE:  .\Objects\keyLED (?C_STARTUP)

  VALUE           TYPE          NAME
  ----------------------------------

  -------         MODULE        ?C_STARTUP
  C:167FH         SEGMENT       ?C_C51STARTUP
  I:0073H         SEGMENT       ?STACK
  C:0000H         PUBLIC        ?C_STARTUP
  D:00E0H         SYMBOL        ACC
BL51 BANKED LINKER/LOCATER V6.22                                                      12/14/2017  18:29:42  PAGE 6


  D:00F0H         SYMBOL        B
  D:0083H         SYMBOL        DPH
  D:0082H         SYMBOL        DPL
  N:0000H         SYMBOL        IBPSTACK
  N:0100H         SYMBOL        IBPSTACKTOP
  N:0080H         SYMBOL        IDATALEN
  C:1682H         SYMBOL        IDATALOOP
  N:0000H         SYMBOL        PBPSTACK
  N:0100H         SYMBOL        PBPSTACKTOP
  N:0000H         SYMBOL        PDATALEN
  N:0000H         SYMBOL        PDATASTART
  N:0000H         SYMBOL        PPAGE
  N:0000H         SYMBOL        PPAGEENABLE
  D:00A0H         SYMBOL        PPAGE_SFR
  D:0081H         SYMBOL        SP
  C:167FH         SYMBOL        STARTUP1
  N:0000H         SYMBOL        XBPSTACK
  N:0000H         SYMBOL        XBPSTACKTOP
  N:0000H         SYMBOL        XDATALEN
  N:0000H         SYMBOL        XDATASTART
  C:0000H         LINE#         126
  C:167FH         LINE#         133
  C:1681H         LINE#         134
  C:1682H         LINE#         135
  C:1683H         LINE#         136
  C:1685H         LINE#         185
  C:1688H         LINE#         196
  -------         ENDMOD        ?C_STARTUP

  -------         MODULE        MAIN
  C:0000H         SYMBOL        _ICE_DUMMY_
  D:0080H         PUBLIC        P0
  D:0090H         PUBLIC        P1
  D:00A0H         PUBLIC        P2
  D:00B0H         PUBLIC        P3
  D:00C0H         PUBLIC        P4
  D:00C8H         PUBLIC        P5
  D:00E8H         PUBLIC        P6
  D:00F8H         PUBLIC        P7
  D:00A8H         PUBLIC        IE
  D:00B8H         PUBLIC        IP
  D:0097H         PUBLIC        CLK_DIV
  D:00D8H         PUBLIC        CCON
  C:1440H         PUBLIC        main
  D:0098H         PUBLIC        SCON
  D:0088H         PUBLIC        TCON
  D:00D0H         PUBLIC        PSW
  -------         PROC          MAIN
  -------         DO            
  X:0000H         SYMBOL        adcGetValue
  X:0004H         SYMBOL        adcFloat
  -------         ENDDO         
  C:1440H         LINE#         692
  C:1440H         LINE#         693
  C:1440H         LINE#         731
  C:144AH         LINE#         732
  C:1454H         LINE#         734
BL51 BANKED LINKER/LOCATER V6.22                                                      12/14/2017  18:29:42  PAGE 7


  C:145CH         LINE#         736
  C:146CH         LINE#         737
  C:1473H         LINE#         738
  C:1484H         LINE#         739
  C:148BH         LINE#         740
  C:1499H         LINE#         741
  C:14A0H         LINE#         742
  C:14B0H         LINE#         743
  C:14B7H         LINE#         744
  C:14C7H         LINE#         745
  C:14CEH         LINE#         748
  C:14CEH         LINE#         749
  C:14CEH         LINE#         750
  C:14D5H         LINE#         751
  C:14E0H         LINE#         752
  C:1502H         LINE#         753
  C:1513H         LINE#         757
  -------         ENDPROC       MAIN
  -------         ENDMOD        MAIN

  -------         MODULE        HD7279
  C:0000H         SYMBOL        _ICE_DUMMY_
  D:0080H         PUBLIC        P0
  D:0090H         PUBLIC        P1
  D:00A0H         PUBLIC        P2
  D:00B0H         PUBLIC        P3
  D:00C0H         PUBLIC        P4
  D:00C8H         PUBLIC        P5
  D:00E8H         PUBLIC        P6
  D:00F8H         PUBLIC        P7
  C:1AC8H         PUBLIC        _HD7279SendByte
  D:00A8H         PUBLIC        IE
  D:00B8H         PUBLIC        IP
  X:0030H         PUBLIC        realCode
  D:00D8H         PUBLIC        CCON
  C:2118H         PUBLIC        _LedWrite
  C:0F53H         PUBLIC        _LEDShowInt
  C:2177H         PUBLIC        KeyRead
  D:0098H         PUBLIC        SCON
  D:0088H         PUBLIC        TCON
  B:0090H.4       PUBLIC        dat
  B:0090H.7       PUBLIC        clk
  C:1ECBH         SYMBOL        _?ix1000
  C:1ED3H         SYMBOL        _?ix1001
  C:1EDBH         SYMBOL        _?ix1002
  C:1EE3H         SYMBOL        _?ix1003
  C:1A80H         PUBLIC        HD7279ReceiveByte
  B:0090H.6       PUBLIC        cs
  C:0D76H         PUBLIC        _LEDShowFloat
  D:00D0H         PUBLIC        PSW
  -------         PROC          _HD7279SENDBYTE
  D:0027H         SYMBOL        sendData
  -------         DO            
  X:001AH         SYMBOL        sendCounter
  -------         ENDDO         
  C:1AC8H         LINE#         11
  C:1ACAH         LINE#         12
BL51 BANKED LINKER/LOCATER V6.22                                                      12/14/2017  18:29:42  PAGE 8


  C:1ACAH         LINE#         14
  C:1ACFH         LINE#         15
  C:1AD1H         LINE#         16
  C:1AD7H         LINE#         18
  C:1ADCH         LINE#         19
  C:1ADCH         LINE#         20
  C:1AE1H         LINE#         21
  C:1AE1H         LINE#         22
  C:1AE3H         LINE#         23
  C:1AE5H         LINE#         25
  C:1AE5H         LINE#         26
  C:1AE7H         LINE#         27
  C:1AE7H         LINE#         28
  C:1AE9H         LINE#         29
  C:1AF0H         LINE#         30
  C:1AF2H         LINE#         31
  C:1AF9H         LINE#         32
  C:1AFFH         LINE#         33
  C:1B0BH         LINE#         34
  C:1B0DH         LINE#         35
  -------         ENDPROC       _HD7279SENDBYTE
  -------         PROC          HD7279RECEIVEBYTE
  -------         DO            
  X:0055H         SYMBOL        receiveCounter
  X:0056H         SYMBOL        receiveData
  -------         ENDDO         
  C:1A80H         LINE#         38
  C:1A80H         LINE#         39
  C:1A80H         LINE#         41
  C:1A85H         LINE#         42
  C:1A87H         LINE#         43
  C:1A89H         LINE#         44
  C:1A8FH         LINE#         46
  C:1A94H         LINE#         47
  C:1A94H         LINE#         48
  C:1A96H         LINE#         49
  C:1A9DH         LINE#         50
  C:1AA4H         LINE#         51
  C:1AA7H         LINE#         52
  C:1AA7H         LINE#         53
  C:1AABH         LINE#         54
  C:1AABH         LINE#         56
  C:1AABH         LINE#         58
  C:1AABH         LINE#         59
  C:1AADH         LINE#         60
  C:1AB4H         LINE#         61
  C:1AC0H         LINE#         62
  C:1AC2H         LINE#         63
  C:1AC7H         LINE#         64
  -------         ENDPROC       HD7279RECEIVEBYTE
  -------         PROC          L?0056
  -------         ENDPROC       L?0056
  -------         PROC          _LEDWRITE
  D:0007H         SYMBOL        cmd
  D:0026H         SYMBOL        dataSend
  C:2118H         LINE#         67
  C:211AH         LINE#         68
BL51 BANKED LINKER/LOCATER V6.22                                                      12/14/2017  18:29:42  PAGE 9


  C:211AH         LINE#         69
  C:211DH         LINE#         71
  -------         ENDPROC       _LEDWRITE
  -------         PROC          KEYREAD
  C:2177H         LINE#         75
  C:2177H         LINE#         76
  C:2177H         LINE#         77
  C:217CH         LINE#         79
  C:217FH         LINE#         80
  -------         ENDPROC       KEYREAD
  -------         PROC          _LEDSHOWINT
  D:001CH         SYMBOL        showData
  -------         DO            
  X:001EH         SYMBOL        LedData
  X:0026H         SYMBOL        i
  X:0027H         SYMBOL        tempBuff
  X:002FH         SYMBOL        dataLength
  -------         ENDDO         
  C:0F53H         LINE#         83
  C:0F5BH         LINE#         84
  C:0F5BH         LINE#         85
  C:0F6EH         LINE#         86
  C:0F73H         LINE#         87
  C:0F85H         LINE#         88
  C:0F8AH         LINE#         90
  C:0FB6H         LINE#         91
  C:0FB6H         LINE#         94
  C:0FD4H         LINE#         97
  C:0FE3H         LINE#         98
  C:0FE3H         LINE#         99
  C:0FF0H         LINE#         100
  C:0FF0H         LINE#         101
  C:0FF6H         LINE#         102
  C:0FF6H         LINE#         103
  C:0FFEH         LINE#         106
  C:1013H         LINE#         107
  C:1013H         LINE#         108
  C:1023H         LINE#         109
  C:1023H         LINE#         110
  C:104DH         LINE#         111
  C:1063H         LINE#         112
  C:1065H         LINE#         114
  C:1065H         LINE#         115
  C:108EH         LINE#         116
  C:108EH         LINE#         117
  C:1097H         LINE#         120
  C:109CH         LINE#         121
  C:109CH         LINE#         122
  C:10B5H         LINE#         123
  C:10C2H         LINE#         124
  C:10C2H         LINE#         126
  C:10C2H         LINE#         127
  C:10D1H         LINE#         128
  C:10D1H         LINE#         129
  C:10D4H         LINE#         130
  C:10DCH         LINE#         131
  C:10DCH         LINE#         132
BL51 BANKED LINKER/LOCATER V6.22                                                      12/14/2017  18:29:42  PAGE 10


  -------         ENDPROC       _LEDSHOWINT
  -------         PROC          _LEDSHOWFLOAT
  D:0022H         SYMBOL        showData
  -------         DO            
  X:0008H         SYMBOL        LedData
  X:0010H         SYMBOL        i
  X:0011H         SYMBOL        tempBuff
  X:0019H         SYMBOL        dataLength
  -------         ENDDO         
  C:0D76H         LINE#         134
  C:0D7EH         LINE#         135
  C:0D7EH         LINE#         136
  C:0D91H         LINE#         137
  C:0D96H         LINE#         138
  C:0DA8H         LINE#         139
  C:0DADH         LINE#         141
  C:0DDFH         LINE#         142
  C:0DDFH         LINE#         145
  C:0DFDH         LINE#         148
  C:0E0CH         LINE#         149
  C:0E0CH         LINE#         150
  C:0E19H         LINE#         151
  C:0E19H         LINE#         152
  C:0E1FH         LINE#         153
  C:0E1FH         LINE#         154
  C:0E27H         LINE#         157
  C:0E3CH         LINE#         158
  C:0E3CH         LINE#         159
  C:0E51H         LINE#         160
  C:0E51H         LINE#         161
  C:0E84H         LINE#         162
  C:0E9AH         LINE#         163
  C:0E9CH         LINE#         164
  C:0EAFH         LINE#         165
  C:0EAFH         LINE#         166
  C:0ED5H         LINE#         167
  C:0ED7H         LINE#         168
  C:0EDBH         LINE#         169
  C:0EDBH         LINE#         170
  C:0F04H         LINE#         171
  C:0F04H         LINE#         172
  C:0F0DH         LINE#         175
  C:0F12H         LINE#         176
  C:0F12H         LINE#         177
  C:0F2BH         LINE#         178
  C:0F38H         LINE#         179
  C:0F38H         LINE#         181
  C:0F38H         LINE#         182
  C:0F47H         LINE#         183
  C:0F47H         LINE#         184
  C:0F4AH         LINE#         185
  C:0F52H         LINE#         186
  C:0F52H         LINE#         187
  -------         ENDPROC       _LEDSHOWFLOAT
  -------         ENDMOD        HD7279

  -------         MODULE        DELAY
BL51 BANKED LINKER/LOCATER V6.22                                                      12/14/2017  18:29:42  PAGE 11


  C:0000H         SYMBOL        _ICE_DUMMY_
  C:1D8CH         PUBLIC        _Delay10Us
  C:198CH         PUBLIC        _DelayMs
  -------         PROC          _DELAYMS
  D:0006H         SYMBOL        timeMs
  -------         DO            
  X:0008H         SYMBOL        nMsCounter
  X:000AH         SYMBOL        msCounter
  X:000CH         SYMBOL        i
  -------         ENDDO         
  C:198CH         LINE#         4
  C:198CH         LINE#         5
  C:198CH         LINE#         7
  C:1993H         LINE#         8
  C:1997H         LINE#         9
  C:1999H         LINE#         10
  C:19ACH         LINE#         11
  C:19ACH         LINE#         12
  C:19B3H         LINE#         13
  C:19B3H         LINE#         14
  C:19B9H         LINE#         15
  C:19D3H         LINE#         16
  C:19E3H         LINE#         17
  -------         ENDPROC       _DELAYMS
  -------         PROC          _DELAY10US
  D:0006H         SYMBOL        timeUs
  -------         DO            
  X:001BH         SYMBOL        nUsCounter
  X:001DH         SYMBOL        usCounter
  -------         ENDDO         
  C:1D8CH         LINE#         20
  C:1D8CH         LINE#         21
  C:1D8CH         LINE#         23
  C:1D93H         LINE#         24
  C:1D95H         LINE#         25
  C:1DA8H         LINE#         26
  C:1DA8H         LINE#         27
  C:1DADH         LINE#         28
  C:1DADH         LINE#         30
  C:1DB7H         LINE#         31
  C:1DC7H         LINE#         32
  -------         ENDPROC       _DELAY10US
  -------         ENDMOD        DELAY

  -------         MODULE        BASICIO
  C:0000H         SYMBOL        _ICE_DUMMY_
  X:FB00H         PUBLIC        chip245Adress
  X:FA00H         PUBLIC        chip374Adress
  -------         ENDMOD        BASICIO

  -------         MODULE        DECODE
  C:0000H         SYMBOL        _ICE_DUMMY_
  X:F800H         PUBLIC        decodeAdress1
  X:F900H         PUBLIC        decodeAdress2
  -------         ENDMOD        DECODE

  -------         MODULE        P1IO
BL51 BANKED LINKER/LOCATER V6.22                                                      12/14/2017  18:29:42  PAGE 12


  C:0000H         SYMBOL        _ICE_DUMMY_
  D:0080H         PUBLIC        P0
  D:0090H         PUBLIC        P1
  D:00A0H         PUBLIC        P2
  D:00B0H         PUBLIC        P3
  D:00C0H         PUBLIC        P4
  D:00C8H         PUBLIC        P5
  D:00E8H         PUBLIC        P6
  D:00F8H         PUBLIC        P7
  D:00A8H         PUBLIC        IE
  D:00B8H         PUBLIC        IP
  C:1C5BH         PUBLIC        _Flow
  D:00D8H         PUBLIC        CCON
  D:0098H         PUBLIC        SCON
  D:0088H         PUBLIC        TCON
  C:20ABH         PUBLIC        ShowInput
  C:1B53H         PUBLIC        _BlinkIn4
  D:00D0H         PUBLIC        PSW
  -------         PROC          _BLINKIN4
  D:006EH         SYMBOL        period
  -------         DO            
  X:004CH         SYMBOL        blinkTimeCounter
  -------         ENDDO         
  C:1B53H         LINE#         6
  C:1B57H         LINE#         7
  C:1B57H         LINE#         10
  C:1B65H         LINE#         11
  C:1B84H         LINE#         13
  C:1B8FH         LINE#         14
  C:1B8FH         LINE#         15
  C:1B92H         LINE#         16
  C:1B93H         LINE#         18
  C:1B93H         LINE#         19
  C:1B96H         LINE#         20
  C:1B96H         LINE#         21
  -------         ENDPROC       _BLINKIN4
  -------         PROC          _FLOW
  D:0004H         SYMBOL        flowPeriod
  -------         DO            
  X:004EH         SYMBOL        flowCounter
  X:0050H         SYMBOL        flowState
  -------         ENDDO         
  C:1C5BH         LINE#         24
  C:1C5FH         LINE#         25
  C:1C5FH         LINE#         29
  C:1C6DH         LINE#         30
  C:1C7DH         LINE#         33
  C:1C83H         LINE#         35
  C:1C87H         LINE#         36
  C:1C87H         LINE#         37
  C:1C8CH         LINE#         38
  C:1C8CH         LINE#         39
  C:1C90H         LINE#         40
  C:1C91H         LINE#         42
  C:1C91H         LINE#         43
  C:1C97H         LINE#         44
  C:1C97H         LINE#         45
BL51 BANKED LINKER/LOCATER V6.22                                                      12/14/2017  18:29:42  PAGE 13


  C:1C97H         LINE#         47
  -------         ENDPROC       _FLOW
  -------         PROC          SHOWINPUT
  -------         DO            
  X:0059H         SYMBOL        p1Input
  -------         ENDDO         
  C:20ABH         LINE#         50
  C:20ABH         LINE#         51
  C:20ABH         LINE#         52
  C:20B0H         LINE#         55
  C:20B3H         LINE#         57
  C:20B8H         LINE#         59
  C:20BDH         LINE#         60
  C:20C0H         LINE#         62
  -------         ENDPROC       SHOWINPUT
  -------         ENDMOD        P1IO

  -------         MODULE        DATAMEMORY
  C:0000H         SYMBOL        _ICE_DUMMY_
  D:0080H         PUBLIC        P0
  D:0090H         PUBLIC        P1
  D:00A0H         PUBLIC        P2
  D:00B0H         PUBLIC        P3
  D:00C0H         PUBLIC        P4
  D:00C8H         PUBLIC        P5
  D:00E8H         PUBLIC        P6
  D:00F8H         PUBLIC        P7
  D:00A8H         PUBLIC        IE
  D:00B8H         PUBLIC        IP
  D:00D8H         PUBLIC        CCON
  D:0098H         PUBLIC        SCON
  D:0088H         PUBLIC        TCON
  D:00D0H         PUBLIC        PSW
  -------         ENDMOD        DATAMEMORY

  -------         MODULE        TIMER
  C:0000H         SYMBOL        _ICE_DUMMY_
  D:0080H         PUBLIC        P0
  D:0090H         PUBLIC        P1
  D:00A0H         PUBLIC        P2
  D:00B0H         PUBLIC        P3
  D:00C0H         PUBLIC        P4
  D:00C8H         PUBLIC        P5
  B:00A8H.7       PUBLIC        EA
  D:00E8H         PUBLIC        P6
  D:00F8H         PUBLIC        P7
  D:00A8H         PUBLIC        IE
  B:00A8H.1       PUBLIC        ETx
  C:000EH         PUBLIC        _TimerOverFlowItInit
  D:00B8H         PUBLIC        IP
  C:1EEBH         PUBLIC        _TimerCmd
  D:00D8H         PUBLIC        CCON
  C:2160H         PUBLIC        _TimerClearOverFlowFlag
  C:19E4H         PUBLIC        _TimeInit
  C:18D3H         PUBLIC        _TimeModeInit
  D:0098H         PUBLIC        SCON
  D:0089H         PUBLIC        TMOD
BL51 BANKED LINKER/LOCATER V6.22                                                      12/14/2017  18:29:42  PAGE 14


  D:0088H         PUBLIC        TCON
  C:1781H         PUBLIC        _TimeReloadNumInit
  B:0088H.5       PUBLIC        TF0
  B:0088H.7       PUBLIC        TF1
  D:008CH         PUBLIC        TH0
  D:008DH         PUBLIC        TH1
  D:008AH         PUBLIC        TL0
  D:008BH         PUBLIC        TL1
  D:00D0H         PUBLIC        PSW
  C:1FC8H         PUBLIC        _TimerGetOverFlowITFlag
  -------         PROC          _TIMERCMD
  D:0007H         SYMBOL        TIMx
  D:0005H         SYMBOL        newState
  C:1EEBH         LINE#         5
  C:1EEBH         LINE#         6
  C:1EEBH         LINE#         8
  C:1EEEH         LINE#         9
  C:1EEEH         LINE#         10
  C:1EFFH         LINE#         11
  C:1F00H         LINE#         13
  C:1F00H         LINE#         14
  C:1F12H         LINE#         15
  C:1F12H         LINE#         17
  -------         ENDPROC       _TIMERCMD
  -------         PROC          _TIMERGETOVERFLOWITFLAG
  D:0007H         SYMBOL        TIMx
  -------         DO            
  X:005AH         SYMBOL        tempItFlag
  -------         ENDDO         
  C:1FC8H         LINE#         20
  C:1FC8H         LINE#         21
  C:1FC8H         LINE#         22
  C:1FCDH         LINE#         24
  C:1FD0H         LINE#         25
  C:1FD0H         LINE#         26
  C:1FD4H         LINE#         27
  C:1FD6H         LINE#         28
  C:1FD9H         LINE#         29
  C:1FD9H         LINE#         30
  C:1FE1H         LINE#         31
  C:1FE1H         LINE#         32
  C:1FE6H         LINE#         33
  -------         ENDPROC       _TIMERGETOVERFLOWITFLAG
  -------         PROC          _TIMERCLEAROVERFLOWFLAG
  D:0007H         SYMBOL        TIMx
  C:2160H         LINE#         36
  C:2160H         LINE#         37
  C:2160H         LINE#         39
  C:2163H         LINE#         40
  C:2163H         LINE#         41
  C:2165H         LINE#         42
  C:2166H         LINE#         43
  C:2169H         LINE#         44
  C:2169H         LINE#         45
  C:216BH         LINE#         46
  C:216BH         LINE#         47
  -------         ENDPROC       _TIMERCLEAROVERFLOWFLAG
BL51 BANKED LINKER/LOCATER V6.22                                                      12/14/2017  18:29:42  PAGE 15


  -------         PROC          _TIMEMODEINIT
  D:0007H         SYMBOL        TIMx
  D:0062H         SYMBOL        timeMode
  -------         DO            
  X:005BH         SYMBOL        tempCrl
  -------         ENDDO         
  C:18D3H         LINE#         50
  C:18D3H         LINE#         51
  C:18D3H         LINE#         52
  C:18D8H         LINE#         56
  C:18EEH         LINE#         58
  C:1904H         LINE#         60
  C:1922H         LINE#         62
  C:1932H         LINE#         63
  -------         ENDPROC       _TIMEMODEINIT
  -------         PROC          _TIMERELOADNUMINIT
  D:0042H         SYMBOL        TIMx
  D:0005H         SYMBOL        timerMode
  D:0044H         SYMBOL        timerPeriod
  D:0048H         SYMBOL        mechinePeriod
  -------         DO            
  X:0051H         SYMBOL        bitNum
  X:0053H         SYMBOL        reloadNum
  -------         ENDDO         
  C:1781H         LINE#         66
  C:1783H         LINE#         67
  C:1783H         LINE#         68
  C:178AH         LINE#         69
  C:178EH         LINE#         72
  C:1794H         LINE#         73
  C:1794H         LINE#         74
  C:179CH         LINE#         75
  C:179EH         LINE#         77
  C:179EH         LINE#         78
  C:17A7H         LINE#         79
  C:17A7H         LINE#         82
  C:17D0H         LINE#         86
  C:17D4H         LINE#         87
  C:17D4H         LINE#         88
  C:17DDH         LINE#         89
  C:17E0H         LINE#         90
  C:17E1H         LINE#         91
  C:17E6H         LINE#         92
  C:17E6H         LINE#         93
  C:17EFH         LINE#         94
  C:17F2H         LINE#         95
  C:17F2H         LINE#         97
  -------         ENDPROC       _TIMERELOADNUMINIT
  -------         PROC          _TIMEINIT
  D:0008H         SYMBOL        TIMx
  D:0009H         SYMBOL        timeMode
  D:000DH         SYMBOL        timerPeriod
  D:0011H         SYMBOL        mechinePeriod
  C:19E4H         LINE#         100
  C:19E6H         LINE#         101
  C:19E6H         LINE#         104
  C:19FEH         LINE#         107
BL51 BANKED LINKER/LOCATER V6.22                                                      12/14/2017  18:29:42  PAGE 16


  C:1A17H         LINE#         108
  C:1A1CH         LINE#         109
  C:1A1CH         LINE#         110
  C:1A20H         LINE#         111
  C:1A20H         LINE#         112
  C:1A22H         LINE#         113
  C:1A24H         LINE#         114
  C:1A26H         LINE#         115
  C:1A2BH         LINE#         116
  C:1A2BH         LINE#         117
  C:1A2EH         LINE#         118
  C:1A30H         LINE#         119
  C:1A30H         LINE#         120
  C:1A30H         LINE#         123
  -------         ENDPROC       _TIMEINIT
  -------         PROC          _TIMEROVERFLOWITINIT
  D:0007H         SYMBOL        TIMx
  D:0005H         SYMBOL        newState
  C:000EH         LINE#         129
  C:000EH         LINE#         130
  C:000EH         LINE#         132
  C:0011H         LINE#         133
  C:0011H         LINE#         134
  C:0013H         LINE#         135
  C:0013H         LINE#         136
  C:001DH         LINE#         137
  C:0022H         LINE#         138
  -------         ENDPROC       _TIMEROVERFLOWITINIT
  -------         ENDMOD        TIMER

  -------         MODULE        89C51_IT
  C:0000H         SYMBOL        _ICE_DUMMY_
  D:0080H         PUBLIC        P0
  D:0090H         PUBLIC        P1
  D:00A0H         PUBLIC        P2
  D:00B0H         PUBLIC        P3
  D:00C0H         PUBLIC        P4
  D:00C8H         PUBLIC        P5
  D:00E8H         PUBLIC        P6
  D:00F8H         PUBLIC        P7
  B:00D8H.7       PUBLIC        CF
  D:00A8H         PUBLIC        IE
  C:216CH         PUBLIC        PCA_ITHandler
  D:00B8H         PUBLIC        IP
  C:2122H         PUBLIC        interint0
  D:00D8H         PUBLIC        CCON
  C:1933H         PUBLIC        UART1_ITHandler
  D:0098H         PUBLIC        SCON
  D:0088H         PUBLIC        TCON
  D:008DH         PUBLIC        TH1
  B:0088H.0       PUBLIC        IT0
  B:00A8H.0       PUBLIC        EX0
  B:0088H.2       PUBLIC        IT1
  B:00A8H.2       PUBLIC        EX1
  D:008BH         PUBLIC        TL1
  C:15D1H         PUBLIC        time0
  D:00D0H         PUBLIC        PSW
BL51 BANKED LINKER/LOCATER V6.22                                                      12/14/2017  18:29:42  PAGE 17


  C:20FFH         PUBLIC        _ExternalITCmd
  B:00D8H.0       PUBLIC        CCF0
  C:2025H         PUBLIC        _ExternalITInit
  -------         PROC          _EXTERNALITCMD
  D:0007H         SYMBOL        exITx
  D:0005H         SYMBOL        newState
  C:20FFH         LINE#         9
  C:20FFH         LINE#         10
  C:20FFH         LINE#         11
  C:2102H         LINE#         12
  C:2102H         LINE#         13
  C:2107H         LINE#         14
  C:2108H         LINE#         15
  C:210BH         LINE#         16
  C:210BH         LINE#         17
  C:2110H         LINE#         18
  C:2110H         LINE#         19
  -------         ENDPROC       _EXTERNALITCMD
  -------         PROC          _EXTERNALITINIT
  D:0007H         SYMBOL        exITx
  D:0005H         SYMBOL        triggerMode
  C:2025H         LINE#         21
  C:2025H         LINE#         22
  C:2025H         LINE#         23
  C:2028H         LINE#         24
  C:2028H         LINE#         25
  C:202DH         LINE#         26
  C:2031H         LINE#         27
  C:2033H         LINE#         28
  C:2036H         LINE#         29
  C:2036H         LINE#         30
  C:203BH         LINE#         31
  C:2042H         LINE#         32
  C:2042H         LINE#         33
  -------         ENDPROC       _EXTERNALITINIT
  -------         PROC          INTERINT0
  C:2122H         LINE#         36
  C:2124H         LINE#         38
  C:2128H         LINE#         39
  C:2128H         LINE#         40
  C:212BH         LINE#         41
  C:212DH         LINE#         43
  C:212DH         LINE#         44
  C:2130H         LINE#         45
  C:2130H         LINE#         46
  -------         ENDPROC       INTERINT0
  -------         PROC          TIME0
  C:15D1H         LINE#         49
  C:15EEH         LINE#         51
  C:15F3H         LINE#         52
  C:15F5H         LINE#         53
  C:15FEH         LINE#         54
  C:1602H         LINE#         55
  C:1602H         LINE#         56
  C:1606H         LINE#         57
  C:1606H         LINE#         58
  C:1609H         LINE#         59
BL51 BANKED LINKER/LOCATER V6.22                                                      12/14/2017  18:29:42  PAGE 18


  C:160BH         LINE#         61
  C:160BH         LINE#         62
  C:160EH         LINE#         63
  C:160EH         LINE#         64
  C:160EH         LINE#         70
  C:1615H         LINE#         71
  C:161FH         LINE#         72
  C:162AH         LINE#         73
  C:162DH         LINE#         74
  C:1630H         LINE#         75
  C:1637H         LINE#         77
  C:1664H         LINE#         78
  -------         ENDPROC       TIME0
  -------         PROC          UART1_ITHANDLER
  C:1933H         LINE#         82
  C:1950H         LINE#         84
  C:195AH         LINE#         85
  C:195AH         LINE#         86
  C:1961H         LINE#         87
  C:1968H         LINE#         88
  C:196AH         LINE#         89
  C:1971H         LINE#         90
  C:1971H         LINE#         92
  C:1971H         LINE#         93
  -------         ENDPROC       UART1_ITHANDLER
  -------         PROC          PCA_ITHANDLER
  C:216CH         LINE#         95
  C:216CH         LINE#         97
  C:216FH         LINE#         98
  C:216FH         LINE#         99
  C:2171H         LINE#         101
  C:2171H         LINE#         102
  C:2174H         LINE#         103
  C:2174H         LINE#         104
  C:2176H         LINE#         105
  C:2176H         LINE#         108
  -------         ENDPROC       PCA_ITHANDLER
  -------         ENDMOD        89C51_IT

  -------         MODULE        USART
  C:0000H         SYMBOL        _ICE_DUMMY_
  D:0080H         PUBLIC        P0
  D:0090H         PUBLIC        P1
  D:00A0H         PUBLIC        P2
  C:134EH         PUBLIC        _UARTBaudrateInit
  D:00B0H         PUBLIC        P3
  D:00C0H         PUBLIC        P4
  D:00C8H         PUBLIC        P5
  B:00A8H.7       PUBLIC        EA
  D:00E8H         PUBLIC        P6
  D:00F8H         PUBLIC        P7
  D:00A8H         PUBLIC        IE
  B:00A8H.4       PUBLIC        ES
  D:00B8H         PUBLIC        IP
  C:2143H         PUBLIC        _UARTRecieveByte
  C:20C1H         PUBLIC        _UARTRxCmd
  B:00B8H.4       PUBLIC        PS
BL51 BANKED LINKER/LOCATER V6.22                                                      12/14/2017  18:29:42  PAGE 19


  D:00D8H         PUBLIC        CCON
  C:2133H         PUBLIC        _UARTClearFlagStatus
  D:0099H         PUBLIC        SBUF
  D:0087H         PUBLIC        PCON
  D:0098H         PUBLIC        SCON
  D:0088H         PUBLIC        TCON
  C:207DH         PUBLIC        _UARTITConfig
  D:00AFH         PUBLIC        IE2
  D:008EH         PUBLIC        AUXR
  C:2189H         SYMBOL        _?ix1000
  C:218DH         SYMBOL        _?ix1001
  D:00B5H         PUBLIC        IP2
  C:1F5EH         PUBLIC        _UARTInit
  C:1F3AH         PUBLIC        _UARTModeInit
  B:0098H.4       PUBLIC        RENx
  C:2006H         PUBLIC        _UARTSendByte
  D:009BH         PUBLIC        S2BUF
  C:1FE7H         PUBLIC        _UARTGetFlagStatus
  D:009AH         PUBLIC        S2CON
  D:00D0H         PUBLIC        PSW
  -------         PROC          _UARTMODEINIT
  D:0007H         SYMBOL        UARTx
  D:0005H         SYMBOL        UARTMode
  C:1F3AH         LINE#         7
  C:1F3AH         LINE#         8
  C:1F3AH         LINE#         9
  C:1F3DH         LINE#         10
  C:1F3DH         LINE#         11
  C:1F4BH         LINE#         12
  C:1F4CH         LINE#         13
  C:1F4FH         LINE#         14
  C:1F4FH         LINE#         15
  C:1F5DH         LINE#         16
  C:1F5DH         LINE#         17
  -------         ENDPROC       _UARTMODEINIT
  -------         PROC          _UARTBAUDRATEINIT
  D:0013H         SYMBOL        UARTx
  D:0005H         SYMBOL        UARTMode
  D:0003H         SYMBOL        isBaudrateDouble
  D:0016H         SYMBOL        baudRate
  -------         DO            
  D:0018H         SYMBOL        timeMode
  D:0018H         SYMBOL        timeMode
  -------         ENDDO         
  -------         DO            
  D:0018H         SYMBOL        timeMode
  -------         ENDDO         
  C:134EH         LINE#         19
  C:1350H         LINE#         20
  C:1350H         LINE#         21
  C:1354H         LINE#         22
  C:1354H         LINE#         23
  C:1363H         LINE#         24
  C:1363H         LINE#         25
  C:1363H         LINE#         26
  C:1363H         LINE#         28
  C:1363H         LINE#         29
BL51 BANKED LINKER/LOCATER V6.22                                                      12/14/2017  18:29:42  PAGE 20


  C:136FH         LINE#         30
  C:136FH         LINE#         31
  C:136FH         LINE#         32
  C:136FH         LINE#         33
  C:136FH         LINE#         34
  C:1373H         LINE#         35
  C:1373H         LINE#         37
  C:1384H         LINE#         40
  C:1387H         LINE#         41
  C:1389H         LINE#         42
  C:138BH         LINE#         43
  C:138DH         LINE#         45
  C:13D1H         LINE#         47
  C:13D4H         LINE#         48
  C:13D5H         LINE#         49
  C:13D9H         LINE#         50
  C:13D9H         LINE#         52
  C:13D9H         LINE#         53
  C:13DAH         LINE#         54
  C:13DAH         LINE#         56
  C:13DAH         LINE#         57
  C:13DAH         LINE#         58
  C:13DEH         LINE#         59
  C:13DEH         LINE#         61
  C:13EFH         LINE#         64
  C:13F2H         LINE#         65
  C:13F4H         LINE#         66
  C:13F6H         LINE#         67
  C:13F8H         LINE#         69
  C:143CH         LINE#         71
  C:143FH         LINE#         72
  C:143FH         LINE#         73
  C:143FH         LINE#         74
  C:143FH         LINE#         76
  C:143FH         LINE#         77
  C:143FH         LINE#         78
  C:143FH         LINE#         79
  C:143FH         LINE#         80
  C:143FH         LINE#         81
  -------         ENDPROC       _UARTBAUDRATEINIT
  -------         PROC          _UARTRXCMD
  D:0007H         SYMBOL        UARTx
  D:0005H         SYMBOL        newState
  C:20C1H         LINE#         84
  C:20C1H         LINE#         85
  C:20C1H         LINE#         86
  C:20C4H         LINE#         87
  C:20C4H         LINE#         88
  C:20C4H         LINE#         89
  C:20C6H         LINE#         90
  C:20C9H         LINE#         91
  C:20C9H         LINE#         92
  C:20D1H         LINE#         93
  C:20D6H         LINE#         94
  C:20D6H         LINE#         95
  -------         ENDPROC       _UARTRXCMD
  -------         PROC          _UARTGETFLAGSTATUS
BL51 BANKED LINKER/LOCATER V6.22                                                      12/14/2017  18:29:42  PAGE 21


  D:0007H         SYMBOL        UARTx
  D:0005H         SYMBOL        UARTFlag
  C:1FE7H         LINE#         97
  C:1FE7H         LINE#         98
  C:1FE7H         LINE#         99
  C:1FEAH         LINE#         100
  C:1FEAH         LINE#         101
  C:1FEFH         LINE#         102
  C:1FEFH         LINE#         103
  C:1FF2H         LINE#         104
  C:1FF2H         LINE#         106
  C:1FF2H         LINE#         107
  C:1FF5H         LINE#         108
  C:1FF5H         LINE#         109
  C:1FF5H         LINE#         110
  C:1FF8H         LINE#         111
  C:1FF8H         LINE#         112
  C:1FFDH         LINE#         113
  C:1FFDH         LINE#         114
  C:2000H         LINE#         115
  C:2000H         LINE#         117
  C:2000H         LINE#         118
  C:2003H         LINE#         119
  C:2003H         LINE#         120
  C:2003H         LINE#         122
  C:2003H         LINE#         123
  C:2005H         LINE#         124
  C:2005H         LINE#         125
  -------         ENDPROC       _UARTGETFLAGSTATUS
  -------         PROC          _UARTCLEARFLAGSTATUS
  D:0007H         SYMBOL        UARTx
  D:0005H         SYMBOL        UARTFlag
  C:2133H         LINE#         127
  C:2133H         LINE#         128
  C:2133H         LINE#         129
  C:2136H         LINE#         130
  C:2136H         LINE#         131
  C:213AH         LINE#         132
  C:213BH         LINE#         133
  C:213EH         LINE#         134
  C:213EH         LINE#         135
  C:2142H         LINE#         136
  C:2142H         LINE#         137
  -------         ENDPROC       _UARTCLEARFLAGSTATUS
  -------         PROC          _UARTSENDBYTE
  D:0006H         SYMBOL        UARTx
  D:0005H         SYMBOL        sendData
  C:2006H         LINE#         139
  C:2008H         LINE#         140
  C:2008H         LINE#         141
  C:200BH         LINE#         142
  C:200BH         LINE#         143
  C:200DH         LINE#         144
  C:200FH         LINE#         145
  C:2012H         LINE#         146
  C:2012H         LINE#         147
  C:2014H         LINE#         149
BL51 BANKED LINKER/LOCATER V6.22                                                      12/14/2017  18:29:42  PAGE 22


  C:2014H         LINE#         150
  C:201EH         LINE#         151
  -------         ENDPROC       _UARTSENDBYTE
  -------         PROC          _UARTRECIEVEBYTE
  D:0007H         SYMBOL        UARTx
  C:2143H         LINE#         154
  C:2143H         LINE#         155
  C:2143H         LINE#         156
  C:2146H         LINE#         157
  C:2146H         LINE#         158
  C:2149H         LINE#         159
  C:2149H         LINE#         160
  C:214CH         LINE#         161
  C:214CH         LINE#         162
  C:214FH         LINE#         163
  C:214FH         LINE#         165
  C:214FH         LINE#         166
  C:2151H         LINE#         167
  C:2151H         LINE#         168
  -------         ENDPROC       _UARTRECIEVEBYTE
  -------         PROC          _UARTINIT
  D:005AH         SYMBOL        UARTx
  D:005BH         SYMBOL        UARTMode
  D:005FH         SYMBOL        baudRate
  C:1F5EH         LINE#         170
  C:1F60H         LINE#         171
  C:1F60H         LINE#         172
  C:1F65H         LINE#         174
  C:1F74H         LINE#         176
  C:1F7BH         LINE#         178
  -------         ENDPROC       _UARTINIT
  -------         PROC          _UARTITCONFIG
  D:0007H         SYMBOL        UARTx
  D:0005H         SYMBOL        UARTPriority
  C:207DH         LINE#         182
  C:207DH         LINE#         183
  C:207DH         LINE#         184
  C:207FH         LINE#         185
  C:2082H         LINE#         186
  C:2082H         LINE#         188
  C:2084H         LINE#         189
  C:2089H         LINE#         190
  C:208AH         LINE#         191
  C:208DH         LINE#         192
  C:208DH         LINE#         193
  C:2090H         LINE#         194
  C:2093H         LINE#         195
  C:2093H         LINE#         196
  -------         ENDPROC       _UARTITCONFIG
  -------         ENDMOD        USART

  -------         MODULE        8255
  C:0000H         SYMBOL        _ICE_DUMMY_
  C:1DC8H         PUBLIC        IO8255Init
  C:1865H         PUBLIC        _IO8255ReadBit
  X:F803H         PUBLIC        IO8255PortCtl
  C:17F3H         PUBLIC        _IO8255SetBit
BL51 BANKED LINKER/LOCATER V6.22                                                      12/14/2017  18:29:42  PAGE 23


  X:F800H         PUBLIC        IO8255PortA
  X:F801H         PUBLIC        IO8255PortB
  X:F802H         PUBLIC        IO8255PortC
  -------         PROC          IO8255INIT
  D:004AH         SYMBOL        IO8255InitStuction
  -------         DO            
  X:005CH         SYMBOL        initData
  -------         ENDDO         
  C:1DC8H         LINE#         8
  C:1DC8H         LINE#         9
  C:1DC8H         LINE#         10
  C:1DCEH         LINE#         12
  C:1DD8H         LINE#         13
  C:1DE0H         LINE#         15
  C:1DE9H         LINE#         16
  C:1DF0H         LINE#         18
  C:1DF9H         LINE#         20
  C:1DFCH         LINE#         22
  C:1E00H         LINE#         24
  -------         ENDPROC       IO8255INIT
  -------         PROC          _IO8255SETBIT
  D:0007H         SYMBOL        IOPort
  D:0005H         SYMBOL        IOBit
  D:0003H         SYMBOL        state
  C:17F3H         LINE#         26
  C:17F3H         LINE#         27
  C:17F3H         LINE#         28
  C:17F6H         LINE#         29
  C:17F6H         LINE#         30
  C:1801H         LINE#         31
  C:1801H         LINE#         32
  C:1801H         LINE#         33
  C:1810H         LINE#         34
  C:1812H         LINE#         35
  C:1812H         LINE#         36
  C:1824H         LINE#         37
  C:1825H         LINE#         38
  C:1825H         LINE#         39
  C:182AH         LINE#         40
  C:182CH         LINE#         41
  C:182CH         LINE#         42
  C:182CH         LINE#         43
  C:182CH         LINE#         44
  C:182CH         LINE#         46
  C:182CH         LINE#         47
  C:1837H         LINE#         48
  C:1837H         LINE#         49
  C:1837H         LINE#         50
  C:1847H         LINE#         51
  C:1849H         LINE#         52
  C:1849H         LINE#         53
  C:185CH         LINE#         54
  C:185DH         LINE#         55
  C:185DH         LINE#         56
  C:1864H         LINE#         57
  C:1864H         LINE#         58
  C:1864H         LINE#         59
BL51 BANKED LINKER/LOCATER V6.22                                                      12/14/2017  18:29:42  PAGE 24


  C:1864H         LINE#         60
  C:1864H         LINE#         61
  C:1864H         LINE#         62
  -------         ENDPROC       _IO8255SETBIT
  -------         PROC          _IO8255READBIT
  D:0007H         SYMBOL        IOPort
  D:0005H         SYMBOL        IOBit
  C:1865H         LINE#         65
  C:1865H         LINE#         66
  C:1865H         LINE#         67
  C:1870H         LINE#         68
  C:1870H         LINE#         69
  C:1870H         LINE#         70
  C:1890H         LINE#         71
  C:1890H         LINE#         72
  C:1890H         LINE#         73
  C:18B0H         LINE#         74
  C:18B0H         LINE#         75
  C:18B0H         LINE#         76
  C:18D2H         LINE#         77
  C:18D2H         LINE#         78
  C:18D2H         LINE#         79
  C:18D2H         LINE#         80
  C:18D2H         LINE#         81
  -------         ENDPROC       _IO8255READBIT
  -------         ENDMOD        8255

  -------         MODULE        8254
  C:0000H         SYMBOL        _ICE_DUMMY_
  D:0080H         PUBLIC        P0
  D:0090H         PUBLIC        P1
  D:00A0H         PUBLIC        P2
  D:00B0H         PUBLIC        P3
  C:1CD5H         PUBLIC        _Timer8254SquareWaveModeInit
  D:00C0H         PUBLIC        P4
  D:00C8H         PUBLIC        P5
  D:00E8H         PUBLIC        P6
  D:00F8H         PUBLIC        P7
  D:00A8H         PUBLIC        IE
  D:00B8H         PUBLIC        IP
  C:1D4FH         PUBLIC        _Timer8254HardwareStrobeModeInit
  C:1C98H         PUBLIC        _Timer8254PrescalerModeInit
  X:F903H         PUBLIC        timer8254Ctr
  D:00D8H         PUBLIC        CCON
  X:F900H         PUBLIC        timer8254Timer0Base
  X:F901H         PUBLIC        timer8254Timer1Base
  X:F902H         PUBLIC        timer8254Timer2Base
  D:0098H         PUBLIC        SCON
  D:0088H         PUBLIC        TCON
  C:1D12H         PUBLIC        _Timer8254SoftwareStrobeModeInit
  C:0026H         PUBLIC        _Timer8254StartTrigger
  C:1E01H         PUBLIC        _Timer8254TriggerModeInit
  C:1C1CH         PUBLIC        _Timer8254CounterModeInit
  C:1BDBH         PUBLIC        _Timer8254GetCounter
  C:20D7H         PUBLIC        _Timer8254StartHardStrobe
  C:2152H         PUBLIC        _Timer8254Cmd
  D:00D0H         PUBLIC        PSW
BL51 BANKED LINKER/LOCATER V6.22                                                      12/14/2017  18:29:42  PAGE 25


  -------         PROC          _TIMER8254CMD
  D:0007H         SYMBOL        timerx
  D:0070H         SYMBOL        newState
  C:2152H         LINE#         8
  C:2154H         LINE#         9
  C:2154H         LINE#         10
  C:215FH         LINE#         11
  C:215FH         LINE#         12
  C:215FH         LINE#         13
  C:215FH         LINE#         14
  C:215FH         LINE#         16
  C:215FH         LINE#         18
  C:215FH         LINE#         20
  C:215FH         LINE#         21
  C:215FH         LINE#         22
  C:215FH         LINE#         23
  C:215FH         LINE#         24
  C:215FH         LINE#         26
  C:215FH         LINE#         28
  C:215FH         LINE#         30
  C:215FH         LINE#         31
  C:215FH         LINE#         32
  C:215FH         LINE#         33
  C:215FH         LINE#         34
  C:215FH         LINE#         36
  C:215FH         LINE#         38
  C:215FH         LINE#         40
  C:215FH         LINE#         41
  C:215FH         LINE#         42
  C:215FH         LINE#         43
  C:215FH         LINE#         44
  C:215FH         LINE#         45
  -------         ENDPROC       _TIMER8254CMD
  -------         PROC          _TIMER8254COUNTERMODEINIT
  D:0003H         SYMBOL        timerx
  D:0004H         SYMBOL        setCounter
  -------         DO            
  X:005DH         SYMBOL        initData
  -------         ENDDO         
  C:1C1CH         LINE#         47
  C:1C1EH         LINE#         48
  C:1C1EH         LINE#         49
  C:1C23H         LINE#         51
  C:1C2AH         LINE#         53
  C:1C2DH         LINE#         55
  C:1C31H         LINE#         57
  C:1C36H         LINE#         59
  C:1C41H         LINE#         60
  C:1C41H         LINE#         61
  C:1C41H         LINE#         62
  C:1C45H         LINE#         63
  C:1C45H         LINE#         64
  C:1C47H         LINE#         65
  C:1C47H         LINE#         66
  C:1C4BH         LINE#         67
  C:1C4BH         LINE#         68
  C:1C4DH         LINE#         69
BL51 BANKED LINKER/LOCATER V6.22                                                      12/14/2017  18:29:42  PAGE 26


  C:1C4DH         LINE#         70
  C:1C52H         LINE#         71
  C:1C54H         LINE#         72
  C:1C54H         LINE#         73
  C:1C54H         LINE#         74
  C:1C54H         LINE#         75
  C:1C54H         LINE#         76
  -------         ENDPROC       _TIMER8254COUNTERMODEINIT
  -------         PROC          _TIMER8254TRIGGERMODEINIT
  D:0007H         SYMBOL        timerx
  D:0004H         SYMBOL        setCounter
  -------         DO            
  X:005EH         SYMBOL        initData
  -------         ENDDO         
  C:1E01H         LINE#         79
  C:1E01H         LINE#         80
  C:1E01H         LINE#         81
  C:1E06H         LINE#         83
  C:1E0DH         LINE#         85
  C:1E10H         LINE#         87
  C:1E13H         LINE#         89
  C:1E17H         LINE#         91
  C:1E22H         LINE#         92
  C:1E22H         LINE#         93
  C:1E22H         LINE#         94
  C:1E26H         LINE#         95
  C:1E26H         LINE#         96
  C:1E28H         LINE#         97
  C:1E28H         LINE#         98
  C:1E2CH         LINE#         99
  C:1E2CH         LINE#         100
  C:1E2EH         LINE#         101
  C:1E2EH         LINE#         102
  C:1E33H         LINE#         103
  C:1E35H         LINE#         104
  C:1E35H         LINE#         105
  C:1E35H         LINE#         106
  C:1E35H         LINE#         107
  C:1E35H         LINE#         108
  -------         ENDPROC       _TIMER8254TRIGGERMODEINIT
  -------         PROC          _TIMER8254STARTTRIGGER
  D:0071H         SYMBOL        timerx
  C:0026H         LINE#         110
  C:0028H         LINE#         111
  C:0028H         LINE#         112
  C:002DH         LINE#         113
  C:0034H         LINE#         114
  -------         ENDPROC       _TIMER8254STARTTRIGGER
  -------         PROC          _TIMER8254PRESCALERMODEINIT
  D:0003H         SYMBOL        timerx
  D:0004H         SYMBOL        prescale
  -------         DO            
  X:005FH         SYMBOL        initData
  -------         ENDDO         
  C:1C98H         LINE#         117
  C:1C9AH         LINE#         118
  C:1C9AH         LINE#         119
BL51 BANKED LINKER/LOCATER V6.22                                                      12/14/2017  18:29:42  PAGE 27


  C:1C9FH         LINE#         121
  C:1CA6H         LINE#         123
  C:1CA9H         LINE#         125
  C:1CACH         LINE#         127
  C:1CB0H         LINE#         129
  C:1CBBH         LINE#         130
  C:1CBBH         LINE#         131
  C:1CBBH         LINE#         132
  C:1CBFH         LINE#         133
  C:1CBFH         LINE#         134
  C:1CC1H         LINE#         135
  C:1CC1H         LINE#         136
  C:1CC5H         LINE#         137
  C:1CC5H         LINE#         138
  C:1CC7H         LINE#         139
  C:1CC7H         LINE#         140
  C:1CCCH         LINE#         141
  C:1CCEH         LINE#         142
  C:1CCEH         LINE#         143
  C:1CCEH         LINE#         144
  C:1CCEH         LINE#         145
  C:1CCEH         LINE#         147
  -------         ENDPROC       _TIMER8254PRESCALERMODEINIT
  -------         PROC          _TIMER8254SQUAREWAVEMODEINIT
  D:0003H         SYMBOL        timerx
  D:0004H         SYMBOL        period
  -------         DO            
  X:0060H         SYMBOL        initData
  -------         ENDDO         
  C:1CD5H         LINE#         151
  C:1CD7H         LINE#         152
  C:1CD7H         LINE#         153
  C:1CDCH         LINE#         155
  C:1CE3H         LINE#         157
  C:1CE6H         LINE#         159
  C:1CE9H         LINE#         161
  C:1CEDH         LINE#         163
  C:1CF8H         LINE#         164
  C:1CF8H         LINE#         165
  C:1CF8H         LINE#         166
  C:1CFCH         LINE#         167
  C:1CFCH         LINE#         168
  C:1CFEH         LINE#         169
  C:1CFEH         LINE#         170
  C:1D02H         LINE#         171
  C:1D02H         LINE#         172
  C:1D04H         LINE#         173
  C:1D04H         LINE#         174
  C:1D09H         LINE#         175
  C:1D0BH         LINE#         176
  C:1D0BH         LINE#         177
  C:1D0BH         LINE#         178
  C:1D0BH         LINE#         179
  C:1D0BH         LINE#         181
  -------         ENDPROC       _TIMER8254SQUAREWAVEMODEINIT
  -------         PROC          _TIMER8254SOFTWARESTROBEMODEINIT
  D:0003H         SYMBOL        timerx
BL51 BANKED LINKER/LOCATER V6.22                                                      12/14/2017  18:29:42  PAGE 28


  D:0004H         SYMBOL        setCounter
  -------         DO            
  X:0061H         SYMBOL        initData
  -------         ENDDO         
  C:1D12H         LINE#         184
  C:1D14H         LINE#         185
  C:1D14H         LINE#         186
  C:1D19H         LINE#         188
  C:1D20H         LINE#         190
  C:1D23H         LINE#         192
  C:1D26H         LINE#         194
  C:1D2AH         LINE#         196
  C:1D35H         LINE#         197
  C:1D35H         LINE#         198
  C:1D35H         LINE#         199
  C:1D39H         LINE#         200
  C:1D39H         LINE#         201
  C:1D3BH         LINE#         202
  C:1D3BH         LINE#         203
  C:1D3FH         LINE#         204
  C:1D3FH         LINE#         205
  C:1D41H         LINE#         206
  C:1D41H         LINE#         207
  C:1D46H         LINE#         208
  C:1D48H         LINE#         209
  C:1D48H         LINE#         210
  C:1D48H         LINE#         211
  C:1D48H         LINE#         212
  C:1D48H         LINE#         214
  -------         ENDPROC       _TIMER8254SOFTWARESTROBEMODEINIT
  -------         PROC          _TIMER8254HARDWARESTROBEMODEINIT
  D:0003H         SYMBOL        timerx
  D:0004H         SYMBOL        setCounter
  -------         DO            
  X:0062H         SYMBOL        initData
  -------         ENDDO         
  C:1D4FH         LINE#         217
  C:1D51H         LINE#         218
  C:1D51H         LINE#         219
  C:1D56H         LINE#         221
  C:1D5DH         LINE#         223
  C:1D60H         LINE#         225
  C:1D63H         LINE#         227
  C:1D67H         LINE#         229
  C:1D72H         LINE#         230
  C:1D72H         LINE#         231
  C:1D72H         LINE#         232
  C:1D76H         LINE#         233
  C:1D76H         LINE#         234
  C:1D78H         LINE#         235
  C:1D78H         LINE#         236
  C:1D7CH         LINE#         237
  C:1D7CH         LINE#         238
  C:1D7EH         LINE#         239
  C:1D7EH         LINE#         240
  C:1D83H         LINE#         241
  C:1D85H         LINE#         242
BL51 BANKED LINKER/LOCATER V6.22                                                      12/14/2017  18:29:42  PAGE 29


  C:1D85H         LINE#         243
  C:1D85H         LINE#         244
  C:1D85H         LINE#         245
  C:1D85H         LINE#         247
  -------         ENDPROC       _TIMER8254HARDWARESTROBEMODEINIT
  -------         PROC          _TIMER8254STARTHARDSTROBE
  D:0072H         SYMBOL        timerx
  C:20D7H         LINE#         250
  C:20D9H         LINE#         251
  C:20D9H         LINE#         252
  C:20DEH         LINE#         253
  C:20E5H         LINE#         254
  -------         ENDPROC       _TIMER8254STARTHARDSTROBE
  -------         PROC          _TIMER8254GETCOUNTER
  D:0007H         SYMBOL        timerx
  -------         DO            
  X:0057H         SYMBOL        returnValue
  -------         ENDDO         
  C:1BDBH         LINE#         257
  C:1BDBH         LINE#         258
  C:1BDBH         LINE#         259
  C:1BE2H         LINE#         261
  C:1BECH         LINE#         263
  C:1BF7H         LINE#         264
  C:1BF7H         LINE#         265
  C:1BF7H         LINE#         266
  C:1BFAH         LINE#         267
  C:1BFAH         LINE#         268
  C:1BFCH         LINE#         269
  C:1BFCH         LINE#         270
  C:1BFFH         LINE#         271
  C:1BFFH         LINE#         272
  C:1BFFH         LINE#         273
  C:1C09H         LINE#         275
  C:1C13H         LINE#         276
  C:1C13H         LINE#         277
  C:1C13H         LINE#         278
  C:1C13H         LINE#         279
  C:1C13H         LINE#         281
  C:1C1BH         LINE#         282
  -------         ENDPROC       _TIMER8254GETCOUNTER
  -------         ENDMOD        8254

  -------         MODULE        8251A
  C:0000H         SYMBOL        _ICE_DUMMY_
  D:0080H         PUBLIC        P0
  D:0090H         PUBLIC        P1
  D:00A0H         PUBLIC        P2
  D:00B0H         PUBLIC        P3
  D:00C0H         PUBLIC        P4
  D:00C8H         PUBLIC        P5
  D:00E8H         PUBLIC        P6
  D:00F8H         PUBLIC        P7
  D:00A8H         PUBLIC        IE
  D:00B8H         PUBLIC        IP
  D:00D8H         PUBLIC        CCON
  D:0098H         PUBLIC        SCON
BL51 BANKED LINKER/LOCATER V6.22                                                      12/14/2017  18:29:42  PAGE 30


  D:0088H         PUBLIC        TCON
  D:00D0H         PUBLIC        PSW
  -------         ENDMOD        8251A

  -------         MODULE        CS5550
  C:0000H         SYMBOL        _ICE_DUMMY_
  D:0080H         PUBLIC        P0
  D:0090H         PUBLIC        P1
  D:00A0H         PUBLIC        P2
  D:00B0H         PUBLIC        P3
  D:00C0H         PUBLIC        P4
  D:00C8H         PUBLIC        P5
  D:00E8H         PUBLIC        P6
  D:00F8H         PUBLIC        P7
  C:1E71H         PUBLIC        _CS5550WriteByte
  D:00A8H         PUBLIC        IE
  C:1515H         PUBLIC        _CS5550ReadRes
  D:00B8H         PUBLIC        IP
  C:2061H         PUBLIC        _CS5550WriteRes
  D:00D8H         PUBLIC        CCON
  B:0090H.1       PUBLIC        CS5550_SDI
  B:0090H.0       PUBLIC        CS5550_SDO
  D:0098H         PUBLIC        SCON
  D:0088H         PUBLIC        TCON
  C:1B0EH         PUBLIC        CS5550RecieveByte
  B:0090H.2       PUBLIC        CS5550_CS
  B:0090H.3       PUBLIC        CS5550_SCLK
  D:00D0H         PUBLIC        PSW
  -------         PROC          L?0017
  -------         ENDPROC       L?0017
  -------         PROC          _CS5550WRITEBYTE
  D:0007H         SYMBOL        message
  -------         DO            
  X:000CH         SYMBOL        i
  -------         ENDDO         
  C:1E71H         LINE#         4
  C:1E71H         LINE#         5
  C:1E71H         LINE#         6
  C:1E76H         LINE#         7
  C:1E77H         LINE#         8
  C:1E77H         LINE#         9
  C:1E79H         LINE#         10
  C:1E7DH         LINE#         11
  C:1E7DH         LINE#         12
  C:1E7FH         LINE#         13
  C:1E81H         LINE#         15
  C:1E81H         LINE#         16
  C:1E83H         LINE#         17
  C:1E83H         LINE#         18
  C:1E85H         LINE#         19
  C:1E89H         LINE#         21
  C:1E93H         LINE#         22
  C:1E95H         LINE#         23
  -------         ENDPROC       _CS5550WRITEBYTE
  -------         PROC          CS5550RECIEVEBYTE
  -------         DO            
  X:000CH         SYMBOL        recieveData
BL51 BANKED LINKER/LOCATER V6.22                                                      12/14/2017  18:29:42  PAGE 31


  X:000DH         SYMBOL        i
  -------         ENDDO         
  C:1B0EH         LINE#         25
  C:1B0EH         LINE#         26
  C:1B0EH         LINE#         27
  C:1B13H         LINE#         28
  C:1B15H         LINE#         30
  C:1B20H         LINE#         31
  C:1B20H         LINE#         32
  C:1B24H         LINE#         33
  C:1B24H         LINE#         34
  C:1B26H         LINE#         35
  C:1B28H         LINE#         37
  C:1B28H         LINE#         38
  C:1B2AH         LINE#         39
  C:1B2AH         LINE#         41
  C:1B2CH         LINE#         42
  C:1B33H         LINE#         43
  C:1B35H         LINE#         44
  C:1B38H         LINE#         45
  C:1B38H         LINE#         46
  C:1B3CH         LINE#         47
  C:1B3EH         LINE#         49
  C:1B3EH         LINE#         50
  C:1B45H         LINE#         51
  C:1B45H         LINE#         53
  C:1B4DH         LINE#         54
  C:1B52H         LINE#         55
  -------         ENDPROC       CS5550RECIEVEBYTE
  -------         PROC          _CS5550WRITERES
  D:0007H         SYMBOL        cmd
  D:0023H         SYMBOL        value
  C:2061H         LINE#         57
  C:2061H         LINE#         58
  C:2061H         LINE#         59
  C:2063H         LINE#         60
  C:206AH         LINE#         61
  C:206FH         LINE#         62
  C:2074H         LINE#         63
  C:207AH         LINE#         64
  C:207CH         LINE#         65
  -------         ENDPROC       _CS5550WRITERES
  -------         PROC          _CS5550READRES
  D:0003H         SYMBOL        cmd
  -------         DO            
  X:0008H         SYMBOL        recieveData
  -------         ENDDO         
  C:1515H         LINE#         67
  C:1517H         LINE#         68
  C:1517H         LINE#         69
  C:1521H         LINE#         70
  C:1523H         LINE#         71
  C:1528H         LINE#         72
  C:1564H         LINE#         73
  C:15A0H         LINE#         74
  C:15C0H         LINE#         75
  C:15C2H         LINE#         76
BL51 BANKED LINKER/LOCATER V6.22                                                      12/14/2017  18:29:42  PAGE 32


  C:15D0H         LINE#         77
  -------         ENDPROC       _CS5550READRES
  -------         ENDMOD        CS5550

  -------         MODULE        PWM
  C:0000H         SYMBOL        _ICE_DUMMY_
  D:0080H         PUBLIC        P0
  D:0090H         PUBLIC        P1
  D:00A0H         PUBLIC        P2
  D:00B0H         PUBLIC        P3
  D:00C0H         PUBLIC        P4
  D:00C8H         PUBLIC        P5
  B:00A8H.7       PUBLIC        EA
  D:00E8H         PUBLIC        P6
  D:00F8H         PUBLIC        P7
  C:2180H         PUBLIC        _PWMCmd
  D:00F9H         PUBLIC        CH
  D:00A2H         PUBLIC        P_SW1
  D:00A8H         PUBLIC        IE
  D:00E9H         PUBLIC        CL
  D:00FAH         PUBLIC        CCAP0H
  D:00FBH         PUBLIC        CCAP1H
  D:00EAH         PUBLIC        CCAP0L
  B:00D8H.6       PUBLIC        CR
  D:00EBH         PUBLIC        CCAP1L
  D:00DAH         PUBLIC        CCAPM0
  D:00DBH         PUBLIC        CCAPM1
  D:00B8H         PUBLIC        IP
  C:2094H         PUBLIC        CCP1Init
  C:1E96H         PUBLIC        _PWM0SetCompare
  D:00D9H         PUBLIC        CMOD
  D:00D8H         PUBLIC        CCON
  D:0098H         PUBLIC        SCON
  D:0088H         PUBLIC        TCON
  C:20ECH         PUBLIC        PWM0Init
  D:00F2H         PUBLIC        PCA_PWM0
  D:00D0H         PUBLIC        PSW
  -------         PROC          PWM0INIT
  C:20ECH         LINE#         3
  C:20ECH         LINE#         4
  C:20ECH         LINE#         5
  C:20EFH         LINE#         6
  C:20F2H         LINE#         7
  C:20F4H         LINE#         8
  C:20F6H         LINE#         9
  C:20F9H         LINE#         10
  C:20FBH         LINE#         11
  C:20FEH         LINE#         12
  -------         ENDPROC       PWM0INIT
  -------         PROC          CCP1INIT
  C:2094H         LINE#         14
  C:2094H         LINE#         15
  C:2094H         LINE#         16
  C:2097H         LINE#         17
  C:209AH         LINE#         18
  C:209CH         LINE#         19
  C:209EH         LINE#         20
BL51 BANKED LINKER/LOCATER V6.22                                                      12/14/2017  18:29:42  PAGE 33


  C:20A1H         LINE#         21
  C:20A3H         LINE#         22
  C:20A5H         LINE#         23
  C:20A8H         LINE#         24
  C:20AAH         LINE#         25
  -------         ENDPROC       CCP1INIT
  -------         PROC          _PWM0SETCOMPARE
  D:0066H         SYMBOL        compareValue
  C:1E96H         LINE#         27
  C:1E9EH         LINE#         28
  C:1E9EH         LINE#         29
  C:1EBFH         LINE#         30
  C:1EC1H         LINE#         31
  -------         ENDPROC       _PWM0SETCOMPARE
  -------         PROC          _PWMCMD
  D:0007H         SYMBOL        newState
  C:2180H         LINE#         33
  C:2180H         LINE#         34
  C:2180H         LINE#         35
  C:2183H         LINE#         36
  C:2183H         LINE#         37
  C:2185H         LINE#         38
  C:2186H         LINE#         40
  C:2186H         LINE#         41
  C:2188H         LINE#         42
  C:2188H         LINE#         43
  -------         ENDPROC       _PWMCMD
  -------         ENDMOD        PWM

  -------         MODULE        BRUSHDCMOTOR
  C:0000H         SYMBOL        _ICE_DUMMY_
  D:0080H         PUBLIC        P0
  D:0090H         PUBLIC        P1
  D:00A0H         PUBLIC        P2
  D:00B0H         PUBLIC        P3
  D:00C0H         PUBLIC        P4
  D:00C8H         PUBLIC        P5
  D:00E8H         PUBLIC        P6
  D:00F8H         PUBLIC        P7
  D:00A8H         PUBLIC        IE
  X:0046H         PUBLIC        relativePos
  D:00B8H         PUBLIC        IP
  D:00D8H         PUBLIC        CCON
  X:0048H         PUBLIC        actSpeed
  D:0098H         PUBLIC        SCON
  D:0088H         PUBLIC        TCON
  C:1258H         PUBLIC        _MotorVelCrl
  D:00D0H         PUBLIC        PSW
  -------         PROC          _MOTORVELCRL
  D:0052H         SYMBOL        expVel
  D:0056H         SYMBOL        actVel
  -------         DO            
  X:003EH         SYMBOL        dutyCycle
  X:0042H         SYMBOL        error
  -------         ENDDO         
  C:1258H         LINE#         7
  C:1260H         LINE#         8
BL51 BANKED LINKER/LOCATER V6.22                                                      12/14/2017  18:29:42  PAGE 34


  C:1260H         LINE#         10
  C:126AH         LINE#         11
  C:1274H         LINE#         13
  C:1288H         LINE#         14
  C:1288H         LINE#         15
  C:1293H         LINE#         16
  C:1293H         LINE#         18
  C:12B7H         LINE#         20
  C:12D0H         LINE#         22
  C:1316H         LINE#         24
  C:1333H         LINE#         25
  C:1333H         LINE#         26
  C:133DH         LINE#         27
  C:133DH         LINE#         29
  -------         ENDPROC       _MOTORVELCRL
  -------         ENDMOD        BRUSHDCMOTOR

  -------         MODULE        STEPMOTOR
[...]
  C:1F82H         LINE#         6
  C:1F8BH         LINE#         7
  C:1F94H         LINE#         8
  C:1F9DH         LINE#         9
  -------         ENDPROC       STEPMOTORPININIT
  -------         PROC          _STEPMOTORSPEEDCONTROL
  D:006AH         SYMBOL        vel
  -------         DO            
  X:0063H         SYMBOL        state
  -------         ENDDO         
  C:10DDH         LINE#         12
  C:10E5H         LINE#         13
  C:10E5H         LINE#         15
  C:1110H         LINE#         16
  C:1110H         LINE#         17
  C:1110H         LINE#         18
  C:1117H         LINE#         19
  C:111EH         LINE#         20
  C:111EH         LINE#         21
BL51 BANKED LINKER/LOCATER V6.22                                                      12/14/2017  18:29:42  PAGE 35


  C:111EH         LINE#         22
  C:1120H         LINE#         23
  C:1120H         LINE#         24
  C:1127H         LINE#         25
  C:112EH         LINE#         26
  C:112EH         LINE#         27
  C:112EH         LINE#         28
  C:1130H         LINE#         29
  C:1130H         LINE#         30
  C:1137H         LINE#         31
  C:113EH         LINE#         32
  C:1145H         LINE#         33
  C:1145H         LINE#         34
  C:1147H         LINE#         35
  C:1147H         LINE#         36
  C:114EH         LINE#         37
  C:1155H         LINE#         38
  C:115CH         LINE#         39
  C:115CH         LINE#         40
  C:115EH         LINE#         41
  C:115EH         LINE#         42
  C:1165H         LINE#         43
  C:116CH         LINE#         44
  C:1173H         LINE#         45
  C:117AH         LINE#         46
  C:117CH         LINE#         47
  C:117CH         LINE#         48
  C:1183H         LINE#         49
  C:118AH         LINE#         50
  C:1191H         LINE#         51
  C:1191H         LINE#         52
  C:1193H         LINE#         53
  C:1193H         LINE#         54
  C:119AH         LINE#         55
  C:11A1H         LINE#         56
  C:11A8H         LINE#         57
  C:11A8H         LINE#         58
  C:11AAH         LINE#         59
  C:11AAH         LINE#         60
  C:11B1H         LINE#         61
  C:11B8H         LINE#         62
  C:11BFH         LINE#         63
  C:11C6H         LINE#         64
  C:11C6H         LINE#         65
  C:11C6H         LINE#         66
  C:11C6H         LINE#         67
  C:11C6H         LINE#         68
  C:11DAH         LINE#         69
  C:11DAH         LINE#         70
  C:11FDH         LINE#         71
  C:1203H         LINE#         72
  C:1207H         LINE#         73
  C:1208H         LINE#         74
  C:121AH         LINE#         75
  C:121AH         LINE#         76
  C:1248H         LINE#         77
  C:124EH         LINE#         78
BL51 BANKED LINKER/LOCATER V6.22                                                      12/14/2017  18:29:42  PAGE 36


  C:124EH         LINE#         79
  C:1251H         LINE#         80
  C:1251H         LINE#         81
  C:1257H         LINE#         82
  C:1257H         LINE#         83
  -------         ENDPROC       _STEPMOTORSPEEDCONTROL
  -------         ENDMOD        STEPMOTOR

  -------         MODULE        SPEAKER
  C:0000H         SYMBOL        _ICE_DUMMY_
  -------         ENDMOD        SPEAKER

  -------         MODULE        GPIO
  C:0000H         SYMBOL        _ICE_DUMMY_
  D:0092H         PUBLIC        P1M0
  D:0093H         PUBLIC        P0M1
  C:2043H         PUBLIC        _GPIOSetBit
  D:0096H         PUBLIC        P2M0
  D:0091H         PUBLIC        P1M1
  D:0080H         PUBLIC        P0
  D:00B2H         PUBLIC        P3M0
  D:0095H         PUBLIC        P2M1
  D:0090H         PUBLIC        P1
  D:00B1H         PUBLIC        P3M1
  D:00A0H         PUBLIC        P2
  D:00B0H         PUBLIC        P3
  D:00C0H         PUBLIC        P4
  D:00C8H         PUBLIC        P5
  D:00E8H         PUBLIC        P6
  D:00F8H         PUBLIC        P7
  D:00A8H         PUBLIC        IE
  D:00B8H         PUBLIC        IP
  D:00D8H         PUBLIC        CCON
  D:0098H         PUBLIC        SCON
  D:0088H         PUBLIC        TCON
  C:170BH         PUBLIC        _GPIOInit
  C:1A37H         PUBLIC        _GPIOReadBit
  C:1FA6H         PUBLIC        _GPIOResetBit
  D:00D0H         PUBLIC        PSW
  D:0094H         PUBLIC        P0M0
  -------         PROC          _GPIOINIT
  D:0007H         SYMBOL        GPIOPort
  D:0005H         SYMBOL        GPIOPin
  D:0003H         SYMBOL        GPIOMode
  C:170BH         LINE#         3
  C:170BH         LINE#         4
  C:170BH         LINE#         5
  C:1719H         LINE#         6
  C:1719H         LINE#         7
  C:1719H         LINE#         8
  C:171DH         LINE#         9
  C:171DH         LINE#         10
  C:1720H         LINE#         11
  C:1722H         LINE#         13
  C:1722H         LINE#         14
  C:1726H         LINE#         15
  C:1726H         LINE#         16
BL51 BANKED LINKER/LOCATER V6.22                                                      12/14/2017  18:29:42  PAGE 37


  C:172AH         LINE#         17
  C:172AH         LINE#         18
  C:172DH         LINE#         19
  C:172EH         LINE#         21
  C:172EH         LINE#         22
  C:1732H         LINE#         23
  C:1732H         LINE#         24
  C:1733H         LINE#         25
  C:1733H         LINE#         26
  C:1737H         LINE#         27
  C:1737H         LINE#         28
  C:173AH         LINE#         29
  C:173CH         LINE#         31
  C:173CH         LINE#         32
  C:1740H         LINE#         33
  C:1740H         LINE#         34
  C:1744H         LINE#         35
  C:1744H         LINE#         36
  C:1747H         LINE#         37
  C:1748H         LINE#         39
  C:1748H         LINE#         40
  C:174CH         LINE#         41
  C:174CH         LINE#         42
  C:174DH         LINE#         43
  C:174DH         LINE#         44
  C:1751H         LINE#         45
  C:1751H         LINE#         46
  C:1754H         LINE#         47
  C:1756H         LINE#         49
  C:1756H         LINE#         50
  C:175AH         LINE#         51
  C:175AH         LINE#         52
  C:175EH         LINE#         53
  C:175EH         LINE#         54
  C:1761H         LINE#         55
  C:1762H         LINE#         57
  C:1762H         LINE#         58
  C:1766H         LINE#         59
  C:1766H         LINE#         60
  C:1767H         LINE#         61
  C:1767H         LINE#         62
  C:176BH         LINE#         63
  C:176BH         LINE#         64
  C:176EH         LINE#         65
  C:1770H         LINE#         67
  C:1770H         LINE#         68
  C:1774H         LINE#         69
  C:1774H         LINE#         70
  C:1778H         LINE#         71
  C:1778H         LINE#         72
  C:177BH         LINE#         73
  C:177CH         LINE#         75
  C:177CH         LINE#         76
  C:1780H         LINE#         77
  C:1780H         LINE#         78
  C:1780H         LINE#         79
  C:1780H         LINE#         80
BL51 BANKED LINKER/LOCATER V6.22                                                      12/14/2017  18:29:42  PAGE 38


  C:1780H         LINE#         81
  C:1780H         LINE#         83
  -------         ENDPROC       _GPIOINIT
  -------         PROC          _GPIOSETBIT
  D:0007H         SYMBOL        GPIOPort
  D:0005H         SYMBOL        GPIOPin
  C:2043H         LINE#         85
  C:2043H         LINE#         86
  C:2043H         LINE#         87
  C:2051H         LINE#         88
  C:2051H         LINE#         89
  C:2051H         LINE#         90
  C:2054H         LINE#         91
  C:2055H         LINE#         92
  C:2055H         LINE#         93
  C:2058H         LINE#         94
  C:2059H         LINE#         95
  C:2059H         LINE#         96
  C:205CH         LINE#         97
  C:205DH         LINE#         98
  C:205DH         LINE#         99
  C:2060H         LINE#         100
  C:2060H         LINE#         101
  C:2060H         LINE#         102
  C:2060H         LINE#         103
  C:2060H         LINE#         105
  -------         ENDPROC       _GPIOSETBIT
  -------         PROC          _GPIORESETBIT
  D:0007H         SYMBOL        GPIOPort
  D:0005H         SYMBOL        GPIOPin
  C:1FA6H         LINE#         107
  C:1FA6H         LINE#         108
  C:1FA6H         LINE#         109
  C:1FB4H         LINE#         110
  C:1FB4H         LINE#         111
  C:1FB4H         LINE#         112
  C:1FB8H         LINE#         113
  C:1FB9H         LINE#         114
  C:1FB9H         LINE#         115
  C:1FBDH         LINE#         116
  C:1FBEH         LINE#         117
  C:1FBEH         LINE#         118
  C:1FC2H         LINE#         119
  C:1FC3H         LINE#         120
  C:1FC3H         LINE#         121
  C:1FC7H         LINE#         122
  C:1FC7H         LINE#         123
  C:1FC7H         LINE#         124
  C:1FC7H         LINE#         125
  C:1FC7H         LINE#         126
  -------         ENDPROC       _GPIORESETBIT
  -------         PROC          _GPIOREADBIT
  D:0007H         SYMBOL        GPIOPort
  D:0005H         SYMBOL        GPIOPin
  C:1A37H         LINE#         128
  C:1A37H         LINE#         129
  C:1A37H         LINE#         130
BL51 BANKED LINKER/LOCATER V6.22                                                      12/14/2017  18:29:42  PAGE 39


  C:1A45H         LINE#         131
  C:1A45H         LINE#         132
  C:1A45H         LINE#         133
  C:1A48H         LINE#         134
  C:1A53H         LINE#         135
  C:1A53H         LINE#         136
  C:1A53H         LINE#         137
  C:1A56H         LINE#         138
  C:1A61H         LINE#         139
  C:1A61H         LINE#         140
  C:1A61H         LINE#         141
  C:1A64H         LINE#         142
  C:1A6FH         LINE#         143
  C:1A6FH         LINE#         144
  C:1A6FH         LINE#         145
  C:1A72H         LINE#         146
  C:1A7DH         LINE#         147
  C:1A7DH         LINE#         148
  C:1A7DH         LINE#         149
  C:1A7FH         LINE#         150
  C:1A7FH         LINE#         151
  C:1A7FH         LINE#         152
  -------         ENDPROC       _GPIOREADBIT
  -------         ENDMOD        GPIO

  -------         MODULE        ?C?FPADD
  C:0045H         PUBLIC        ?C?FPADD
  C:0041H         PUBLIC        ?C?FPSUB
  -------         ENDMOD        ?C?FPADD

  -------         MODULE        ?C?FPMUL
  C:0136H         PUBLIC        ?C?FPMUL
  -------         ENDMOD        ?C?FPMUL

  -------         MODULE        ?C?FPDIV
  C:023FH         PUBLIC        ?C?FPDIV
  -------         ENDMOD        ?C?FPDIV

  -------         MODULE        ?C?FPCMP
  C:02DEH         PUBLIC        ?C?FPCMP
  C:02DCH         PUBLIC        ?C?FPCMP3
  -------         ENDMOD        ?C?FPCMP

  -------         MODULE        ?C?FPNEG
  C:0355H         PUBLIC        ?C?FPNEG
  -------         ENDMOD        ?C?FPNEG

  -------         MODULE        ?C?FCAST
  C:0370H         PUBLIC        ?C?FCASTC
  C:036BH         PUBLIC        ?C?FCASTI
  C:0366H         PUBLIC        ?C?FCASTL
  -------         ENDMOD        ?C?FCAST

  -------         MODULE        ?C?CASTF
  C:03A4H         PUBLIC        ?C?CASTF
  -------         ENDMOD        ?C?CASTF

BL51 BANKED LINKER/LOCATER V6.22                                                      12/14/2017  18:29:42  PAGE 40


  -------         MODULE        PRINTF
  D:0026H         PUBLIC        ?_PRINTF?BYTE
  D:0026H         PUBLIC        ?_SPRINTF?BYTE
  C:0969H         PUBLIC        _PRINTF
  C:0963H         PUBLIC        _SPRINTF
  -------         ENDMOD        PRINTF

  -------         MODULE        ?C?FPROUND
  C:0425H         PUBLIC        ?C?FPROUND
  -------         ENDMOD        ?C?FPROUND

  -------         MODULE        ?C?FPCONVERT
  C:0454H         PUBLIC        ?C?FPCONVERT
  -------         ENDMOD        ?C?FPCONVERT

  -------         MODULE        ?C?FTNPWR
  C:0587H         PUBLIC        ?C?FTNPWR
  -------         ENDMOD        ?C?FTNPWR

  -------         MODULE        ?C?COPY
  C:0697H         PUBLIC        ?C?COPY
  -------         ENDMOD        ?C?COPY

  -------         MODULE        ?C?CLDPTR
  C:06BDH         PUBLIC        ?C?CLDPTR
  -------         ENDMOD        ?C?CLDPTR

  -------         MODULE        ?C?CLDOPTR
  C:06D6H         PUBLIC        ?C?CLDOPTR
  -------         ENDMOD        ?C?CLDOPTR

  -------         MODULE        ?C?CSTPTR
  C:0703H         PUBLIC        ?C?CSTPTR
  -------         ENDMOD        ?C?CSTPTR

  -------         MODULE        ?C?IMUL
  C:0715H         PUBLIC        ?C?IMUL
  -------         ENDMOD        ?C?IMUL

  -------         MODULE        ?C?UIDIV
  C:0727H         PUBLIC        ?C?UIDIV
  -------         ENDMOD        ?C?UIDIV

  -------         MODULE        ?C?ULDIV
  C:07B8H         PUBLIC        ?C?ULDIV
  -------         ENDMOD        ?C?ULDIV

  -------         MODULE        ?C?SLDIV
  C:1B97H         PUBLIC        ?C?SLDIV
  -------         ENDMOD        ?C?SLDIV

  -------         MODULE        ?C?LNEG
  C:084AH         PUBLIC        ?C?LNEG
  -------         ENDMOD        ?C?LNEG

  -------         MODULE        ?C?SLCMP
  C:0858H         PUBLIC        ?C?SLCMP
BL51 BANKED LINKER/LOCATER V6.22                                                      12/14/2017  18:29:42  PAGE 41


  -------         ENDMOD        ?C?SLCMP

  -------         MODULE        ?C?ULSHR
  C:086EH         PUBLIC        ?C?ULSHR
  -------         ENDMOD        ?C?ULSHR

  -------         MODULE        ?C?LSHL
  C:0881H         PUBLIC        ?C?LSHL
  -------         ENDMOD        ?C?LSHL

  -------         MODULE        ?C?LSTXDATA
  C:0894H         PUBLIC        ?C?LSTXDATA
  -------         ENDMOD        ?C?LSTXDATA

  -------         MODULE        ?C?LSTKXDATA
  C:08A0H         PUBLIC        ?C?LSTKXDATA
  -------         ENDMOD        ?C?LSTKXDATA

  -------         MODULE        ?C?PLDIIDATA
  C:08D1H         PUBLIC        ?C?PLDIIDATA
  -------         ENDMOD        ?C?PLDIIDATA

  -------         MODULE        ?C?CCASE
  C:08E1H         PUBLIC        ?C?CCASE
  -------         ENDMOD        ?C?CCASE

  -------         MODULE        PUTCHAR
  C:1F13H         PUBLIC        _PUTCHAR
  -------         ENDMOD        PUTCHAR

*** WARNING L16: UNCALLED SEGMENT, IGNORED FOR OVERLAY PROCESS
    SEGMENT: ?PR?KEYREAD?HD7279

*** WARNING L16: UNCALLED SEGMENT, IGNORED FOR OVERLAY PROCESS
    SEGMENT: ?PR?_LEDSHOWINT?HD7279

*** WARNING L16: UNCALLED SEGMENT, IGNORED FOR OVERLAY PROCESS
    SEGMENT: ?PR?_BLINKIN4?P1IO

*** WARNING L16: UNCALLED SEGMENT, IGNORED FOR OVERLAY PROCESS
    SEGMENT: ?PR?_FLOW?P1IO

*** WARNING L16: UNCALLED SEGMENT, IGNORED FOR OVERLAY PROCESS
    SEGMENT: ?PR?SHOWINPUT?P1IO

*** WARNING L16: UNCALLED SEGMENT, IGNORED FOR OVERLAY PROCESS
    SEGMENT: ?PR?_TIMERGETOVERFLOWITFLAG?TIMER

*** WARNING L16: UNCALLED SEGMENT, IGNORED FOR OVERLAY PROCESS
    SEGMENT: ?PR?_TIMEROVERFLOWITINIT?TIMER

*** WARNING L16: UNCALLED SEGMENT, IGNORED FOR OVERLAY PROCESS
    SEGMENT: ?PR?_EXTERNALITINIT?89C51_IT

*** WARNING L16: UNCALLED SEGMENT, IGNORED FOR OVERLAY PROCESS
    SEGMENT: ?PR?_UARTSENDBYTE?USART

BL51 BANKED LINKER/LOCATER V6.22                                                      12/14/2017  18:29:42  PAGE 42


*** WARNING L16: UNCALLED SEGMENT, IGNORED FOR OVERLAY PROCESS
    SEGMENT: ?PR?_UARTINIT?USART

*** WARNING L16: UNCALLED SEGMENT, IGNORED FOR OVERLAY PROCESS
    SEGMENT: ?PR?IO8255INIT?8255

*** WARNING L16: UNCALLED SEGMENT, IGNORED FOR OVERLAY PROCESS
    SEGMENT: ?PR?_IO8255SETBIT?8255

*** WARNING L16: UNCALLED SEGMENT, IGNORED FOR OVERLAY PROCESS
    SEGMENT: ?PR?_IO8255READBIT?8255

*** WARNING L16: UNCALLED SEGMENT, IGNORED FOR OVERLAY PROCESS
    SEGMENT: ?PR?_TIMER8254COUNTERMODEINIT?8254

*** WARNING L16: UNCALLED SEGMENT, IGNORED FOR OVERLAY PROCESS
    SEGMENT: ?PR?_TIMER8254TRIGGERMODEINIT?8254

*** WARNING L16: UNCALLED SEGMENT, IGNORED FOR OVERLAY PROCESS
    SEGMENT: ?PR?_TIMER8254STARTTRIGGER?8254

*** WARNING L16: UNCALLED SEGMENT, IGNORED FOR OVERLAY PROCESS
    SEGMENT: ?PR?_TIMER8254PRESCALERMODEINIT?8254

*** WARNING L16: UNCALLED SEGMENT, IGNORED FOR OVERLAY PROCESS
    SEGMENT: ?PR?_TIMER8254SQUAREWAVEMODEINIT?8254

*** WARNING L16: UNCALLED SEGMENT, IGNORED FOR OVERLAY PROCESS
    SEGMENT: ?PR?_TIMER8254SOFTWARESTROBEMODEINIT?8254

*** WARNING L16: UNCALLED SEGMENT, IGNORED FOR OVERLAY PROCESS
    SEGMENT: ?PR?_TIMER8254HARDWARESTROBEMODEINIT?8254

*** WARNING L16: UNCALLED SEGMENT, IGNORED FOR OVERLAY PROCESS
    SEGMENT: ?PR?_TIMER8254STARTHARDSTROBE?8254

*** WARNING L16: UNCALLED SEGMENT, IGNORED FOR OVERLAY PROCESS
    SEGMENT: ?PR?_TIMER8254GETCOUNTER?8254

*** WARNING L16: UNCALLED SEGMENT, IGNORED FOR OVERLAY PROCESS
    SEGMENT: ?PR?PWM0INIT?PWM

*** WARNING L16: UNCALLED SEGMENT, IGNORED FOR OVERLAY PROCESS
    SEGMENT: ?PR?CCP1INIT?PWM

*** WARNING L16: UNCALLED SEGMENT, IGNORED FOR OVERLAY PROCESS
    SEGMENT: ?PR?_PWMCMD?PWM

*** WARNING L16: UNCALLED SEGMENT, IGNORED FOR OVERLAY PROCESS
    SEGMENT: ?PR?_MOTORVELCRL?BRUSHDCMOTOR

*** WARNING L16: UNCALLED SEGMENT, IGNORED FOR OVERLAY PROCESS
    SEGMENT: ?PR?STEPMOTORPININIT?STEPMOTOR

*** WARNING L16: UNCALLED SEGMENT, IGNORED FOR OVERLAY PROCESS
    SEGMENT: ?PR?_STEPMOTORSPEEDCONTROL?STEPMOTOR

BL51 BANKED LINKER/LOCATER V6.22                                                      12/14/2017  18:29:42  PAGE 43


*** WARNING L16: UNCALLED SEGMENT, IGNORED FOR OVERLAY PROCESS
    SEGMENT: ?PR?_GPIOREADBIT?GPIO

*** WARNING L6: XDATA SPACE MEMORY OVERLAP
    FROM:    F800H
    TO:      F800H

*** WARNING L6: XDATA SPACE MEMORY OVERLAP
    FROM:    F900H
    TO:      F900H

*** WARNING L1: UNRESOLVED EXTERNAL SYMBOL
    SYMBOL:  UART1RECIEVE
    MODULE:  .\Objects\89C51_it.obj (89C51_IT)

*** WARNING L1: UNRESOLVED EXTERNAL SYMBOL
    SYMBOL:  LEDITSTATUS
    MODULE:  .\Objects\89C51_it.obj (89C51_IT)

*** WARNING L1: UNRESOLVED EXTERNAL SYMBOL
    SYMBOL:  ITTIMES
    MODULE:  .\Objects\89C51_it.obj (89C51_IT)

*** WARNING L2: REFERENCE MADE TO UNRESOLVED EXTERNAL
    SYMBOL:  LEDITSTATUS
    MODULE:  .\Objects\89C51_it.obj (89C51_IT)
    ADDRESS: 2125H

*** WARNING L2: REFERENCE MADE TO UNRESOLVED EXTERNAL
    SYMBOL:  LEDITSTATUS
    MODULE:  .\Objects\89C51_it.obj (89C51_IT)
    ADDRESS: 2129H

*** WARNING L2: REFERENCE MADE TO UNRESOLVED EXTERNAL
    SYMBOL:  LEDITSTATUS
    MODULE:  .\Objects\89C51_it.obj (89C51_IT)
    ADDRESS: 212EH

*** WARNING L2: REFERENCE MADE TO UNRESOLVED EXTERNAL
    SYMBOL:  ITTIMES
    MODULE:  .\Objects\89C51_it.obj (89C51_IT)
    ADDRESS: 15F4H

*** WARNING L2: REFERENCE MADE TO UNRESOLVED EXTERNAL
    SYMBOL:  ITTIMES
    MODULE:  .\Objects\89C51_it.obj (89C51_IT)
    ADDRESS: 15F6H

*** WARNING L2: REFERENCE MADE TO UNRESOLVED EXTERNAL
    SYMBOL:  ITTIMES
    MODULE:  .\Objects\89C51_it.obj (89C51_IT)
    ADDRESS: 15FDH

*** WARNING L2: REFERENCE MADE TO UNRESOLVED EXTERNAL
    SYMBOL:  ITTIMES
    MODULE:  .\Objects\89C51_it.obj (89C51_IT)
    ADDRESS: 15FFH
BL51 BANKED LINKER/LOCATER V6.22                                                      12/14/2017  18:29:42  PAGE 44



*** WARNING L2: REFERENCE MADE TO UNRESOLVED EXTERNAL
    SYMBOL:  LEDITSTATUS
    MODULE:  .\Objects\89C51_it.obj (89C51_IT)
    ADDRESS: 1603H

*** WARNING L2: REFERENCE MADE TO UNRESOLVED EXTERNAL
    SYMBOL:  LEDITSTATUS
    MODULE:  .\Objects\89C51_it.obj (89C51_IT)
    ADDRESS: 1607H

*** WARNING L2: REFERENCE MADE TO UNRESOLVED EXTERNAL
    SYMBOL:  LEDITSTATUS
    MODULE:  .\Objects\89C51_it.obj (89C51_IT)
    ADDRESS: 160CH

*** WARNING L2: REFERENCE MADE TO UNRESOLVED EXTERNAL
    SYMBOL:  UART1RECIEVE
    MODULE:  .\Objects\89C51_it.obj (89C51_IT)
    ADDRESS: 1960H

Program Size: data=115.1 xdata=112 code=8588
LINK/LOCATE RUN COMPLETE.  45 WARNING(S),  0 ERROR(S)
