BL51 BANKED LINKER/LOCATER V6.22                                                        12/15/2017  18:52:14  PAGE 1


BL51 BANKED LINKER/LOCATER V6.22, INVOKED BY:
D:\PROGRAM FILES (X86)\KEIL\C51\BIN\BL51.EXE .\Objects\STARTUP.obj, .\Objects\main.obj, .\Objects\HD7279.obj, .\Objects\
>> delay.obj, .\Objects\basicIO.obj, .\Objects\decode.obj, .\Objects\p1IO.obj, .\Objects\dataMemory.obj, .\Objects\timer
>> .obj, .\Objects\89C51_it.obj, .\Objects\usart.obj, .\Objects\8255.obj, .\Objects\8254.obj, .\Objects\8251A.obj, .\Obj
>> ects\CS5550.obj, .\Objects\pwm.obj, .\Objects\brushDcMotor.obj, .\Objects\stepMotor.obj, .\Objects\speaker.obj, .\Obj
>> ects\gpio.obj TO .\Objects\keyLED PRINT (.\Listings\keyLED.m51) RAMSIZE (256)


MEMORY MODEL: SMALL WITH FLOATING POINT ARITHMETIC


INPUT MODULES INCLUDED:
  .\Objects\STARTUP.obj (?C_STARTUP)
  .\Objects\main.obj (MAIN)
  .\Objects\HD7279.obj (HD7279)
  .\Objects\delay.obj (DELAY)
  .\Objects\basicIO.obj (BASICIO)
  .\Objects\decode.obj (DECODE)
  .\Objects\p1IO.obj (P1IO)
  .\Objects\dataMemory.obj (DATAMEMORY)
  .\Objects\timer.obj (TIMER)
  .\Objects\89C51_it.obj (89C51_IT)
  .\Objects\usart.obj (USART)
  .\Objects\8255.obj (8255)
  .\Objects\8254.obj (8254)
  .\Objects\8251A.obj (8251A)
  .\Objects\CS5550.obj (CS5550)
  .\Objects\pwm.obj (PWM)
  .\Objects\brushDcMotor.obj (BRUSHDCMOTOR)
  .\Objects\stepMotor.obj (STEPMOTOR)
  .\Objects\speaker.obj (SPEAKER)
  .\Objects\gpio.obj (GPIO)
  D:\PROGRAM FILES (X86)\KEIL\C51\LIB\C51FPS.LIB (?C?FPADD)
  D:\PROGRAM FILES (X86)\KEIL\C51\LIB\C51FPS.LIB (?C?FPMUL)
  D:\PROGRAM FILES (X86)\KEIL\C51\LIB\C51FPS.LIB (?C?FPDIV)
  D:\PROGRAM FILES (X86)\KEIL\C51\LIB\C51FPS.LIB (?C?FPCMP)
  D:\PROGRAM FILES (X86)\KEIL\C51\LIB\C51FPS.LIB (?C?FCAST)
  D:\PROGRAM FILES (X86)\KEIL\C51\LIB\C51FPS.LIB (?C?CASTF)
  D:\PROGRAM FILES (X86)\KEIL\C51\LIB\C51FPS.LIB (PRINTF)
  D:\PROGRAM FILES (X86)\KEIL\C51\LIB\C51FPS.LIB (?C?FPGETOPN)
  D:\PROGRAM FILES (X86)\KEIL\C51\LIB\C51FPS.LIB (?C?FPROUND)
  D:\PROGRAM FILES (X86)\KEIL\C51\LIB\C51FPS.LIB (?C?FPCONVERT)
  D:\PROGRAM FILES (X86)\KEIL\C51\LIB\C51FPS.LIB (?C?FTNPWR)
  D:\PROGRAM FILES (X86)\KEIL\C51\LIB\C51S.LIB (?C_INIT)
  D:\PROGRAM FILES (X86)\KEIL\C51\LIB\C51S.LIB (?C?COPY)
  D:\PROGRAM FILES (X86)\KEIL\C51\LIB\C51S.LIB (?C?CLDPTR)
  D:\PROGRAM FILES (X86)\KEIL\C51\LIB\C51S.LIB (?C?CLDOPTR)
  D:\PROGRAM FILES (X86)\KEIL\C51\LIB\C51S.LIB (?C?CSTPTR)
  D:\PROGRAM FILES (X86)\KEIL\C51\LIB\C51S.LIB (?C?IMUL)
  D:\PROGRAM FILES (X86)\KEIL\C51\LIB\C51S.LIB (?C?UIDIV)
  D:\PROGRAM FILES (X86)\KEIL\C51\LIB\C51S.LIB (?C?ULDIV)
  D:\PROGRAM FILES (X86)\KEIL\C51\LIB\C51S.LIB (?C?SLDIV)
  D:\PROGRAM FILES (X86)\KEIL\C51\LIB\C51S.LIB (?C?LNEG)
  D:\PROGRAM FILES (X86)\KEIL\C51\LIB\C51S.LIB (?C?SLCMP)
  D:\PROGRAM FILES (X86)\KEIL\C51\LIB\C51S.LIB (?C?ULCMP)
  D:\PROGRAM FILES (X86)\KEIL\C51\LIB\C51S.LIB (?C?ULSHR)
  D:\PROGRAM FILES (X86)\KEIL\C51\LIB\C51S.LIB (?C?LSHL)
  D:\PROGRAM FILES (X86)\KEIL\C51\LIB\C51S.LIB (?C?LSTXDATA)
BL51 BANKED LINKER/LOCATER V6.22                                                      12/15/2017  18:52:14  PAGE 2


  D:\PROGRAM FILES (X86)\KEIL\C51\LIB\C51S.LIB (?C?LSTKXDATA)
  D:\PROGRAM FILES (X86)\KEIL\C51\LIB\C51S.LIB (?C?PLDIIDATA)
  D:\PROGRAM FILES (X86)\KEIL\C51\LIB\C51S.LIB (?C?CCASE)
  D:\PROGRAM FILES (X86)\KEIL\C51\LIB\C51S.LIB (PUTCHAR)


LINK MAP OF MODULE:  .\Objects\keyLED (?C_STARTUP)


            TYPE    BASE      LENGTH    RELOCATION   SEGMENT NAME
            -----------------------------------------------------

            * * * * * * *   D A T A   M E M O R Y   * * * * * * *
            REG     0000H     0008H     ABSOLUTE     "REG BANK 0"
            DATA    0008H     0009H     UNIT         ?DT?_UARTBAUDRATEINIT?USART
            DATA    0011H     0008H     UNIT         ?DT?IO8255INIT?8255
            DATA    0019H     0007H     UNIT         ?DT?_UARTINIT?USART
            BIT     0020H.0   0001H.1   UNIT         _BIT_GROUP_
                    0021H.1   0000H.7                *** GAP ***
            DATA    0022H     0020H     UNIT         _DATA_GROUP_
            DATA    0042H     0008H     UNIT         ?DT?_MOTORVELCRL?BRUSHDCMOTOR
            DATA    004AH     0004H     UNIT         ?DT?_STEPMOTORSPEEDCONTROL?STEPMOTOR
            DATA    004EH     0002H     UNIT         ?DT?_BLINKIN4?P1IO
            DATA    0050H     0001H     UNIT         ?DT?_TIMER8254STARTTRIGGER?8254
            DATA    0051H     0001H     UNIT         ?DT?_TIMER8254STARTHARDSTROBE?8254
            IDATA   0052H     0001H     UNIT         ?STACK

            * * * * * * *  X D A T A   M E M O R Y  * * * * * * *
            XDATA   0000H     0038H     UNIT         _XDATA_GROUP_
            XDATA   0038H     000EH     UNIT         ?XD?HD7279
            XDATA   0046H     0008H     UNIT         ?XD?_MOTORVELCRL?BRUSHDCMOTOR
            XDATA   004EH     0006H     UNIT         ?XD?BRUSHDCMOTOR
            XDATA   0054H     0005H     UNIT         ?XD?P1IO
            XDATA   0059H     0005H     UNIT         ?XD?STEPMOTOR
            XDATA   005EH     0002H     UNIT         ?XD?_TIMER8254GETCOUNTER?8254
            XDATA   0060H     0001H     UNIT         ?XD?MAIN
            XDATA   0061H     0001H     UNIT         ?XD?SHOWINPUT?P1IO
            XDATA   0062H     0001H     UNIT         ?XD?_TIMERGETOVERFLOWITFLAG?TIMER
            XDATA   0063H     0001H     UNIT         ?XD?89C51_IT
            XDATA   0064H     0001H     UNIT         ?XD?IO8255INIT?8255
            XDATA   0065H     0001H     UNIT         ?XD?_TIMER8254COUNTERMODEINIT?8254
            XDATA   0066H     0001H     UNIT         ?XD?_TIMER8254TRIGGERMODEINIT?8254
            XDATA   0067H     0001H     UNIT         ?XD?_TIMER8254SQUAREWAVEMODEINIT?8254
            XDATA   0068H     0001H     UNIT         ?XD?_TIMER8254SOFTWARESTROBEMODEINIT?8254
            XDATA   0069H     0001H     UNIT         ?XD?_TIMER8254HARDWARESTROBEMODEINIT?8254
                    006AH     F796H                  *** GAP ***
            XDATA   F800H     0001H     ABSOLUTE     
* OVERLAP * XDATA   F800H     0001H     ABSOLUTE     
            XDATA   F801H     0001H     ABSOLUTE     
            XDATA   F802H     0001H     ABSOLUTE     
            XDATA   F803H     0001H     ABSOLUTE     
                    F804H     00FCH                  *** GAP ***
            XDATA   F900H     0001H     ABSOLUTE     
* OVERLAP * XDATA   F900H     0001H     ABSOLUTE     
            XDATA   F901H     0001H     ABSOLUTE     
            XDATA   F902H     0001H     ABSOLUTE     
            XDATA   F903H     0001H     ABSOLUTE     
BL51 BANKED LINKER/LOCATER V6.22                                                      12/15/2017  18:52:14  PAGE 3


                    F904H     00FCH                  *** GAP ***
            XDATA   FA00H     0001H     ABSOLUTE     
                    FA01H     00FFH                  *** GAP ***
            XDATA   FB00H     0001H     ABSOLUTE     

            * * * * * * *   C O D E   M E M O R Y   * * * * * * *
            CODE    0000H     0003H     ABSOLUTE     
            CODE    0003H     0003H     ABSOLUTE     
                    0006H     0005H                  *** GAP ***
            CODE    000BH     0003H     ABSOLUTE     
                    000EH     0005H                  *** GAP ***
            CODE    0013H     0003H     ABSOLUTE     
            CODE    0016H     000CH     UNIT         ?PR?_TIMERCLEAROVERFLOWFLAG?TIMER
                    0022H     0001H                  *** GAP ***
            CODE    0023H     0003H     ABSOLUTE     
            CODE    0026H     0015H     UNIT         ?PR?_TIMEROVERFLOWITINIT?TIMER
            CODE    003BH     0003H     ABSOLUTE     
            CODE    003EH     08C9H     UNIT         ?C?LIB_CODE
            CODE    0907H     046FH     UNIT         ?PR?PRINTF?PRINTF
            CODE    0D76H     02D4H     UNIT         ?PR?MAIN?MAIN
            CODE    104AH     01DBH     UNIT         ?PR?_LEDSHOWFLOAT?HD7279
            CODE    1225H     018AH     UNIT         ?PR?_LEDSHOWINT?HD7279
            CODE    13AFH     0187H     UNIT         ?PR?_STEPMOTORSPEEDCONTROL?STEPMOTOR
            CODE    1536H     00F6H     UNIT         ?PR?_MOTORVELCRL?BRUSHDCMOTOR
            CODE    162CH     00F2H     UNIT         ?PR?_UARTBAUDRATEINIT?USART
            CODE    171EH     00CCH     UNIT         ?PR?_CS5550READRES?CS5550
            CODE    17EAH     009FH     UNIT         ?PR?EXIT1_HANDLER?89C51_IT
            CODE    1889H     008CH     UNIT         ?C_C51STARTUP
            CODE    1915H     0076H     UNIT         ?PR?_GPIOINIT?GPIO
            CODE    198BH     0072H     UNIT         ?PR?_TIMERELOADNUMINIT?TIMER
            CODE    19FDH     0072H     UNIT         ?PR?_IO8255SETBIT?8255
            CODE    1A6FH     006EH     UNIT         ?PR?_IO8255READBIT?8255
            CODE    1ADDH     0060H     UNIT         ?PR?_TIMEMODEINIT?TIMER
            CODE    1B3DH     0059H     UNIT         ?PR?UART1_ITHANDLER?89C51_IT
            CODE    1B96H     0058H     UNIT         ?PR?_DELAYMS?DELAY
            CODE    1BEEH     0053H     UNIT         ?PR?_TIMEINIT?TIMER
            CODE    1C41H     0052H     UNIT         ?PR?CS5550RECIEVEBYTE?CS5550
            CODE    1C93H     004CH     UNIT         ?PR?_HD7279SENDBYTE?HD7279
            CODE    1CDFH     0049H     UNIT         ?PR?_GPIOREADBIT?GPIO
            CODE    1D28H     0048H     UNIT         ?PR?HD7279RECEIVEBYTE?HD7279
            CODE    1D70H     0045H     UNIT         ?PR?_CS5550WRITEBYTE?CS5550
            CODE    1DB5H     0044H     UNIT         ?PR?_BLINKIN4?P1IO
            CODE    1DF9H     0044H     UNIT         ?C?LDIV
            CODE    1E3DH     0041H     UNIT         ?PR?_TIMER8254GETCOUNTER?8254
            CODE    1E7EH     003FH     UNIT         ?C_INITSEG
            CODE    1EBDH     003FH     UNIT         ?PR?_TIMER8254COUNTERMODEINIT?8254
            CODE    1EFCH     003DH     UNIT         ?PR?_FLOW?P1IO
            CODE    1F39H     003DH     UNIT         ?PR?TIME0?89C51_IT
            CODE    1F76H     003DH     UNIT         ?PR?_TIMER8254PRESCALERMODEINIT?8254
            CODE    1FB3H     003DH     UNIT         ?PR?_TIMER8254SQUAREWAVEMODEINIT?8254
            CODE    1FF0H     003DH     UNIT         ?PR?_TIMER8254SOFTWARESTROBEMODEINIT?8254
            CODE    202DH     003DH     UNIT         ?PR?_TIMER8254HARDWARESTROBEMODEINIT?8254
            CODE    206AH     003CH     UNIT         ?PR?_DELAY10US?DELAY
            CODE    20A6H     0039H     UNIT         ?PR?IO8255INIT?8255
            CODE    20DFH     0035H     UNIT         ?PR?_TIMER8254TRIGGERMODEINIT?8254
            CODE    2114H     0032H     UNIT         ?PR?_CS5550WRITERES?CS5550
            CODE    2146H     002CH     UNIT         ?PR?_PWM0SETCOMPARE?PWM
BL51 BANKED LINKER/LOCATER V6.22                                                      12/15/2017  18:52:14  PAGE 4


            CODE    2172H     0029H     UNIT         ?CO?HD7279
            CODE    219BH     0028H     UNIT         ?PR?_TIMERCMD?TIMER
            CODE    21C3H     0027H     UNIT         ?PR?PUTCHAR?PUTCHAR
            CODE    21EAH     0024H     UNIT         ?PR?_UARTMODEINIT?USART
            CODE    220EH     0024H     UNIT         ?PR?_UARTINIT?USART
            CODE    2232H     0024H     UNIT         ?PR?STEPMOTORPININIT?STEPMOTOR
            CODE    2256H     0022H     UNIT         ?PR?_GPIORESETBIT?GPIO
            CODE    2278H     001FH     UNIT         ?PR?_TIMERGETOVERFLOWITFLAG?TIMER
            CODE    2297H     001FH     UNIT         ?PR?_UARTGETFLAGSTATUS?USART
            CODE    22B6H     001FH     UNIT         ?PR?_UARTSENDBYTE?USART
            CODE    22D5H     001EH     UNIT         ?PR?_EXTERNALITINIT?89C51_IT
            CODE    22F3H     001EH     UNIT         ?PR?_GPIOSETBIT?GPIO
            CODE    2311H     0018H     UNIT         ?PR?_CS5550WRITECMD?CS5550
            CODE    2329H     0017H     UNIT         ?PR?_UARTITCONFIG?USART
            CODE    2340H     0017H     UNIT         ?PR?CCP1INIT?PWM
            CODE    2357H     0016H     UNIT         ?PR?SHOWINPUT?P1IO
            CODE    236DH     0016H     UNIT         ?PR?_UARTRXCMD?USART
            CODE    2383H     0015H     UNIT         ?PR?_TIMER8254STARTTRIGGER?8254
            CODE    2398H     0015H     UNIT         ?PR?_TIMER8254STARTHARDSTROBE?8254
            CODE    23ADH     0013H     UNIT         ?PR?PWM0INIT?PWM
            CODE    23C0H     0012H     UNIT         ?PR?_EXTERNALITCMD?89C51_IT
            CODE    23D2H     0011H     UNIT         ?PR?_LEDWRITE?HD7279
            CODE    23E3H     0011H     UNIT         ?PR?INTERINT0?89C51_IT
            CODE    23F4H     0010H     UNIT         ?CO?MAIN
            CODE    2404H     0010H     UNIT         ?PR?_UARTCLEARFLAGSTATUS?USART
            CODE    2414H     000FH     UNIT         ?PR?_UARTRECIEVEBYTE?USART
            CODE    2423H     000EH     UNIT         ?PR?_TIMER8254CMD?8254
            CODE    2431H     000BH     UNIT         ?PR?PCA_ITHANDLER?89C51_IT
            CODE    243CH     0009H     UNIT         ?PR?KEYREAD?HD7279
            CODE    2445H     0009H     UNIT         ?PR?_PWMCMD?PWM
            CODE    244EH     0008H     UNIT         ?CO?USART



OVERLAY MAP OF MODULE:   .\Objects\keyLED (?C_STARTUP)


SEGMENT                                             BIT_GROUP          DATA_GROUP          XDATA_GROUP
  +--> CALLED SEGMENT                            START    LENGTH     START    LENGTH     START    LENGTH
--------------------------------------------------------------------------------------------------------
?C_C51STARTUP                                    -----    -----      -----    -----      -----    -----
  +--> ?PR?MAIN?MAIN
  +--> ?C_INITSEG

?PR?MAIN?MAIN                                    -----    -----      -----    -----      0000H    0021H
  +--> ?CO?MAIN
  +--> ?PR?_TIMER8254PRESCALERMODEINIT?8254
  +--> ?PR?_TIMEINIT?TIMER
  +--> ?PR?_CS5550WRITECMD?CS5550
  +--> ?PR?_DELAYMS?DELAY
  +--> ?PR?_CS5550WRITERES?CS5550
  +--> ?PR?PWM0INIT?PWM
  +--> ?PR?_PWM0SETCOMPARE?PWM
  +--> ?PR?_PWMCMD?PWM
  +--> ?PR?_EXTERNALITINIT?89C51_IT
  +--> ?PR?_EXTERNALITCMD?89C51_IT
  +--> ?PR?KEYREAD?HD7279
BL51 BANKED LINKER/LOCATER V6.22                                                      12/15/2017  18:52:14  PAGE 5


  +--> ?PR?_CS5550READRES?CS5550
  +--> ?PR?_LEDSHOWFLOAT?HD7279
  +--> ?PR?_LEDWRITE?HD7279
  +--> ?PR?_LEDSHOWINT?HD7279

?PR?_TIMER8254PRESCALERMODEINIT?8254             -----    -----      -----    -----      0021H    0001H
  +--> ?PR?_TIMER8254CMD?8254

?PR?_TIMER8254CMD?8254                           -----    -----      0022H    0001H      -----    -----

?PR?_TIMEINIT?TIMER                              -----    -----      0022H    000BH      -----    -----
  +--> ?PR?_TIMEMODEINIT?TIMER
  +--> ?PR?_TIMERELOADNUMINIT?TIMER
  +--> ?PR?_TIMERCMD?TIMER

?PR?_TIMEMODEINIT?TIMER                          -----    -----      002DH    0005H      0021H    0001H

?PR?_TIMERELOADNUMINIT?TIMER                     -----    -----      002DH    0008H      0021H    0004H

?PR?_CS5550WRITECMD?CS5550                       -----    -----      0022H    0005H      -----    -----
  +--> ?PR?_CS5550WRITEBYTE?CS5550

?PR?_CS5550WRITEBYTE?CS5550                      -----    -----      0027H    0001H      0025H    0001H
  +--> ?PR?_DELAY10US?DELAY

?PR?_DELAY10US?DELAY                             -----    -----      -----    -----      0035H    0003H

?PR?_DELAYMS?DELAY                               -----    -----      -----    -----      0021H    0005H

?PR?_CS5550WRITERES?CS5550                       -----    -----      0022H    0005H      -----    -----
  +--> ?PR?_CS5550WRITEBYTE?CS5550

?PR?_PWM0SETCOMPARE?PWM                          -----    -----      0022H    0004H      -----    -----

?PR?_EXTERNALITINIT?89C51_IT                     -----    -----      -----    -----      -----    -----
  +--> ?PR?_EXTERNALITCMD?89C51_IT

?PR?KEYREAD?HD7279                               -----    -----      -----    -----      -----    -----
  +--> ?PR?_HD7279SENDBYTE?HD7279
  +--> ?PR?HD7279RECEIVEBYTE?HD7279

?PR?_HD7279SENDBYTE?HD7279                       -----    -----      0027H    0001H      0034H    0001H
  +--> ?PR?_DELAY10US?DELAY
  +--> ?PR?_IO8255SETBIT?8255

?PR?HD7279RECEIVEBYTE?HD7279                     -----    -----      -----    -----      0021H    0002H
  +--> ?PR?_DELAY10US?DELAY

?PR?_CS5550READRES?CS5550                        -----    -----      -----    -----      0021H    0004H
  +--> ?PR?_CS5550WRITEBYTE?CS5550
  +--> ?PR?CS5550RECIEVEBYTE?CS5550

?PR?CS5550RECIEVEBYTE?CS5550                     -----    -----      -----    -----      0025H    0002H
  +--> ?PR?_DELAY10US?DELAY

?PR?_LEDSHOWFLOAT?HD7279                         -----    -----      0022H    0004H      0021H    0013H
  +--> ?CO?HD7279
BL51 BANKED LINKER/LOCATER V6.22                                                      12/15/2017  18:52:14  PAGE 6


  +--> ?PR?PRINTF?PRINTF
  +--> ?PR?_LEDWRITE?HD7279

?PR?PRINTF?PRINTF                                0020H.0  0001H.1    0026H    001CH      -----    -----
  +--> ?PR?PUTCHAR?PUTCHAR

?PR?_LEDWRITE?HD7279                             -----    -----      0026H    0001H      -----    -----
  +--> ?PR?_HD7279SENDBYTE?HD7279

?PR?_LEDSHOWINT?HD7279                           -----    -----      0022H    0004H      0021H    0012H
  +--> ?CO?HD7279
  +--> ?PR?PRINTF?PRINTF
  +--> ?PR?_LEDWRITE?HD7279

*** NEW ROOT ***************************************************

?PR?EXIT1_HANDLER?89C51_IT                       -----    -----      -----    -----      -----    -----
  +--> ?PR?_TIMERCMD?TIMER

*** NEW ROOT ***************************************************

?PR?TIME0?89C51_IT                               -----    -----      -----    -----      -----    -----
  +--> ?PR?_TIMERCLEAROVERFLOWFLAG?TIMER

*** NEW ROOT ***************************************************

?PR?UART1_ITHANDLER?89C51_IT                     -----    -----      -----    -----      -----    -----
  +--> ?PR?_UARTGETFLAGSTATUS?USART
  +--> ?PR?_UARTRECIEVEBYTE?USART
  +--> ?PR?_UARTCLEARFLAGSTATUS?USART



UNRESOLVED EXTERNAL SYMBOLS:
   LEDITSTATUS
   UART1RECIEVE



SYMBOL TABLE OF MODULE:  .\Objects\keyLED (?C_STARTUP)

  VALUE           TYPE          NAME
  ----------------------------------

  -------         MODULE        ?C_STARTUP
  C:1889H         SEGMENT       ?C_C51STARTUP
  I:0052H         SEGMENT       ?STACK
  C:0000H         PUBLIC        ?C_STARTUP
  D:00E0H         SYMBOL        ACC
  D:00F0H         SYMBOL        B
  D:0083H         SYMBOL        DPH
  D:0082H         SYMBOL        DPL
  N:0000H         SYMBOL        IBPSTACK
  N:0100H         SYMBOL        IBPSTACKTOP
  N:0080H         SYMBOL        IDATALEN
  C:188CH         SYMBOL        IDATALOOP
  N:0000H         SYMBOL        PBPSTACK
BL51 BANKED LINKER/LOCATER V6.22                                                      12/15/2017  18:52:14  PAGE 7


  N:0100H         SYMBOL        PBPSTACKTOP
  N:0000H         SYMBOL        PDATALEN
  N:0000H         SYMBOL        PDATASTART
  N:0000H         SYMBOL        PPAGE
  N:0000H         SYMBOL        PPAGEENABLE
  D:00A0H         SYMBOL        PPAGE_SFR
  D:0081H         SYMBOL        SP
  C:1889H         SYMBOL        STARTUP1
  N:0000H         SYMBOL        XBPSTACK
  N:0000H         SYMBOL        XBPSTACKTOP
  N:0000H         SYMBOL        XDATALEN
  N:0000H         SYMBOL        XDATASTART
  C:0000H         LINE#         126
  C:1889H         LINE#         133
  C:188BH         LINE#         134
  C:188CH         LINE#         135
  C:188DH         LINE#         136
  C:188FH         LINE#         185
  C:1892H         LINE#         196
  -------         ENDMOD        ?C_STARTUP

  -------         MODULE        MAIN
  C:0000H         SYMBOL        _ICE_DUMMY_
  D:0080H         PUBLIC        P0
  D:0090H         PUBLIC        P1
  D:00A0H         PUBLIC        P2
  D:00B0H         PUBLIC        P3
  D:00C0H         PUBLIC        P4
  D:00C8H         PUBLIC        P5
  B:00A8H.7       PUBLIC        EA
  D:00E8H         PUBLIC        P6
  D:00F8H         PUBLIC        P7
  D:00A8H         PUBLIC        IE
  D:00B8H         PUBLIC        IP
  D:0097H         PUBLIC        CLK_DIV
  D:00D8H         PUBLIC        CCON
  C:0D76H         PUBLIC        main
  D:0098H         PUBLIC        SCON
  D:0088H         PUBLIC        TCON
  C:23F4H         SYMBOL        _?ix1000
  C:23F8H         SYMBOL        _?ix1001
  C:2400H         SYMBOL        _?ix1002
  X:0060H         PUBLIC        semapher
  D:00D0H         PUBLIC        PSW
  -------         PROC          MAIN
  -------         DO            
  X:0000H         SYMBOL        voltageADValue
  X:0004H         SYMBOL        valueSign
  X:0005H         SYMBOL        resisterValue
  X:0009H         SYMBOL        outputVoltage
  X:000DH         SYMBOL        taskStatus
  X:000EH         SYMBOL        LEDShowStatus
  X:000FH         SYMBOL        keyState
  X:0010H         SYMBOL        keyFlag
  X:0011H         SYMBOL        timeMode
  X:0015H         SYMBOL        IO8255InitStuct
  X:001DH         SYMBOL        UARTInitStruct
BL51 BANKED LINKER/LOCATER V6.22                                                      12/15/2017  18:52:14  PAGE 8


  -------         ENDDO         
  C:0D76H         LINE#         793
  C:0D76H         LINE#         794
  C:0D76H         LINE#         797
  C:0D80H         LINE#         798
  C:0D85H         LINE#         800
  C:0D8DH         LINE#         801
  C:0D97H         LINE#         802
  C:0D9DH         LINE#         803
  C:0DA0H         LINE#         804
  C:0DA2H         LINE#         805
  C:0DA4H         LINE#         808
  C:0DB6H         LINE#         811
  C:0DC9H         LINE#         814
  C:0DDCH         LINE#         817
  C:0DE4H         LINE#         832
  C:0DEDH         LINE#         835
  C:0DF2H         LINE#         836
  C:0DF5H         LINE#         837
  C:0DF8H         LINE#         838
  C:0DFAH         LINE#         841
  C:0E1DH         LINE#         852
  C:0E2DH         LINE#         853
  C:0E34H         LINE#         854
  C:0E45H         LINE#         855
  C:0E4CH         LINE#         856
  C:0E5AH         LINE#         857
  C:0E61H         LINE#         858
  C:0E71H         LINE#         859
  C:0E78H         LINE#         860
  C:0E88H         LINE#         861
  C:0E8FH         LINE#         864
  C:0E92H         LINE#         868
  C:0E9DH         LINE#         869
  C:0EA2H         LINE#         871
  C:0EA4H         LINE#         875
  C:0EABH         LINE#         876
  C:0EB2H         LINE#         879
  C:0EB2H         LINE#         880
  C:0EB2H         LINE#         881
  C:0EB8H         LINE#         884
  C:0EC0H         LINE#         886
  C:0EC3H         LINE#         887
  C:0EC3H         LINE#         888
  C:0EC6H         LINE#         889
  C:0EC6H         LINE#         890
  C:0ED4H         LINE#         891
  C:0ED4H         LINE#         892
  C:0ED8H         LINE#         893
  C:0ED8H         LINE#         894
  C:0EDEH         LINE#         895
  C:0EDEH         LINE#         896
  C:0EE0H         LINE#         897
  C:0EE2H         LINE#         899
  C:0EE2H         LINE#         900
  C:0EE8H         LINE#         901
  C:0EE8H         LINE#         902
BL51 BANKED LINKER/LOCATER V6.22                                                      12/15/2017  18:52:14  PAGE 9


  C:0EE8H         LINE#         903
  C:0EEEH         LINE#         904
  C:0EEEH         LINE#         906
  C:0EF9H         LINE#         908
  C:0F1BH         LINE#         912
  C:0F45H         LINE#         914
  C:0F64H         LINE#         916
  C:0F8DH         LINE#         918
  C:0FBFH         LINE#         920
  C:0FE6H         LINE#         922
  C:0FF3H         LINE#         923
  C:0FF3H         LINE#         924
  C:0FF3H         LINE#         925
  C:1004H         LINE#         926
  C:100BH         LINE#         927
  C:100EH         LINE#         928
  C:100EH         LINE#         929
  C:1040H         LINE#         930
  C:1047H         LINE#         931
  -------         ENDPROC       MAIN
  -------         ENDMOD        MAIN

  -------         MODULE        HD7279
  C:0000H         SYMBOL        _ICE_DUMMY_
  D:0080H         PUBLIC        P0
  D:0090H         PUBLIC        P1
  D:00A0H         PUBLIC        P2
  D:00B0H         PUBLIC        P3
  D:00C0H         PUBLIC        P4
  D:00C8H         PUBLIC        P5
  D:00E8H         PUBLIC        P6
  D:00F8H         PUBLIC        P7
  C:1C93H         PUBLIC        _HD7279SendByte
  D:00A8H         PUBLIC        IE
  D:00B8H         PUBLIC        IP
  X:0038H         PUBLIC        realCode
  D:00D8H         PUBLIC        CCON
  C:23D9H         PUBLIC        _LedWrite
  C:1225H         PUBLIC        _LEDShowInt
  C:243CH         PUBLIC        KeyRead
  D:0098H         PUBLIC        SCON
  D:0088H         PUBLIC        TCON
  B:0090H.4       PUBLIC        dat
  B:0090H.3       PUBLIC        clk
  C:217BH         SYMBOL        _?ix1000
  C:2183H         SYMBOL        _?ix1001
  C:218BH         SYMBOL        _?ix1002
  C:2193H         SYMBOL        _?ix1003
  C:1D28H         PUBLIC        HD7279ReceiveByte
  B:0090H.2       PUBLIC        cs
  C:104AH         PUBLIC        _LEDShowFloat
  D:00D0H         PUBLIC        PSW
  -------         PROC          _HD7279SENDBYTE
  D:0027H         SYMBOL        sendData
  -------         DO            
  X:0034H         SYMBOL        sendCounter
  -------         ENDDO         
BL51 BANKED LINKER/LOCATER V6.22                                                      12/15/2017  18:52:14  PAGE 10


  C:1C93H         LINE#         11
  C:1C95H         LINE#         12
  C:1C95H         LINE#         14
  C:1C9AH         LINE#         15
  C:1C9CH         LINE#         16
  C:1CA2H         LINE#         18
  C:1CA7H         LINE#         19
  C:1CA7H         LINE#         20
  C:1CACH         LINE#         21
  C:1CACH         LINE#         22
  C:1CAEH         LINE#         23
  C:1CB0H         LINE#         25
  C:1CB0H         LINE#         26
  C:1CB2H         LINE#         27
  C:1CB2H         LINE#         28
  C:1CB4H         LINE#         29
  C:1CBBH         LINE#         30
  C:1CBDH         LINE#         31
  C:1CC4H         LINE#         32
  C:1CCAH         LINE#         33
  C:1CD6H         LINE#         34
  -------         ENDPROC       _HD7279SENDBYTE
  -------         PROC          HD7279RECEIVEBYTE
  -------         DO            
  X:0021H         SYMBOL        receiveCounter
  X:0022H         SYMBOL        receiveData
  -------         ENDDO         
  C:1D28H         LINE#         38
  C:1D28H         LINE#         39
  C:1D28H         LINE#         41
  C:1D2DH         LINE#         42
  C:1D2FH         LINE#         43
  C:1D31H         LINE#         44
  C:1D37H         LINE#         46
  C:1D3CH         LINE#         47
  C:1D3CH         LINE#         48
  C:1D3EH         LINE#         49
  C:1D45H         LINE#         50
  C:1D4CH         LINE#         51
  C:1D4FH         LINE#         52
  C:1D4FH         LINE#         53
  C:1D53H         LINE#         54
  C:1D53H         LINE#         56
  C:1D53H         LINE#         58
  C:1D53H         LINE#         59
  C:1D55H         LINE#         60
  C:1D5CH         LINE#         61
  C:1D68H         LINE#         62
  C:1D6AH         LINE#         63
  C:1D6FH         LINE#         64
  -------         ENDPROC       HD7279RECEIVEBYTE
  -------         PROC          L?0056
  -------         ENDPROC       L?0056
  -------         PROC          _LEDWRITE
  D:0007H         SYMBOL        cmd
  D:0026H         SYMBOL        dataSend
  C:23D9H         LINE#         67
BL51 BANKED LINKER/LOCATER V6.22                                                      12/15/2017  18:52:14  PAGE 11


  C:23DBH         LINE#         68
  C:23DBH         LINE#         69
  C:23DEH         LINE#         71
  -------         ENDPROC       _LEDWRITE
  -------         PROC          KEYREAD
  C:243CH         LINE#         75
  C:243CH         LINE#         76
  C:243CH         LINE#         77
  C:2441H         LINE#         79
  C:2444H         LINE#         80
  -------         ENDPROC       KEYREAD
  -------         PROC          _LEDSHOWINT
  D:0022H         SYMBOL        showData
  -------         DO            
  X:0021H         SYMBOL        LedData
  X:0029H         SYMBOL        i
  X:002AH         SYMBOL        tempBuff
  X:0032H         SYMBOL        dataLength
  -------         ENDDO         
  C:1225H         LINE#         83
  C:122DH         LINE#         84
  C:122DH         LINE#         85
  C:1240H         LINE#         86
  C:1245H         LINE#         87
  C:1257H         LINE#         88
  C:125CH         LINE#         90
  C:1288H         LINE#         91
  C:1288H         LINE#         94
  C:12A6H         LINE#         97
  C:12B5H         LINE#         98
  C:12B5H         LINE#         99
  C:12C2H         LINE#         100
  C:12C2H         LINE#         101
  C:12C8H         LINE#         102
  C:12C8H         LINE#         103
  C:12D0H         LINE#         106
  C:12E5H         LINE#         107
  C:12E5H         LINE#         108
  C:12F5H         LINE#         109
  C:12F5H         LINE#         110
  C:131FH         LINE#         111
  C:1335H         LINE#         112
  C:1337H         LINE#         114
  C:1337H         LINE#         115
  C:1360H         LINE#         116
  C:1360H         LINE#         117
  C:1369H         LINE#         120
  C:136EH         LINE#         121
  C:136EH         LINE#         122
  C:1387H         LINE#         123
  C:1394H         LINE#         124
  C:1394H         LINE#         126
  C:1394H         LINE#         127
  C:13A3H         LINE#         128
  C:13A3H         LINE#         129
  C:13A6H         LINE#         130
  C:13AEH         LINE#         131
BL51 BANKED LINKER/LOCATER V6.22                                                      12/15/2017  18:52:14  PAGE 12


  C:13AEH         LINE#         132
  -------         ENDPROC       _LEDSHOWINT
  -------         PROC          _LEDSHOWFLOAT
  D:0022H         SYMBOL        showData
  -------         DO            
  X:0021H         SYMBOL        LedData
  X:0029H         SYMBOL        i
  X:002AH         SYMBOL        tempBuff
  X:0032H         SYMBOL        dataLength
  X:0033H         SYMBOL        pointPos
  -------         ENDDO         
  C:104AH         LINE#         134
  C:1052H         LINE#         135
  C:1052H         LINE#         136
  C:1065H         LINE#         137
  C:106AH         LINE#         138
  C:107CH         LINE#         139
  C:1081H         LINE#         140
  C:1083H         LINE#         142
  C:10B5H         LINE#         143
  C:10B5H         LINE#         146
  C:10D3H         LINE#         149
  C:10E2H         LINE#         150
  C:10E2H         LINE#         151
  C:10EFH         LINE#         152
  C:10EFH         LINE#         153
  C:10F5H         LINE#         154
  C:10F5H         LINE#         155
  C:10FDH         LINE#         158
  C:1112H         LINE#         159
  C:1112H         LINE#         160
  C:1127H         LINE#         161
  C:1127H         LINE#         162
  C:115AH         LINE#         163
  C:1170H         LINE#         164
  C:1172H         LINE#         165
  C:1185H         LINE#         166
  C:1185H         LINE#         167
  C:11A7H         LINE#         168
  C:11A9H         LINE#         169
  C:11ADH         LINE#         170
  C:11ADH         LINE#         171
  C:11D6H         LINE#         172
  C:11D6H         LINE#         173
  C:11DFH         LINE#         176
  C:11E4H         LINE#         177
  C:11E4H         LINE#         178
  C:11FDH         LINE#         179
  C:120AH         LINE#         180
  C:120AH         LINE#         182
  C:120AH         LINE#         183
  C:1219H         LINE#         184
  C:1219H         LINE#         185
  C:121CH         LINE#         186
  C:1224H         LINE#         187
  C:1224H         LINE#         188
  -------         ENDPROC       _LEDSHOWFLOAT
BL51 BANKED LINKER/LOCATER V6.22                                                      12/15/2017  18:52:14  PAGE 13


  -------         ENDMOD        HD7279

  -------         MODULE        DELAY
  C:0000H         SYMBOL        _ICE_DUMMY_
  C:206AH         PUBLIC        _Delay10Us
  C:1B96H         PUBLIC        _DelayMs
  -------         PROC          _DELAYMS
  D:0006H         SYMBOL        timeMs
  -------         DO            
  X:0021H         SYMBOL        nMsCounter
  X:0023H         SYMBOL        msCounter
  X:0025H         SYMBOL        i
  -------         ENDDO         
  C:1B96H         LINE#         4
  C:1B96H         LINE#         5
  C:1B96H         LINE#         7
  C:1B9DH         LINE#         8
  C:1BA1H         LINE#         9
  C:1BA3H         LINE#         10
  C:1BB6H         LINE#         11
  C:1BB6H         LINE#         12
  C:1BBDH         LINE#         13
  C:1BBDH         LINE#         14
  C:1BC3H         LINE#         15
  C:1BDDH         LINE#         16
  C:1BEDH         LINE#         17
  -------         ENDPROC       _DELAYMS
  -------         PROC          _DELAY10US
  D:0006H         SYMBOL        timeUs
  -------         DO            
  X:0035H         SYMBOL        nUsCounter
  X:0037H         SYMBOL        usCounter
  -------         ENDDO         
  C:206AH         LINE#         20
  C:206AH         LINE#         21
  C:206AH         LINE#         23
  C:2071H         LINE#         24
  C:2073H         LINE#         25
  C:2086H         LINE#         26
  C:2086H         LINE#         27
  C:208BH         LINE#         28
  C:208BH         LINE#         30
  C:2095H         LINE#         31
  C:20A5H         LINE#         32
  -------         ENDPROC       _DELAY10US
  -------         ENDMOD        DELAY

  -------         MODULE        BASICIO
  C:0000H         SYMBOL        _ICE_DUMMY_
  X:FB00H         PUBLIC        chip245Adress
  X:FA00H         PUBLIC        chip374Adress
  -------         ENDMOD        BASICIO

  -------         MODULE        DECODE
  C:0000H         SYMBOL        _ICE_DUMMY_
  X:F800H         PUBLIC        decodeAdress1
  X:F900H         PUBLIC        decodeAdress2
BL51 BANKED LINKER/LOCATER V6.22                                                      12/15/2017  18:52:14  PAGE 14


  -------         ENDMOD        DECODE

  -------         MODULE        P1IO
  C:0000H         SYMBOL        _ICE_DUMMY_
  D:0080H         PUBLIC        P0
  D:0090H         PUBLIC        P1
  D:00A0H         PUBLIC        P2
  D:00B0H         PUBLIC        P3
  D:00C0H         PUBLIC        P4
  D:00C8H         PUBLIC        P5
  D:00E8H         PUBLIC        P6
  D:00F8H         PUBLIC        P7
  D:00A8H         PUBLIC        IE
  D:00B8H         PUBLIC        IP
  C:1EFCH         PUBLIC        _Flow
  D:00D8H         PUBLIC        CCON
  D:0098H         PUBLIC        SCON
  D:0088H         PUBLIC        TCON
  C:2357H         PUBLIC        ShowInput
  C:1DB5H         PUBLIC        _BlinkIn4
  D:00D0H         PUBLIC        PSW
  -------         PROC          _BLINKIN4
  D:004EH         SYMBOL        period
  -------         DO            
  X:0054H         SYMBOL        blinkTimeCounter
  -------         ENDDO         
  C:1DB5H         LINE#         6
  C:1DB9H         LINE#         7
  C:1DB9H         LINE#         10
  C:1DC7H         LINE#         11
  C:1DE6H         LINE#         13
  C:1DF1H         LINE#         14
  C:1DF1H         LINE#         15
  C:1DF4H         LINE#         16
  C:1DF5H         LINE#         18
  C:1DF5H         LINE#         19
  C:1DF8H         LINE#         20
  C:1DF8H         LINE#         21
  -------         ENDPROC       _BLINKIN4
  -------         PROC          _FLOW
  D:0004H         SYMBOL        flowPeriod
  -------         DO            
  X:0056H         SYMBOL        flowCounter
  X:0058H         SYMBOL        flowState
  -------         ENDDO         
  C:1EFCH         LINE#         24
  C:1F00H         LINE#         25
  C:1F00H         LINE#         29
  C:1F0EH         LINE#         30
  C:1F1EH         LINE#         33
  C:1F24H         LINE#         35
  C:1F28H         LINE#         36
  C:1F28H         LINE#         37
  C:1F2DH         LINE#         38
  C:1F2DH         LINE#         39
  C:1F31H         LINE#         40
  C:1F32H         LINE#         42
BL51 BANKED LINKER/LOCATER V6.22                                                      12/15/2017  18:52:14  PAGE 15


  C:1F32H         LINE#         43
  C:1F38H         LINE#         44
  C:1F38H         LINE#         45
  C:1F38H         LINE#         47
  -------         ENDPROC       _FLOW
  -------         PROC          SHOWINPUT
  -------         DO            
  X:0061H         SYMBOL        p1Input
  -------         ENDDO         
  C:2357H         LINE#         50
  C:2357H         LINE#         51
  C:2357H         LINE#         52
  C:235CH         LINE#         55
  C:235FH         LINE#         57
  C:2364H         LINE#         59
  C:2369H         LINE#         60
  C:236CH         LINE#         62
  -------         ENDPROC       SHOWINPUT
  -------         ENDMOD        P1IO

  -------         MODULE        DATAMEMORY
  C:0000H         SYMBOL        _ICE_DUMMY_
  D:0080H         PUBLIC        P0
  D:0090H         PUBLIC        P1
  D:00A0H         PUBLIC        P2
  D:00B0H         PUBLIC        P3
  D:00C0H         PUBLIC        P4
  D:00C8H         PUBLIC        P5
  D:00E8H         PUBLIC        P6
  D:00F8H         PUBLIC        P7
  D:00A8H         PUBLIC        IE
  D:00B8H         PUBLIC        IP
  D:00D8H         PUBLIC        CCON
  D:0098H         PUBLIC        SCON
  D:0088H         PUBLIC        TCON
  D:00D0H         PUBLIC        PSW
  -------         ENDMOD        DATAMEMORY

  -------         MODULE        TIMER
  C:0000H         SYMBOL        _ICE_DUMMY_
  D:0080H         PUBLIC        P0
  D:0090H         PUBLIC        P1
  D:00A0H         PUBLIC        P2
  D:00B0H         PUBLIC        P3
  D:00C0H         PUBLIC        P4
  D:00C8H         PUBLIC        P5
  B:00A8H.7       PUBLIC        EA
  D:00E8H         PUBLIC        P6
  D:00F8H         PUBLIC        P7
  D:00A8H         PUBLIC        IE
  B:00A8H.1       PUBLIC        ETx
  C:0026H         PUBLIC        _TimerOverFlowItInit
  D:00B8H         PUBLIC        IP
  C:219BH         PUBLIC        _TimerCmd
  D:00D8H         PUBLIC        CCON
  C:0016H         PUBLIC        _TimerClearOverFlowFlag
  C:1BEEH         PUBLIC        _TimeInit
BL51 BANKED LINKER/LOCATER V6.22                                                      12/15/2017  18:52:14  PAGE 16


  C:1ADDH         PUBLIC        _TimeModeInit
  D:0098H         PUBLIC        SCON
  D:0089H         PUBLIC        TMOD
  D:0088H         PUBLIC        TCON
  C:198BH         PUBLIC        _TimeReloadNumInit
  B:0088H.5       PUBLIC        TF0
  B:0088H.7       PUBLIC        TF1
  D:008CH         PUBLIC        TH0
  D:008DH         PUBLIC        TH1
  D:008AH         PUBLIC        TL0
  D:008BH         PUBLIC        TL1
  D:00D0H         PUBLIC        PSW
  C:2278H         PUBLIC        _TimerGetOverFlowITFlag
  -------         PROC          _TIMERCMD
  D:0007H         SYMBOL        TIMx
  D:0005H         SYMBOL        newState
  C:219BH         LINE#         5
  C:219BH         LINE#         6
  C:219BH         LINE#         8
  C:219EH         LINE#         9
  C:219EH         LINE#         10
  C:21AFH         LINE#         11
  C:21B0H         LINE#         13
  C:21B0H         LINE#         14
  C:21C2H         LINE#         15
  C:21C2H         LINE#         17
  -------         ENDPROC       _TIMERCMD
  -------         PROC          _TIMERGETOVERFLOWITFLAG
  D:0007H         SYMBOL        TIMx
  -------         DO            
  X:0062H         SYMBOL        tempItFlag
  -------         ENDDO         
  C:2278H         LINE#         20
  C:2278H         LINE#         21
  C:2278H         LINE#         22
  C:227DH         LINE#         24
  C:2280H         LINE#         25
  C:2280H         LINE#         26
  C:2284H         LINE#         27
  C:2286H         LINE#         28
  C:2289H         LINE#         29
  C:2289H         LINE#         30
  C:2291H         LINE#         31
  C:2291H         LINE#         32
  C:2296H         LINE#         33
  -------         ENDPROC       _TIMERGETOVERFLOWITFLAG
  -------         PROC          _TIMERCLEAROVERFLOWFLAG
  D:0007H         SYMBOL        TIMx
  C:0016H         LINE#         36
  C:0016H         LINE#         37
  C:0016H         LINE#         39
  C:0019H         LINE#         40
  C:0019H         LINE#         41
  C:001BH         LINE#         42
  C:001CH         LINE#         43
  C:001FH         LINE#         44
  C:001FH         LINE#         45
BL51 BANKED LINKER/LOCATER V6.22                                                      12/15/2017  18:52:14  PAGE 17


  C:0021H         LINE#         46
  C:0021H         LINE#         47
  -------         ENDPROC       _TIMERCLEAROVERFLOWFLAG
  -------         PROC          _TIMEMODEINIT
  D:0007H         SYMBOL        TIMx
  D:002EH         SYMBOL        timeMode
  -------         DO            
  X:0021H         SYMBOL        tempCrl
  -------         ENDDO         
  C:1ADDH         LINE#         50
  C:1ADDH         LINE#         51
  C:1ADDH         LINE#         52
  C:1AE2H         LINE#         56
  C:1AF8H         LINE#         58
  C:1B0EH         LINE#         60
  C:1B2CH         LINE#         62
  C:1B3CH         LINE#         63
  -------         ENDPROC       _TIMEMODEINIT
  -------         PROC          _TIMERELOADNUMINIT
  D:002DH         SYMBOL        TIMx
  D:0005H         SYMBOL        timerMode
  D:002FH         SYMBOL        timerPeriod
  D:0033H         SYMBOL        mechinePeriod
  -------         DO            
  X:0021H         SYMBOL        bitNum
  X:0023H         SYMBOL        reloadNum
  -------         ENDDO         
  C:198BH         LINE#         66
  C:198DH         LINE#         67
  C:198DH         LINE#         68
  C:1994H         LINE#         69
  C:1998H         LINE#         72
  C:199EH         LINE#         73
  C:199EH         LINE#         74
  C:19A6H         LINE#         75
  C:19A8H         LINE#         77
  C:19A8H         LINE#         78
  C:19B1H         LINE#         79
  C:19B1H         LINE#         82
  C:19DAH         LINE#         86
  C:19DEH         LINE#         87
  C:19DEH         LINE#         88
  C:19E7H         LINE#         89
  C:19EAH         LINE#         90
  C:19EBH         LINE#         91
  C:19F0H         LINE#         92
  C:19F0H         LINE#         93
  C:19F9H         LINE#         94
  C:19FCH         LINE#         95
  C:19FCH         LINE#         97
  -------         ENDPROC       _TIMERELOADNUMINIT
  -------         PROC          _TIMEINIT
  D:0022H         SYMBOL        TIMx
  D:0023H         SYMBOL        timeMode
  D:0027H         SYMBOL        timerPeriod
  D:002BH         SYMBOL        mechinePeriod
  C:1BEEH         LINE#         100
BL51 BANKED LINKER/LOCATER V6.22                                                      12/15/2017  18:52:14  PAGE 18


  C:1BF0H         LINE#         101
  C:1BF0H         LINE#         104
  C:1C08H         LINE#         107
  C:1C21H         LINE#         108
  C:1C26H         LINE#         109
  C:1C26H         LINE#         110
  C:1C2AH         LINE#         111
  C:1C2AH         LINE#         112
  C:1C2CH         LINE#         113
  C:1C2EH         LINE#         114
  C:1C30H         LINE#         115
  C:1C35H         LINE#         116
  C:1C35H         LINE#         117
  C:1C38H         LINE#         118
  C:1C3AH         LINE#         119
  C:1C3AH         LINE#         120
  C:1C3AH         LINE#         123
  -------         ENDPROC       _TIMEINIT
  -------         PROC          _TIMEROVERFLOWITINIT
  D:0007H         SYMBOL        TIMx
  D:0005H         SYMBOL        newState
  C:0026H         LINE#         129
  C:0026H         LINE#         130
  C:0026H         LINE#         132
  C:0029H         LINE#         133
  C:0029H         LINE#         134
  C:002BH         LINE#         135
  C:002BH         LINE#         136
  C:0035H         LINE#         137
  C:003AH         LINE#         138
  -------         ENDPROC       _TIMEROVERFLOWITINIT
  -------         ENDMOD        TIMER

  -------         MODULE        89C51_IT
  C:0000H         SYMBOL        _ICE_DUMMY_
  D:0080H         PUBLIC        P0
  D:0090H         PUBLIC        P1
  D:00A0H         PUBLIC        P2
  D:00B0H         PUBLIC        P3
  D:00C0H         PUBLIC        P4
  D:00C8H         PUBLIC        P5
  D:00E8H         PUBLIC        P6
  D:00F8H         PUBLIC        P7
  B:00D8H.7       PUBLIC        CF
  D:00A8H         PUBLIC        IE
  C:2431H         PUBLIC        PCA_ITHandler
  D:00B8H         PUBLIC        IP
  C:23E3H         PUBLIC        interint0
  D:00D8H         PUBLIC        CCON
  C:1B3DH         PUBLIC        UART1_ITHandler
  C:17EAH         PUBLIC        ExIT1_Handler
  D:0098H         PUBLIC        SCON
  D:0088H         PUBLIC        TCON
  D:008CH         PUBLIC        TH0
  B:0088H.0       PUBLIC        IT0
  B:00A8H.0       PUBLIC        EX0
  B:0088H.2       PUBLIC        IT1
BL51 BANKED LINKER/LOCATER V6.22                                                      12/15/2017  18:52:14  PAGE 19


  B:00A8H.2       PUBLIC        EX1
  D:008AH         PUBLIC        TL0
  C:1F39H         PUBLIC        time0
  D:00D0H         PUBLIC        PSW
  C:23C0H         PUBLIC        _ExternalITCmd
  B:00D8H.0       PUBLIC        CCF0
  C:22D5H         PUBLIC        _ExternalITInit
  -------         PROC          _EXTERNALITCMD
  D:0007H         SYMBOL        exITx
  D:0005H         SYMBOL        newState
  C:23C0H         LINE#         11
  C:23C0H         LINE#         12
  C:23C0H         LINE#         13
  C:23C3H         LINE#         14
  C:23C3H         LINE#         15
  C:23C8H         LINE#         16
  C:23C9H         LINE#         17
  C:23CCH         LINE#         18
  C:23CCH         LINE#         19
  C:23D1H         LINE#         20
  C:23D1H         LINE#         21
  -------         ENDPROC       _EXTERNALITCMD
  -------         PROC          _EXTERNALITINIT
  D:0007H         SYMBOL        exITx
  D:0005H         SYMBOL        triggerMode
  C:22D5H         LINE#         23
  C:22D5H         LINE#         24
  C:22D5H         LINE#         25
  C:22D8H         LINE#         26
  C:22D8H         LINE#         27
  C:22DDH         LINE#         28
  C:22E1H         LINE#         29
  C:22E3H         LINE#         30
  C:22E6H         LINE#         31
  C:22E6H         LINE#         32
  C:22EBH         LINE#         33
  C:22F2H         LINE#         34
  C:22F2H         LINE#         35
  -------         ENDPROC       _EXTERNALITINIT
  -------         PROC          INTERINT0
  C:23E3H         LINE#         38
  C:23E5H         LINE#         40
  C:23E9H         LINE#         41
  C:23E9H         LINE#         42
  C:23ECH         LINE#         43
  C:23EEH         LINE#         45
  C:23EEH         LINE#         46
  C:23F1H         LINE#         47
  C:23F1H         LINE#         48
  -------         ENDPROC       INTERINT0
  -------         PROC          EXIT1_HANDLER
  -------         DO            
  X:0063H         SYMBOL        periodCounter
  -------         ENDDO         
  C:17EAH         LINE#         51
  C:1807H         LINE#         56
  C:180DH         LINE#         57
BL51 BANKED LINKER/LOCATER V6.22                                                      12/15/2017  18:52:14  PAGE 20


  C:1810H         LINE#         58
  C:1810H         LINE#         59
  C:1813H         LINE#         60
  C:1819H         LINE#         61
  C:1823H         LINE#         62
  C:182EH         LINE#         63
  C:1831H         LINE#         64
  C:1834H         LINE#         65
  C:183BH         LINE#         67
  C:1868H         LINE#         68
  C:186EH         LINE#         69
  C:186EH         LINE#         72
  -------         ENDPROC       EXIT1_HANDLER
  -------         PROC          TIME0
  C:1F39H         LINE#         74
  C:1F56H         LINE#         76
  C:1F5BH         LINE#         83
  -------         ENDPROC       TIME0
  -------         PROC          UART1_ITHANDLER
  C:1B3DH         LINE#         87
  C:1B5AH         LINE#         89
  C:1B64H         LINE#         90
  C:1B64H         LINE#         91
  C:1B6BH         LINE#         92
  C:1B72H         LINE#         93
  C:1B74H         LINE#         94
  C:1B7BH         LINE#         95
  C:1B7BH         LINE#         97
  C:1B7BH         LINE#         98
  -------         ENDPROC       UART1_ITHANDLER
  -------         PROC          PCA_ITHANDLER
  C:2431H         LINE#         100
  C:2431H         LINE#         102
  C:2434H         LINE#         103
  C:2434H         LINE#         104
  C:2436H         LINE#         106
  C:2436H         LINE#         107
  C:2439H         LINE#         108
  C:2439H         LINE#         109
  C:243BH         LINE#         110
  C:243BH         LINE#         113
  -------         ENDPROC       PCA_ITHANDLER
  -------         ENDMOD        89C51_IT

  -------         MODULE        USART
  C:0000H         SYMBOL        _ICE_DUMMY_
  D:0080H         PUBLIC        P0
  D:0090H         PUBLIC        P1
  D:00A0H         PUBLIC        P2
  C:162CH         PUBLIC        _UARTBaudrateInit
  D:00B0H         PUBLIC        P3
  D:00C0H         PUBLIC        P4
  D:00C8H         PUBLIC        P5
  B:00A8H.7       PUBLIC        EA
  D:00E8H         PUBLIC        P6
  D:00F8H         PUBLIC        P7
  D:00A8H         PUBLIC        IE
BL51 BANKED LINKER/LOCATER V6.22                                                      12/15/2017  18:52:14  PAGE 21


  B:00A8H.4       PUBLIC        ES
  D:00B8H         PUBLIC        IP
  C:2414H         PUBLIC        _UARTRecieveByte
  C:236DH         PUBLIC        _UARTRxCmd
  B:00B8H.4       PUBLIC        PS
  D:00D8H         PUBLIC        CCON
  C:2404H         PUBLIC        _UARTClearFlagStatus
  D:0099H         PUBLIC        SBUF
  D:0087H         PUBLIC        PCON
  D:0098H         PUBLIC        SCON
  D:0088H         PUBLIC        TCON
  C:2329H         PUBLIC        _UARTITConfig
  D:00AFH         PUBLIC        IE2
  D:008EH         PUBLIC        AUXR
  C:244EH         SYMBOL        _?ix1000
  C:2452H         SYMBOL        _?ix1001
  D:00B5H         PUBLIC        IP2
  C:220EH         PUBLIC        _UARTInit
  C:21EAH         PUBLIC        _UARTModeInit
  B:0098H.4       PUBLIC        RENx
  C:22B6H         PUBLIC        _UARTSendByte
  D:009BH         PUBLIC        S2BUF
  C:2297H         PUBLIC        _UARTGetFlagStatus
  D:009AH         PUBLIC        S2CON
  D:00D0H         PUBLIC        PSW
  -------         PROC          _UARTMODEINIT
  D:0007H         SYMBOL        UARTx
  D:0005H         SYMBOL        UARTMode
  C:21EAH         LINE#         7
  C:21EAH         LINE#         8
  C:21EAH         LINE#         9
  C:21EDH         LINE#         10
  C:21EDH         LINE#         11
  C:21FBH         LINE#         12
  C:21FCH         LINE#         13
  C:21FFH         LINE#         14
  C:21FFH         LINE#         15
  C:220DH         LINE#         16
  C:220DH         LINE#         17
  -------         ENDPROC       _UARTMODEINIT
  -------         PROC          _UARTBAUDRATEINIT
  D:0008H         SYMBOL        UARTx
  D:0005H         SYMBOL        UARTMode
  D:0003H         SYMBOL        isBaudrateDouble
  D:000BH         SYMBOL        baudRate
  -------         DO            
  D:000DH         SYMBOL        timeMode
  D:000DH         SYMBOL        timeMode
  -------         ENDDO         
  -------         DO            
  D:000DH         SYMBOL        timeMode
  -------         ENDDO         
  C:162CH         LINE#         19
  C:162EH         LINE#         20
  C:162EH         LINE#         21
  C:1632H         LINE#         22
  C:1632H         LINE#         23
BL51 BANKED LINKER/LOCATER V6.22                                                      12/15/2017  18:52:14  PAGE 22


  C:1641H         LINE#         24
  C:1641H         LINE#         25
  C:1641H         LINE#         26
  C:1641H         LINE#         28
  C:1641H         LINE#         29
  C:164DH         LINE#         30
  C:164DH         LINE#         31
  C:164DH         LINE#         32
  C:164DH         LINE#         33
  C:164DH         LINE#         34
  C:1651H         LINE#         35
  C:1651H         LINE#         37
  C:1662H         LINE#         40
  C:1665H         LINE#         41
  C:1667H         LINE#         42
  C:1669H         LINE#         43
  C:166BH         LINE#         45
  C:16AFH         LINE#         47
  C:16B2H         LINE#         48
  C:16B3H         LINE#         49
  C:16B7H         LINE#         50
  C:16B7H         LINE#         52
  C:16B7H         LINE#         53
  C:16B8H         LINE#         54
  C:16B8H         LINE#         56
  C:16B8H         LINE#         57
  C:16B8H         LINE#         58
  C:16BCH         LINE#         59
  C:16BCH         LINE#         61
  C:16CDH         LINE#         64
  C:16D0H         LINE#         65
  C:16D2H         LINE#         66
  C:16D4H         LINE#         67
  C:16D6H         LINE#         69
  C:171AH         LINE#         71
  C:171DH         LINE#         72
  C:171DH         LINE#         73
  C:171DH         LINE#         74
  C:171DH         LINE#         76
  C:171DH         LINE#         77
  C:171DH         LINE#         78
  C:171DH         LINE#         79
  C:171DH         LINE#         80
  C:171DH         LINE#         81
  -------         ENDPROC       _UARTBAUDRATEINIT
  -------         PROC          _UARTRXCMD
  D:0007H         SYMBOL        UARTx
  D:0005H         SYMBOL        newState
  C:236DH         LINE#         84
  C:236DH         LINE#         85
  C:236DH         LINE#         86
  C:2370H         LINE#         87
  C:2370H         LINE#         88
  C:2370H         LINE#         89
  C:2372H         LINE#         90
  C:2375H         LINE#         91
  C:2375H         LINE#         92
BL51 BANKED LINKER/LOCATER V6.22                                                      12/15/2017  18:52:14  PAGE 23


  C:237DH         LINE#         93
  C:2382H         LINE#         94
  C:2382H         LINE#         95
  -------         ENDPROC       _UARTRXCMD
  -------         PROC          _UARTGETFLAGSTATUS
  D:0007H         SYMBOL        UARTx
  D:0005H         SYMBOL        UARTFlag
  C:2297H         LINE#         97
  C:2297H         LINE#         98
  C:2297H         LINE#         99
  C:229AH         LINE#         100
  C:229AH         LINE#         101
  C:229FH         LINE#         102
  C:229FH         LINE#         103
  C:22A2H         LINE#         104
  C:22A2H         LINE#         106
  C:22A2H         LINE#         107
  C:22A5H         LINE#         108
  C:22A5H         LINE#         109
  C:22A5H         LINE#         110
  C:22A8H         LINE#         111
  C:22A8H         LINE#         112
  C:22ADH         LINE#         113
  C:22ADH         LINE#         114
  C:22B0H         LINE#         115
  C:22B0H         LINE#         117
  C:22B0H         LINE#         118
  C:22B3H         LINE#         119
  C:22B3H         LINE#         120
  C:22B3H         LINE#         122
  C:22B3H         LINE#         123
  C:22B5H         LINE#         124
  C:22B5H         LINE#         125
  -------         ENDPROC       _UARTGETFLAGSTATUS
  -------         PROC          _UARTCLEARFLAGSTATUS
  D:0007H         SYMBOL        UARTx
  D:0005H         SYMBOL        UARTFlag
  C:2404H         LINE#         127
  C:2404H         LINE#         128
  C:2404H         LINE#         129
  C:2407H         LINE#         130
  C:2407H         LINE#         131
  C:240BH         LINE#         132
  C:240CH         LINE#         133
  C:240FH         LINE#         134
  C:240FH         LINE#         135
  C:2413H         LINE#         136
  C:2413H         LINE#         137
  -------         ENDPROC       _UARTCLEARFLAGSTATUS
  -------         PROC          _UARTSENDBYTE
  D:0006H         SYMBOL        UARTx
  D:0005H         SYMBOL        sendData
  C:22B6H         LINE#         139
  C:22B8H         LINE#         140
  C:22B8H         LINE#         141
  C:22BBH         LINE#         142
  C:22BBH         LINE#         143
BL51 BANKED LINKER/LOCATER V6.22                                                      12/15/2017  18:52:14  PAGE 24


  C:22BDH         LINE#         144
  C:22BFH         LINE#         145
  C:22C2H         LINE#         146
  C:22C2H         LINE#         147
  C:22C4H         LINE#         149
  C:22C4H         LINE#         150
  C:22CEH         LINE#         151
  -------         ENDPROC       _UARTSENDBYTE
  -------         PROC          _UARTRECIEVEBYTE
  D:0007H         SYMBOL        UARTx
  C:2414H         LINE#         154
  C:2414H         LINE#         155
  C:2414H         LINE#         156
  C:2417H         LINE#         157
  C:2417H         LINE#         158
  C:241AH         LINE#         159
  C:241AH         LINE#         160
  C:241DH         LINE#         161
  C:241DH         LINE#         162
  C:2420H         LINE#         163
  C:2420H         LINE#         165
  C:2420H         LINE#         166
  C:2422H         LINE#         167
  C:2422H         LINE#         168
  -------         ENDPROC       _UARTRECIEVEBYTE
  -------         PROC          _UARTINIT
  D:0019H         SYMBOL        UARTx
  D:001AH         SYMBOL        UARTMode
  D:001EH         SYMBOL        baudRate
  C:220EH         LINE#         170
  C:2210H         LINE#         171
  C:2210H         LINE#         172
  C:2215H         LINE#         174
  C:2224H         LINE#         176
  C:222BH         LINE#         178
  -------         ENDPROC       _UARTINIT
  -------         PROC          _UARTITCONFIG
  D:0007H         SYMBOL        UARTx
  D:0005H         SYMBOL        UARTPriority
  C:2329H         LINE#         182
  C:2329H         LINE#         183
  C:2329H         LINE#         184
  C:232BH         LINE#         185
  C:232EH         LINE#         186
  C:232EH         LINE#         188
  C:2330H         LINE#         189
  C:2335H         LINE#         190
  C:2336H         LINE#         191
  C:2339H         LINE#         192
  C:2339H         LINE#         193
  C:233CH         LINE#         194
  C:233FH         LINE#         195
  C:233FH         LINE#         196
  -------         ENDPROC       _UARTITCONFIG
  -------         ENDMOD        USART

  -------         MODULE        8255
BL51 BANKED LINKER/LOCATER V6.22                                                      12/15/2017  18:52:14  PAGE 25


  C:0000H         SYMBOL        _ICE_DUMMY_
  C:20A6H         PUBLIC        IO8255Init
  C:1A6FH         PUBLIC        _IO8255ReadBit
  X:F803H         PUBLIC        IO8255PortCtl
  C:19FDH         PUBLIC        _IO8255SetBit
  X:F800H         PUBLIC        IO8255PortA
  X:F801H         PUBLIC        IO8255PortB
  X:F802H         PUBLIC        IO8255PortC
  -------         PROC          IO8255INIT
  D:0011H         SYMBOL        IO8255InitStuction
  -------         DO            
  X:0064H         SYMBOL        initData
  -------         ENDDO         
  C:20A6H         LINE#         8
  C:20A6H         LINE#         9
  C:20A6H         LINE#         10
  C:20ACH         LINE#         12
  C:20B6H         LINE#         13
  C:20BEH         LINE#         15
  C:20C7H         LINE#         16
  C:20CEH         LINE#         18
  C:20D7H         LINE#         20
  C:20DAH         LINE#         22
  C:20DEH         LINE#         24
  -------         ENDPROC       IO8255INIT
  -------         PROC          _IO8255SETBIT
  D:0007H         SYMBOL        IOPort
  D:0005H         SYMBOL        IOBit
  D:0003H         SYMBOL        state
  C:19FDH         LINE#         26
  C:19FDH         LINE#         27
  C:19FDH         LINE#         28
  C:1A00H         LINE#         29
  C:1A00H         LINE#         30
  C:1A0BH         LINE#         31
  C:1A0BH         LINE#         32
  C:1A0BH         LINE#         33
  C:1A1AH         LINE#         34
  C:1A1CH         LINE#         35
  C:1A1CH         LINE#         36
  C:1A2EH         LINE#         37
  C:1A2FH         LINE#         38
  C:1A2FH         LINE#         39
  C:1A34H         LINE#         40
  C:1A36H         LINE#         41
  C:1A36H         LINE#         42
  C:1A36H         LINE#         43
  C:1A36H         LINE#         44
  C:1A36H         LINE#         46
  C:1A36H         LINE#         47
  C:1A41H         LINE#         48
  C:1A41H         LINE#         49
  C:1A41H         LINE#         50
  C:1A51H         LINE#         51
  C:1A53H         LINE#         52
  C:1A53H         LINE#         53
  C:1A66H         LINE#         54
BL51 BANKED LINKER/LOCATER V6.22                                                      12/15/2017  18:52:14  PAGE 26


  C:1A67H         LINE#         55
  C:1A67H         LINE#         56
  C:1A6EH         LINE#         57
  C:1A6EH         LINE#         58
  C:1A6EH         LINE#         59
  C:1A6EH         LINE#         60
  C:1A6EH         LINE#         61
  C:1A6EH         LINE#         62
  -------         ENDPROC       _IO8255SETBIT
  -------         PROC          _IO8255READBIT
  D:0007H         SYMBOL        IOPort
  D:0005H         SYMBOL        IOBit
  C:1A6FH         LINE#         65
  C:1A6FH         LINE#         66
  C:1A6FH         LINE#         67
  C:1A7AH         LINE#         68
  C:1A7AH         LINE#         69
  C:1A7AH         LINE#         70
  C:1A9AH         LINE#         71
  C:1A9AH         LINE#         72
  C:1A9AH         LINE#         73
  C:1ABAH         LINE#         74
  C:1ABAH         LINE#         75
  C:1ABAH         LINE#         76
  C:1ADCH         LINE#         77
  C:1ADCH         LINE#         78
  C:1ADCH         LINE#         79
  C:1ADCH         LINE#         80
  C:1ADCH         LINE#         81
  -------         ENDPROC       _IO8255READBIT
  -------         ENDMOD        8255

  -------         MODULE        8254
  C:0000H         SYMBOL        _ICE_DUMMY_
  D:0080H         PUBLIC        P0
  D:0090H         PUBLIC        P1
  D:00A0H         PUBLIC        P2
  D:00B0H         PUBLIC        P3
  C:1FB3H         PUBLIC        _Timer8254SquareWaveModeInit
  D:00C0H         PUBLIC        P4
  D:00C8H         PUBLIC        P5
  D:00E8H         PUBLIC        P6
  D:00F8H         PUBLIC        P7
  D:00A8H         PUBLIC        IE
  D:00B8H         PUBLIC        IP
  C:202DH         PUBLIC        _Timer8254HardwareStrobeModeInit
  C:1F76H         PUBLIC        _Timer8254PrescalerModeInit
  X:F903H         PUBLIC        timer8254Ctr
  D:00D8H         PUBLIC        CCON
  X:F900H         PUBLIC        timer8254Timer0Base
  X:F901H         PUBLIC        timer8254Timer1Base
  X:F902H         PUBLIC        timer8254Timer2Base
  D:0098H         PUBLIC        SCON
  D:0088H         PUBLIC        TCON
  C:1FF0H         PUBLIC        _Timer8254SoftwareStrobeModeInit
  C:2383H         PUBLIC        _Timer8254StartTrigger
  C:20DFH         PUBLIC        _Timer8254TriggerModeInit
BL51 BANKED LINKER/LOCATER V6.22                                                      12/15/2017  18:52:14  PAGE 27


  C:1EBDH         PUBLIC        _Timer8254CounterModeInit
  C:1E3DH         PUBLIC        _Timer8254GetCounter
  C:2398H         PUBLIC        _Timer8254StartHardStrobe
  C:2423H         PUBLIC        _Timer8254Cmd
  D:00D0H         PUBLIC        PSW
  -------         PROC          _TIMER8254CMD
  D:0007H         SYMBOL        timerx
  D:0022H         SYMBOL        newState
  C:2423H         LINE#         8
  C:2425H         LINE#         9
  C:2425H         LINE#         10
  C:2430H         LINE#         11
  C:2430H         LINE#         12
  C:2430H         LINE#         13
  C:2430H         LINE#         14
  C:2430H         LINE#         16
  C:2430H         LINE#         18
  C:2430H         LINE#         20
  C:2430H         LINE#         21
  C:2430H         LINE#         22
  C:2430H         LINE#         23
  C:2430H         LINE#         24
  C:2430H         LINE#         26
  C:2430H         LINE#         28
  C:2430H         LINE#         30
  C:2430H         LINE#         31
  C:2430H         LINE#         32
  C:2430H         LINE#         33
  C:2430H         LINE#         34
  C:2430H         LINE#         36
  C:2430H         LINE#         38
  C:2430H         LINE#         40
  C:2430H         LINE#         41
  C:2430H         LINE#         42
  C:2430H         LINE#         43
  C:2430H         LINE#         44
  C:2430H         LINE#         45
  -------         ENDPROC       _TIMER8254CMD
  -------         PROC          _TIMER8254COUNTERMODEINIT
  D:0003H         SYMBOL        timerx
  D:0004H         SYMBOL        setCounter
  -------         DO            
  X:0065H         SYMBOL        initData
  -------         ENDDO         
  C:1EBDH         LINE#         47
  C:1EBFH         LINE#         48
  C:1EBFH         LINE#         49
  C:1EC4H         LINE#         51
  C:1ECBH         LINE#         53
  C:1ECEH         LINE#         55
  C:1ED2H         LINE#         57
  C:1ED7H         LINE#         59
  C:1EE2H         LINE#         60
  C:1EE2H         LINE#         61
  C:1EE2H         LINE#         62
  C:1EE6H         LINE#         63
  C:1EE6H         LINE#         64
BL51 BANKED LINKER/LOCATER V6.22                                                      12/15/2017  18:52:14  PAGE 28


  C:1EE8H         LINE#         65
  C:1EE8H         LINE#         66
  C:1EECH         LINE#         67
  C:1EECH         LINE#         68
  C:1EEEH         LINE#         69
  C:1EEEH         LINE#         70
  C:1EF3H         LINE#         71
  C:1EF5H         LINE#         72
  C:1EF5H         LINE#         73
  C:1EF5H         LINE#         74
  C:1EF5H         LINE#         75
  C:1EF5H         LINE#         76
  -------         ENDPROC       _TIMER8254COUNTERMODEINIT
  -------         PROC          _TIMER8254TRIGGERMODEINIT
  D:0007H         SYMBOL        timerx
  D:0004H         SYMBOL        setCounter
  -------         DO            
  X:0066H         SYMBOL        initData
  -------         ENDDO         
  C:20DFH         LINE#         79
  C:20DFH         LINE#         80
  C:20DFH         LINE#         81
  C:20E4H         LINE#         83
  C:20EBH         LINE#         85
  C:20EEH         LINE#         87
  C:20F1H         LINE#         89
  C:20F5H         LINE#         91
  C:2100H         LINE#         92
  C:2100H         LINE#         93
  C:2100H         LINE#         94
  C:2104H         LINE#         95
  C:2104H         LINE#         96
  C:2106H         LINE#         97
  C:2106H         LINE#         98
  C:210AH         LINE#         99
  C:210AH         LINE#         100
  C:210CH         LINE#         101
  C:210CH         LINE#         102
  C:2111H         LINE#         103
  C:2113H         LINE#         104
  C:2113H         LINE#         105
  C:2113H         LINE#         106
  C:2113H         LINE#         107
  C:2113H         LINE#         108
  -------         ENDPROC       _TIMER8254TRIGGERMODEINIT
  -------         PROC          _TIMER8254STARTTRIGGER
  D:0050H         SYMBOL        timerx
  C:2383H         LINE#         110
  C:2385H         LINE#         111
  C:2385H         LINE#         112
  C:238AH         LINE#         113
  C:2391H         LINE#         114
  -------         ENDPROC       _TIMER8254STARTTRIGGER
  -------         PROC          _TIMER8254PRESCALERMODEINIT
  D:0003H         SYMBOL        timerx
  D:0004H         SYMBOL        prescale
  -------         DO            
BL51 BANKED LINKER/LOCATER V6.22                                                      12/15/2017  18:52:14  PAGE 29


  X:0021H         SYMBOL        initData
  -------         ENDDO         
  C:1F76H         LINE#         117
  C:1F78H         LINE#         118
  C:1F78H         LINE#         119
  C:1F7DH         LINE#         121
  C:1F84H         LINE#         123
  C:1F87H         LINE#         125
  C:1F8AH         LINE#         127
  C:1F8EH         LINE#         129
  C:1F99H         LINE#         130
  C:1F99H         LINE#         131
  C:1F99H         LINE#         132
  C:1F9DH         LINE#         133
  C:1F9DH         LINE#         134
  C:1F9FH         LINE#         135
  C:1F9FH         LINE#         136
  C:1FA3H         LINE#         137
  C:1FA3H         LINE#         138
  C:1FA5H         LINE#         139
  C:1FA5H         LINE#         140
  C:1FAAH         LINE#         141
  C:1FACH         LINE#         142
  C:1FACH         LINE#         143
  C:1FACH         LINE#         144
  C:1FACH         LINE#         145
  C:1FACH         LINE#         147
  -------         ENDPROC       _TIMER8254PRESCALERMODEINIT
  -------         PROC          _TIMER8254SQUAREWAVEMODEINIT
  D:0003H         SYMBOL        timerx
  D:0004H         SYMBOL        period
  -------         DO            
  X:0067H         SYMBOL        initData
  -------         ENDDO         
  C:1FB3H         LINE#         151
  C:1FB5H         LINE#         152
  C:1FB5H         LINE#         153
  C:1FBAH         LINE#         155
  C:1FC1H         LINE#         157
  C:1FC4H         LINE#         159
  C:1FC7H         LINE#         161
  C:1FCBH         LINE#         163
  C:1FD6H         LINE#         164
  C:1FD6H         LINE#         165
  C:1FD6H         LINE#         166
  C:1FDAH         LINE#         167
  C:1FDAH         LINE#         168
  C:1FDCH         LINE#         169
  C:1FDCH         LINE#         170
  C:1FE0H         LINE#         171
  C:1FE0H         LINE#         172
  C:1FE2H         LINE#         173
  C:1FE2H         LINE#         174
  C:1FE7H         LINE#         175
  C:1FE9H         LINE#         176
  C:1FE9H         LINE#         177
  C:1FE9H         LINE#         178
BL51 BANKED LINKER/LOCATER V6.22                                                      12/15/2017  18:52:14  PAGE 30


  C:1FE9H         LINE#         179
  C:1FE9H         LINE#         181
  -------         ENDPROC       _TIMER8254SQUAREWAVEMODEINIT
  -------         PROC          _TIMER8254SOFTWARESTROBEMODEINIT
  D:0003H         SYMBOL        timerx
  D:0004H         SYMBOL        setCounter
  -------         DO            
  X:0068H         SYMBOL        initData
  -------         ENDDO         
  C:1FF0H         LINE#         184
  C:1FF2H         LINE#         185
  C:1FF2H         LINE#         186
  C:1FF7H         LINE#         188
  C:1FFEH         LINE#         190
  C:2001H         LINE#         192
  C:2004H         LINE#         194
  C:2008H         LINE#         196
  C:2013H         LINE#         197
  C:2013H         LINE#         198
  C:2013H         LINE#         199
  C:2017H         LINE#         200
  C:2017H         LINE#         201
  C:2019H         LINE#         202
  C:2019H         LINE#         203
  C:201DH         LINE#         204
  C:201DH         LINE#         205
  C:201FH         LINE#         206
  C:201FH         LINE#         207
  C:2024H         LINE#         208
  C:2026H         LINE#         209
  C:2026H         LINE#         210
  C:2026H         LINE#         211
  C:2026H         LINE#         212
  C:2026H         LINE#         214
  -------         ENDPROC       _TIMER8254SOFTWARESTROBEMODEINIT
  -------         PROC          _TIMER8254HARDWARESTROBEMODEINIT
  D:0003H         SYMBOL        timerx
  D:0004H         SYMBOL        setCounter
  -------         DO            
  X:0069H         SYMBOL        initData
  -------         ENDDO         
  C:202DH         LINE#         217
  C:202FH         LINE#         218
  C:202FH         LINE#         219
  C:2034H         LINE#         221
  C:203BH         LINE#         223
  C:203EH         LINE#         225
  C:2041H         LINE#         227
  C:2045H         LINE#         229
  C:2050H         LINE#         230
  C:2050H         LINE#         231
  C:2050H         LINE#         232
  C:2054H         LINE#         233
  C:2054H         LINE#         234
  C:2056H         LINE#         235
  C:2056H         LINE#         236
  C:205AH         LINE#         237
BL51 BANKED LINKER/LOCATER V6.22                                                      12/15/2017  18:52:14  PAGE 31


  C:205AH         LINE#         238
  C:205CH         LINE#         239
  C:205CH         LINE#         240
  C:2061H         LINE#         241
  C:2063H         LINE#         242
  C:2063H         LINE#         243
  C:2063H         LINE#         244
  C:2063H         LINE#         245
  C:2063H         LINE#         247
  -------         ENDPROC       _TIMER8254HARDWARESTROBEMODEINIT
  -------         PROC          _TIMER8254STARTHARDSTROBE
  D:0051H         SYMBOL        timerx
  C:2398H         LINE#         250
  C:239AH         LINE#         251
  C:239AH         LINE#         252
  C:239FH         LINE#         253
  C:23A6H         LINE#         254
  -------         ENDPROC       _TIMER8254STARTHARDSTROBE
  -------         PROC          _TIMER8254GETCOUNTER
  D:0007H         SYMBOL        timerx
  -------         DO            
  X:005EH         SYMBOL        returnValue
  -------         ENDDO         
  C:1E3DH         LINE#         257
  C:1E3DH         LINE#         258
  C:1E3DH         LINE#         259
  C:1E44H         LINE#         261
  C:1E4EH         LINE#         263
  C:1E59H         LINE#         264
  C:1E59H         LINE#         265
  C:1E59H         LINE#         266
  C:1E5CH         LINE#         267
  C:1E5CH         LINE#         268
  C:1E5EH         LINE#         269
  C:1E5EH         LINE#         270
  C:1E61H         LINE#         271
  C:1E61H         LINE#         272
  C:1E61H         LINE#         273
  C:1E6BH         LINE#         275
  C:1E75H         LINE#         276
  C:1E75H         LINE#         277
  C:1E75H         LINE#         278
  C:1E75H         LINE#         279
  C:1E75H         LINE#         281
  C:1E7DH         LINE#         282
  -------         ENDPROC       _TIMER8254GETCOUNTER
  -------         ENDMOD        8254

  -------         MODULE        8251A
  C:0000H         SYMBOL        _ICE_DUMMY_
  D:0080H         PUBLIC        P0
  D:0090H         PUBLIC        P1
  D:00A0H         PUBLIC        P2
  D:00B0H         PUBLIC        P3
  D:00C0H         PUBLIC        P4
  D:00C8H         PUBLIC        P5
  D:00E8H         PUBLIC        P6
BL51 BANKED LINKER/LOCATER V6.22                                                      12/15/2017  18:52:14  PAGE 32


  D:00F8H         PUBLIC        P7
  D:00A8H         PUBLIC        IE
  D:00B8H         PUBLIC        IP
  D:00D8H         PUBLIC        CCON
  D:0098H         PUBLIC        SCON
  D:0088H         PUBLIC        TCON
  D:00D0H         PUBLIC        PSW
  -------         ENDMOD        8251A

  -------         MODULE        CS5550
  C:0000H         SYMBOL        _ICE_DUMMY_
  D:0080H         PUBLIC        P0
  D:0090H         PUBLIC        P1
  D:00A0H         PUBLIC        P2
  D:00B0H         PUBLIC        P3
  D:00C0H         PUBLIC        P4
  D:00C8H         PUBLIC        P5
  D:00E8H         PUBLIC        P6
  D:00F8H         PUBLIC        P7
  C:2311H         PUBLIC        _CS5550WriteCmd
  C:1D7BH         PUBLIC        _CS5550WriteByte
  D:00A8H         PUBLIC        IE
  C:171EH         PUBLIC        _CS5550ReadRes
  D:00B8H         PUBLIC        IP
  C:2114H         PUBLIC        _CS5550WriteRes
  D:00D8H         PUBLIC        CCON
  B:0090H.7       PUBLIC        CS5550_SDI
  B:0090H.0       PUBLIC        CS5550_SDO
  D:0098H         PUBLIC        SCON
  D:0088H         PUBLIC        TCON
  C:1C41H         PUBLIC        CS5550RecieveByte
  B:0090H.6       PUBLIC        CS5550_CS
  B:00B0H.2       PUBLIC        CS5550_SCLK
  D:00D0H         PUBLIC        PSW
  -------         PROC          L?0018
  -------         ENDPROC       L?0018
  -------         PROC          _CS5550WRITEBYTE
  D:0027H         SYMBOL        message
  -------         DO            
  X:0025H         SYMBOL        i
  -------         ENDDO         
  C:1D7BH         LINE#         5
  C:1D7DH         LINE#         6
  C:1D7DH         LINE#         7
  C:1D82H         LINE#         8
  C:1D83H         LINE#         9
  C:1D83H         LINE#         10
  C:1D85H         LINE#         12
  C:1D8AH         LINE#         13
  C:1D8AH         LINE#         14
  C:1D8CH         LINE#         15
  C:1D8EH         LINE#         17
  C:1D8EH         LINE#         18
  C:1D90H         LINE#         19
  C:1D90H         LINE#         20
  C:1D97H         LINE#         21
  C:1D99H         LINE#         22
BL51 BANKED LINKER/LOCATER V6.22                                                      12/15/2017  18:52:14  PAGE 33


  C:1DA0H         LINE#         23
  C:1DA6H         LINE#         25
  C:1DB2H         LINE#         26
  C:1DB4H         LINE#         27
  -------         ENDPROC       _CS5550WRITEBYTE
  -------         PROC          CS5550RECIEVEBYTE
  -------         DO            
  X:0025H         SYMBOL        recieveData
  X:0026H         SYMBOL        i
  -------         ENDDO         
  C:1C41H         LINE#         29
  C:1C41H         LINE#         30
  C:1C41H         LINE#         31
  C:1C46H         LINE#         32
  C:1C48H         LINE#         34
  C:1C53H         LINE#         35
  C:1C53H         LINE#         36
  C:1C57H         LINE#         37
  C:1C57H         LINE#         38
  C:1C59H         LINE#         39
  C:1C5BH         LINE#         41
  C:1C5BH         LINE#         42
  C:1C5DH         LINE#         43
  C:1C5DH         LINE#         45
  C:1C5FH         LINE#         46
  C:1C66H         LINE#         47
  C:1C6DH         LINE#         48
  C:1C6FH         LINE#         49
  C:1C76H         LINE#         50
  C:1C7DH         LINE#         51
  C:1C7DH         LINE#         52
  C:1C80H         LINE#         53
  C:1C82H         LINE#         55
  C:1C82H         LINE#         56
  C:1C85H         LINE#         57
  C:1C85H         LINE#         59
  C:1C8DH         LINE#         60
  C:1C92H         LINE#         61
  -------         ENDPROC       CS5550RECIEVEBYTE
  -------         PROC          _CS5550WRITECMD
  D:0007H         SYMBOL        cmd
  D:0023H         SYMBOL        value
  C:2311H         LINE#         63
  C:2311H         LINE#         64
  C:2311H         LINE#         65
  C:2313H         LINE#         66
  C:2316H         LINE#         67
  C:231BH         LINE#         68
  C:2320H         LINE#         69
  C:2326H         LINE#         70
  C:2328H         LINE#         71
  -------         ENDPROC       _CS5550WRITECMD
  -------         PROC          _CS5550WRITERES
  D:0007H         SYMBOL        cmd
  D:0023H         SYMBOL        value
  C:2114H         LINE#         73
  C:2114H         LINE#         74
BL51 BANKED LINKER/LOCATER V6.22                                                      12/15/2017  18:52:14  PAGE 34


  C:2114H         LINE#         75
  C:2116H         LINE#         76
  C:211DH         LINE#         77
  C:212DH         LINE#         78
  C:213DH         LINE#         79
  C:2143H         LINE#         80
  C:2145H         LINE#         81
  -------         ENDPROC       _CS5550WRITERES
  -------         PROC          _CS5550READRES
  D:0003H         SYMBOL        cmd
  -------         DO            
  X:0021H         SYMBOL        recieveData
  -------         ENDDO         
  C:171EH         LINE#         83
[...]
  C:1536H         PUBLIC        _MotorVelCrl
  D:00D0H         PUBLIC        PSW
  -------         PROC          _MOTORVELCRL
  D:0042H         SYMBOL        expVel
  D:0046H         SYMBOL        actVel
  -------         DO            
  X:0046H         SYMBOL        dutyCycle
  X:004AH         SYMBOL        error
  -------         ENDDO         
  C:1536H         LINE#         7
  C:153EH         LINE#         8
  C:153EH         LINE#         10
  C:1548H         LINE#         11
  C:1552H         LINE#         13
  C:1566H         LINE#         14
  C:1566H         LINE#         15
  C:1571H         LINE#         16
  C:1571H         LINE#         18
  C:1595H         LINE#         20
  C:15AEH         LINE#         22
  C:15F4H         LINE#         24
  C:1611H         LINE#         25
  C:1611H         LINE#         26
  C:161BH         LINE#         27
  C:161BH         LINE#         29
  -------         ENDPROC       _MOTORVELCRL
  -------         ENDMOD        BRUSHDCMOTOR

  -------         MODULE        STEPMOTOR
  C:0000H         SYMBOL        _ICE_DUMMY_
  D:0080H         PUBLIC        P0
  D:0090H         PUBLIC        P1
  D:00A0H         PUBLIC        P2
  D:00B0H         PUBLIC        P3
  D:00C0H         PUBLIC        P4
  D:00C8H         PUBLIC        P5
  D:00E8H         PUBLIC        P6
  D:00F8H         PUBLIC        P7
  D:00A8H         PUBLIC        IE
  C:13AFH         PUBLIC        _StepMotorSpeedControl
  D:00B8H         PUBLIC        IP
  D:00D8H         PUBLIC        CCON
  D:0098H         PUBLIC        SCON
  D:0088H         PUBLIC        TCON
  C:2232H         PUBLIC        StepMotorPinInit
BL51 BANKED LINKER/LOCATER V6.22                                                      12/15/2017  18:52:14  PAGE 37


  D:00D0H         PUBLIC        PSW
  -------         PROC          STEPMOTORPININIT
  C:2232H         LINE#         4
  C:2232H         LINE#         5
  C:2232H         LINE#         6
  C:223BH         LINE#         7
  C:2244H         LINE#         8
  C:224DH         LINE#         9
  -------         ENDPROC       STEPMOTORPININIT
  -------         PROC          _STEPMOTORSPEEDCONTROL
  D:004AH         SYMBOL        vel
  -------         DO            
  X:0059H         SYMBOL        state
  X:005AH         SYMBOL        counter
  -------         ENDDO         
  C:13AFH         LINE#         12
  C:13B7H         LINE#         13
  C:13B7H         LINE#         17
  C:13E2H         LINE#         18
  C:13E2H         LINE#         19
  C:13E2H         LINE#         20
  C:13E9H         LINE#         21
  C:13F0H         LINE#         22
  C:13F0H         LINE#         23
  C:13F0H         LINE#         24
  C:13F2H         LINE#         25
  C:13F2H         LINE#         26
  C:13F9H         LINE#         27
  C:1400H         LINE#         28
  C:1400H         LINE#         29
  C:1400H         LINE#         30
  C:1402H         LINE#         31
  C:1402H         LINE#         32
  C:1409H         LINE#         33
  C:1410H         LINE#         34
  C:1417H         LINE#         35
  C:1417H         LINE#         36
  C:1419H         LINE#         37
  C:1419H         LINE#         38
  C:1420H         LINE#         39
  C:1427H         LINE#         40
  C:142EH         LINE#         41
  C:142EH         LINE#         42
  C:1430H         LINE#         43
  C:1430H         LINE#         44
  C:1437H         LINE#         45
  C:143EH         LINE#         46
  C:1445H         LINE#         47
  C:144CH         LINE#         48
  C:144EH         LINE#         49
  C:144EH         LINE#         50
  C:1455H         LINE#         51
  C:145CH         LINE#         52
  C:1463H         LINE#         53
  C:1463H         LINE#         54
  C:1465H         LINE#         55
  C:1465H         LINE#         56
BL51 BANKED LINKER/LOCATER V6.22                                                      12/15/2017  18:52:14  PAGE 38


  C:146CH         LINE#         57
  C:1473H         LINE#         58
  C:147AH         LINE#         59
  C:147AH         LINE#         60
  C:147CH         LINE#         61
  C:147CH         LINE#         62
  C:1483H         LINE#         63
  C:148AH         LINE#         64
  C:1491H         LINE#         65
  C:1498H         LINE#         66
  C:1498H         LINE#         67
  C:1498H         LINE#         68
  C:1498H         LINE#         69
  C:1498H         LINE#         71
  C:14B7H         LINE#         73
  C:14EBH         LINE#         74
  C:14EBH         LINE#         75
  C:14F5H         LINE#         76
  C:1509H         LINE#         77
  C:1509H         LINE#         79
  C:150FH         LINE#         80
  C:1513H         LINE#         81
  C:1514H         LINE#         82
  C:1526H         LINE#         83
  C:1526H         LINE#         85
  C:152CH         LINE#         86
  C:152CH         LINE#         87
  C:152FH         LINE#         88
  C:152FH         LINE#         89
  C:1535H         LINE#         90
  C:1535H         LINE#         91
  C:1535H         LINE#         92
  -------         ENDPROC       _STEPMOTORSPEEDCONTROL
  -------         ENDMOD        STEPMOTOR

  -------         MODULE        SPEAKER
  C:0000H         SYMBOL        _ICE_DUMMY_
  -------         ENDMOD        SPEAKER

  -------         MODULE        GPIO
  C:0000H         SYMBOL        _ICE_DUMMY_
  D:0092H         PUBLIC        P1M0
  D:0093H         PUBLIC        P0M1
  C:22F3H         PUBLIC        _GPIOSetBit
  D:0096H         PUBLIC        P2M0
  D:0091H         PUBLIC        P1M1
  D:0080H         PUBLIC        P0
  D:00B2H         PUBLIC        P3M0
  D:0095H         PUBLIC        P2M1
  D:0090H         PUBLIC        P1
  D:00B1H         PUBLIC        P3M1
  D:00A0H         PUBLIC        P2
  D:00B0H         PUBLIC        P3
  D:00C0H         PUBLIC        P4
  D:00C8H         PUBLIC        P5
  D:00E8H         PUBLIC        P6
  D:00F8H         PUBLIC        P7
BL51 BANKED LINKER/LOCATER V6.22                                                      12/15/2017  18:52:14  PAGE 39


  D:00A8H         PUBLIC        IE
  D:00B8H         PUBLIC        IP
  D:00D8H         PUBLIC        CCON
  D:0098H         PUBLIC        SCON
  D:0088H         PUBLIC        TCON
  C:1915H         PUBLIC        _GPIOInit
  C:1CDFH         PUBLIC        _GPIOReadBit
  C:2256H         PUBLIC        _GPIOResetBit
  D:00D0H         PUBLIC        PSW
  D:0094H         PUBLIC        P0M0
  -------         PROC          _GPIOINIT
  D:0007H         SYMBOL        GPIOPort
  D:0005H         SYMBOL        GPIOPin
  D:0003H         SYMBOL        GPIOMode
  C:1915H         LINE#         3
  C:1915H         LINE#         4
  C:1915H         LINE#         5
  C:1923H         LINE#         6
  C:1923H         LINE#         7
  C:1923H         LINE#         8
  C:1927H         LINE#         9
  C:1927H         LINE#         10
  C:192AH         LINE#         11
  C:192CH         LINE#         13
  C:192CH         LINE#         14
  C:1930H         LINE#         15
  C:1930H         LINE#         16
  C:1934H         LINE#         17
  C:1934H         LINE#         18
  C:1937H         LINE#         19
  C:1938H         LINE#         21
  C:1938H         LINE#         22
  C:193CH         LINE#         23
  C:193CH         LINE#         24
  C:193DH         LINE#         25
  C:193DH         LINE#         26
  C:1941H         LINE#         27
  C:1941H         LINE#         28
  C:1944H         LINE#         29
  C:1946H         LINE#         31
  C:1946H         LINE#         32
  C:194AH         LINE#         33
  C:194AH         LINE#         34
  C:194EH         LINE#         35
  C:194EH         LINE#         36
  C:1951H         LINE#         37
  C:1952H         LINE#         39
  C:1952H         LINE#         40
  C:1956H         LINE#         41
  C:1956H         LINE#         42
  C:1957H         LINE#         43
  C:1957H         LINE#         44
  C:195BH         LINE#         45
  C:195BH         LINE#         46
  C:195EH         LINE#         47
  C:1960H         LINE#         49
  C:1960H         LINE#         50
BL51 BANKED LINKER/LOCATER V6.22                                                      12/15/2017  18:52:14  PAGE 40


  C:1964H         LINE#         51
  C:1964H         LINE#         52
  C:1968H         LINE#         53
  C:1968H         LINE#         54
  C:196BH         LINE#         55
  C:196CH         LINE#         57
  C:196CH         LINE#         58
  C:1970H         LINE#         59
  C:1970H         LINE#         60
  C:1971H         LINE#         61
  C:1971H         LINE#         62
  C:1975H         LINE#         63
  C:1975H         LINE#         64
  C:1978H         LINE#         65
  C:197AH         LINE#         67
  C:197AH         LINE#         68
  C:197EH         LINE#         69
  C:197EH         LINE#         70
  C:1982H         LINE#         71
  C:1982H         LINE#         72
  C:1985H         LINE#         73
  C:1986H         LINE#         75
  C:1986H         LINE#         76
  C:198AH         LINE#         77
  C:198AH         LINE#         78
  C:198AH         LINE#         79
  C:198AH         LINE#         80
  C:198AH         LINE#         81
  C:198AH         LINE#         83
  -------         ENDPROC       _GPIOINIT
  -------         PROC          _GPIOSETBIT
  D:0007H         SYMBOL        GPIOPort
  D:0005H         SYMBOL        GPIOPin
  C:22F3H         LINE#         85
  C:22F3H         LINE#         86
  C:22F3H         LINE#         87
  C:2301H         LINE#         88
  C:2301H         LINE#         89
  C:2301H         LINE#         90
  C:2304H         LINE#         91
  C:2305H         LINE#         92
  C:2305H         LINE#         93
  C:2308H         LINE#         94
  C:2309H         LINE#         95
  C:2309H         LINE#         96
  C:230CH         LINE#         97
  C:230DH         LINE#         98
  C:230DH         LINE#         99
  C:2310H         LINE#         100
  C:2310H         LINE#         101
  C:2310H         LINE#         102
  C:2310H         LINE#         103
  C:2310H         LINE#         105
  -------         ENDPROC       _GPIOSETBIT
  -------         PROC          _GPIORESETBIT
  D:0007H         SYMBOL        GPIOPort
  D:0005H         SYMBOL        GPIOPin
BL51 BANKED LINKER/LOCATER V6.22                                                      12/15/2017  18:52:14  PAGE 41


  C:2256H         LINE#         107
  C:2256H         LINE#         108
  C:2256H         LINE#         109
  C:2264H         LINE#         110
  C:2264H         LINE#         111
  C:2264H         LINE#         112
  C:2268H         LINE#         113
  C:2269H         LINE#         114
  C:2269H         LINE#         115
  C:226DH         LINE#         116
  C:226EH         LINE#         117
  C:226EH         LINE#         118
  C:2272H         LINE#         119
  C:2273H         LINE#         120
  C:2273H         LINE#         121
  C:2277H         LINE#         122
  C:2277H         LINE#         123
  C:2277H         LINE#         124
  C:2277H         LINE#         125
  C:2277H         LINE#         126
  -------         ENDPROC       _GPIORESETBIT
  -------         PROC          _GPIOREADBIT
  D:0007H         SYMBOL        GPIOPort
  D:0005H         SYMBOL        GPIOPin
  C:1CDFH         LINE#         128
  C:1CDFH         LINE#         129
  C:1CDFH         LINE#         130
  C:1CEDH         LINE#         131
  C:1CEDH         LINE#         132
  C:1CEDH         LINE#         133
  C:1CF0H         LINE#         134
  C:1CFBH         LINE#         135
  C:1CFBH         LINE#         136
  C:1CFBH         LINE#         137
  C:1CFEH         LINE#         138
  C:1D09H         LINE#         139
  C:1D09H         LINE#         140
  C:1D09H         LINE#         141
  C:1D0CH         LINE#         142
  C:1D17H         LINE#         143
  C:1D17H         LINE#         144
  C:1D17H         LINE#         145
  C:1D1AH         LINE#         146
  C:1D25H         LINE#         147
  C:1D25H         LINE#         148
  C:1D25H         LINE#         149
  C:1D27H         LINE#         150
  C:1D27H         LINE#         151
  C:1D27H         LINE#         152
  -------         ENDPROC       _GPIOREADBIT
  -------         ENDMOD        GPIO

  -------         MODULE        ?C?FPADD
  C:0045H         PUBLIC        ?C?FPADD
  C:0041H         PUBLIC        ?C?FPSUB
  -------         ENDMOD        ?C?FPADD

BL51 BANKED LINKER/LOCATER V6.22                                                      12/15/2017  18:52:14  PAGE 42


  -------         MODULE        ?C?FPMUL
  C:0136H         PUBLIC        ?C?FPMUL
  -------         ENDMOD        ?C?FPMUL

  -------         MODULE        ?C?FPDIV
  C:023FH         PUBLIC        ?C?FPDIV
  -------         ENDMOD        ?C?FPDIV

  -------         MODULE        ?C?FPCMP
  C:02DEH         PUBLIC        ?C?FPCMP
  C:02DCH         PUBLIC        ?C?FPCMP3
  -------         ENDMOD        ?C?FPCMP

  -------         MODULE        ?C?FCAST
  C:035FH         PUBLIC        ?C?FCASTC
  C:035AH         PUBLIC        ?C?FCASTI
  C:0355H         PUBLIC        ?C?FCASTL
  -------         ENDMOD        ?C?FCAST

  -------         MODULE        ?C?CASTF
  C:0393H         PUBLIC        ?C?CASTF
  -------         ENDMOD        ?C?CASTF

  -------         MODULE        PRINTF
  D:0026H         PUBLIC        ?_PRINTF?BYTE
  D:0026H         PUBLIC        ?_SPRINTF?BYTE
  C:0969H         PUBLIC        _PRINTF
  C:0963H         PUBLIC        _SPRINTF
  -------         ENDMOD        PRINTF

  -------         MODULE        ?C?FPROUND
  C:0414H         PUBLIC        ?C?FPROUND
  -------         ENDMOD        ?C?FPROUND

  -------         MODULE        ?C?FPCONVERT
  C:0443H         PUBLIC        ?C?FPCONVERT
  -------         ENDMOD        ?C?FPCONVERT

  -------         MODULE        ?C?FTNPWR
  C:0576H         PUBLIC        ?C?FTNPWR
  -------         ENDMOD        ?C?FTNPWR

  -------         MODULE        ?C?COPY
  C:0686H         PUBLIC        ?C?COPY
  -------         ENDMOD        ?C?COPY

  -------         MODULE        ?C?CLDPTR
  C:06ACH         PUBLIC        ?C?CLDPTR
  -------         ENDMOD        ?C?CLDPTR

  -------         MODULE        ?C?CLDOPTR
  C:06C5H         PUBLIC        ?C?CLDOPTR
  -------         ENDMOD        ?C?CLDOPTR

  -------         MODULE        ?C?CSTPTR
  C:06F2H         PUBLIC        ?C?CSTPTR
  -------         ENDMOD        ?C?CSTPTR
BL51 BANKED LINKER/LOCATER V6.22                                                      12/15/2017  18:52:14  PAGE 43



  -------         MODULE        ?C?IMUL
  C:0704H         PUBLIC        ?C?IMUL
  -------         ENDMOD        ?C?IMUL

  -------         MODULE        ?C?UIDIV
  C:0716H         PUBLIC        ?C?UIDIV
  -------         ENDMOD        ?C?UIDIV

  -------         MODULE        ?C?ULDIV
  C:07A7H         PUBLIC        ?C?ULDIV
  -------         ENDMOD        ?C?ULDIV

  -------         MODULE        ?C?SLDIV
  C:1DF9H         PUBLIC        ?C?SLDIV
  -------         ENDMOD        ?C?SLDIV

  -------         MODULE        ?C?LNEG
  C:0839H         PUBLIC        ?C?LNEG
  -------         ENDMOD        ?C?LNEG

  -------         MODULE        ?C?SLCMP
  C:0847H         PUBLIC        ?C?SLCMP
  -------         ENDMOD        ?C?SLCMP

  -------         MODULE        ?C?ULCMP
  C:085DH         PUBLIC        ?C?ULCMP
  -------         ENDMOD        ?C?ULCMP

  -------         MODULE        ?C?ULSHR
  C:086EH         PUBLIC        ?C?ULSHR
  -------         ENDMOD        ?C?ULSHR

  -------         MODULE        ?C?LSHL
  C:0881H         PUBLIC        ?C?LSHL
  -------         ENDMOD        ?C?LSHL

  -------         MODULE        ?C?LSTXDATA
  C:0894H         PUBLIC        ?C?LSTXDATA
  -------         ENDMOD        ?C?LSTXDATA

  -------         MODULE        ?C?LSTKXDATA
  C:08A0H         PUBLIC        ?C?LSTKXDATA
  -------         ENDMOD        ?C?LSTKXDATA

  -------         MODULE        ?C?PLDIIDATA
  C:08D1H         PUBLIC        ?C?PLDIIDATA
  -------         ENDMOD        ?C?PLDIIDATA

  -------         MODULE        ?C?CCASE
  C:08E1H         PUBLIC        ?C?CCASE
  -------         ENDMOD        ?C?CCASE

  -------         MODULE        PUTCHAR
  C:21C3H         PUBLIC        _PUTCHAR
  -------         ENDMOD        PUTCHAR

BL51 BANKED LINKER/LOCATER V6.22                                                      12/15/2017  18:52:14  PAGE 44


*** WARNING L16: UNCALLED SEGMENT, IGNORED FOR OVERLAY PROCESS
    SEGMENT: ?PR?_BLINKIN4?P1IO

*** WARNING L16: UNCALLED SEGMENT, IGNORED FOR OVERLAY PROCESS
    SEGMENT: ?PR?_FLOW?P1IO

*** WARNING L16: UNCALLED SEGMENT, IGNORED FOR OVERLAY PROCESS
    SEGMENT: ?PR?SHOWINPUT?P1IO

*** WARNING L16: UNCALLED SEGMENT, IGNORED FOR OVERLAY PROCESS
    SEGMENT: ?PR?_TIMERGETOVERFLOWITFLAG?TIMER

*** WARNING L16: UNCALLED SEGMENT, IGNORED FOR OVERLAY PROCESS
    SEGMENT: ?PR?_TIMEROVERFLOWITINIT?TIMER

*** WARNING L16: UNCALLED SEGMENT, IGNORED FOR OVERLAY PROCESS
    SEGMENT: ?PR?_UARTSENDBYTE?USART

*** WARNING L16: UNCALLED SEGMENT, IGNORED FOR OVERLAY PROCESS
    SEGMENT: ?PR?_UARTINIT?USART

*** WARNING L16: UNCALLED SEGMENT, IGNORED FOR OVERLAY PROCESS
    SEGMENT: ?PR?IO8255INIT?8255

*** WARNING L16: UNCALLED SEGMENT, IGNORED FOR OVERLAY PROCESS
    SEGMENT: ?PR?_IO8255READBIT?8255

*** WARNING L16: UNCALLED SEGMENT, IGNORED FOR OVERLAY PROCESS
    SEGMENT: ?PR?_TIMER8254COUNTERMODEINIT?8254

*** WARNING L16: UNCALLED SEGMENT, IGNORED FOR OVERLAY PROCESS
    SEGMENT: ?PR?_TIMER8254TRIGGERMODEINIT?8254

*** WARNING L16: UNCALLED SEGMENT, IGNORED FOR OVERLAY PROCESS
    SEGMENT: ?PR?_TIMER8254STARTTRIGGER?8254

*** WARNING L16: UNCALLED SEGMENT, IGNORED FOR OVERLAY PROCESS
    SEGMENT: ?PR?_TIMER8254SQUAREWAVEMODEINIT?8254

*** WARNING L16: UNCALLED SEGMENT, IGNORED FOR OVERLAY PROCESS
    SEGMENT: ?PR?_TIMER8254SOFTWARESTROBEMODEINIT?8254

*** WARNING L16: UNCALLED SEGMENT, IGNORED FOR OVERLAY PROCESS
    SEGMENT: ?PR?_TIMER8254HARDWARESTROBEMODEINIT?8254

*** WARNING L16: UNCALLED SEGMENT, IGNORED FOR OVERLAY PROCESS
    SEGMENT: ?PR?_TIMER8254STARTHARDSTROBE?8254

*** WARNING L16: UNCALLED SEGMENT, IGNORED FOR OVERLAY PROCESS
    SEGMENT: ?PR?_TIMER8254GETCOUNTER?8254

*** WARNING L16: UNCALLED SEGMENT, IGNORED FOR OVERLAY PROCESS
    SEGMENT: ?PR?CCP1INIT?PWM

*** WARNING L16: UNCALLED SEGMENT, IGNORED FOR OVERLAY PROCESS
    SEGMENT: ?PR?_MOTORVELCRL?BRUSHDCMOTOR

BL51 BANKED LINKER/LOCATER V6.22                                                      12/15/2017  18:52:14  PAGE 45


*** WARNING L16: UNCALLED SEGMENT, IGNORED FOR OVERLAY PROCESS
    SEGMENT: ?PR?STEPMOTORPININIT?STEPMOTOR

*** WARNING L16: UNCALLED SEGMENT, IGNORED FOR OVERLAY PROCESS
    SEGMENT: ?PR?_STEPMOTORSPEEDCONTROL?STEPMOTOR

*** WARNING L16: UNCALLED SEGMENT, IGNORED FOR OVERLAY PROCESS
    SEGMENT: ?PR?_GPIOREADBIT?GPIO

*** WARNING L6: XDATA SPACE MEMORY OVERLAP
    FROM:    F800H
    TO:      F800H

*** WARNING L6: XDATA SPACE MEMORY OVERLAP
    FROM:    F900H
    TO:      F900H

*** WARNING L1: UNRESOLVED EXTERNAL SYMBOL
    SYMBOL:  UART1RECIEVE
    MODULE:  .\Objects\89C51_it.obj (89C51_IT)

*** WARNING L1: UNRESOLVED EXTERNAL SYMBOL
    SYMBOL:  LEDITSTATUS
    MODULE:  .\Objects\89C51_it.obj (89C51_IT)

*** WARNING L2: REFERENCE MADE TO UNRESOLVED EXTERNAL
    SYMBOL:  LEDITSTATUS
    MODULE:  .\Objects\89C51_it.obj (89C51_IT)
    ADDRESS: 23E6H

*** WARNING L2: REFERENCE MADE TO UNRESOLVED EXTERNAL
    SYMBOL:  LEDITSTATUS
    MODULE:  .\Objects\89C51_it.obj (89C51_IT)
    ADDRESS: 23EAH

*** WARNING L2: REFERENCE MADE TO UNRESOLVED EXTERNAL
    SYMBOL:  LEDITSTATUS
    MODULE:  .\Objects\89C51_it.obj (89C51_IT)
    ADDRESS: 23EFH

*** WARNING L2: REFERENCE MADE TO UNRESOLVED EXTERNAL
    SYMBOL:  UART1RECIEVE
    MODULE:  .\Objects\89C51_it.obj (89C51_IT)
    ADDRESS: 1B6AH

Program Size: data=82.1 xdata=118 code=9291
LINK/LOCATE RUN COMPLETE.  30 WARNING(S),  0 ERROR(S)
