BL51 BANKED LINKER/LOCATER V6.22                                                        12/14/2017  21:50:21  PAGE 1


BL51 BANKED LINKER/LOCATER V6.22, INVOKED BY:
D:\PROGRAM FILES (X86)\KEIL\C51\BIN\BL51.EXE .\Objects\STARTUP.obj, .\Objects\main.obj, .\Objects\HD7279.obj, .\Objects\
>> delay.obj, .\Objects\basicIO.obj, .\Objects\decode.obj, .\Objects\p1IO.obj, .\Objects\dataMemory.obj, .\Objects\timer
>> .obj, .\Objects\89C51_it.obj, .\Objects\usart.obj, .\Objects\8255.obj, .\Objects\8254.obj, .\Objects\8251A.obj, .\Obj
>> ects\CS5550.obj, .\Objects\pwm.obj, .\Objects\brushDcMotor.obj, .\Objects\stepMotor.obj, .\Objects\speaker.obj, .\Obj
>> ects\gpio.obj TO .\Objects\keyLED PRINT (.\Listings\keyLED.m51) RAMSIZE (256)


MEMORY MODEL: SMALL WITH FLOATING POINT ARITHMETIC


INPUT MODULES INCLUDED:
  .\Objects\STARTUP.obj (?C_STARTUP)
  .\Objects\main.obj (MAIN)
  .\Objects\HD7279.obj (HD7279)
  .\Objects\delay.obj (DELAY)
  .\Objects\basicIO.obj (BASICIO)
  .\Objects\decode.obj (DECODE)
  .\Objects\p1IO.obj (P1IO)
  .\Objects\dataMemory.obj (DATAMEMORY)
  .\Objects\timer.obj (TIMER)
  .\Objects\89C51_it.obj (89C51_IT)
  .\Objects\usart.obj (USART)
  .\Objects\8255.obj (8255)
  .\Objects\8254.obj (8254)
  .\Objects\8251A.obj (8251A)
  .\Objects\CS5550.obj (CS5550)
  .\Objects\pwm.obj (PWM)
  .\Objects\brushDcMotor.obj (BRUSHDCMOTOR)
  .\Objects\stepMotor.obj (STEPMOTOR)
  .\Objects\speaker.obj (SPEAKER)
  .\Objects\gpio.obj (GPIO)
  D:\PROGRAM FILES (X86)\KEIL\C51\LIB\C51FPS.LIB (?C?FPADD)
  D:\PROGRAM FILES (X86)\KEIL\C51\LIB\C51FPS.LIB (?C?FPMUL)
  D:\PROGRAM FILES (X86)\KEIL\C51\LIB\C51FPS.LIB (?C?FPDIV)
  D:\PROGRAM FILES (X86)\KEIL\C51\LIB\C51FPS.LIB (?C?FPCMP)
  D:\PROGRAM FILES (X86)\KEIL\C51\LIB\C51FPS.LIB (?C?FPNEG)
  D:\PROGRAM FILES (X86)\KEIL\C51\LIB\C51FPS.LIB (?C?FCAST)
  D:\PROGRAM FILES (X86)\KEIL\C51\LIB\C51FPS.LIB (?C?CASTF)
  D:\PROGRAM FILES (X86)\KEIL\C51\LIB\C51FPS.LIB (PRINTF)
  D:\PROGRAM FILES (X86)\KEIL\C51\LIB\C51FPS.LIB (?C?FPGETOPN)
  D:\PROGRAM FILES (X86)\KEIL\C51\LIB\C51FPS.LIB (?C?FPROUND)
  D:\PROGRAM FILES (X86)\KEIL\C51\LIB\C51FPS.LIB (?C?FPCONVERT)
  D:\PROGRAM FILES (X86)\KEIL\C51\LIB\C51FPS.LIB (?C?FTNPWR)
  D:\PROGRAM FILES (X86)\KEIL\C51\LIB\C51S.LIB (?C_INIT)
  D:\PROGRAM FILES (X86)\KEIL\C51\LIB\C51S.LIB (?C?COPY)
  D:\PROGRAM FILES (X86)\KEIL\C51\LIB\C51S.LIB (?C?CLDPTR)
  D:\PROGRAM FILES (X86)\KEIL\C51\LIB\C51S.LIB (?C?CLDOPTR)
  D:\PROGRAM FILES (X86)\KEIL\C51\LIB\C51S.LIB (?C?CSTPTR)
  D:\PROGRAM FILES (X86)\KEIL\C51\LIB\C51S.LIB (?C?IMUL)
  D:\PROGRAM FILES (X86)\KEIL\C51\LIB\C51S.LIB (?C?UIDIV)
  D:\PROGRAM FILES (X86)\KEIL\C51\LIB\C51S.LIB (?C?ULDIV)
  D:\PROGRAM FILES (X86)\KEIL\C51\LIB\C51S.LIB (?C?SLDIV)
  D:\PROGRAM FILES (X86)\KEIL\C51\LIB\C51S.LIB (?C?LNEG)
  D:\PROGRAM FILES (X86)\KEIL\C51\LIB\C51S.LIB (?C?SLCMP)
  D:\PROGRAM FILES (X86)\KEIL\C51\LIB\C51S.LIB (?C?ULSHR)
  D:\PROGRAM FILES (X86)\KEIL\C51\LIB\C51S.LIB (?C?LSHL)
  D:\PROGRAM FILES (X86)\KEIL\C51\LIB\C51S.LIB (?C?LSTXDATA)
BL51 BANKED LINKER/LOCATER V6.22                                                      12/14/2017  21:50:21  PAGE 2


  D:\PROGRAM FILES (X86)\KEIL\C51\LIB\C51S.LIB (?C?LSTKXDATA)
  D:\PROGRAM FILES (X86)\KEIL\C51\LIB\C51S.LIB (?C?PLDIIDATA)
  D:\PROGRAM FILES (X86)\KEIL\C51\LIB\C51S.LIB (?C?CCASE)
  D:\PROGRAM FILES (X86)\KEIL\C51\LIB\C51S.LIB (PUTCHAR)


LINK MAP OF MODULE:  .\Objects\keyLED (?C_STARTUP)


            TYPE    BASE      LENGTH    RELOCATION   SEGMENT NAME
            -----------------------------------------------------

            * * * * * * *   D A T A   M E M O R Y   * * * * * * *
            REG     0000H     0008H     ABSOLUTE     "REG BANK 0"
            DATA    0008H     000BH     UNIT         ?DT?_TIMEINIT?TIMER
            DATA    0013H     0009H     UNIT         ?DT?_UARTBAUDRATEINIT?USART
            DATA    001CH     0004H     UNIT         ?DT?_LEDSHOWINT?HD7279
            BIT     0020H.0   0001H.1   UNIT         _BIT_GROUP_
                    0021H.1   0000H.7                *** GAP ***
            DATA    0022H     0020H     UNIT         _DATA_GROUP_
            DATA    0042H     0008H     UNIT         ?DT?_TIMERELOADNUMINIT?TIMER
            DATA    004AH     0008H     UNIT         ?DT?IO8255INIT?8255
            DATA    0052H     0008H     UNIT         ?DT?_MOTORVELCRL?BRUSHDCMOTOR
            DATA    005AH     0007H     UNIT         ?DT?_UARTINIT?USART
            DATA    0061H     0005H     UNIT         ?DT?_TIMEMODEINIT?TIMER
            DATA    0066H     0004H     UNIT         ?DT?_PWM0SETCOMPARE?PWM
            DATA    006AH     0004H     UNIT         ?DT?_STEPMOTORSPEEDCONTROL?STEPMOTOR
            DATA    006EH     0002H     UNIT         ?DT?_BLINKIN4?P1IO
            DATA    0070H     0001H     UNIT         ?DT?_TIMER8254CMD?8254
            DATA    0071H     0001H     UNIT         ?DT?_TIMER8254STARTTRIGGER?8254
            DATA    0072H     0001H     UNIT         ?DT?_TIMER8254STARTHARDSTROBE?8254
            IDATA   0073H     0001H     UNIT         ?STACK

            * * * * * * *  X D A T A   M E M O R Y  * * * * * * *
            XDATA   0000H     0022H     UNIT         _XDATA_GROUP_
            XDATA   0022H     0012H     UNIT         ?XD?_LEDSHOWINT?HD7279
            XDATA   0034H     000EH     UNIT         ?XD?HD7279
            XDATA   0042H     0008H     UNIT         ?XD?_MOTORVELCRL?BRUSHDCMOTOR
            XDATA   004AH     0006H     UNIT         ?XD?BRUSHDCMOTOR
            XDATA   0050H     0005H     UNIT         ?XD?P1IO
            XDATA   0055H     0004H     UNIT         ?XD?_TIMERELOADNUMINIT?TIMER
            XDATA   0059H     0002H     UNIT         ?XD?HD7279RECEIVEBYTE?HD7279
            XDATA   005BH     0002H     UNIT         ?XD?_TIMER8254GETCOUNTER?8254
            XDATA   005DH     0001H     UNIT         ?XD?SHOWINPUT?P1IO
            XDATA   005EH     0001H     UNIT         ?XD?_TIMERGETOVERFLOWITFLAG?TIMER
            XDATA   005FH     0001H     UNIT         ?XD?_TIMEMODEINIT?TIMER
            XDATA   0060H     0001H     UNIT         ?XD?IO8255INIT?8255
            XDATA   0061H     0001H     UNIT         ?XD?_TIMER8254COUNTERMODEINIT?8254
            XDATA   0062H     0001H     UNIT         ?XD?_TIMER8254TRIGGERMODEINIT?8254
            XDATA   0063H     0001H     UNIT         ?XD?_TIMER8254PRESCALERMODEINIT?8254
            XDATA   0064H     0001H     UNIT         ?XD?_TIMER8254SQUAREWAVEMODEINIT?8254
            XDATA   0065H     0001H     UNIT         ?XD?_TIMER8254SOFTWARESTROBEMODEINIT?8254
            XDATA   0066H     0001H     UNIT         ?XD?_TIMER8254HARDWARESTROBEMODEINIT?8254
            XDATA   0067H     0001H     UNIT         ?XD?STEPMOTOR
                    0068H     F798H                  *** GAP ***
            XDATA   F800H     0001H     ABSOLUTE     
* OVERLAP * XDATA   F800H     0001H     ABSOLUTE     
BL51 BANKED LINKER/LOCATER V6.22                                                      12/14/2017  21:50:21  PAGE 3


            XDATA   F801H     0001H     ABSOLUTE     
            XDATA   F802H     0001H     ABSOLUTE     
            XDATA   F803H     0001H     ABSOLUTE     
                    F804H     00FCH                  *** GAP ***
            XDATA   F900H     0001H     ABSOLUTE     
* OVERLAP * XDATA   F900H     0001H     ABSOLUTE     
            XDATA   F901H     0001H     ABSOLUTE     
            XDATA   F902H     0001H     ABSOLUTE     
            XDATA   F903H     0001H     ABSOLUTE     
                    F904H     00FCH                  *** GAP ***
            XDATA   FA00H     0001H     ABSOLUTE     
                    FA01H     00FFH                  *** GAP ***
            XDATA   FB00H     0001H     ABSOLUTE     

            * * * * * * *   C O D E   M E M O R Y   * * * * * * *
            CODE    0000H     0003H     ABSOLUTE     
            CODE    0003H     0003H     ABSOLUTE     
                    0006H     0005H                  *** GAP ***
            CODE    000BH     0003H     ABSOLUTE     
            CODE    000EH     0015H     UNIT         ?PR?_TIMEROVERFLOWITINIT?TIMER
            CODE    0023H     0003H     ABSOLUTE     
            CODE    0026H     0015H     UNIT         ?PR?_TIMER8254STARTTRIGGER?8254
            CODE    003BH     0003H     ABSOLUTE     
            CODE    003EH     08C9H     UNIT         ?C?LIB_CODE
            CODE    0907H     046FH     UNIT         ?PR?PRINTF?PRINTF
            CODE    0D76H     01DDH     UNIT         ?PR?_LEDSHOWFLOAT?HD7279
            CODE    0F53H     018AH     UNIT         ?PR?_LEDSHOWINT?HD7279
            CODE    10DDH     017BH     UNIT         ?PR?_STEPMOTORSPEEDCONTROL?STEPMOTOR
            CODE    1258H     00F6H     UNIT         ?PR?_MOTORVELCRL?BRUSHDCMOTOR
            CODE    134EH     00F2H     UNIT         ?PR?_UARTBAUDRATEINIT?USART
            CODE    1440H     00DFH     UNIT         ?PR?MAIN?MAIN
            CODE    151FH     00CCH     UNIT         ?PR?_CS5550READRES?CS5550
            CODE    15EBH     00AEH     UNIT         ?PR?TIME0?89C51_IT
            CODE    1699H     008CH     UNIT         ?C_C51STARTUP
            CODE    1725H     0076H     UNIT         ?PR?_GPIOINIT?GPIO
            CODE    179BH     0072H     UNIT         ?PR?_TIMERELOADNUMINIT?TIMER
            CODE    180DH     0072H     UNIT         ?PR?_IO8255SETBIT?8255
            CODE    187FH     006EH     UNIT         ?PR?_IO8255READBIT?8255
            CODE    18EDH     0060H     UNIT         ?PR?_TIMEMODEINIT?TIMER
            CODE    194DH     0059H     UNIT         ?PR?UART1_ITHANDLER?89C51_IT
            CODE    19A6H     0058H     UNIT         ?PR?_DELAYMS?DELAY
            CODE    19FEH     0053H     UNIT         ?PR?_TIMEINIT?TIMER
            CODE    1A51H     0052H     UNIT         ?PR?CS5550RECIEVEBYTE?CS5550
            CODE    1AA3H     0049H     UNIT         ?PR?_GPIOREADBIT?GPIO
            CODE    1AECH     0048H     UNIT         ?PR?HD7279RECEIVEBYTE?HD7279
            CODE    1B34H     0046H     UNIT         ?PR?_HD7279SENDBYTE?HD7279
            CODE    1B7AH     0045H     UNIT         ?PR?_CS5550WRITEBYTE?CS5550
            CODE    1BBFH     0044H     UNIT         ?PR?_BLINKIN4?P1IO
            CODE    1C03H     0044H     UNIT         ?C?LDIV
            CODE    1C47H     0041H     UNIT         ?PR?_TIMER8254GETCOUNTER?8254
            CODE    1C88H     003FH     UNIT         ?PR?_TIMER8254COUNTERMODEINIT?8254
            CODE    1CC7H     003DH     UNIT         ?PR?_FLOW?P1IO
            CODE    1D04H     003DH     UNIT         ?PR?_TIMER8254PRESCALERMODEINIT?8254
            CODE    1D41H     003DH     UNIT         ?PR?_TIMER8254SQUAREWAVEMODEINIT?8254
            CODE    1D7EH     003DH     UNIT         ?PR?_TIMER8254SOFTWARESTROBEMODEINIT?8254
            CODE    1DBBH     003DH     UNIT         ?PR?_TIMER8254HARDWARESTROBEMODEINIT?8254
            CODE    1DF8H     003CH     UNIT         ?PR?_DELAY10US?DELAY
BL51 BANKED LINKER/LOCATER V6.22                                                      12/14/2017  21:50:21  PAGE 4


            CODE    1E34H     0039H     UNIT         ?PR?IO8255INIT?8255
            CODE    1E6DH     0035H     UNIT         ?PR?_TIMER8254TRIGGERMODEINIT?8254
            CODE    1EA2H     0032H     UNIT         ?PR?_CS5550WRITERES?CS5550
            CODE    1ED4H     0030H     UNIT         ?C_INITSEG
            CODE    1F04H     002CH     UNIT         ?PR?_PWM0SETCOMPARE?PWM
            CODE    1F30H     0029H     UNIT         ?CO?HD7279
            CODE    1F59H     0028H     UNIT         ?PR?_TIMERCMD?TIMER
            CODE    1F81H     0027H     UNIT         ?PR?PUTCHAR?PUTCHAR
            CODE    1FA8H     0024H     UNIT         ?PR?_UARTMODEINIT?USART
            CODE    1FCCH     0024H     UNIT         ?PR?_UARTINIT?USART
            CODE    1FF0H     0024H     UNIT         ?PR?STEPMOTORPININIT?STEPMOTOR
            CODE    2014H     0022H     UNIT         ?PR?_GPIORESETBIT?GPIO
            CODE    2036H     001FH     UNIT         ?PR?_TIMERGETOVERFLOWITFLAG?TIMER
            CODE    2055H     001FH     UNIT         ?PR?_UARTGETFLAGSTATUS?USART
            CODE    2074H     001FH     UNIT         ?PR?_UARTSENDBYTE?USART
            CODE    2093H     001EH     UNIT         ?PR?_EXTERNALITINIT?89C51_IT
            CODE    20B1H     001EH     UNIT         ?PR?_GPIOSETBIT?GPIO
            CODE    20CFH     0018H     UNIT         ?PR?_CS5550WRITECMD?CS5550
            CODE    20E7H     0017H     UNIT         ?PR?_UARTITCONFIG?USART
            CODE    20FEH     0017H     UNIT         ?PR?CCP1INIT?PWM
            CODE    2115H     0016H     UNIT         ?PR?SHOWINPUT?P1IO
            CODE    212BH     0016H     UNIT         ?PR?_UARTRXCMD?USART
            CODE    2141H     0015H     UNIT         ?PR?_TIMER8254STARTHARDSTROBE?8254
            CODE    2156H     0013H     UNIT         ?PR?PWM0INIT?PWM
            CODE    2169H     0012H     UNIT         ?PR?_EXTERNALITCMD?89C51_IT
            CODE    217BH     0011H     UNIT         ?PR?_LEDWRITE?HD7279
            CODE    218CH     0011H     UNIT         ?PR?INTERINT0?89C51_IT
            CODE    219DH     0010H     UNIT         ?PR?_UARTCLEARFLAGSTATUS?USART
            CODE    21ADH     000FH     UNIT         ?PR?_UARTRECIEVEBYTE?USART
            CODE    21BCH     000EH     UNIT         ?PR?_TIMER8254CMD?8254
            CODE    21CAH     000CH     UNIT         ?PR?_TIMERCLEAROVERFLOWFLAG?TIMER
            CODE    21D6H     000BH     UNIT         ?PR?PCA_ITHANDLER?89C51_IT
            CODE    21E1H     0009H     UNIT         ?PR?KEYREAD?HD7279
            CODE    21EAH     0009H     UNIT         ?PR?_PWMCMD?PWM
            CODE    21F3H     0008H     UNIT         ?CO?USART



OVERLAY MAP OF MODULE:   .\Objects\keyLED (?C_STARTUP)


SEGMENT                                             BIT_GROUP          DATA_GROUP          XDATA_GROUP
  +--> CALLED SEGMENT                            START    LENGTH     START    LENGTH     START    LENGTH
--------------------------------------------------------------------------------------------------------
?C_C51STARTUP                                    -----    -----      -----    -----      -----    -----
  +--> ?PR?MAIN?MAIN
  +--> ?C_INITSEG

?PR?MAIN?MAIN                                    -----    -----      -----    -----      0000H    000CH
  +--> ?PR?_CS5550WRITECMD?CS5550
  +--> ?PR?_DELAYMS?DELAY
  +--> ?PR?_CS5550WRITERES?CS5550
  +--> ?PR?_CS5550READRES?CS5550
  +--> ?PR?_LEDSHOWFLOAT?HD7279

?PR?_CS5550WRITECMD?CS5550                       -----    -----      0022H    0005H      -----    -----
  +--> ?PR?_CS5550WRITEBYTE?CS5550
BL51 BANKED LINKER/LOCATER V6.22                                                      12/14/2017  21:50:21  PAGE 5



?PR?_CS5550WRITEBYTE?CS5550                      -----    -----      0027H    0001H      0010H    0001H
  +--> ?PR?_DELAY10US?DELAY

?PR?_DELAY10US?DELAY                             -----    -----      -----    -----      001FH    0003H

?PR?_DELAYMS?DELAY                               -----    -----      -----    -----      000CH    0005H

?PR?_CS5550WRITERES?CS5550                       -----    -----      0022H    0005H      -----    -----
  +--> ?PR?_CS5550WRITEBYTE?CS5550

?PR?_CS5550READRES?CS5550                        -----    -----      -----    -----      000CH    0004H
  +--> ?PR?_CS5550WRITEBYTE?CS5550
  +--> ?PR?CS5550RECIEVEBYTE?CS5550

?PR?CS5550RECIEVEBYTE?CS5550                     -----    -----      -----    -----      0010H    0002H
  +--> ?PR?_DELAY10US?DELAY

?PR?_LEDSHOWFLOAT?HD7279                         -----    -----      0022H    0004H      000CH    0012H
  +--> ?CO?HD7279
  +--> ?PR?PRINTF?PRINTF
  +--> ?PR?_LEDWRITE?HD7279

?PR?PRINTF?PRINTF                                0020H.0  0001H.1    0026H    001CH      -----    -----
  +--> ?PR?PUTCHAR?PUTCHAR

?PR?_LEDWRITE?HD7279                             -----    -----      0026H    0001H      -----    -----
  +--> ?PR?_HD7279SENDBYTE?HD7279

?PR?_HD7279SENDBYTE?HD7279                       -----    -----      0027H    0001H      001EH    0001H
  +--> ?PR?_DELAY10US?DELAY

*** NEW ROOT ***************************************************

?PR?TIME0?89C51_IT                               -----    -----      -----    -----      -----    -----
  +--> ?PR?_TIMERCLEAROVERFLOWFLAG?TIMER
  +--> ?PR?_TIMERCMD?TIMER

*** NEW ROOT ***************************************************

?PR?UART1_ITHANDLER?89C51_IT                     -----    -----      -----    -----      -----    -----
  +--> ?PR?_UARTGETFLAGSTATUS?USART
  +--> ?PR?_UARTRECIEVEBYTE?USART
  +--> ?PR?_UARTCLEARFLAGSTATUS?USART



UNRESOLVED EXTERNAL SYMBOLS:
   ITTIMES
   LEDITSTATUS
   UART1RECIEVE



SYMBOL TABLE OF MODULE:  .\Objects\keyLED (?C_STARTUP)

  VALUE           TYPE          NAME
BL51 BANKED LINKER/LOCATER V6.22                                                      12/14/2017  21:50:21  PAGE 6


  ----------------------------------

  -------         MODULE        ?C_STARTUP
  C:1699H         SEGMENT       ?C_C51STARTUP
  I:0073H         SEGMENT       ?STACK
  C:0000H         PUBLIC        ?C_STARTUP
  D:00E0H         SYMBOL        ACC
  D:00F0H         SYMBOL        B
  D:0083H         SYMBOL        DPH
  D:0082H         SYMBOL        DPL
  N:0000H         SYMBOL        IBPSTACK
  N:0100H         SYMBOL        IBPSTACKTOP
  N:0080H         SYMBOL        IDATALEN
  C:169CH         SYMBOL        IDATALOOP
  N:0000H         SYMBOL        PBPSTACK
  N:0100H         SYMBOL        PBPSTACKTOP
  N:0000H         SYMBOL        PDATALEN
  N:0000H         SYMBOL        PDATASTART
  N:0000H         SYMBOL        PPAGE
  N:0000H         SYMBOL        PPAGEENABLE
  D:00A0H         SYMBOL        PPAGE_SFR
  D:0081H         SYMBOL        SP
  C:1699H         SYMBOL        STARTUP1
  N:0000H         SYMBOL        XBPSTACK
  N:0000H         SYMBOL        XBPSTACKTOP
  N:0000H         SYMBOL        XDATALEN
  N:0000H         SYMBOL        XDATASTART
  C:0000H         LINE#         126
  C:1699H         LINE#         133
  C:169BH         LINE#         134
  C:169CH         LINE#         135
  C:169DH         LINE#         136
  C:169FH         LINE#         185
  C:16A2H         LINE#         196
  -------         ENDMOD        ?C_STARTUP

  -------         MODULE        MAIN
  C:0000H         SYMBOL        _ICE_DUMMY_
  D:0080H         PUBLIC        P0
  D:0090H         PUBLIC        P1
  D:00A0H         PUBLIC        P2
  D:00B0H         PUBLIC        P3
  D:00C0H         PUBLIC        P4
  D:00C8H         PUBLIC        P5
  D:00E8H         PUBLIC        P6
  D:00F8H         PUBLIC        P7
  D:00A8H         PUBLIC        IE
  D:00B8H         PUBLIC        IP
  D:0097H         PUBLIC        CLK_DIV
  D:00D8H         PUBLIC        CCON
  C:1440H         PUBLIC        main
  D:0098H         PUBLIC        SCON
  D:0088H         PUBLIC        TCON
  D:00D0H         PUBLIC        PSW
  -------         PROC          MAIN
  -------         DO            
  X:0000H         SYMBOL        adcGetValue
BL51 BANKED LINKER/LOCATER V6.22                                                      12/14/2017  21:50:21  PAGE 7


  X:0004H         SYMBOL        status
  X:0008H         SYMBOL        adcFloat
  -------         ENDDO         
  C:1440H         LINE#         692
  C:1440H         LINE#         693
  C:1440H         LINE#         731
  C:144AH         LINE#         732
  C:1454H         LINE#         733
  C:145EH         LINE#         735
  C:1466H         LINE#         737
  C:1476H         LINE#         738
  C:147DH         LINE#         739
  C:148EH         LINE#         740
  C:1495H         LINE#         741
  C:14A3H         LINE#         742
  C:14AAH         LINE#         743
  C:14BAH         LINE#         744
  C:14C1H         LINE#         745
  C:14D1H         LINE#         746
  C:14D8H         LINE#         749
  C:14D8H         LINE#         750
  C:14D8H         LINE#         751
  C:14DFH         LINE#         752
  C:14EAH         LINE#         753
  C:150CH         LINE#         755
  C:151DH         LINE#         759
  -------         ENDPROC       MAIN
  -------         ENDMOD        MAIN

  -------         MODULE        HD7279
  C:0000H         SYMBOL        _ICE_DUMMY_
  D:0080H         PUBLIC        P0
  D:0090H         PUBLIC        P1
  D:00A0H         PUBLIC        P2
  D:00B0H         PUBLIC        P3
  D:00C0H         PUBLIC        P4
  D:00C8H         PUBLIC        P5
  D:00E8H         PUBLIC        P6
  D:00F8H         PUBLIC        P7
  C:1B34H         PUBLIC        _HD7279SendByte
  D:00A8H         PUBLIC        IE
  D:00B8H         PUBLIC        IP
  X:0034H         PUBLIC        realCode
  D:00D8H         PUBLIC        CCON
  C:2182H         PUBLIC        _LedWrite
  C:0F53H         PUBLIC        _LEDShowInt
  C:21E1H         PUBLIC        KeyRead
  D:0098H         PUBLIC        SCON
  D:0088H         PUBLIC        TCON
  B:0090H.4       PUBLIC        dat
  B:0090H.7       PUBLIC        clk
  C:1F39H         SYMBOL        _?ix1000
  C:1F41H         SYMBOL        _?ix1001
  C:1F49H         SYMBOL        _?ix1002
  C:1F51H         SYMBOL        _?ix1003
  C:1AECH         PUBLIC        HD7279ReceiveByte
  B:0090H.6       PUBLIC        cs
BL51 BANKED LINKER/LOCATER V6.22                                                      12/14/2017  21:50:21  PAGE 8


  C:0D76H         PUBLIC        _LEDShowFloat
  D:00D0H         PUBLIC        PSW
  -------         PROC          _HD7279SENDBYTE
  D:0027H         SYMBOL        sendData
  -------         DO            
  X:001EH         SYMBOL        sendCounter
  -------         ENDDO         
  C:1B34H         LINE#         11
  C:1B36H         LINE#         12
  C:1B36H         LINE#         14
  C:1B3BH         LINE#         15
  C:1B3DH         LINE#         16
  C:1B43H         LINE#         18
  C:1B48H         LINE#         19
  C:1B48H         LINE#         20
  C:1B4DH         LINE#         21
  C:1B4DH         LINE#         22
  C:1B4FH         LINE#         23
  C:1B51H         LINE#         25
  C:1B51H         LINE#         26
  C:1B53H         LINE#         27
  C:1B53H         LINE#         28
  C:1B55H         LINE#         29
  C:1B5CH         LINE#         30
  C:1B5EH         LINE#         31
  C:1B65H         LINE#         32
  C:1B6BH         LINE#         33
  C:1B77H         LINE#         34
  C:1B79H         LINE#         35
  -------         ENDPROC       _HD7279SENDBYTE
  -------         PROC          HD7279RECEIVEBYTE
  -------         DO            
  X:0059H         SYMBOL        receiveCounter
  X:005AH         SYMBOL        receiveData
  -------         ENDDO         
  C:1AECH         LINE#         38
  C:1AECH         LINE#         39
  C:1AECH         LINE#         41
  C:1AF1H         LINE#         42
  C:1AF3H         LINE#         43
  C:1AF5H         LINE#         44
  C:1AFBH         LINE#         46
  C:1B00H         LINE#         47
  C:1B00H         LINE#         48
  C:1B02H         LINE#         49
  C:1B09H         LINE#         50
  C:1B10H         LINE#         51
  C:1B13H         LINE#         52
  C:1B13H         LINE#         53
  C:1B17H         LINE#         54
  C:1B17H         LINE#         56
  C:1B17H         LINE#         58
  C:1B17H         LINE#         59
  C:1B19H         LINE#         60
  C:1B20H         LINE#         61
  C:1B2CH         LINE#         62
  C:1B2EH         LINE#         63
BL51 BANKED LINKER/LOCATER V6.22                                                      12/14/2017  21:50:21  PAGE 9


  C:1B33H         LINE#         64
  -------         ENDPROC       HD7279RECEIVEBYTE
  -------         PROC          L?0056
  -------         ENDPROC       L?0056
  -------         PROC          _LEDWRITE
  D:0007H         SYMBOL        cmd
  D:0026H         SYMBOL        dataSend
  C:2182H         LINE#         67
  C:2184H         LINE#         68
  C:2184H         LINE#         69
  C:2187H         LINE#         71
  -------         ENDPROC       _LEDWRITE
  -------         PROC          KEYREAD
  C:21E1H         LINE#         75
  C:21E1H         LINE#         76
  C:21E1H         LINE#         77
  C:21E6H         LINE#         79
  C:21E9H         LINE#         80
  -------         ENDPROC       KEYREAD
  -------         PROC          _LEDSHOWINT
  D:001CH         SYMBOL        showData
  -------         DO            
  X:0022H         SYMBOL        LedData
  X:002AH         SYMBOL        i
  X:002BH         SYMBOL        tempBuff
  X:0033H         SYMBOL        dataLength
  -------         ENDDO         
  C:0F53H         LINE#         83
  C:0F5BH         LINE#         84
  C:0F5BH         LINE#         85
  C:0F6EH         LINE#         86
  C:0F73H         LINE#         87
  C:0F85H         LINE#         88
  C:0F8AH         LINE#         90
  C:0FB6H         LINE#         91
  C:0FB6H         LINE#         94
  C:0FD4H         LINE#         97
  C:0FE3H         LINE#         98
  C:0FE3H         LINE#         99
  C:0FF0H         LINE#         100
  C:0FF0H         LINE#         101
  C:0FF6H         LINE#         102
  C:0FF6H         LINE#         103
  C:0FFEH         LINE#         106
  C:1013H         LINE#         107
  C:1013H         LINE#         108
  C:1023H         LINE#         109
  C:1023H         LINE#         110
  C:104DH         LINE#         111
  C:1063H         LINE#         112
  C:1065H         LINE#         114
  C:1065H         LINE#         115
  C:108EH         LINE#         116
  C:108EH         LINE#         117
  C:1097H         LINE#         120
  C:109CH         LINE#         121
  C:109CH         LINE#         122
BL51 BANKED LINKER/LOCATER V6.22                                                      12/14/2017  21:50:21  PAGE 10


  C:10B5H         LINE#         123
  C:10C2H         LINE#         124
  C:10C2H         LINE#         126
  C:10C2H         LINE#         127
  C:10D1H         LINE#         128
  C:10D1H         LINE#         129
  C:10D4H         LINE#         130
  C:10DCH         LINE#         131
  C:10DCH         LINE#         132
  -------         ENDPROC       _LEDSHOWINT
  -------         PROC          _LEDSHOWFLOAT
  D:0022H         SYMBOL        showData
  -------         DO            
  X:000CH         SYMBOL        LedData
  X:0014H         SYMBOL        i
  X:0015H         SYMBOL        tempBuff
  X:001DH         SYMBOL        dataLength
  -------         ENDDO         
  C:0D76H         LINE#         134
  C:0D7EH         LINE#         135
  C:0D7EH         LINE#         136
  C:0D91H         LINE#         137
  C:0D96H         LINE#         138
  C:0DA8H         LINE#         139
  C:0DADH         LINE#         141
  C:0DDFH         LINE#         142
  C:0DDFH         LINE#         145
  C:0DFDH         LINE#         148
  C:0E0CH         LINE#         149
  C:0E0CH         LINE#         150
  C:0E19H         LINE#         151
  C:0E19H         LINE#         152
  C:0E1FH         LINE#         153
  C:0E1FH         LINE#         154
  C:0E27H         LINE#         157
  C:0E3CH         LINE#         158
  C:0E3CH         LINE#         159
  C:0E51H         LINE#         160
  C:0E51H         LINE#         161
  C:0E84H         LINE#         162
  C:0E9AH         LINE#         163
  C:0E9CH         LINE#         164
  C:0EAFH         LINE#         165
  C:0EAFH         LINE#         166
  C:0ED5H         LINE#         167
  C:0ED7H         LINE#         168
  C:0EDBH         LINE#         169
  C:0EDBH         LINE#         170
  C:0F04H         LINE#         171
  C:0F04H         LINE#         172
  C:0F0DH         LINE#         175
  C:0F12H         LINE#         176
  C:0F12H         LINE#         177
  C:0F2BH         LINE#         178
  C:0F38H         LINE#         179
  C:0F38H         LINE#         181
  C:0F38H         LINE#         182
BL51 BANKED LINKER/LOCATER V6.22                                                      12/14/2017  21:50:21  PAGE 11


  C:0F47H         LINE#         183
  C:0F47H         LINE#         184
  C:0F4AH         LINE#         185
  C:0F52H         LINE#         186
  C:0F52H         LINE#         187
  -------         ENDPROC       _LEDSHOWFLOAT
  -------         ENDMOD        HD7279

  -------         MODULE        DELAY
  C:0000H         SYMBOL        _ICE_DUMMY_
  C:1DF8H         PUBLIC        _Delay10Us
  C:19A6H         PUBLIC        _DelayMs
  -------         PROC          _DELAYMS
  D:0006H         SYMBOL        timeMs
  -------         DO            
  X:000CH         SYMBOL        nMsCounter
  X:000EH         SYMBOL        msCounter
  X:0010H         SYMBOL        i
  -------         ENDDO         
  C:19A6H         LINE#         4
  C:19A6H         LINE#         5
  C:19A6H         LINE#         7
  C:19ADH         LINE#         8
  C:19B1H         LINE#         9
  C:19B3H         LINE#         10
  C:19C6H         LINE#         11
  C:19C6H         LINE#         12
  C:19CDH         LINE#         13
  C:19CDH         LINE#         14
  C:19D3H         LINE#         15
  C:19EDH         LINE#         16
  C:19FDH         LINE#         17
  -------         ENDPROC       _DELAYMS
  -------         PROC          _DELAY10US
  D:0006H         SYMBOL        timeUs
  -------         DO            
  X:001FH         SYMBOL        nUsCounter
  X:0021H         SYMBOL        usCounter
  -------         ENDDO         
  C:1DF8H         LINE#         20
  C:1DF8H         LINE#         21
  C:1DF8H         LINE#         23
  C:1DFFH         LINE#         24
  C:1E01H         LINE#         25
  C:1E14H         LINE#         26
  C:1E14H         LINE#         27
  C:1E19H         LINE#         28
  C:1E19H         LINE#         30
  C:1E23H         LINE#         31
  C:1E33H         LINE#         32
  -------         ENDPROC       _DELAY10US
  -------         ENDMOD        DELAY

  -------         MODULE        BASICIO
  C:0000H         SYMBOL        _ICE_DUMMY_
  X:FB00H         PUBLIC        chip245Adress
  X:FA00H         PUBLIC        chip374Adress
BL51 BANKED LINKER/LOCATER V6.22                                                      12/14/2017  21:50:21  PAGE 12


  -------         ENDMOD        BASICIO

  -------         MODULE        DECODE
  C:0000H         SYMBOL        _ICE_DUMMY_
  X:F800H         PUBLIC        decodeAdress1
  X:F900H         PUBLIC        decodeAdress2
  -------         ENDMOD        DECODE

  -------         MODULE        P1IO
  C:0000H         SYMBOL        _ICE_DUMMY_
  D:0080H         PUBLIC        P0
  D:0090H         PUBLIC        P1
  D:00A0H         PUBLIC        P2
  D:00B0H         PUBLIC        P3
  D:00C0H         PUBLIC        P4
  D:00C8H         PUBLIC        P5
  D:00E8H         PUBLIC        P6
  D:00F8H         PUBLIC        P7
  D:00A8H         PUBLIC        IE
  D:00B8H         PUBLIC        IP
  C:1CC7H         PUBLIC        _Flow
  D:00D8H         PUBLIC        CCON
  D:0098H         PUBLIC        SCON
  D:0088H         PUBLIC        TCON
  C:2115H         PUBLIC        ShowInput
  C:1BBFH         PUBLIC        _BlinkIn4
  D:00D0H         PUBLIC        PSW
  -------         PROC          _BLINKIN4
  D:006EH         SYMBOL        period
  -------         DO            
  X:0050H         SYMBOL        blinkTimeCounter
  -------         ENDDO         
  C:1BBFH         LINE#         6
  C:1BC3H         LINE#         7
  C:1BC3H         LINE#         10
  C:1BD1H         LINE#         11
  C:1BF0H         LINE#         13
  C:1BFBH         LINE#         14
  C:1BFBH         LINE#         15
  C:1BFEH         LINE#         16
  C:1BFFH         LINE#         18
  C:1BFFH         LINE#         19
  C:1C02H         LINE#         20
  C:1C02H         LINE#         21
  -------         ENDPROC       _BLINKIN4
  -------         PROC          _FLOW
  D:0004H         SYMBOL        flowPeriod
  -------         DO            
  X:0052H         SYMBOL        flowCounter
  X:0054H         SYMBOL        flowState
  -------         ENDDO         
  C:1CC7H         LINE#         24
  C:1CCBH         LINE#         25
  C:1CCBH         LINE#         29
  C:1CD9H         LINE#         30
  C:1CE9H         LINE#         33
  C:1CEFH         LINE#         35
BL51 BANKED LINKER/LOCATER V6.22                                                      12/14/2017  21:50:21  PAGE 13


  C:1CF3H         LINE#         36
  C:1CF3H         LINE#         37
  C:1CF8H         LINE#         38
  C:1CF8H         LINE#         39
  C:1CFCH         LINE#         40
  C:1CFDH         LINE#         42
  C:1CFDH         LINE#         43
  C:1D03H         LINE#         44
  C:1D03H         LINE#         45
  C:1D03H         LINE#         47
  -------         ENDPROC       _FLOW
  -------         PROC          SHOWINPUT
  -------         DO            
  X:005DH         SYMBOL        p1Input
  -------         ENDDO         
  C:2115H         LINE#         50
  C:2115H         LINE#         51
  C:2115H         LINE#         52
  C:211AH         LINE#         55
  C:211DH         LINE#         57
  C:2122H         LINE#         59
  C:2127H         LINE#         60
  C:212AH         LINE#         62
  -------         ENDPROC       SHOWINPUT
  -------         ENDMOD        P1IO

  -------         MODULE        DATAMEMORY
  C:0000H         SYMBOL        _ICE_DUMMY_
  D:0080H         PUBLIC        P0
  D:0090H         PUBLIC        P1
  D:00A0H         PUBLIC        P2
  D:00B0H         PUBLIC        P3
  D:00C0H         PUBLIC        P4
  D:00C8H         PUBLIC        P5
  D:00E8H         PUBLIC        P6
  D:00F8H         PUBLIC        P7
  D:00A8H         PUBLIC        IE
  D:00B8H         PUBLIC        IP
  D:00D8H         PUBLIC        CCON
  D:0098H         PUBLIC        SCON
  D:0088H         PUBLIC        TCON
  D:00D0H         PUBLIC        PSW
  -------         ENDMOD        DATAMEMORY

  -------         MODULE        TIMER
  C:0000H         SYMBOL        _ICE_DUMMY_
  D:0080H         PUBLIC        P0
  D:0090H         PUBLIC        P1
  D:00A0H         PUBLIC        P2
  D:00B0H         PUBLIC        P3
  D:00C0H         PUBLIC        P4
  D:00C8H         PUBLIC        P5
  B:00A8H.7       PUBLIC        EA
  D:00E8H         PUBLIC        P6
  D:00F8H         PUBLIC        P7
  D:00A8H         PUBLIC        IE
  B:00A8H.1       PUBLIC        ETx
BL51 BANKED LINKER/LOCATER V6.22                                                      12/14/2017  21:50:21  PAGE 14


  C:000EH         PUBLIC        _TimerOverFlowItInit
  D:00B8H         PUBLIC        IP
  C:1F59H         PUBLIC        _TimerCmd
  D:00D8H         PUBLIC        CCON
  C:21CAH         PUBLIC        _TimerClearOverFlowFlag
  C:19FEH         PUBLIC        _TimeInit
  C:18EDH         PUBLIC        _TimeModeInit
  D:0098H         PUBLIC        SCON
  D:0089H         PUBLIC        TMOD
  D:0088H         PUBLIC        TCON
  C:179BH         PUBLIC        _TimeReloadNumInit
  B:0088H.5       PUBLIC        TF0
  B:0088H.7       PUBLIC        TF1
  D:008CH         PUBLIC        TH0
  D:008DH         PUBLIC        TH1
  D:008AH         PUBLIC        TL0
  D:008BH         PUBLIC        TL1
  D:00D0H         PUBLIC        PSW
  C:2036H         PUBLIC        _TimerGetOverFlowITFlag
  -------         PROC          _TIMERCMD
  D:0007H         SYMBOL        TIMx
  D:0005H         SYMBOL        newState
  C:1F59H         LINE#         5
  C:1F59H         LINE#         6
  C:1F59H         LINE#         8
  C:1F5CH         LINE#         9
  C:1F5CH         LINE#         10
  C:1F6DH         LINE#         11
  C:1F6EH         LINE#         13
  C:1F6EH         LINE#         14
  C:1F80H         LINE#         15
  C:1F80H         LINE#         17
  -------         ENDPROC       _TIMERCMD
  -------         PROC          _TIMERGETOVERFLOWITFLAG
  D:0007H         SYMBOL        TIMx
  -------         DO            
  X:005EH         SYMBOL        tempItFlag
  -------         ENDDO         
  C:2036H         LINE#         20
  C:2036H         LINE#         21
  C:2036H         LINE#         22
  C:203BH         LINE#         24
  C:203EH         LINE#         25
  C:203EH         LINE#         26
  C:2042H         LINE#         27
  C:2044H         LINE#         28
  C:2047H         LINE#         29
  C:2047H         LINE#         30
  C:204FH         LINE#         31
  C:204FH         LINE#         32
  C:2054H         LINE#         33
  -------         ENDPROC       _TIMERGETOVERFLOWITFLAG
  -------         PROC          _TIMERCLEAROVERFLOWFLAG
  D:0007H         SYMBOL        TIMx
  C:21CAH         LINE#         36
  C:21CAH         LINE#         37
  C:21CAH         LINE#         39
BL51 BANKED LINKER/LOCATER V6.22                                                      12/14/2017  21:50:21  PAGE 15


  C:21CDH         LINE#         40
  C:21CDH         LINE#         41
  C:21CFH         LINE#         42
  C:21D0H         LINE#         43
  C:21D3H         LINE#         44
  C:21D3H         LINE#         45
  C:21D5H         LINE#         46
  C:21D5H         LINE#         47
  -------         ENDPROC       _TIMERCLEAROVERFLOWFLAG
  -------         PROC          _TIMEMODEINIT
  D:0007H         SYMBOL        TIMx
  D:0062H         SYMBOL        timeMode
  -------         DO            
  X:005FH         SYMBOL        tempCrl
  -------         ENDDO         
  C:18EDH         LINE#         50
  C:18EDH         LINE#         51
  C:18EDH         LINE#         52
  C:18F2H         LINE#         56
  C:1908H         LINE#         58
  C:191EH         LINE#         60
  C:193CH         LINE#         62
  C:194CH         LINE#         63
  -------         ENDPROC       _TIMEMODEINIT
  -------         PROC          _TIMERELOADNUMINIT
  D:0042H         SYMBOL        TIMx
  D:0005H         SYMBOL        timerMode
  D:0044H         SYMBOL        timerPeriod
  D:0048H         SYMBOL        mechinePeriod
  -------         DO            
  X:0055H         SYMBOL        bitNum
  X:0057H         SYMBOL        reloadNum
  -------         ENDDO         
  C:179BH         LINE#         66
  C:179DH         LINE#         67
  C:179DH         LINE#         68
  C:17A4H         LINE#         69
  C:17A8H         LINE#         72
  C:17AEH         LINE#         73
  C:17AEH         LINE#         74
  C:17B6H         LINE#         75
  C:17B8H         LINE#         77
  C:17B8H         LINE#         78
  C:17C1H         LINE#         79
  C:17C1H         LINE#         82
  C:17EAH         LINE#         86
  C:17EEH         LINE#         87
  C:17EEH         LINE#         88
  C:17F7H         LINE#         89
  C:17FAH         LINE#         90
  C:17FBH         LINE#         91
  C:1800H         LINE#         92
  C:1800H         LINE#         93
  C:1809H         LINE#         94
  C:180CH         LINE#         95
  C:180CH         LINE#         97
  -------         ENDPROC       _TIMERELOADNUMINIT
BL51 BANKED LINKER/LOCATER V6.22                                                      12/14/2017  21:50:21  PAGE 16


  -------         PROC          _TIMEINIT
  D:0008H         SYMBOL        TIMx
  D:0009H         SYMBOL        timeMode
  D:000DH         SYMBOL        timerPeriod
  D:0011H         SYMBOL        mechinePeriod
  C:19FEH         LINE#         100
  C:1A00H         LINE#         101
  C:1A00H         LINE#         104
  C:1A18H         LINE#         107
  C:1A31H         LINE#         108
  C:1A36H         LINE#         109
  C:1A36H         LINE#         110
  C:1A3AH         LINE#         111
  C:1A3AH         LINE#         112
  C:1A3CH         LINE#         113
  C:1A3EH         LINE#         114
  C:1A40H         LINE#         115
  C:1A45H         LINE#         116
  C:1A45H         LINE#         117
  C:1A48H         LINE#         118
  C:1A4AH         LINE#         119
  C:1A4AH         LINE#         120
  C:1A4AH         LINE#         123
  -------         ENDPROC       _TIMEINIT
  -------         PROC          _TIMEROVERFLOWITINIT
  D:0007H         SYMBOL        TIMx
  D:0005H         SYMBOL        newState
  C:000EH         LINE#         129
  C:000EH         LINE#         130
  C:000EH         LINE#         132
  C:0011H         LINE#         133
  C:0011H         LINE#         134
  C:0013H         LINE#         135
  C:0013H         LINE#         136
  C:001DH         LINE#         137
  C:0022H         LINE#         138
  -------         ENDPROC       _TIMEROVERFLOWITINIT
  -------         ENDMOD        TIMER

  -------         MODULE        89C51_IT
  C:0000H         SYMBOL        _ICE_DUMMY_
  D:0080H         PUBLIC        P0
  D:0090H         PUBLIC        P1
  D:00A0H         PUBLIC        P2
  D:00B0H         PUBLIC        P3
  D:00C0H         PUBLIC        P4
  D:00C8H         PUBLIC        P5
  D:00E8H         PUBLIC        P6
  D:00F8H         PUBLIC        P7
  B:00D8H.7       PUBLIC        CF
  D:00A8H         PUBLIC        IE
  C:21D6H         PUBLIC        PCA_ITHandler
  D:00B8H         PUBLIC        IP
  C:218CH         PUBLIC        interint0
  D:00D8H         PUBLIC        CCON
  C:194DH         PUBLIC        UART1_ITHandler
  D:0098H         PUBLIC        SCON
BL51 BANKED LINKER/LOCATER V6.22                                                      12/14/2017  21:50:21  PAGE 17


  D:0088H         PUBLIC        TCON
  D:008DH         PUBLIC        TH1
  B:0088H.0       PUBLIC        IT0
  B:00A8H.0       PUBLIC        EX0
  B:0088H.2       PUBLIC        IT1
  B:00A8H.2       PUBLIC        EX1
  D:008BH         PUBLIC        TL1
  C:15EBH         PUBLIC        time0
  D:00D0H         PUBLIC        PSW
  C:2169H         PUBLIC        _ExternalITCmd
  B:00D8H.0       PUBLIC        CCF0
  C:2093H         PUBLIC        _ExternalITInit
  -------         PROC          _EXTERNALITCMD
  D:0007H         SYMBOL        exITx
  D:0005H         SYMBOL        newState
  C:2169H         LINE#         9
  C:2169H         LINE#         10
  C:2169H         LINE#         11
  C:216CH         LINE#         12
  C:216CH         LINE#         13
  C:2171H         LINE#         14
  C:2172H         LINE#         15
  C:2175H         LINE#         16
  C:2175H         LINE#         17
  C:217AH         LINE#         18
  C:217AH         LINE#         19
  -------         ENDPROC       _EXTERNALITCMD
  -------         PROC          _EXTERNALITINIT
  D:0007H         SYMBOL        exITx
  D:0005H         SYMBOL        triggerMode
  C:2093H         LINE#         21
  C:2093H         LINE#         22
  C:2093H         LINE#         23
  C:2096H         LINE#         24
  C:2096H         LINE#         25
  C:209BH         LINE#         26
  C:209FH         LINE#         27
  C:20A1H         LINE#         28
  C:20A4H         LINE#         29
  C:20A4H         LINE#         30
  C:20A9H         LINE#         31
  C:20B0H         LINE#         32
  C:20B0H         LINE#         33
  -------         ENDPROC       _EXTERNALITINIT
  -------         PROC          INTERINT0
  C:218CH         LINE#         36
  C:218EH         LINE#         38
  C:2192H         LINE#         39
  C:2192H         LINE#         40
  C:2195H         LINE#         41
  C:2197H         LINE#         43
  C:2197H         LINE#         44
  C:219AH         LINE#         45
  C:219AH         LINE#         46
  -------         ENDPROC       INTERINT0
  -------         PROC          TIME0
  C:15EBH         LINE#         49
BL51 BANKED LINKER/LOCATER V6.22                                                      12/14/2017  21:50:21  PAGE 18


  C:1608H         LINE#         51
  C:160DH         LINE#         52
  C:160FH         LINE#         53
  C:1618H         LINE#         54
  C:161CH         LINE#         55
  C:161CH         LINE#         56
  C:1620H         LINE#         57
  C:1620H         LINE#         58
  C:1623H         LINE#         59
  C:1625H         LINE#         61
  C:1625H         LINE#         62
  C:1628H         LINE#         63
  C:1628H         LINE#         64
  C:1628H         LINE#         70
  C:162FH         LINE#         71
  C:1639H         LINE#         72
  C:1644H         LINE#         73
  C:1647H         LINE#         74
  C:164AH         LINE#         75
  C:1651H         LINE#         77
  C:167EH         LINE#         78
  -------         ENDPROC       TIME0
  -------         PROC          UART1_ITHANDLER
  C:194DH         LINE#         82
  C:196AH         LINE#         84
  C:1974H         LINE#         85
  C:1974H         LINE#         86
  C:197BH         LINE#         87
  C:1982H         LINE#         88
  C:1984H         LINE#         89
  C:198BH         LINE#         90
  C:198BH         LINE#         92
  C:198BH         LINE#         93
  -------         ENDPROC       UART1_ITHANDLER
  -------         PROC          PCA_ITHANDLER
  C:21D6H         LINE#         95
  C:21D6H         LINE#         97
  C:21D9H         LINE#         98
  C:21D9H         LINE#         99
  C:21DBH         LINE#         101
  C:21DBH         LINE#         102
  C:21DEH         LINE#         103
  C:21DEH         LINE#         104
  C:21E0H         LINE#         105
  C:21E0H         LINE#         108
  -------         ENDPROC       PCA_ITHANDLER
  -------         ENDMOD        89C51_IT

  -------         MODULE        USART
  C:0000H         SYMBOL        _ICE_DUMMY_
  D:0080H         PUBLIC        P0
  D:0090H         PUBLIC        P1
  D:00A0H         PUBLIC        P2
  C:134EH         PUBLIC        _UARTBaudrateInit
  D:00B0H         PUBLIC        P3
  D:00C0H         PUBLIC        P4
  D:00C8H         PUBLIC        P5
BL51 BANKED LINKER/LOCATER V6.22                                                      12/14/2017  21:50:21  PAGE 19


  B:00A8H.7       PUBLIC        EA
  D:00E8H         PUBLIC        P6
  D:00F8H         PUBLIC        P7
  D:00A8H         PUBLIC        IE
  B:00A8H.4       PUBLIC        ES
  D:00B8H         PUBLIC        IP
  C:21ADH         PUBLIC        _UARTRecieveByte
  C:212BH         PUBLIC        _UARTRxCmd
  B:00B8H.4       PUBLIC        PS
  D:00D8H         PUBLIC        CCON
  C:219DH         PUBLIC        _UARTClearFlagStatus
  D:0099H         PUBLIC        SBUF
  D:0087H         PUBLIC        PCON
  D:0098H         PUBLIC        SCON
  D:0088H         PUBLIC        TCON
  C:20E7H         PUBLIC        _UARTITConfig
  D:00AFH         PUBLIC        IE2
  D:008EH         PUBLIC        AUXR
  C:21F3H         SYMBOL        _?ix1000
  C:21F7H         SYMBOL        _?ix1001
  D:00B5H         PUBLIC        IP2
  C:1FCCH         PUBLIC        _UARTInit
  C:1FA8H         PUBLIC        _UARTModeInit
  B:0098H.4       PUBLIC        RENx
  C:2074H         PUBLIC        _UARTSendByte
  D:009BH         PUBLIC        S2BUF
  C:2055H         PUBLIC        _UARTGetFlagStatus
  D:009AH         PUBLIC        S2CON
  D:00D0H         PUBLIC        PSW
  -------         PROC          _UARTMODEINIT
  D:0007H         SYMBOL        UARTx
  D:0005H         SYMBOL        UARTMode
  C:1FA8H         LINE#         7
  C:1FA8H         LINE#         8
  C:1FA8H         LINE#         9
  C:1FABH         LINE#         10
  C:1FABH         LINE#         11
  C:1FB9H         LINE#         12
  C:1FBAH         LINE#         13
  C:1FBDH         LINE#         14
  C:1FBDH         LINE#         15
  C:1FCBH         LINE#         16
  C:1FCBH         LINE#         17
  -------         ENDPROC       _UARTMODEINIT
  -------         PROC          _UARTBAUDRATEINIT
  D:0013H         SYMBOL        UARTx
  D:0005H         SYMBOL        UARTMode
  D:0003H         SYMBOL        isBaudrateDouble
  D:0016H         SYMBOL        baudRate
  -------         DO            
  D:0018H         SYMBOL        timeMode
  D:0018H         SYMBOL        timeMode
  -------         ENDDO         
  -------         DO            
  D:0018H         SYMBOL        timeMode
  -------         ENDDO         
  C:134EH         LINE#         19
BL51 BANKED LINKER/LOCATER V6.22                                                      12/14/2017  21:50:21  PAGE 20


  C:1350H         LINE#         20
  C:1350H         LINE#         21
  C:1354H         LINE#         22
  C:1354H         LINE#         23
  C:1363H         LINE#         24
  C:1363H         LINE#         25
  C:1363H         LINE#         26
  C:1363H         LINE#         28
  C:1363H         LINE#         29
  C:136FH         LINE#         30
  C:136FH         LINE#         31
  C:136FH         LINE#         32
  C:136FH         LINE#         33
  C:136FH         LINE#         34
  C:1373H         LINE#         35
  C:1373H         LINE#         37
  C:1384H         LINE#         40
  C:1387H         LINE#         41
  C:1389H         LINE#         42
  C:138BH         LINE#         43
  C:138DH         LINE#         45
  C:13D1H         LINE#         47
  C:13D4H         LINE#         48
  C:13D5H         LINE#         49
  C:13D9H         LINE#         50
  C:13D9H         LINE#         52
  C:13D9H         LINE#         53
  C:13DAH         LINE#         54
  C:13DAH         LINE#         56
  C:13DAH         LINE#         57
  C:13DAH         LINE#         58
  C:13DEH         LINE#         59
  C:13DEH         LINE#         61
  C:13EFH         LINE#         64
  C:13F2H         LINE#         65
  C:13F4H         LINE#         66
  C:13F6H         LINE#         67
  C:13F8H         LINE#         69
  C:143CH         LINE#         71
  C:143FH         LINE#         72
  C:143FH         LINE#         73
  C:143FH         LINE#         74
  C:143FH         LINE#         76
  C:143FH         LINE#         77
  C:143FH         LINE#         78
  C:143FH         LINE#         79
  C:143FH         LINE#         80
  C:143FH         LINE#         81
  -------         ENDPROC       _UARTBAUDRATEINIT
  -------         PROC          _UARTRXCMD
  D:0007H         SYMBOL        UARTx
  D:0005H         SYMBOL        newState
  C:212BH         LINE#         84
  C:212BH         LINE#         85
  C:212BH         LINE#         86
  C:212EH         LINE#         87
  C:212EH         LINE#         88
BL51 BANKED LINKER/LOCATER V6.22                                                      12/14/2017  21:50:21  PAGE 21


  C:212EH         LINE#         89
  C:2130H         LINE#         90
  C:2133H         LINE#         91
  C:2133H         LINE#         92
  C:213BH         LINE#         93
  C:2140H         LINE#         94
  C:2140H         LINE#         95
  -------         ENDPROC       _UARTRXCMD
  -------         PROC          _UARTGETFLAGSTATUS
  D:0007H         SYMBOL        UARTx
  D:0005H         SYMBOL        UARTFlag
  C:2055H         LINE#         97
  C:2055H         LINE#         98
  C:2055H         LINE#         99
  C:2058H         LINE#         100
  C:2058H         LINE#         101
  C:205DH         LINE#         102
  C:205DH         LINE#         103
  C:2060H         LINE#         104
  C:2060H         LINE#         106
  C:2060H         LINE#         107
  C:2063H         LINE#         108
  C:2063H         LINE#         109
  C:2063H         LINE#         110
  C:2066H         LINE#         111
  C:2066H         LINE#         112
  C:206BH         LINE#         113
  C:206BH         LINE#         114
  C:206EH         LINE#         115
  C:206EH         LINE#         117
  C:206EH         LINE#         118
  C:2071H         LINE#         119
  C:2071H         LINE#         120
  C:2071H         LINE#         122
  C:2071H         LINE#         123
  C:2073H         LINE#         124
  C:2073H         LINE#         125
  -------         ENDPROC       _UARTGETFLAGSTATUS
  -------         PROC          _UARTCLEARFLAGSTATUS
  D:0007H         SYMBOL        UARTx
  D:0005H         SYMBOL        UARTFlag
  C:219DH         LINE#         127
  C:219DH         LINE#         128
  C:219DH         LINE#         129
  C:21A0H         LINE#         130
  C:21A0H         LINE#         131
  C:21A4H         LINE#         132
  C:21A5H         LINE#         133
  C:21A8H         LINE#         134
  C:21A8H         LINE#         135
  C:21ACH         LINE#         136
  C:21ACH         LINE#         137
  -------         ENDPROC       _UARTCLEARFLAGSTATUS
  -------         PROC          _UARTSENDBYTE
  D:0006H         SYMBOL        UARTx
  D:0005H         SYMBOL        sendData
  C:2074H         LINE#         139
BL51 BANKED LINKER/LOCATER V6.22                                                      12/14/2017  21:50:21  PAGE 22


  C:2076H         LINE#         140
  C:2076H         LINE#         141
  C:2079H         LINE#         142
  C:2079H         LINE#         143
  C:207BH         LINE#         144
  C:207DH         LINE#         145
  C:2080H         LINE#         146
  C:2080H         LINE#         147
  C:2082H         LINE#         149
  C:2082H         LINE#         150
  C:208CH         LINE#         151
  -------         ENDPROC       _UARTSENDBYTE
  -------         PROC          _UARTRECIEVEBYTE
  D:0007H         SYMBOL        UARTx
  C:21ADH         LINE#         154
  C:21ADH         LINE#         155
  C:21ADH         LINE#         156
  C:21B0H         LINE#         157
  C:21B0H         LINE#         158
  C:21B3H         LINE#         159
  C:21B3H         LINE#         160
  C:21B6H         LINE#         161
  C:21B6H         LINE#         162
  C:21B9H         LINE#         163
  C:21B9H         LINE#         165
  C:21B9H         LINE#         166
  C:21BBH         LINE#         167
  C:21BBH         LINE#         168
  -------         ENDPROC       _UARTRECIEVEBYTE
  -------         PROC          _UARTINIT
  D:005AH         SYMBOL        UARTx
  D:005BH         SYMBOL        UARTMode
  D:005FH         SYMBOL        baudRate
  C:1FCCH         LINE#         170
  C:1FCEH         LINE#         171
  C:1FCEH         LINE#         172
  C:1FD3H         LINE#         174
  C:1FE2H         LINE#         176
  C:1FE9H         LINE#         178
  -------         ENDPROC       _UARTINIT
  -------         PROC          _UARTITCONFIG
  D:0007H         SYMBOL        UARTx
  D:0005H         SYMBOL        UARTPriority
  C:20E7H         LINE#         182
  C:20E7H         LINE#         183
  C:20E7H         LINE#         184
  C:20E9H         LINE#         185
  C:20ECH         LINE#         186
  C:20ECH         LINE#         188
  C:20EEH         LINE#         189
  C:20F3H         LINE#         190
  C:20F4H         LINE#         191
  C:20F7H         LINE#         192
  C:20F7H         LINE#         193
  C:20FAH         LINE#         194
  C:20FDH         LINE#         195
  C:20FDH         LINE#         196
BL51 BANKED LINKER/LOCATER V6.22                                                      12/14/2017  21:50:21  PAGE 23


  -------         ENDPROC       _UARTITCONFIG
  -------         ENDMOD        USART

  -------         MODULE        8255
  C:0000H         SYMBOL        _ICE_DUMMY_
  C:1E34H         PUBLIC        IO8255Init
  C:187FH         PUBLIC        _IO8255ReadBit
  X:F803H         PUBLIC        IO8255PortCtl
  C:180DH         PUBLIC        _IO8255SetBit
  X:F800H         PUBLIC        IO8255PortA
  X:F801H         PUBLIC        IO8255PortB
  X:F802H         PUBLIC        IO8255PortC
  -------         PROC          IO8255INIT
  D:004AH         SYMBOL        IO8255InitStuction
  -------         DO            
  X:0060H         SYMBOL        initData
  -------         ENDDO         
  C:1E34H         LINE#         8
  C:1E34H         LINE#         9
  C:1E34H         LINE#         10
  C:1E3AH         LINE#         12
  C:1E44H         LINE#         13
  C:1E4CH         LINE#         15
  C:1E55H         LINE#         16
  C:1E5CH         LINE#         18
  C:1E65H         LINE#         20
  C:1E68H         LINE#         22
  C:1E6CH         LINE#         24
  -------         ENDPROC       IO8255INIT
  -------         PROC          _IO8255SETBIT
  D:0007H         SYMBOL        IOPort
  D:0005H         SYMBOL        IOBit
  D:0003H         SYMBOL        state
  C:180DH         LINE#         26
  C:180DH         LINE#         27
  C:180DH         LINE#         28
  C:1810H         LINE#         29
  C:1810H         LINE#         30
  C:181BH         LINE#         31
  C:181BH         LINE#         32
  C:181BH         LINE#         33
  C:182AH         LINE#         34
  C:182CH         LINE#         35
  C:182CH         LINE#         36
  C:183EH         LINE#         37
  C:183FH         LINE#         38
  C:183FH         LINE#         39
  C:1844H         LINE#         40
  C:1846H         LINE#         41
  C:1846H         LINE#         42
  C:1846H         LINE#         43
  C:1846H         LINE#         44
  C:1846H         LINE#         46
  C:1846H         LINE#         47
  C:1851H         LINE#         48
  C:1851H         LINE#         49
  C:1851H         LINE#         50
BL51 BANKED LINKER/LOCATER V6.22                                                      12/14/2017  21:50:21  PAGE 24


  C:1861H         LINE#         51
  C:1863H         LINE#         52
  C:1863H         LINE#         53
  C:1876H         LINE#         54
  C:1877H         LINE#         55
  C:1877H         LINE#         56
  C:187EH         LINE#         57
  C:187EH         LINE#         58
  C:187EH         LINE#         59
  C:187EH         LINE#         60
  C:187EH         LINE#         61
  C:187EH         LINE#         62
  -------         ENDPROC       _IO8255SETBIT
  -------         PROC          _IO8255READBIT
  D:0007H         SYMBOL        IOPort
  D:0005H         SYMBOL        IOBit
  C:187FH         LINE#         65
  C:187FH         LINE#         66
  C:187FH         LINE#         67
  C:188AH         LINE#         68
  C:188AH         LINE#         69
  C:188AH         LINE#         70
  C:18AAH         LINE#         71
  C:18AAH         LINE#         72
  C:18AAH         LINE#         73
  C:18CAH         LINE#         74
  C:18CAH         LINE#         75
  C:18CAH         LINE#         76
  C:18ECH         LINE#         77
  C:18ECH         LINE#         78
  C:18ECH         LINE#         79
  C:18ECH         LINE#         80
  C:18ECH         LINE#         81
  -------         ENDPROC       _IO8255READBIT
  -------         ENDMOD        8255

  -------         MODULE        8254
  C:0000H         SYMBOL        _ICE_DUMMY_
  D:0080H         PUBLIC        P0
  D:0090H         PUBLIC        P1
  D:00A0H         PUBLIC        P2
  D:00B0H         PUBLIC        P3
  C:1D41H         PUBLIC        _Timer8254SquareWaveModeInit
  D:00C0H         PUBLIC        P4
  D:00C8H         PUBLIC        P5
  D:00E8H         PUBLIC        P6
  D:00F8H         PUBLIC        P7
  D:00A8H         PUBLIC        IE
  D:00B8H         PUBLIC        IP
  C:1DBBH         PUBLIC        _Timer8254HardwareStrobeModeInit
  C:1D04H         PUBLIC        _Timer8254PrescalerModeInit
  X:F903H         PUBLIC        timer8254Ctr
  D:00D8H         PUBLIC        CCON
  X:F900H         PUBLIC        timer8254Timer0Base
  X:F901H         PUBLIC        timer8254Timer1Base
  X:F902H         PUBLIC        timer8254Timer2Base
  D:0098H         PUBLIC        SCON
BL51 BANKED LINKER/LOCATER V6.22                                                      12/14/2017  21:50:21  PAGE 25


  D:0088H         PUBLIC        TCON
  C:1D7EH         PUBLIC        _Timer8254SoftwareStrobeModeInit
  C:0026H         PUBLIC        _Timer8254StartTrigger
  C:1E6DH         PUBLIC        _Timer8254TriggerModeInit
  C:1C88H         PUBLIC        _Timer8254CounterModeInit
  C:1C47H         PUBLIC        _Timer8254GetCounter
  C:2141H         PUBLIC        _Timer8254StartHardStrobe
  C:21BCH         PUBLIC        _Timer8254Cmd
  D:00D0H         PUBLIC        PSW
  -------         PROC          _TIMER8254CMD
  D:0007H         SYMBOL        timerx
  D:0070H         SYMBOL        newState
  C:21BCH         LINE#         8
  C:21BEH         LINE#         9
  C:21BEH         LINE#         10
  C:21C9H         LINE#         11
  C:21C9H         LINE#         12
  C:21C9H         LINE#         13
  C:21C9H         LINE#         14
  C:21C9H         LINE#         16
  C:21C9H         LINE#         18
  C:21C9H         LINE#         20
  C:21C9H         LINE#         21
  C:21C9H         LINE#         22
  C:21C9H         LINE#         23
  C:21C9H         LINE#         24
  C:21C9H         LINE#         26
  C:21C9H         LINE#         28
  C:21C9H         LINE#         30
  C:21C9H         LINE#         31
  C:21C9H         LINE#         32
  C:21C9H         LINE#         33
  C:21C9H         LINE#         34
  C:21C9H         LINE#         36
  C:21C9H         LINE#         38
  C:21C9H         LINE#         40
  C:21C9H         LINE#         41
  C:21C9H         LINE#         42
  C:21C9H         LINE#         43
  C:21C9H         LINE#         44
  C:21C9H         LINE#         45
  -------         ENDPROC       _TIMER8254CMD
  -------         PROC          _TIMER8254COUNTERMODEINIT
  D:0003H         SYMBOL        timerx
  D:0004H         SYMBOL        setCounter
  -------         DO            
  X:0061H         SYMBOL        initData
  -------         ENDDO         
  C:1C88H         LINE#         47
  C:1C8AH         LINE#         48
  C:1C8AH         LINE#         49
  C:1C8FH         LINE#         51
  C:1C96H         LINE#         53
  C:1C99H         LINE#         55
  C:1C9DH         LINE#         57
  C:1CA2H         LINE#         59
  C:1CADH         LINE#         60
BL51 BANKED LINKER/LOCATER V6.22                                                      12/14/2017  21:50:21  PAGE 26


  C:1CADH         LINE#         61
  C:1CADH         LINE#         62
  C:1CB1H         LINE#         63
  C:1CB1H         LINE#         64
  C:1CB3H         LINE#         65
  C:1CB3H         LINE#         66
  C:1CB7H         LINE#         67
  C:1CB7H         LINE#         68
  C:1CB9H         LINE#         69
  C:1CB9H         LINE#         70
  C:1CBEH         LINE#         71
  C:1CC0H         LINE#         72
  C:1CC0H         LINE#         73
  C:1CC0H         LINE#         74
  C:1CC0H         LINE#         75
  C:1CC0H         LINE#         76
  -------         ENDPROC       _TIMER8254COUNTERMODEINIT
  -------         PROC          _TIMER8254TRIGGERMODEINIT
  D:0007H         SYMBOL        timerx
  D:0004H         SYMBOL        setCounter
  -------         DO            
  X:0062H         SYMBOL        initData
  -------         ENDDO         
  C:1E6DH         LINE#         79
  C:1E6DH         LINE#         80
  C:1E6DH         LINE#         81
  C:1E72H         LINE#         83
  C:1E79H         LINE#         85
  C:1E7CH         LINE#         87
  C:1E7FH         LINE#         89
  C:1E83H         LINE#         91
  C:1E8EH         LINE#         92
  C:1E8EH         LINE#         93
  C:1E8EH         LINE#         94
  C:1E92H         LINE#         95
  C:1E92H         LINE#         96
  C:1E94H         LINE#         97
  C:1E94H         LINE#         98
  C:1E98H         LINE#         99
  C:1E98H         LINE#         100
  C:1E9AH         LINE#         101
  C:1E9AH         LINE#         102
  C:1E9FH         LINE#         103
  C:1EA1H         LINE#         104
  C:1EA1H         LINE#         105
  C:1EA1H         LINE#         106
  C:1EA1H         LINE#         107
  C:1EA1H         LINE#         108
  -------         ENDPROC       _TIMER8254TRIGGERMODEINIT
  -------         PROC          _TIMER8254STARTTRIGGER
  D:0071H         SYMBOL        timerx
  C:0026H         LINE#         110
  C:0028H         LINE#         111
  C:0028H         LINE#         112
  C:002DH         LINE#         113
  C:0034H         LINE#         114
  -------         ENDPROC       _TIMER8254STARTTRIGGER
BL51 BANKED LINKER/LOCATER V6.22                                                      12/14/2017  21:50:21  PAGE 27


  -------         PROC          _TIMER8254PRESCALERMODEINIT
  D:0003H         SYMBOL        timerx
  D:0004H         SYMBOL        prescale
  -------         DO            
  X:0063H         SYMBOL        initData
  -------         ENDDO         
  C:1D04H         LINE#         117
  C:1D06H         LINE#         118
  C:1D06H         LINE#         119
  C:1D0BH         LINE#         121
  C:1D12H         LINE#         123
  C:1D15H         LINE#         125
  C:1D18H         LINE#         127
  C:1D1CH         LINE#         129
  C:1D27H         LINE#         130
  C:1D27H         LINE#         131
  C:1D27H         LINE#         132
  C:1D2BH         LINE#         133
  C:1D2BH         LINE#         134
  C:1D2DH         LINE#         135
  C:1D2DH         LINE#         136
  C:1D31H         LINE#         137
  C:1D31H         LINE#         138
  C:1D33H         LINE#         139
  C:1D33H         LINE#         140
  C:1D38H         LINE#         141
  C:1D3AH         LINE#         142
  C:1D3AH         LINE#         143
  C:1D3AH         LINE#         144
  C:1D3AH         LINE#         145
  C:1D3AH         LINE#         147
  -------         ENDPROC       _TIMER8254PRESCALERMODEINIT
  -------         PROC          _TIMER8254SQUAREWAVEMODEINIT
  D:0003H         SYMBOL        timerx
  D:0004H         SYMBOL        period
  -------         DO            
  X:0064H         SYMBOL        initData
  -------         ENDDO         
  C:1D41H         LINE#         151
  C:1D43H         LINE#         152
  C:1D43H         LINE#         153
  C:1D48H         LINE#         155
  C:1D4FH         LINE#         157
  C:1D52H         LINE#         159
  C:1D55H         LINE#         161
  C:1D59H         LINE#         163
  C:1D64H         LINE#         164
  C:1D64H         LINE#         165
  C:1D64H         LINE#         166
  C:1D68H         LINE#         167
  C:1D68H         LINE#         168
  C:1D6AH         LINE#         169
  C:1D6AH         LINE#         170
  C:1D6EH         LINE#         171
  C:1D6EH         LINE#         172
  C:1D70H         LINE#         173
  C:1D70H         LINE#         174
BL51 BANKED LINKER/LOCATER V6.22                                                      12/14/2017  21:50:21  PAGE 28


  C:1D75H         LINE#         175
  C:1D77H         LINE#         176
  C:1D77H         LINE#         177
  C:1D77H         LINE#         178
  C:1D77H         LINE#         179
  C:1D77H         LINE#         181
  -------         ENDPROC       _TIMER8254SQUAREWAVEMODEINIT
  -------         PROC          _TIMER8254SOFTWARESTROBEMODEINIT
  D:0003H         SYMBOL        timerx
  D:0004H         SYMBOL        setCounter
  -------         DO            
  X:0065H         SYMBOL        initData
  -------         ENDDO         
  C:1D7EH         LINE#         184
  C:1D80H         LINE#         185
  C:1D80H         LINE#         186
  C:1D85H         LINE#         188
  C:1D8CH         LINE#         190
  C:1D8FH         LINE#         192
  C:1D92H         LINE#         194
  C:1D96H         LINE#         196
  C:1DA1H         LINE#         197
  C:1DA1H         LINE#         198
  C:1DA1H         LINE#         199
  C:1DA5H         LINE#         200
  C:1DA5H         LINE#         201
  C:1DA7H         LINE#         202
  C:1DA7H         LINE#         203
  C:1DABH         LINE#         204
  C:1DABH         LINE#         205
  C:1DADH         LINE#         206
  C:1DADH         LINE#         207
  C:1DB2H         LINE#         208
  C:1DB4H         LINE#         209
  C:1DB4H         LINE#         210
  C:1DB4H         LINE#         211
  C:1DB4H         LINE#         212
  C:1DB4H         LINE#         214
  -------         ENDPROC       _TIMER8254SOFTWARESTROBEMODEINIT
  -------         PROC          _TIMER8254HARDWARESTROBEMODEINIT
  D:0003H         SYMBOL        timerx
  D:0004H         SYMBOL        setCounter
  -------         DO            
  X:0066H         SYMBOL        initData
  -------         ENDDO         
  C:1DBBH         LINE#         217
  C:1DBDH         LINE#         218
  C:1DBDH         LINE#         219
  C:1DC2H         LINE#         221
  C:1DC9H         LINE#         223
  C:1DCCH         LINE#         225
  C:1DCFH         LINE#         227
  C:1DD3H         LINE#         229
  C:1DDEH         LINE#         230
  C:1DDEH         LINE#         231
  C:1DDEH         LINE#         232
  C:1DE2H         LINE#         233
BL51 BANKED LINKER/LOCATER V6.22                                                      12/14/2017  21:50:21  PAGE 29


  C:1DE2H         LINE#         234
  C:1DE4H         LINE#         235
  C:1DE4H         LINE#         236
  C:1DE8H         LINE#         237
  C:1DE8H         LINE#         238
  C:1DEAH         LINE#         239
  C:1DEAH         LINE#         240
  C:1DEFH         LINE#         241
  C:1DF1H         LINE#         242
  C:1DF1H         LINE#         243
  C:1DF1H         LINE#         244
  C:1DF1H         LINE#         245
  C:1DF1H         LINE#         247
  -------         ENDPROC       _TIMER8254HARDWARESTROBEMODEINIT
  -------         PROC          _TIMER8254STARTHARDSTROBE
  D:0072H         SYMBOL        timerx
  C:2141H         LINE#         250
  C:2143H         LINE#         251
  C:2143H         LINE#         252
  C:2148H         LINE#         253
  C:214FH         LINE#         254
  -------         ENDPROC       _TIMER8254STARTHARDSTROBE
  -------         PROC          _TIMER8254GETCOUNTER
  D:0007H         SYMBOL        timerx
  -------         DO            
  X:005BH         SYMBOL        returnValue
  -------         ENDDO         
  C:1C47H         LINE#         257
  C:1C47H         LINE#         258
  C:1C47H         LINE#         259
  C:1C4EH         LINE#         261
  C:1C58H         LINE#         263
  C:1C63H         LINE#         264
  C:1C63H         LINE#         265
  C:1C63H         LINE#         266
  C:1C66H         LINE#         267
  C:1C66H         LINE#         268
  C:1C68H         LINE#         269
  C:1C68H         LINE#         270
  C:1C6BH         LINE#         271
  C:1C6BH         LINE#         272
  C:1C6BH         LINE#         273
  C:1C75H         LINE#         275
  C:1C7FH         LINE#         276
  C:1C7FH         LINE#         277
  C:1C7FH         LINE#         278
  C:1C7FH         LINE#         279
  C:1C7FH         LINE#         281
  C:1C87H         LINE#         282
  -------         ENDPROC       _TIMER8254GETCOUNTER
  -------         ENDMOD        8254

  -------         MODULE        8251A
  C:0000H         SYMBOL        _ICE_DUMMY_
  D:0080H         PUBLIC        P0
  D:0090H         PUBLIC        P1
  D:00A0H         PUBLIC        P2
BL51 BANKED LINKER/LOCATER V6.22                                                      12/14/2017  21:50:21  PAGE 30


  D:00B0H         PUBLIC        P3
  D:00C0H         PUBLIC        P4
  D:00C8H         PUBLIC        P5
  D:00E8H         PUBLIC        P6
  D:00F8H         PUBLIC        P7
  D:00A8H         PUBLIC        IE
  D:00B8H         PUBLIC        IP
  D:00D8H         PUBLIC        CCON
  D:0098H         PUBLIC        SCON
  D:0088H         PUBLIC        TCON
  D:00D0H         PUBLIC        PSW
  -------         ENDMOD        8251A

  -------         MODULE        CS5550
  C:0000H         SYMBOL        _ICE_DUMMY_
  D:0080H         PUBLIC        P0
  D:0090H         PUBLIC        P1
  D:00A0H         PUBLIC        P2
  D:00B0H         PUBLIC        P3
  D:00C0H         PUBLIC        P4
  D:00C8H         PUBLIC        P5
  D:00E8H         PUBLIC        P6
  D:00F8H         PUBLIC        P7
  C:20CFH         PUBLIC        _CS5550WriteCmd
  C:1B85H         PUBLIC        _CS5550WriteByte
  D:00A8H         PUBLIC        IE
  C:151FH         PUBLIC        _CS5550ReadRes
  D:00B8H         PUBLIC        IP
  C:1EA2H         PUBLIC        _CS5550WriteRes
  D:00D8H         PUBLIC        CCON
  B:0090H.1       PUBLIC        CS5550_SDI
  B:0090H.0       PUBLIC        CS5550_SDO
  D:0098H         PUBLIC        SCON
  D:0088H         PUBLIC        TCON
  C:1A51H         PUBLIC        CS5550RecieveByte
  B:0090H.2       PUBLIC        CS5550_CS
  B:0090H.3       PUBLIC        CS5550_SCLK
  D:00D0H         PUBLIC        PSW
  -------         PROC          L?0018
  -------         ENDPROC       L?0018
  -------         PROC          _CS5550WRITEBYTE
  D:0027H         SYMBOL        message
  -------         DO            
  X:0010H         SYMBOL        i
  -------         ENDDO         
  C:1B85H         LINE#         4
  C:1B87H         LINE#         5
  C:1B87H         LINE#         6
  C:1B8CH         LINE#         7
  C:1B8DH         LINE#         8
  C:1B8DH         LINE#         9
  C:1B8FH         LINE#         11
  C:1B94H         LINE#         12
  C:1B94H         LINE#         13
  C:1B96H         LINE#         14
  C:1B98H         LINE#         16
  C:1B98H         LINE#         17
BL51 BANKED LINKER/LOCATER V6.22                                                      12/14/2017  21:50:21  PAGE 31


  C:1B9AH         LINE#         18
  C:1B9AH         LINE#         19
  C:1BA1H         LINE#         20
  C:1BA3H         LINE#         21
  C:1BAAH         LINE#         22
  C:1BB0H         LINE#         24
  C:1BBCH         LINE#         25
  C:1BBEH         LINE#         26
  -------         ENDPROC       _CS5550WRITEBYTE
  -------         PROC          CS5550RECIEVEBYTE
  -------         DO            
  X:0010H         SYMBOL        recieveData
  X:0011H         SYMBOL        i
  -------         ENDDO         
  C:1A51H         LINE#         28
  C:1A51H         LINE#         29
  C:1A51H         LINE#         30
  C:1A56H         LINE#         31
  C:1A58H         LINE#         33
  C:1A63H         LINE#         34
  C:1A63H         LINE#         35
  C:1A67H         LINE#         36
  C:1A67H         LINE#         37
  C:1A69H         LINE#         38
  C:1A6BH         LINE#         40
  C:1A6BH         LINE#         41
  C:1A6DH         LINE#         42
  C:1A6DH         LINE#         44
  C:1A6FH         LINE#         45
  C:1A76H         LINE#         46
  C:1A7DH         LINE#         47
  C:1A7FH         LINE#         48
  C:1A86H         LINE#         49
  C:1A8DH         LINE#         50
  C:1A8DH         LINE#         51
  C:1A90H         LINE#         52
  C:1A92H         LINE#         54
  C:1A92H         LINE#         55
  C:1A95H         LINE#         56
  C:1A95H         LINE#         58
  C:1A9DH         LINE#         59
  C:1AA2H         LINE#         60
  -------         ENDPROC       CS5550RECIEVEBYTE
  -------         PROC          _CS5550WRITECMD
  D:0007H         SYMBOL        cmd
  D:0023H         SYMBOL        value
  C:20CFH         LINE#         62
  C:20CFH         LINE#         63
  C:20CFH         LINE#         64
  C:20D1H         LINE#         65
  C:20D4H         LINE#         66
  C:20D9H         LINE#         67
  C:20DEH         LINE#         68
  C:20E4H         LINE#         69
  C:20E6H         LINE#         70
  -------         ENDPROC       _CS5550WRITECMD
  -------         PROC          _CS5550WRITERES
BL51 BANKED LINKER/LOCATER V6.22                                                      12/14/2017  21:50:21  PAGE 32


  D:0007H         SYMBOL        cmd
  D:0023H         SYMBOL        value
  C:1EA2H         LINE#         72
  C:1EA2H         LINE#         73
  C:1EA2H         LINE#         74
  C:1EA4H         LINE#         75
  C:1EABH         LINE#         76
  C:1EBBH         LINE#         77
  C:1ECBH         LINE#         78
  C:1ED1H         LINE#         79
  C:1ED3H         LINE#         80
  -------         ENDPROC       _CS5550WRITERES
  -------         PROC          _CS5550READRES
  D:0003H         SYMBOL        cmd
  -------         DO            
  X:000CH         SYMBOL        recieveData
  -------         ENDDO         
  C:151FH         LINE#         82
  C:1521H         LINE#         83
  C:1521H         LINE#         84
  C:152BH         LINE#         85
  C:152DH         LINE#         86
  C:1532H         LINE#         87
  C:156EH         LINE#         88
  C:15AAH         LINE#         89
  C:15DAH         LINE#         90
  C:15DCH         LINE#         91
  C:15EAH         LINE#         92
  -------         ENDPROC       _CS5550READRES
  -------         ENDMOD        CS5550

  -------         MODULE        PWM
  C:0000H         SYMBOL        _ICE_DUMMY_
  D:0080H         PUBLIC        P0
  D:0090H         PUBLIC        P1
  D:00A0H         PUBLIC        P2
  D:00B0H         PUBLIC        P3
  D:00C0H         PUBLIC        P4
  D:00C8H         PUBLIC        P5
  B:00A8H.7       PUBLIC        EA
  D:00E8H         PUBLIC        P6
  D:00F8H         PUBLIC        P7
  C:21EAH         PUBLIC        _PWMCmd
  D:00F9H         PUBLIC        CH
  D:00A2H         PUBLIC        P_SW1
  D:00A8H         PUBLIC        IE
  D:00E9H         PUBLIC        CL
  D:00FAH         PUBLIC        CCAP0H
  D:00FBH         PUBLIC        CCAP1H
  D:00EAH         PUBLIC        CCAP0L
  B:00D8H.6       PUBLIC        CR
  D:00EBH         PUBLIC        CCAP1L
  D:00DAH         PUBLIC        CCAPM0
  D:00DBH         PUBLIC        CCAPM1
  D:00B8H         PUBLIC        IP
  C:20FEH         PUBLIC        CCP1Init
  C:1F04H         PUBLIC        _PWM0SetCompare
BL51 BANKED LINKER/LOCATER V6.22                                                      12/14/2017  21:50:21  PAGE 33


  D:00D9H         PUBLIC        CMOD
  D:00D8H         PUBLIC        CCON
  D:0098H         PUBLIC        SCON
  D:0088H         PUBLIC        TCON
  C:2156H         PUBLIC        PWM0Init
  D:00F2H         PUBLIC        PCA_PWM0
  D:00D0H         PUBLIC        PSW
  -------         PROC          PWM0INIT
  C:2156H         LINE#         3
  C:2156H         LINE#         4
  C:2156H         LINE#         5
  C:2159H         LINE#         6
  C:215CH         LINE#         7
  C:215EH         LINE#         8
  C:2160H         LINE#         9
  C:2163H         LINE#         10
  C:2165H         LINE#         11
  C:2168H         LINE#         12
  -------         ENDPROC       PWM0INIT
  -------         PROC          CCP1INIT
  C:20FEH         LINE#         14
  C:20FEH         LINE#         15
  C:20FEH         LINE#         16
  C:2101H         LINE#         17
  C:2104H         LINE#         18
  C:2106H         LINE#         19
  C:2108H         LINE#         20
  C:210BH         LINE#         21
  C:210DH         LINE#         22
  C:210FH         LINE#         23
  C:2112H         LINE#         24
  C:2114H         LINE#         25
  -------         ENDPROC       CCP1INIT
  -------         PROC          _PWM0SETCOMPARE
  D:0066H         SYMBOL        compareValue
  C:1F04H         LINE#         27
  C:1F0CH         LINE#         28
  C:1F0CH         LINE#         29
  C:1F2DH         LINE#         30
  C:1F2FH         LINE#         31
  -------         ENDPROC       _PWM0SETCOMPARE
  -------         PROC          _PWMCMD
  D:0007H         SYMBOL        newState
  C:21EAH         LINE#         33
  C:21EAH         LINE#         34
  C:21EAH         LINE#         35
  C:21EDH         LINE#         36
  C:21EDH         LINE#         37
  C:21EFH         LINE#         38
  C:21F0H         LINE#         40
  C:21F0H         LINE#         41
  C:21F2H         LINE#         42
  C:21F2H         LINE#         43
  -------         ENDPROC       _PWMCMD
  -------         ENDMOD        PWM

  -------         MODULE        BRUSHDCMOTOR
BL51 BANKED LINKER/LOCATER V6.22                                                      12/14/2017  21:50:21  PAGE 34


  C:0000H         SYMBOL        _ICE_DUMMY_
  D:0080H         PUBLIC        P0
  D:0090H         PUBLIC        P1
  D:00A0H         PUBLIC        P2
  D:00B0H         PUBLIC        P3
  D:00C0H         PUBLIC        P4
  D:00C8H         PUBLIC        P5
  D:00E8H         PUBLIC        P6
  D:00F8H         PUBLIC        P7
  D:00A8H         PUBLIC        IE
  X:004AH         PUBLIC        relativePos
  D:00B8H         PUBLIC        IP
  D:00D8H         PUBLIC        CCON
  X:004CH         PUBLIC        actSpeed
  D:0098H         PUBLIC        SCON
  D:0088H         PUBLIC        TCON
[...]
  -------         PROC          STEPMOTORPININIT
  C:1FF0H         LINE#         4
  C:1FF0H         LINE#         5
  C:1FF0H         LINE#         6
  C:1FF9H         LINE#         7
  C:2002H         LINE#         8
  C:200BH         LINE#         9
  -------         ENDPROC       STEPMOTORPININIT
  -------         PROC          _STEPMOTORSPEEDCONTROL
  D:006AH         SYMBOL        vel
  -------         DO            
  X:0067H         SYMBOL        state
  -------         ENDDO         
  C:10DDH         LINE#         12
  C:10E5H         LINE#         13
  C:10E5H         LINE#         15
  C:1110H         LINE#         16
  C:1110H         LINE#         17
  C:1110H         LINE#         18
  C:1117H         LINE#         19
  C:111EH         LINE#         20
  C:111EH         LINE#         21
  C:111EH         LINE#         22
  C:1120H         LINE#         23
  C:1120H         LINE#         24
  C:1127H         LINE#         25
  C:112EH         LINE#         26
  C:112EH         LINE#         27
  C:112EH         LINE#         28
  C:1130H         LINE#         29
  C:1130H         LINE#         30
  C:1137H         LINE#         31
  C:113EH         LINE#         32
  C:1145H         LINE#         33
  C:1145H         LINE#         34
  C:1147H         LINE#         35
  C:1147H         LINE#         36
  C:114EH         LINE#         37
  C:1155H         LINE#         38
  C:115CH         LINE#         39
  C:115CH         LINE#         40
  C:115EH         LINE#         41
  C:115EH         LINE#         42
  C:1165H         LINE#         43
  C:116CH         LINE#         44
  C:1173H         LINE#         45
  C:117AH         LINE#         46
  C:117CH         LINE#         47
  C:117CH         LINE#         48
  C:1183H         LINE#         49
  C:118AH         LINE#         50
  C:1191H         LINE#         51
BL51 BANKED LINKER/LOCATER V6.22                                                      12/14/2017  21:50:21  PAGE 36


  C:1191H         LINE#         52
  C:1193H         LINE#         53
  C:1193H         LINE#         54
  C:119AH         LINE#         55
  C:11A1H         LINE#         56
  C:11A8H         LINE#         57
  C:11A8H         LINE#         58
  C:11AAH         LINE#         59
  C:11AAH         LINE#         60
  C:11B1H         LINE#         61
  C:11B8H         LINE#         62
  C:11BFH         LINE#         63
  C:11C6H         LINE#         64
  C:11C6H         LINE#         65
  C:11C6H         LINE#         66
  C:11C6H         LINE#         67
  C:11C6H         LINE#         68
  C:11DAH         LINE#         69
  C:11DAH         LINE#         70
  C:11FDH         LINE#         71
  C:1203H         LINE#         72
  C:1207H         LINE#         73
  C:1208H         LINE#         74
  C:121AH         LINE#         75
  C:121AH         LINE#         76
  C:1248H         LINE#         77
  C:124EH         LINE#         78
  C:124EH         LINE#         79
  C:1251H         LINE#         80
  C:1251H         LINE#         81
  C:1257H         LINE#         82
  C:1257H         LINE#         83
  -------         ENDPROC       _STEPMOTORSPEEDCONTROL
  -------         ENDMOD        STEPMOTOR

  -------         MODULE        SPEAKER
  C:0000H         SYMBOL        _ICE_DUMMY_
  -------         ENDMOD        SPEAKER

  -------         MODULE        GPIO
  C:0000H         SYMBOL        _ICE_DUMMY_
  D:0092H         PUBLIC        P1M0
  D:0093H         PUBLIC        P0M1
  C:20B1H         PUBLIC        _GPIOSetBit
  D:0096H         PUBLIC        P2M0
  D:0091H         PUBLIC        P1M1
  D:0080H         PUBLIC        P0
  D:00B2H         PUBLIC        P3M0
  D:0095H         PUBLIC        P2M1
  D:0090H         PUBLIC        P1
  D:00B1H         PUBLIC        P3M1
  D:00A0H         PUBLIC        P2
  D:00B0H         PUBLIC        P3
  D:00C0H         PUBLIC        P4
  D:00C8H         PUBLIC        P5
  D:00E8H         PUBLIC        P6
  D:00F8H         PUBLIC        P7
BL51 BANKED LINKER/LOCATER V6.22                                                      12/14/2017  21:50:21  PAGE 37


  D:00A8H         PUBLIC        IE
  D:00B8H         PUBLIC        IP
  D:00D8H         PUBLIC        CCON
  D:0098H         PUBLIC        SCON
  D:0088H         PUBLIC        TCON
  C:1725H         PUBLIC        _GPIOInit
  C:1AA3H         PUBLIC        _GPIOReadBit
  C:2014H         PUBLIC        _GPIOResetBit
  D:00D0H         PUBLIC        PSW
  D:0094H         PUBLIC        P0M0
  -------         PROC          _GPIOINIT
  D:0007H         SYMBOL        GPIOPort
  D:0005H         SYMBOL        GPIOPin
  D:0003H         SYMBOL        GPIOMode
  C:1725H         LINE#         3
  C:1725H         LINE#         4
  C:1725H         LINE#         5
  C:1733H         LINE#         6
  C:1733H         LINE#         7
  C:1733H         LINE#         8
  C:1737H         LINE#         9
  C:1737H         LINE#         10
  C:173AH         LINE#         11
  C:173CH         LINE#         13
  C:173CH         LINE#         14
  C:1740H         LINE#         15
  C:1740H         LINE#         16
  C:1744H         LINE#         17
  C:1744H         LINE#         18
  C:1747H         LINE#         19
  C:1748H         LINE#         21
  C:1748H         LINE#         22
  C:174CH         LINE#         23
  C:174CH         LINE#         24
  C:174DH         LINE#         25
  C:174DH         LINE#         26
  C:1751H         LINE#         27
  C:1751H         LINE#         28
  C:1754H         LINE#         29
  C:1756H         LINE#         31
  C:1756H         LINE#         32
  C:175AH         LINE#         33
  C:175AH         LINE#         34
  C:175EH         LINE#         35
  C:175EH         LINE#         36
  C:1761H         LINE#         37
  C:1762H         LINE#         39
  C:1762H         LINE#         40
  C:1766H         LINE#         41
  C:1766H         LINE#         42
  C:1767H         LINE#         43
  C:1767H         LINE#         44
  C:176BH         LINE#         45
  C:176BH         LINE#         46
  C:176EH         LINE#         47
  C:1770H         LINE#         49
  C:1770H         LINE#         50
BL51 BANKED LINKER/LOCATER V6.22                                                      12/14/2017  21:50:21  PAGE 38


  C:1774H         LINE#         51
  C:1774H         LINE#         52
  C:1778H         LINE#         53
  C:1778H         LINE#         54
  C:177BH         LINE#         55
  C:177CH         LINE#         57
  C:177CH         LINE#         58
  C:1780H         LINE#         59
  C:1780H         LINE#         60
  C:1781H         LINE#         61
  C:1781H         LINE#         62
  C:1785H         LINE#         63
  C:1785H         LINE#         64
  C:1788H         LINE#         65
  C:178AH         LINE#         67
  C:178AH         LINE#         68
  C:178EH         LINE#         69
  C:178EH         LINE#         70
  C:1792H         LINE#         71
  C:1792H         LINE#         72
  C:1795H         LINE#         73
  C:1796H         LINE#         75
  C:1796H         LINE#         76
  C:179AH         LINE#         77
  C:179AH         LINE#         78
  C:179AH         LINE#         79
  C:179AH         LINE#         80
  C:179AH         LINE#         81
  C:179AH         LINE#         83
  -------         ENDPROC       _GPIOINIT
  -------         PROC          _GPIOSETBIT
  D:0007H         SYMBOL        GPIOPort
  D:0005H         SYMBOL        GPIOPin
  C:20B1H         LINE#         85
  C:20B1H         LINE#         86
  C:20B1H         LINE#         87
  C:20BFH         LINE#         88
  C:20BFH         LINE#         89
  C:20BFH         LINE#         90
  C:20C2H         LINE#         91
  C:20C3H         LINE#         92
  C:20C3H         LINE#         93
  C:20C6H         LINE#         94
  C:20C7H         LINE#         95
  C:20C7H         LINE#         96
  C:20CAH         LINE#         97
  C:20CBH         LINE#         98
  C:20CBH         LINE#         99
  C:20CEH         LINE#         100
  C:20CEH         LINE#         101
  C:20CEH         LINE#         102
  C:20CEH         LINE#         103
  C:20CEH         LINE#         105
  -------         ENDPROC       _GPIOSETBIT
  -------         PROC          _GPIORESETBIT
  D:0007H         SYMBOL        GPIOPort
  D:0005H         SYMBOL        GPIOPin
BL51 BANKED LINKER/LOCATER V6.22                                                      12/14/2017  21:50:21  PAGE 39


  C:2014H         LINE#         107
  C:2014H         LINE#         108
  C:2014H         LINE#         109
  C:2022H         LINE#         110
  C:2022H         LINE#         111
  C:2022H         LINE#         112
  C:2026H         LINE#         113
  C:2027H         LINE#         114
  C:2027H         LINE#         115
  C:202BH         LINE#         116
  C:202CH         LINE#         117
  C:202CH         LINE#         118
  C:2030H         LINE#         119
  C:2031H         LINE#         120
  C:2031H         LINE#         121
  C:2035H         LINE#         122
  C:2035H         LINE#         123
  C:2035H         LINE#         124
  C:2035H         LINE#         125
  C:2035H         LINE#         126
  -------         ENDPROC       _GPIORESETBIT
  -------         PROC          _GPIOREADBIT
  D:0007H         SYMBOL        GPIOPort
  D:0005H         SYMBOL        GPIOPin
  C:1AA3H         LINE#         128
  C:1AA3H         LINE#         129
  C:1AA3H         LINE#         130
  C:1AB1H         LINE#         131
  C:1AB1H         LINE#         132
  C:1AB1H         LINE#         133
  C:1AB4H         LINE#         134
  C:1ABFH         LINE#         135
  C:1ABFH         LINE#         136
  C:1ABFH         LINE#         137
  C:1AC2H         LINE#         138
  C:1ACDH         LINE#         139
  C:1ACDH         LINE#         140
  C:1ACDH         LINE#         141
  C:1AD0H         LINE#         142
  C:1ADBH         LINE#         143
  C:1ADBH         LINE#         144
  C:1ADBH         LINE#         145
  C:1ADEH         LINE#         146
  C:1AE9H         LINE#         147
  C:1AE9H         LINE#         148
  C:1AE9H         LINE#         149
  C:1AEBH         LINE#         150
  C:1AEBH         LINE#         151
  C:1AEBH         LINE#         152
  -------         ENDPROC       _GPIOREADBIT
  -------         ENDMOD        GPIO

  -------         MODULE        ?C?FPADD
  C:0045H         PUBLIC        ?C?FPADD
  C:0041H         PUBLIC        ?C?FPSUB
  -------         ENDMOD        ?C?FPADD

BL51 BANKED LINKER/LOCATER V6.22                                                      12/14/2017  21:50:21  PAGE 40


  -------         MODULE        ?C?FPMUL
  C:0136H         PUBLIC        ?C?FPMUL
  -------         ENDMOD        ?C?FPMUL

  -------         MODULE        ?C?FPDIV
  C:023FH         PUBLIC        ?C?FPDIV
  -------         ENDMOD        ?C?FPDIV

  -------         MODULE        ?C?FPCMP
  C:02DEH         PUBLIC        ?C?FPCMP
  C:02DCH         PUBLIC        ?C?FPCMP3
  -------         ENDMOD        ?C?FPCMP

  -------         MODULE        ?C?FPNEG
  C:0355H         PUBLIC        ?C?FPNEG
  -------         ENDMOD        ?C?FPNEG

  -------         MODULE        ?C?FCAST
  C:0370H         PUBLIC        ?C?FCASTC
  C:036BH         PUBLIC        ?C?FCASTI
  C:0366H         PUBLIC        ?C?FCASTL
  -------         ENDMOD        ?C?FCAST

  -------         MODULE        ?C?CASTF
  C:03A4H         PUBLIC        ?C?CASTF
  -------         ENDMOD        ?C?CASTF

  -------         MODULE        PRINTF
  D:0026H         PUBLIC        ?_PRINTF?BYTE
  D:0026H         PUBLIC        ?_SPRINTF?BYTE
  C:0969H         PUBLIC        _PRINTF
  C:0963H         PUBLIC        _SPRINTF
  -------         ENDMOD        PRINTF

  -------         MODULE        ?C?FPROUND
  C:0425H         PUBLIC        ?C?FPROUND
  -------         ENDMOD        ?C?FPROUND

  -------         MODULE        ?C?FPCONVERT
  C:0454H         PUBLIC        ?C?FPCONVERT
  -------         ENDMOD        ?C?FPCONVERT

  -------         MODULE        ?C?FTNPWR
  C:0587H         PUBLIC        ?C?FTNPWR
  -------         ENDMOD        ?C?FTNPWR

  -------         MODULE        ?C?COPY
  C:0697H         PUBLIC        ?C?COPY
  -------         ENDMOD        ?C?COPY

  -------         MODULE        ?C?CLDPTR
  C:06BDH         PUBLIC        ?C?CLDPTR
  -------         ENDMOD        ?C?CLDPTR

  -------         MODULE        ?C?CLDOPTR
  C:06D6H         PUBLIC        ?C?CLDOPTR
  -------         ENDMOD        ?C?CLDOPTR
BL51 BANKED LINKER/LOCATER V6.22                                                      12/14/2017  21:50:21  PAGE 41



  -------         MODULE        ?C?CSTPTR
  C:0703H         PUBLIC        ?C?CSTPTR
  -------         ENDMOD        ?C?CSTPTR

  -------         MODULE        ?C?IMUL
  C:0715H         PUBLIC        ?C?IMUL
  -------         ENDMOD        ?C?IMUL

  -------         MODULE        ?C?UIDIV
  C:0727H         PUBLIC        ?C?UIDIV
  -------         ENDMOD        ?C?UIDIV

  -------         MODULE        ?C?ULDIV
  C:07B8H         PUBLIC        ?C?ULDIV
  -------         ENDMOD        ?C?ULDIV

  -------         MODULE        ?C?SLDIV
  C:1C03H         PUBLIC        ?C?SLDIV
  -------         ENDMOD        ?C?SLDIV

  -------         MODULE        ?C?LNEG
  C:084AH         PUBLIC        ?C?LNEG
  -------         ENDMOD        ?C?LNEG

  -------         MODULE        ?C?SLCMP
  C:0858H         PUBLIC        ?C?SLCMP
  -------         ENDMOD        ?C?SLCMP

  -------         MODULE        ?C?ULSHR
  C:086EH         PUBLIC        ?C?ULSHR
  -------         ENDMOD        ?C?ULSHR

  -------         MODULE        ?C?LSHL
  C:0881H         PUBLIC        ?C?LSHL
  -------         ENDMOD        ?C?LSHL

  -------         MODULE        ?C?LSTXDATA
  C:0894H         PUBLIC        ?C?LSTXDATA
  -------         ENDMOD        ?C?LSTXDATA

  -------         MODULE        ?C?LSTKXDATA
  C:08A0H         PUBLIC        ?C?LSTKXDATA
  -------         ENDMOD        ?C?LSTKXDATA

  -------         MODULE        ?C?PLDIIDATA
  C:08D1H         PUBLIC        ?C?PLDIIDATA
  -------         ENDMOD        ?C?PLDIIDATA

  -------         MODULE        ?C?CCASE
  C:08E1H         PUBLIC        ?C?CCASE
  -------         ENDMOD        ?C?CCASE

  -------         MODULE        PUTCHAR
  C:1F81H         PUBLIC        _PUTCHAR
  -------         ENDMOD        PUTCHAR

BL51 BANKED LINKER/LOCATER V6.22                                                      12/14/2017  21:50:21  PAGE 42


*** WARNING L16: UNCALLED SEGMENT, IGNORED FOR OVERLAY PROCESS
    SEGMENT: ?PR?KEYREAD?HD7279

*** WARNING L16: UNCALLED SEGMENT, IGNORED FOR OVERLAY PROCESS
    SEGMENT: ?PR?_LEDSHOWINT?HD7279

*** WARNING L16: UNCALLED SEGMENT, IGNORED FOR OVERLAY PROCESS
    SEGMENT: ?PR?_BLINKIN4?P1IO

*** WARNING L16: UNCALLED SEGMENT, IGNORED FOR OVERLAY PROCESS
    SEGMENT: ?PR?_FLOW?P1IO

*** WARNING L16: UNCALLED SEGMENT, IGNORED FOR OVERLAY PROCESS
    SEGMENT: ?PR?SHOWINPUT?P1IO

*** WARNING L16: UNCALLED SEGMENT, IGNORED FOR OVERLAY PROCESS
    SEGMENT: ?PR?_TIMERGETOVERFLOWITFLAG?TIMER

*** WARNING L16: UNCALLED SEGMENT, IGNORED FOR OVERLAY PROCESS
    SEGMENT: ?PR?_TIMEROVERFLOWITINIT?TIMER

*** WARNING L16: UNCALLED SEGMENT, IGNORED FOR OVERLAY PROCESS
    SEGMENT: ?PR?_EXTERNALITINIT?89C51_IT

*** WARNING L16: UNCALLED SEGMENT, IGNORED FOR OVERLAY PROCESS
    SEGMENT: ?PR?_UARTSENDBYTE?USART

*** WARNING L16: UNCALLED SEGMENT, IGNORED FOR OVERLAY PROCESS
    SEGMENT: ?PR?_UARTINIT?USART

*** WARNING L16: UNCALLED SEGMENT, IGNORED FOR OVERLAY PROCESS
    SEGMENT: ?PR?IO8255INIT?8255

*** WARNING L16: UNCALLED SEGMENT, IGNORED FOR OVERLAY PROCESS
    SEGMENT: ?PR?_IO8255SETBIT?8255

*** WARNING L16: UNCALLED SEGMENT, IGNORED FOR OVERLAY PROCESS
    SEGMENT: ?PR?_IO8255READBIT?8255

*** WARNING L16: UNCALLED SEGMENT, IGNORED FOR OVERLAY PROCESS
    SEGMENT: ?PR?_TIMER8254COUNTERMODEINIT?8254

*** WARNING L16: UNCALLED SEGMENT, IGNORED FOR OVERLAY PROCESS
    SEGMENT: ?PR?_TIMER8254TRIGGERMODEINIT?8254

*** WARNING L16: UNCALLED SEGMENT, IGNORED FOR OVERLAY PROCESS
    SEGMENT: ?PR?_TIMER8254STARTTRIGGER?8254

*** WARNING L16: UNCALLED SEGMENT, IGNORED FOR OVERLAY PROCESS
    SEGMENT: ?PR?_TIMER8254PRESCALERMODEINIT?8254

*** WARNING L16: UNCALLED SEGMENT, IGNORED FOR OVERLAY PROCESS
    SEGMENT: ?PR?_TIMER8254SQUAREWAVEMODEINIT?8254

*** WARNING L16: UNCALLED SEGMENT, IGNORED FOR OVERLAY PROCESS
    SEGMENT: ?PR?_TIMER8254SOFTWARESTROBEMODEINIT?8254

BL51 BANKED LINKER/LOCATER V6.22                                                      12/14/2017  21:50:21  PAGE 43


*** WARNING L16: UNCALLED SEGMENT, IGNORED FOR OVERLAY PROCESS
    SEGMENT: ?PR?_TIMER8254HARDWARESTROBEMODEINIT?8254

*** WARNING L16: UNCALLED SEGMENT, IGNORED FOR OVERLAY PROCESS
    SEGMENT: ?PR?_TIMER8254STARTHARDSTROBE?8254

*** WARNING L16: UNCALLED SEGMENT, IGNORED FOR OVERLAY PROCESS
    SEGMENT: ?PR?_TIMER8254GETCOUNTER?8254

*** WARNING L16: UNCALLED SEGMENT, IGNORED FOR OVERLAY PROCESS
    SEGMENT: ?PR?PWM0INIT?PWM

*** WARNING L16: UNCALLED SEGMENT, IGNORED FOR OVERLAY PROCESS
    SEGMENT: ?PR?CCP1INIT?PWM

*** WARNING L16: UNCALLED SEGMENT, IGNORED FOR OVERLAY PROCESS
    SEGMENT: ?PR?_PWMCMD?PWM

*** WARNING L16: UNCALLED SEGMENT, IGNORED FOR OVERLAY PROCESS
    SEGMENT: ?PR?_MOTORVELCRL?BRUSHDCMOTOR

*** WARNING L16: UNCALLED SEGMENT, IGNORED FOR OVERLAY PROCESS
    SEGMENT: ?PR?STEPMOTORPININIT?STEPMOTOR

*** WARNING L16: UNCALLED SEGMENT, IGNORED FOR OVERLAY PROCESS
    SEGMENT: ?PR?_STEPMOTORSPEEDCONTROL?STEPMOTOR

*** WARNING L16: UNCALLED SEGMENT, IGNORED FOR OVERLAY PROCESS
    SEGMENT: ?PR?_GPIOREADBIT?GPIO

*** WARNING L6: XDATA SPACE MEMORY OVERLAP
    FROM:    F800H
    TO:      F800H

*** WARNING L6: XDATA SPACE MEMORY OVERLAP
    FROM:    F900H
    TO:      F900H

*** WARNING L1: UNRESOLVED EXTERNAL SYMBOL
    SYMBOL:  UART1RECIEVE
    MODULE:  .\Objects\89C51_it.obj (89C51_IT)

*** WARNING L1: UNRESOLVED EXTERNAL SYMBOL
    SYMBOL:  LEDITSTATUS
    MODULE:  .\Objects\89C51_it.obj (89C51_IT)

*** WARNING L1: UNRESOLVED EXTERNAL SYMBOL
    SYMBOL:  ITTIMES
    MODULE:  .\Objects\89C51_it.obj (89C51_IT)

*** WARNING L2: REFERENCE MADE TO UNRESOLVED EXTERNAL
    SYMBOL:  LEDITSTATUS
    MODULE:  .\Objects\89C51_it.obj (89C51_IT)
    ADDRESS: 218FH

*** WARNING L2: REFERENCE MADE TO UNRESOLVED EXTERNAL
    SYMBOL:  LEDITSTATUS
BL51 BANKED LINKER/LOCATER V6.22                                                      12/14/2017  21:50:21  PAGE 44


    MODULE:  .\Objects\89C51_it.obj (89C51_IT)
    ADDRESS: 2193H

*** WARNING L2: REFERENCE MADE TO UNRESOLVED EXTERNAL
    SYMBOL:  LEDITSTATUS
    MODULE:  .\Objects\89C51_it.obj (89C51_IT)
    ADDRESS: 2198H

*** WARNING L2: REFERENCE MADE TO UNRESOLVED EXTERNAL
    SYMBOL:  ITTIMES
    MODULE:  .\Objects\89C51_it.obj (89C51_IT)
    ADDRESS: 160EH

*** WARNING L2: REFERENCE MADE TO UNRESOLVED EXTERNAL
    SYMBOL:  ITTIMES
    MODULE:  .\Objects\89C51_it.obj (89C51_IT)
    ADDRESS: 1610H

*** WARNING L2: REFERENCE MADE TO UNRESOLVED EXTERNAL
    SYMBOL:  ITTIMES
    MODULE:  .\Objects\89C51_it.obj (89C51_IT)
    ADDRESS: 1617H

*** WARNING L2: REFERENCE MADE TO UNRESOLVED EXTERNAL
    SYMBOL:  ITTIMES
    MODULE:  .\Objects\89C51_it.obj (89C51_IT)
    ADDRESS: 1619H

*** WARNING L2: REFERENCE MADE TO UNRESOLVED EXTERNAL
    SYMBOL:  LEDITSTATUS
    MODULE:  .\Objects\89C51_it.obj (89C51_IT)
    ADDRESS: 161DH

*** WARNING L2: REFERENCE MADE TO UNRESOLVED EXTERNAL
    SYMBOL:  LEDITSTATUS
    MODULE:  .\Objects\89C51_it.obj (89C51_IT)
    ADDRESS: 1621H

*** WARNING L2: REFERENCE MADE TO UNRESOLVED EXTERNAL
    SYMBOL:  LEDITSTATUS
    MODULE:  .\Objects\89C51_it.obj (89C51_IT)
    ADDRESS: 1626H

*** WARNING L2: REFERENCE MADE TO UNRESOLVED EXTERNAL
    SYMBOL:  UART1RECIEVE
    MODULE:  .\Objects\89C51_it.obj (89C51_IT)
    ADDRESS: 197AH

Program Size: data=115.1 xdata=116 code=8694
LINK/LOCATE RUN COMPLETE.  45 WARNING(S),  0 ERROR(S)
