BL51 BANKED LINKER/LOCATER V6.22                                                        12/15/2017  18:53:27  PAGE 1


BL51 BANKED LINKER/LOCATER V6.22, INVOKED BY:
D:\PROGRAM FILES (X86)\KEIL\C51\BIN\BL51.EXE .\Objects\STARTUP.obj, .\Objects\main.obj, .\Objects\HD7279.obj, .\Objects\
>> delay.obj, .\Objects\basicIO.obj, .\Objects\decode.obj, .\Objects\p1IO.obj, .\Objects\dataMemory.obj, .\Objects\timer
>> .obj, .\Objects\89C51_it.obj, .\Objects\usart.obj, .\Objects\8255.obj, .\Objects\8254.obj, .\Objects\8251A.obj, .\Obj
>> ects\CS5550.obj, .\Objects\pwm.obj, .\Objects\brushDcMotor.obj, .\Objects\stepMotor.obj, .\Objects\speaker.obj, .\Obj
>> ects\gpio.obj TO .\Objects\keyLED PRINT (.\Listings\keyLED.m51) RAMSIZE (256)


MEMORY MODEL: SMALL WITH FLOATING POINT ARITHMETIC


INPUT MODULES INCLUDED:
  .\Objects\STARTUP.obj (?C_STARTUP)
  .\Objects\main.obj (MAIN)
  .\Objects\HD7279.obj (HD7279)
  .\Objects\delay.obj (DELAY)
  .\Objects\basicIO.obj (BASICIO)
  .\Objects\decode.obj (DECODE)
  .\Objects\p1IO.obj (P1IO)
  .\Objects\dataMemory.obj (DATAMEMORY)
  .\Objects\timer.obj (TIMER)
  .\Objects\89C51_it.obj (89C51_IT)
  .\Objects\usart.obj (USART)
  .\Objects\8255.obj (8255)
  .\Objects\8254.obj (8254)
  .\Objects\8251A.obj (8251A)
  .\Objects\CS5550.obj (CS5550)
  .\Objects\pwm.obj (PWM)
  .\Objects\brushDcMotor.obj (BRUSHDCMOTOR)
  .\Objects\stepMotor.obj (STEPMOTOR)
  .\Objects\speaker.obj (SPEAKER)
  .\Objects\gpio.obj (GPIO)
  D:\PROGRAM FILES (X86)\KEIL\C51\LIB\C51FPS.LIB (?C?FPADD)
  D:\PROGRAM FILES (X86)\KEIL\C51\LIB\C51FPS.LIB (?C?FPMUL)
  D:\PROGRAM FILES (X86)\KEIL\C51\LIB\C51FPS.LIB (?C?FPDIV)
  D:\PROGRAM FILES (X86)\KEIL\C51\LIB\C51FPS.LIB (?C?FPCMP)
  D:\PROGRAM FILES (X86)\KEIL\C51\LIB\C51FPS.LIB (?C?FCAST)
  D:\PROGRAM FILES (X86)\KEIL\C51\LIB\C51FPS.LIB (?C?CASTF)
  D:\PROGRAM FILES (X86)\KEIL\C51\LIB\C51FPS.LIB (PRINTF)
  D:\PROGRAM FILES (X86)\KEIL\C51\LIB\C51FPS.LIB (?C?FPGETOPN)
  D:\PROGRAM FILES (X86)\KEIL\C51\LIB\C51FPS.LIB (?C?FPROUND)
  D:\PROGRAM FILES (X86)\KEIL\C51\LIB\C51FPS.LIB (?C?FPCONVERT)
  D:\PROGRAM FILES (X86)\KEIL\C51\LIB\C51FPS.LIB (?C?FTNPWR)
  D:\PROGRAM FILES (X86)\KEIL\C51\LIB\C51S.LIB (?C_INIT)
  D:\PROGRAM FILES (X86)\KEIL\C51\LIB\C51S.LIB (?C?COPY)
  D:\PROGRAM FILES (X86)\KEIL\C51\LIB\C51S.LIB (?C?CLDPTR)
  D:\PROGRAM FILES (X86)\KEIL\C51\LIB\C51S.LIB (?C?CLDOPTR)
  D:\PROGRAM FILES (X86)\KEIL\C51\LIB\C51S.LIB (?C?CSTPTR)
  D:\PROGRAM FILES (X86)\KEIL\C51\LIB\C51S.LIB (?C?IMUL)
  D:\PROGRAM FILES (X86)\KEIL\C51\LIB\C51S.LIB (?C?UIDIV)
  D:\PROGRAM FILES (X86)\KEIL\C51\LIB\C51S.LIB (?C?ULDIV)
  D:\PROGRAM FILES (X86)\KEIL\C51\LIB\C51S.LIB (?C?SLDIV)
  D:\PROGRAM FILES (X86)\KEIL\C51\LIB\C51S.LIB (?C?LNEG)
  D:\PROGRAM FILES (X86)\KEIL\C51\LIB\C51S.LIB (?C?SLCMP)
  D:\PROGRAM FILES (X86)\KEIL\C51\LIB\C51S.LIB (?C?ULCMP)
  D:\PROGRAM FILES (X86)\KEIL\C51\LIB\C51S.LIB (?C?ULSHR)
  D:\PROGRAM FILES (X86)\KEIL\C51\LIB\C51S.LIB (?C?LSHL)
  D:\PROGRAM FILES (X86)\KEIL\C51\LIB\C51S.LIB (?C?LSTXDATA)
BL51 BANKED LINKER/LOCATER V6.22                                                      12/15/2017  18:53:27  PAGE 2


  D:\PROGRAM FILES (X86)\KEIL\C51\LIB\C51S.LIB (?C?LSTKXDATA)
  D:\PROGRAM FILES (X86)\KEIL\C51\LIB\C51S.LIB (?C?PLDIIDATA)
  D:\PROGRAM FILES (X86)\KEIL\C51\LIB\C51S.LIB (?C?CCASE)
  D:\PROGRAM FILES (X86)\KEIL\C51\LIB\C51S.LIB (PUTCHAR)


LINK MAP OF MODULE:  .\Objects\keyLED (?C_STARTUP)


            TYPE    BASE      LENGTH    RELOCATION   SEGMENT NAME
            -----------------------------------------------------

            * * * * * * *   D A T A   M E M O R Y   * * * * * * *
            REG     0000H     0008H     ABSOLUTE     "REG BANK 0"
            DATA    0008H     0008H     UNIT         ?DT?IO8255INIT?8255
            DATA    0010H     0008H     UNIT         ?DT?_MOTORVELCRL?BRUSHDCMOTOR
            DATA    0018H     0004H     UNIT         ?DT?_STEPMOTORSPEEDCONTROL?STEPMOTOR
            DATA    001CH     0002H     UNIT         ?DT?_BLINKIN4?P1IO
            DATA    001EH     0001H     UNIT         ?DT?_TIMER8254STARTTRIGGER?8254
            DATA    001FH     0001H     UNIT         ?DT?_TIMER8254STARTHARDSTROBE?8254
            BIT     0020H.0   0001H.1   UNIT         _BIT_GROUP_
                    0021H.1   0000H.7                *** GAP ***
            DATA    0022H     0027H     UNIT         _DATA_GROUP_
            IDATA   0049H     0001H     UNIT         ?STACK

            * * * * * * *  X D A T A   M E M O R Y  * * * * * * *
            XDATA   0000H     0038H     UNIT         _XDATA_GROUP_
            XDATA   0038H     000EH     UNIT         ?XD?HD7279
            XDATA   0046H     0008H     UNIT         ?XD?_MOTORVELCRL?BRUSHDCMOTOR
            XDATA   004EH     0006H     UNIT         ?XD?BRUSHDCMOTOR
            XDATA   0054H     0005H     UNIT         ?XD?P1IO
            XDATA   0059H     0005H     UNIT         ?XD?STEPMOTOR
            XDATA   005EH     0002H     UNIT         ?XD?_TIMER8254GETCOUNTER?8254
            XDATA   0060H     0001H     UNIT         ?XD?MAIN
            XDATA   0061H     0001H     UNIT         ?XD?SHOWINPUT?P1IO
            XDATA   0062H     0001H     UNIT         ?XD?_TIMERGETOVERFLOWITFLAG?TIMER
            XDATA   0063H     0001H     UNIT         ?XD?89C51_IT
            XDATA   0064H     0001H     UNIT         ?XD?IO8255INIT?8255
            XDATA   0065H     0001H     UNIT         ?XD?_TIMER8254COUNTERMODEINIT?8254
            XDATA   0066H     0001H     UNIT         ?XD?_TIMER8254TRIGGERMODEINIT?8254
            XDATA   0067H     0001H     UNIT         ?XD?_TIMER8254SQUAREWAVEMODEINIT?8254
            XDATA   0068H     0001H     UNIT         ?XD?_TIMER8254SOFTWARESTROBEMODEINIT?8254
            XDATA   0069H     0001H     UNIT         ?XD?_TIMER8254HARDWARESTROBEMODEINIT?8254
                    006AH     F796H                  *** GAP ***
            XDATA   F800H     0001H     ABSOLUTE     
* OVERLAP * XDATA   F800H     0001H     ABSOLUTE     
            XDATA   F801H     0001H     ABSOLUTE     
            XDATA   F802H     0001H     ABSOLUTE     
            XDATA   F803H     0001H     ABSOLUTE     
                    F804H     00FCH                  *** GAP ***
            XDATA   F900H     0001H     ABSOLUTE     
* OVERLAP * XDATA   F900H     0001H     ABSOLUTE     
            XDATA   F901H     0001H     ABSOLUTE     
            XDATA   F902H     0001H     ABSOLUTE     
            XDATA   F903H     0001H     ABSOLUTE     
                    F904H     00FCH                  *** GAP ***
            XDATA   FA00H     0001H     ABSOLUTE     
BL51 BANKED LINKER/LOCATER V6.22                                                      12/15/2017  18:53:27  PAGE 3


                    FA01H     00FFH                  *** GAP ***
            XDATA   FB00H     0001H     ABSOLUTE     

            * * * * * * *   C O D E   M E M O R Y   * * * * * * *
            CODE    0000H     0003H     ABSOLUTE     
            CODE    0003H     0003H     ABSOLUTE     
                    0006H     0005H                  *** GAP ***
            CODE    000BH     0003H     ABSOLUTE     
                    000EH     0005H                  *** GAP ***
            CODE    0013H     0003H     ABSOLUTE     
            CODE    0016H     000CH     UNIT         ?PR?_TIMERCLEAROVERFLOWFLAG?TIMER
                    0022H     0001H                  *** GAP ***
            CODE    0023H     0003H     ABSOLUTE     
            CODE    0026H     0015H     UNIT         ?PR?_TIMEROVERFLOWITINIT?TIMER
            CODE    003BH     0003H     ABSOLUTE     
            CODE    003EH     08C9H     UNIT         ?C?LIB_CODE
            CODE    0907H     046FH     UNIT         ?PR?PRINTF?PRINTF
            CODE    0D76H     037EH     UNIT         ?PR?MAIN?MAIN
            CODE    10F4H     01DBH     UNIT         ?PR?_LEDSHOWFLOAT?HD7279
            CODE    12CFH     018AH     UNIT         ?PR?_LEDSHOWINT?HD7279
            CODE    1459H     0187H     UNIT         ?PR?_STEPMOTORSPEEDCONTROL?STEPMOTOR
            CODE    15E0H     00F6H     UNIT         ?PR?_MOTORVELCRL?BRUSHDCMOTOR
            CODE    16D6H     00F2H     UNIT         ?PR?_UARTBAUDRATEINIT?USART
            CODE    17C8H     00CCH     UNIT         ?PR?_CS5550READRES?CS5550
            CODE    1894H     009FH     UNIT         ?PR?EXIT1_HANDLER?89C51_IT
            CODE    1933H     008CH     UNIT         ?C_C51STARTUP
            CODE    19BFH     0076H     UNIT         ?PR?_GPIOINIT?GPIO
            CODE    1A35H     0072H     UNIT         ?PR?_TIMERELOADNUMINIT?TIMER
            CODE    1AA7H     0072H     UNIT         ?PR?_IO8255SETBIT?8255
            CODE    1B19H     006EH     UNIT         ?PR?_IO8255READBIT?8255
            CODE    1B87H     0060H     UNIT         ?PR?_TIMEMODEINIT?TIMER
            CODE    1BE7H     0059H     UNIT         ?PR?UART1_ITHANDLER?89C51_IT
            CODE    1C40H     0058H     UNIT         ?PR?_DELAYMS?DELAY
            CODE    1C98H     0053H     UNIT         ?PR?_TIMEINIT?TIMER
            CODE    1CEBH     0052H     UNIT         ?PR?CS5550RECIEVEBYTE?CS5550
            CODE    1D3DH     004CH     UNIT         ?PR?_HD7279SENDBYTE?HD7279
            CODE    1D89H     0049H     UNIT         ?PR?_GPIOREADBIT?GPIO
            CODE    1DD2H     0048H     UNIT         ?PR?HD7279RECEIVEBYTE?HD7279
            CODE    1E1AH     0045H     UNIT         ?PR?_CS5550WRITEBYTE?CS5550
            CODE    1E5FH     0044H     UNIT         ?PR?_BLINKIN4?P1IO
            CODE    1EA3H     0044H     UNIT         ?C?LDIV
            CODE    1EE7H     0041H     UNIT         ?PR?_TIMER8254GETCOUNTER?8254
            CODE    1F28H     003FH     UNIT         ?C_INITSEG
            CODE    1F67H     003FH     UNIT         ?PR?_TIMER8254COUNTERMODEINIT?8254
            CODE    1FA6H     003DH     UNIT         ?PR?_FLOW?P1IO
            CODE    1FE3H     003DH     UNIT         ?PR?TIME0?89C51_IT
            CODE    2020H     003DH     UNIT         ?PR?_TIMER8254PRESCALERMODEINIT?8254
            CODE    205DH     003DH     UNIT         ?PR?_TIMER8254SQUAREWAVEMODEINIT?8254
            CODE    209AH     003DH     UNIT         ?PR?_TIMER8254SOFTWARESTROBEMODEINIT?8254
            CODE    20D7H     003DH     UNIT         ?PR?_TIMER8254HARDWARESTROBEMODEINIT?8254
            CODE    2114H     003CH     UNIT         ?PR?_DELAY10US?DELAY
            CODE    2150H     0039H     UNIT         ?PR?IO8255INIT?8255
            CODE    2189H     0035H     UNIT         ?PR?_TIMER8254TRIGGERMODEINIT?8254
            CODE    21BEH     0032H     UNIT         ?PR?_CS5550WRITERES?CS5550
            CODE    21F0H     002CH     UNIT         ?PR?_PWM0SETCOMPARE?PWM
            CODE    221CH     0029H     UNIT         ?CO?HD7279
            CODE    2245H     0028H     UNIT         ?PR?_TIMERCMD?TIMER
BL51 BANKED LINKER/LOCATER V6.22                                                      12/15/2017  18:53:27  PAGE 4


            CODE    226DH     0027H     UNIT         ?PR?PUTCHAR?PUTCHAR
            CODE    2294H     0024H     UNIT         ?PR?_UARTMODEINIT?USART
            CODE    22B8H     0024H     UNIT         ?PR?_UARTINIT?USART
            CODE    22DCH     0024H     UNIT         ?PR?STEPMOTORPININIT?STEPMOTOR
            CODE    2300H     0022H     UNIT         ?PR?_GPIORESETBIT?GPIO
            CODE    2322H     001FH     UNIT         ?PR?_TIMERGETOVERFLOWITFLAG?TIMER
            CODE    2341H     001FH     UNIT         ?PR?_UARTGETFLAGSTATUS?USART
            CODE    2360H     001FH     UNIT         ?PR?_UARTSENDBYTE?USART
            CODE    237FH     001EH     UNIT         ?PR?_EXTERNALITINIT?89C51_IT
            CODE    239DH     001EH     UNIT         ?PR?_GPIOSETBIT?GPIO
            CODE    23BBH     0018H     UNIT         ?PR?_CS5550WRITECMD?CS5550
            CODE    23D3H     0017H     UNIT         ?PR?_UARTITCONFIG?USART
            CODE    23EAH     0017H     UNIT         ?PR?CCP1INIT?PWM
            CODE    2401H     0016H     UNIT         ?PR?SHOWINPUT?P1IO
            CODE    2417H     0016H     UNIT         ?PR?_UARTRXCMD?USART
            CODE    242DH     0015H     UNIT         ?PR?_TIMER8254STARTTRIGGER?8254
            CODE    2442H     0015H     UNIT         ?PR?_TIMER8254STARTHARDSTROBE?8254
            CODE    2457H     0013H     UNIT         ?PR?PWM0INIT?PWM
            CODE    246AH     0012H     UNIT         ?PR?_EXTERNALITCMD?89C51_IT
            CODE    247CH     0011H     UNIT         ?PR?_LEDWRITE?HD7279
            CODE    248DH     0011H     UNIT         ?PR?INTERINT0?89C51_IT
            CODE    249EH     0010H     UNIT         ?CO?MAIN
            CODE    24AEH     0010H     UNIT         ?PR?_UARTCLEARFLAGSTATUS?USART
            CODE    24BEH     000FH     UNIT         ?PR?_UARTRECIEVEBYTE?USART
            CODE    24CDH     000EH     UNIT         ?PR?_TIMER8254CMD?8254
            CODE    24DBH     000BH     UNIT         ?PR?PCA_ITHANDLER?89C51_IT
            CODE    24E6H     0009H     UNIT         ?PR?KEYREAD?HD7279
            CODE    24EFH     0009H     UNIT         ?PR?_PWMCMD?PWM
            CODE    24F8H     0008H     UNIT         ?CO?USART



OVERLAY MAP OF MODULE:   .\Objects\keyLED (?C_STARTUP)


SEGMENT                                             BIT_GROUP          DATA_GROUP          XDATA_GROUP
  +--> CALLED SEGMENT                            START    LENGTH     START    LENGTH     START    LENGTH
--------------------------------------------------------------------------------------------------------
?C_C51STARTUP                                    -----    -----      -----    -----      -----    -----
  +--> ?PR?MAIN?MAIN
  +--> ?C_INITSEG

?PR?MAIN?MAIN                                    -----    -----      0022H    0004H      0000H    0021H
  +--> ?CO?MAIN
  +--> ?PR?_TIMER8254PRESCALERMODEINIT?8254
  +--> ?PR?_TIMEINIT?TIMER
  +--> ?PR?_UARTINIT?USART
  +--> ?PR?_CS5550WRITECMD?CS5550
  +--> ?PR?_DELAYMS?DELAY
  +--> ?PR?_CS5550WRITERES?CS5550
  +--> ?PR?PWM0INIT?PWM
  +--> ?PR?_PWM0SETCOMPARE?PWM
  +--> ?PR?_PWMCMD?PWM
  +--> ?PR?_EXTERNALITINIT?89C51_IT
  +--> ?PR?_EXTERNALITCMD?89C51_IT
  +--> ?PR?KEYREAD?HD7279
  +--> ?PR?_CS5550READRES?CS5550
BL51 BANKED LINKER/LOCATER V6.22                                                      12/15/2017  18:53:27  PAGE 5


  +--> ?PR?_LEDSHOWFLOAT?HD7279
  +--> ?PR?_LEDWRITE?HD7279
  +--> ?PR?_UARTSENDBYTE?USART
  +--> ?PR?_LEDSHOWINT?HD7279

?PR?_TIMER8254PRESCALERMODEINIT?8254             -----    -----      -----    -----      0021H    0001H
  +--> ?PR?_TIMER8254CMD?8254

?PR?_TIMER8254CMD?8254                           -----    -----      0026H    0001H      -----    -----

?PR?_TIMEINIT?TIMER                              -----    -----      0036H    000BH      -----    -----
  +--> ?PR?_TIMEMODEINIT?TIMER
  +--> ?PR?_TIMERELOADNUMINIT?TIMER
  +--> ?PR?_TIMERCMD?TIMER

?PR?_TIMEMODEINIT?TIMER                          -----    -----      0041H    0005H      0021H    0001H

?PR?_TIMERELOADNUMINIT?TIMER                     -----    -----      0041H    0008H      0021H    0004H

?PR?_UARTINIT?USART                              -----    -----      0026H    0007H      -----    -----
  +--> ?PR?_UARTMODEINIT?USART
  +--> ?PR?_UARTBAUDRATEINIT?USART
  +--> ?PR?_UARTITCONFIG?USART
  +--> ?PR?_UARTRXCMD?USART

?PR?_UARTBAUDRATEINIT?USART                      -----    -----      002DH    0009H      -----    -----
  +--> ?CO?USART
  +--> ?PR?_TIMEINIT?TIMER

?PR?_CS5550WRITECMD?CS5550                       -----    -----      0026H    0005H      -----    -----
  +--> ?PR?_CS5550WRITEBYTE?CS5550

?PR?_CS5550WRITEBYTE?CS5550                      -----    -----      002BH    0001H      0025H    0001H
  +--> ?PR?_DELAY10US?DELAY

?PR?_DELAY10US?DELAY                             -----    -----      -----    -----      0035H    0003H

?PR?_DELAYMS?DELAY                               -----    -----      -----    -----      0021H    0005H

?PR?_CS5550WRITERES?CS5550                       -----    -----      0026H    0005H      -----    -----
  +--> ?PR?_CS5550WRITEBYTE?CS5550

?PR?_PWM0SETCOMPARE?PWM                          -----    -----      0026H    0004H      -----    -----

?PR?_EXTERNALITINIT?89C51_IT                     -----    -----      -----    -----      -----    -----
  +--> ?PR?_EXTERNALITCMD?89C51_IT

?PR?KEYREAD?HD7279                               -----    -----      -----    -----      -----    -----
  +--> ?PR?_HD7279SENDBYTE?HD7279
  +--> ?PR?HD7279RECEIVEBYTE?HD7279

?PR?_HD7279SENDBYTE?HD7279                       -----    -----      002BH    0001H      0034H    0001H
  +--> ?PR?_DELAY10US?DELAY
  +--> ?PR?_IO8255SETBIT?8255

?PR?HD7279RECEIVEBYTE?HD7279                     -----    -----      -----    -----      0021H    0002H
  +--> ?PR?_DELAY10US?DELAY
BL51 BANKED LINKER/LOCATER V6.22                                                      12/15/2017  18:53:27  PAGE 6



?PR?_CS5550READRES?CS5550                        -----    -----      -----    -----      0021H    0004H
  +--> ?PR?_CS5550WRITEBYTE?CS5550
  +--> ?PR?CS5550RECIEVEBYTE?CS5550

?PR?CS5550RECIEVEBYTE?CS5550                     -----    -----      -----    -----      0025H    0002H
  +--> ?PR?_DELAY10US?DELAY

?PR?_LEDSHOWFLOAT?HD7279                         -----    -----      0026H    0004H      0021H    0013H
  +--> ?CO?HD7279
  +--> ?PR?PRINTF?PRINTF
  +--> ?PR?_LEDWRITE?HD7279

?PR?PRINTF?PRINTF                                0020H.0  0001H.1    002AH    001CH      -----    -----
  +--> ?PR?PUTCHAR?PUTCHAR

?PR?_LEDWRITE?HD7279                             -----    -----      002AH    0001H      -----    -----
  +--> ?PR?_HD7279SENDBYTE?HD7279

?PR?_UARTSENDBYTE?USART                          -----    -----      -----    -----      -----    -----
  +--> ?PR?_UARTGETFLAGSTATUS?USART
  +--> ?PR?_UARTCLEARFLAGSTATUS?USART

?PR?_LEDSHOWINT?HD7279                           -----    -----      0026H    0004H      0021H    0012H
  +--> ?CO?HD7279
  +--> ?PR?PRINTF?PRINTF
  +--> ?PR?_LEDWRITE?HD7279

*** NEW ROOT ***************************************************

?PR?EXIT1_HANDLER?89C51_IT                       -----    -----      -----    -----      -----    -----
  +--> ?PR?_TIMERCMD?TIMER

*** NEW ROOT ***************************************************

?PR?TIME0?89C51_IT                               -----    -----      -----    -----      -----    -----
  +--> ?PR?_TIMERCLEAROVERFLOWFLAG?TIMER

*** NEW ROOT ***************************************************

?PR?UART1_ITHANDLER?89C51_IT                     -----    -----      -----    -----      -----    -----
  +--> ?PR?_UARTGETFLAGSTATUS?USART
  +--> ?PR?_UARTRECIEVEBYTE?USART
  +--> ?PR?_UARTCLEARFLAGSTATUS?USART



UNRESOLVED EXTERNAL SYMBOLS:
   LEDITSTATUS
   UART1RECIEVE



SYMBOL TABLE OF MODULE:  .\Objects\keyLED (?C_STARTUP)

  VALUE           TYPE          NAME
  ----------------------------------
BL51 BANKED LINKER/LOCATER V6.22                                                      12/15/2017  18:53:27  PAGE 7



  -------         MODULE        ?C_STARTUP
  C:1933H         SEGMENT       ?C_C51STARTUP
  I:0049H         SEGMENT       ?STACK
  C:0000H         PUBLIC        ?C_STARTUP
  D:00E0H         SYMBOL        ACC
  D:00F0H         SYMBOL        B
  D:0083H         SYMBOL        DPH
  D:0082H         SYMBOL        DPL
  N:0000H         SYMBOL        IBPSTACK
  N:0100H         SYMBOL        IBPSTACKTOP
  N:0080H         SYMBOL        IDATALEN
  C:1936H         SYMBOL        IDATALOOP
  N:0000H         SYMBOL        PBPSTACK
  N:0100H         SYMBOL        PBPSTACKTOP
  N:0000H         SYMBOL        PDATALEN
  N:0000H         SYMBOL        PDATASTART
  N:0000H         SYMBOL        PPAGE
  N:0000H         SYMBOL        PPAGEENABLE
  D:00A0H         SYMBOL        PPAGE_SFR
  D:0081H         SYMBOL        SP
  C:1933H         SYMBOL        STARTUP1
  N:0000H         SYMBOL        XBPSTACK
  N:0000H         SYMBOL        XBPSTACKTOP
  N:0000H         SYMBOL        XDATALEN
  N:0000H         SYMBOL        XDATASTART
  C:0000H         LINE#         126
  C:1933H         LINE#         133
  C:1935H         LINE#         134
  C:1936H         LINE#         135
  C:1937H         LINE#         136
  C:1939H         LINE#         185
  C:193CH         LINE#         196
  -------         ENDMOD        ?C_STARTUP

  -------         MODULE        MAIN
  C:0000H         SYMBOL        _ICE_DUMMY_
  D:0080H         PUBLIC        P0
  D:0090H         PUBLIC        P1
  D:00A0H         PUBLIC        P2
  D:00B0H         PUBLIC        P3
  D:00C0H         PUBLIC        P4
  D:00C8H         PUBLIC        P5
  B:00A8H.7       PUBLIC        EA
  D:00E8H         PUBLIC        P6
  D:00F8H         PUBLIC        P7
  D:00A8H         PUBLIC        IE
  D:00B8H         PUBLIC        IP
  D:0097H         PUBLIC        CLK_DIV
  D:00D8H         PUBLIC        CCON
  C:0D76H         PUBLIC        main
  D:0098H         PUBLIC        SCON
  D:0088H         PUBLIC        TCON
  C:249EH         SYMBOL        _?ix1000
  C:24A2H         SYMBOL        _?ix1001
  C:24AAH         SYMBOL        _?ix1002
  X:0060H         PUBLIC        semapher
BL51 BANKED LINKER/LOCATER V6.22                                                      12/15/2017  18:53:27  PAGE 8


  D:00D0H         PUBLIC        PSW
  -------         PROC          MAIN
  -------         DO            
  X:0000H         SYMBOL        voltageADValue
  X:0004H         SYMBOL        valueSign
  X:0005H         SYMBOL        resisterValue
  X:0009H         SYMBOL        outputVoltage
  X:000DH         SYMBOL        taskStatus
  X:000EH         SYMBOL        LEDShowStatus
  X:000FH         SYMBOL        keyState
  X:0010H         SYMBOL        keyFlag
  D:0022H         SYMBOL        datatransform
  X:0011H         SYMBOL        timeMode
  X:0015H         SYMBOL        IO8255InitStuct
  X:001DH         SYMBOL        UARTInitStruct
  -------         ENDDO         
  C:0D76H         LINE#         793
  C:0D76H         LINE#         794
  C:0D76H         LINE#         797
  C:0D80H         LINE#         798
  C:0D85H         LINE#         800
  C:0D8DH         LINE#         801
  C:0D97H         LINE#         802
  C:0D9DH         LINE#         803
  C:0DA0H         LINE#         804
  C:0DA2H         LINE#         805
  C:0DA4H         LINE#         813
  C:0DB6H         LINE#         816
  C:0DC9H         LINE#         819
  C:0DDCH         LINE#         822
  C:0DE4H         LINE#         837
  C:0DEDH         LINE#         840
  C:0DF2H         LINE#         841
  C:0DF5H         LINE#         842
  C:0DF8H         LINE#         843
  C:0DFAH         LINE#         846
  C:0E1DH         LINE#         849
  C:0E23H         LINE#         850
  C:0E26H         LINE#         851
  C:0E28H         LINE#         852
  C:0E2AH         LINE#         854
  C:0E46H         LINE#         857
  C:0E56H         LINE#         858
  C:0E5DH         LINE#         859
  C:0E6EH         LINE#         860
  C:0E75H         LINE#         861
  C:0E83H         LINE#         862
  C:0E8AH         LINE#         863
  C:0E9AH         LINE#         864
  C:0EA1H         LINE#         865
  C:0EB1H         LINE#         866
  C:0EB8H         LINE#         869
  C:0EBBH         LINE#         873
  C:0EC6H         LINE#         874
  C:0ECBH         LINE#         876
  C:0ECDH         LINE#         880
  C:0ED4H         LINE#         881
BL51 BANKED LINKER/LOCATER V6.22                                                      12/15/2017  18:53:27  PAGE 9


  C:0EDBH         LINE#         884
  C:0EDBH         LINE#         885
  C:0EDBH         LINE#         886
  C:0EE1H         LINE#         889
  C:0EE9H         LINE#         891
  C:0EECH         LINE#         892
  C:0EECH         LINE#         893
  C:0EEFH         LINE#         894
  C:0EEFH         LINE#         895
  C:0EFDH         LINE#         896
  C:0EFDH         LINE#         897
  C:0F01H         LINE#         898
  C:0F01H         LINE#         899
  C:0F07H         LINE#         900
  C:0F07H         LINE#         901
  C:0F09H         LINE#         902
  C:0F0BH         LINE#         904
  C:0F0BH         LINE#         905
  C:0F11H         LINE#         906
  C:0F11H         LINE#         907
  C:0F11H         LINE#         908
  C:0F17H         LINE#         909
  C:0F17H         LINE#         911
  C:0F22H         LINE#         913
  C:0F44H         LINE#         917
  C:0F6EH         LINE#         919
  C:0F8DH         LINE#         921
  C:0FB6H         LINE#         923
  C:0FE8H         LINE#         925
  C:100FH         LINE#         927
  C:101CH         LINE#         928
  C:101CH         LINE#         929
  C:101CH         LINE#         930
  C:102DH         LINE#         931
  C:1034H         LINE#         932
  C:1049H         LINE#         933
  C:1050H         LINE#         934
  C:1057H         LINE#         935
  C:105EH         LINE#         936
  C:1065H         LINE#         939
  C:1068H         LINE#         940
  C:1068H         LINE#         941
  C:109AH         LINE#         942
  C:10A1H         LINE#         943
  C:10D5H         LINE#         944
  C:10DCH         LINE#         945
  C:10E3H         LINE#         946
  C:10EAH         LINE#         947
  C:10F1H         LINE#         949
  -------         ENDPROC       MAIN
  -------         ENDMOD        MAIN

  -------         MODULE        HD7279
  C:0000H         SYMBOL        _ICE_DUMMY_
  D:0080H         PUBLIC        P0
  D:0090H         PUBLIC        P1
  D:00A0H         PUBLIC        P2
BL51 BANKED LINKER/LOCATER V6.22                                                      12/15/2017  18:53:27  PAGE 10


  D:00B0H         PUBLIC        P3
  D:00C0H         PUBLIC        P4
  D:00C8H         PUBLIC        P5
  D:00E8H         PUBLIC        P6
  D:00F8H         PUBLIC        P7
  C:1D3DH         PUBLIC        _HD7279SendByte
  D:00A8H         PUBLIC        IE
  D:00B8H         PUBLIC        IP
  X:0038H         PUBLIC        realCode
  D:00D8H         PUBLIC        CCON
  C:2483H         PUBLIC        _LedWrite
  C:12CFH         PUBLIC        _LEDShowInt
  C:24E6H         PUBLIC        KeyRead
  D:0098H         PUBLIC        SCON
  D:0088H         PUBLIC        TCON
  B:0090H.4       PUBLIC        dat
  B:0090H.3       PUBLIC        clk
  C:2225H         SYMBOL        _?ix1000
  C:222DH         SYMBOL        _?ix1001
  C:2235H         SYMBOL        _?ix1002
  C:223DH         SYMBOL        _?ix1003
  C:1DD2H         PUBLIC        HD7279ReceiveByte
  B:0090H.2       PUBLIC        cs
  C:10F4H         PUBLIC        _LEDShowFloat
  D:00D0H         PUBLIC        PSW
  -------         PROC          _HD7279SENDBYTE
  D:002BH         SYMBOL        sendData
  -------         DO            
  X:0034H         SYMBOL        sendCounter
  -------         ENDDO         
  C:1D3DH         LINE#         11
  C:1D3FH         LINE#         12
  C:1D3FH         LINE#         14
  C:1D44H         LINE#         15
  C:1D46H         LINE#         16
  C:1D4CH         LINE#         18
  C:1D51H         LINE#         19
  C:1D51H         LINE#         20
  C:1D56H         LINE#         21
  C:1D56H         LINE#         22
  C:1D58H         LINE#         23
  C:1D5AH         LINE#         25
  C:1D5AH         LINE#         26
  C:1D5CH         LINE#         27
  C:1D5CH         LINE#         28
  C:1D5EH         LINE#         29
  C:1D65H         LINE#         30
  C:1D67H         LINE#         31
  C:1D6EH         LINE#         32
  C:1D74H         LINE#         33
  C:1D80H         LINE#         34
  -------         ENDPROC       _HD7279SENDBYTE
  -------         PROC          HD7279RECEIVEBYTE
  -------         DO            
  X:0021H         SYMBOL        receiveCounter
  X:0022H         SYMBOL        receiveData
  -------         ENDDO         
BL51 BANKED LINKER/LOCATER V6.22                                                      12/15/2017  18:53:27  PAGE 11


  C:1DD2H         LINE#         38
  C:1DD2H         LINE#         39
  C:1DD2H         LINE#         41
  C:1DD7H         LINE#         42
  C:1DD9H         LINE#         43
  C:1DDBH         LINE#         44
  C:1DE1H         LINE#         46
  C:1DE6H         LINE#         47
  C:1DE6H         LINE#         48
  C:1DE8H         LINE#         49
  C:1DEFH         LINE#         50
  C:1DF6H         LINE#         51
  C:1DF9H         LINE#         52
  C:1DF9H         LINE#         53
  C:1DFDH         LINE#         54
  C:1DFDH         LINE#         56
  C:1DFDH         LINE#         58
  C:1DFDH         LINE#         59
  C:1DFFH         LINE#         60
  C:1E06H         LINE#         61
  C:1E12H         LINE#         62
  C:1E14H         LINE#         63
  C:1E19H         LINE#         64
  -------         ENDPROC       HD7279RECEIVEBYTE
  -------         PROC          L?0056
  -------         ENDPROC       L?0056
  -------         PROC          _LEDWRITE
  D:0007H         SYMBOL        cmd
  D:002AH         SYMBOL        dataSend
  C:2483H         LINE#         67
  C:2485H         LINE#         68
  C:2485H         LINE#         69
  C:2488H         LINE#         71
  -------         ENDPROC       _LEDWRITE
  -------         PROC          KEYREAD
  C:24E6H         LINE#         75
  C:24E6H         LINE#         76
  C:24E6H         LINE#         77
  C:24EBH         LINE#         79
  C:24EEH         LINE#         80
  -------         ENDPROC       KEYREAD
  -------         PROC          _LEDSHOWINT
  D:0026H         SYMBOL        showData
  -------         DO            
  X:0021H         SYMBOL        LedData
  X:0029H         SYMBOL        i
  X:002AH         SYMBOL        tempBuff
  X:0032H         SYMBOL        dataLength
  -------         ENDDO         
  C:12CFH         LINE#         83
  C:12D7H         LINE#         84
  C:12D7H         LINE#         85
  C:12EAH         LINE#         86
  C:12EFH         LINE#         87
  C:1301H         LINE#         88
  C:1306H         LINE#         90
  C:1332H         LINE#         91
BL51 BANKED LINKER/LOCATER V6.22                                                      12/15/2017  18:53:27  PAGE 12


  C:1332H         LINE#         94
  C:1350H         LINE#         97
  C:135FH         LINE#         98
  C:135FH         LINE#         99
  C:136CH         LINE#         100
  C:136CH         LINE#         101
  C:1372H         LINE#         102
  C:1372H         LINE#         103
  C:137AH         LINE#         106
  C:138FH         LINE#         107
  C:138FH         LINE#         108
  C:139FH         LINE#         109
  C:139FH         LINE#         110
  C:13C9H         LINE#         111
  C:13DFH         LINE#         112
  C:13E1H         LINE#         114
  C:13E1H         LINE#         115
  C:140AH         LINE#         116
  C:140AH         LINE#         117
  C:1413H         LINE#         120
  C:1418H         LINE#         121
  C:1418H         LINE#         122
  C:1431H         LINE#         123
  C:143EH         LINE#         124
  C:143EH         LINE#         126
  C:143EH         LINE#         127
  C:144DH         LINE#         128
  C:144DH         LINE#         129
  C:1450H         LINE#         130
  C:1458H         LINE#         131
  C:1458H         LINE#         132
  -------         ENDPROC       _LEDSHOWINT
  -------         PROC          _LEDSHOWFLOAT
  D:0026H         SYMBOL        showData
  -------         DO            
  X:0021H         SYMBOL        LedData
  X:0029H         SYMBOL        i
  X:002AH         SYMBOL        tempBuff
  X:0032H         SYMBOL        dataLength
  X:0033H         SYMBOL        pointPos
  -------         ENDDO         
  C:10F4H         LINE#         134
  C:10FCH         LINE#         135
  C:10FCH         LINE#         136
  C:110FH         LINE#         137
  C:1114H         LINE#         138
  C:1126H         LINE#         139
  C:112BH         LINE#         140
  C:112DH         LINE#         142
  C:115FH         LINE#         143
  C:115FH         LINE#         146
  C:117DH         LINE#         149
  C:118CH         LINE#         150
  C:118CH         LINE#         151
  C:1199H         LINE#         152
  C:1199H         LINE#         153
  C:119FH         LINE#         154
BL51 BANKED LINKER/LOCATER V6.22                                                      12/15/2017  18:53:27  PAGE 13


  C:119FH         LINE#         155
  C:11A7H         LINE#         158
  C:11BCH         LINE#         159
  C:11BCH         LINE#         160
  C:11D1H         LINE#         161
  C:11D1H         LINE#         162
  C:1204H         LINE#         163
  C:121AH         LINE#         164
  C:121CH         LINE#         165
  C:122FH         LINE#         166
  C:122FH         LINE#         167
  C:1251H         LINE#         168
  C:1253H         LINE#         169
  C:1257H         LINE#         170
  C:1257H         LINE#         171
  C:1280H         LINE#         172
  C:1280H         LINE#         173
  C:1289H         LINE#         176
  C:128EH         LINE#         177
  C:128EH         LINE#         178
  C:12A7H         LINE#         179
  C:12B4H         LINE#         180
  C:12B4H         LINE#         182
  C:12B4H         LINE#         183
  C:12C3H         LINE#         184
  C:12C3H         LINE#         185
  C:12C6H         LINE#         186
  C:12CEH         LINE#         187
  C:12CEH         LINE#         188
  -------         ENDPROC       _LEDSHOWFLOAT
  -------         ENDMOD        HD7279

  -------         MODULE        DELAY
  C:0000H         SYMBOL        _ICE_DUMMY_
  C:2114H         PUBLIC        _Delay10Us
  C:1C40H         PUBLIC        _DelayMs
  -------         PROC          _DELAYMS
  D:0006H         SYMBOL        timeMs
  -------         DO            
  X:0021H         SYMBOL        nMsCounter
  X:0023H         SYMBOL        msCounter
  X:0025H         SYMBOL        i
  -------         ENDDO         
  C:1C40H         LINE#         4
  C:1C40H         LINE#         5
  C:1C40H         LINE#         7
  C:1C47H         LINE#         8
  C:1C4BH         LINE#         9
  C:1C4DH         LINE#         10
  C:1C60H         LINE#         11
  C:1C60H         LINE#         12
  C:1C67H         LINE#         13
  C:1C67H         LINE#         14
  C:1C6DH         LINE#         15
  C:1C87H         LINE#         16
  C:1C97H         LINE#         17
  -------         ENDPROC       _DELAYMS
BL51 BANKED LINKER/LOCATER V6.22                                                      12/15/2017  18:53:27  PAGE 14


  -------         PROC          _DELAY10US
  D:0006H         SYMBOL        timeUs
  -------         DO            
  X:0035H         SYMBOL        nUsCounter
  X:0037H         SYMBOL        usCounter
  -------         ENDDO         
  C:2114H         LINE#         20
  C:2114H         LINE#         21
  C:2114H         LINE#         23
  C:211BH         LINE#         24
  C:211DH         LINE#         25
  C:2130H         LINE#         26
  C:2130H         LINE#         27
  C:2135H         LINE#         28
  C:2135H         LINE#         30
  C:213FH         LINE#         31
  C:214FH         LINE#         32
  -------         ENDPROC       _DELAY10US
  -------         ENDMOD        DELAY

  -------         MODULE        BASICIO
  C:0000H         SYMBOL        _ICE_DUMMY_
  X:FB00H         PUBLIC        chip245Adress
  X:FA00H         PUBLIC        chip374Adress
  -------         ENDMOD        BASICIO

  -------         MODULE        DECODE
  C:0000H         SYMBOL        _ICE_DUMMY_
  X:F800H         PUBLIC        decodeAdress1
  X:F900H         PUBLIC        decodeAdress2
  -------         ENDMOD        DECODE

  -------         MODULE        P1IO
  C:0000H         SYMBOL        _ICE_DUMMY_
  D:0080H         PUBLIC        P0
  D:0090H         PUBLIC        P1
  D:00A0H         PUBLIC        P2
  D:00B0H         PUBLIC        P3
  D:00C0H         PUBLIC        P4
  D:00C8H         PUBLIC        P5
  D:00E8H         PUBLIC        P6
  D:00F8H         PUBLIC        P7
  D:00A8H         PUBLIC        IE
  D:00B8H         PUBLIC        IP
  C:1FA6H         PUBLIC        _Flow
  D:00D8H         PUBLIC        CCON
  D:0098H         PUBLIC        SCON
  D:0088H         PUBLIC        TCON
  C:2401H         PUBLIC        ShowInput
  C:1E5FH         PUBLIC        _BlinkIn4
  D:00D0H         PUBLIC        PSW
  -------         PROC          _BLINKIN4
  D:001CH         SYMBOL        period
  -------         DO            
  X:0054H         SYMBOL        blinkTimeCounter
  -------         ENDDO         
  C:1E5FH         LINE#         6
BL51 BANKED LINKER/LOCATER V6.22                                                      12/15/2017  18:53:27  PAGE 15


  C:1E63H         LINE#         7
  C:1E63H         LINE#         10
  C:1E71H         LINE#         11
  C:1E90H         LINE#         13
  C:1E9BH         LINE#         14
  C:1E9BH         LINE#         15
  C:1E9EH         LINE#         16
  C:1E9FH         LINE#         18
  C:1E9FH         LINE#         19
  C:1EA2H         LINE#         20
  C:1EA2H         LINE#         21
  -------         ENDPROC       _BLINKIN4
  -------         PROC          _FLOW
  D:0004H         SYMBOL        flowPeriod
  -------         DO            
  X:0056H         SYMBOL        flowCounter
  X:0058H         SYMBOL        flowState
  -------         ENDDO         
  C:1FA6H         LINE#         24
  C:1FAAH         LINE#         25
  C:1FAAH         LINE#         29
  C:1FB8H         LINE#         30
  C:1FC8H         LINE#         33
  C:1FCEH         LINE#         35
  C:1FD2H         LINE#         36
  C:1FD2H         LINE#         37
  C:1FD7H         LINE#         38
  C:1FD7H         LINE#         39
  C:1FDBH         LINE#         40
  C:1FDCH         LINE#         42
  C:1FDCH         LINE#         43
  C:1FE2H         LINE#         44
  C:1FE2H         LINE#         45
  C:1FE2H         LINE#         47
  -------         ENDPROC       _FLOW
  -------         PROC          SHOWINPUT
  -------         DO            
  X:0061H         SYMBOL        p1Input
  -------         ENDDO         
  C:2401H         LINE#         50
  C:2401H         LINE#         51
  C:2401H         LINE#         52
  C:2406H         LINE#         55
  C:2409H         LINE#         57
  C:240EH         LINE#         59
  C:2413H         LINE#         60
  C:2416H         LINE#         62
  -------         ENDPROC       SHOWINPUT
  -------         ENDMOD        P1IO

  -------         MODULE        DATAMEMORY
  C:0000H         SYMBOL        _ICE_DUMMY_
  D:0080H         PUBLIC        P0
  D:0090H         PUBLIC        P1
  D:00A0H         PUBLIC        P2
  D:00B0H         PUBLIC        P3
  D:00C0H         PUBLIC        P4
BL51 BANKED LINKER/LOCATER V6.22                                                      12/15/2017  18:53:27  PAGE 16


  D:00C8H         PUBLIC        P5
  D:00E8H         PUBLIC        P6
  D:00F8H         PUBLIC        P7
  D:00A8H         PUBLIC        IE
  D:00B8H         PUBLIC        IP
  D:00D8H         PUBLIC        CCON
  D:0098H         PUBLIC        SCON
  D:0088H         PUBLIC        TCON
  D:00D0H         PUBLIC        PSW
  -------         ENDMOD        DATAMEMORY

  -------         MODULE        TIMER
  C:0000H         SYMBOL        _ICE_DUMMY_
  D:0080H         PUBLIC        P0
  D:0090H         PUBLIC        P1
  D:00A0H         PUBLIC        P2
  D:00B0H         PUBLIC        P3
  D:00C0H         PUBLIC        P4
  D:00C8H         PUBLIC        P5
  B:00A8H.7       PUBLIC        EA
  D:00E8H         PUBLIC        P6
  D:00F8H         PUBLIC        P7
  D:00A8H         PUBLIC        IE
  B:00A8H.1       PUBLIC        ETx
  C:0026H         PUBLIC        _TimerOverFlowItInit
  D:00B8H         PUBLIC        IP
  C:2245H         PUBLIC        _TimerCmd
  D:00D8H         PUBLIC        CCON
  C:0016H         PUBLIC        _TimerClearOverFlowFlag
  C:1C98H         PUBLIC        _TimeInit
  C:1B87H         PUBLIC        _TimeModeInit
  D:0098H         PUBLIC        SCON
  D:0089H         PUBLIC        TMOD
  D:0088H         PUBLIC        TCON
  C:1A35H         PUBLIC        _TimeReloadNumInit
  B:0088H.5       PUBLIC        TF0
  B:0088H.7       PUBLIC        TF1
  D:008CH         PUBLIC        TH0
  D:008DH         PUBLIC        TH1
  D:008AH         PUBLIC        TL0
  D:008BH         PUBLIC        TL1
  D:00D0H         PUBLIC        PSW
  C:2322H         PUBLIC        _TimerGetOverFlowITFlag
  -------         PROC          _TIMERCMD
  D:0007H         SYMBOL        TIMx
  D:0005H         SYMBOL        newState
  C:2245H         LINE#         5
  C:2245H         LINE#         6
  C:2245H         LINE#         8
  C:2248H         LINE#         9
  C:2248H         LINE#         10
  C:2259H         LINE#         11
  C:225AH         LINE#         13
  C:225AH         LINE#         14
  C:226CH         LINE#         15
  C:226CH         LINE#         17
  -------         ENDPROC       _TIMERCMD
BL51 BANKED LINKER/LOCATER V6.22                                                      12/15/2017  18:53:27  PAGE 17


  -------         PROC          _TIMERGETOVERFLOWITFLAG
  D:0007H         SYMBOL        TIMx
  -------         DO            
  X:0062H         SYMBOL        tempItFlag
  -------         ENDDO         
  C:2322H         LINE#         20
  C:2322H         LINE#         21
  C:2322H         LINE#         22
  C:2327H         LINE#         24
  C:232AH         LINE#         25
  C:232AH         LINE#         26
  C:232EH         LINE#         27
  C:2330H         LINE#         28
  C:2333H         LINE#         29
  C:2333H         LINE#         30
  C:233BH         LINE#         31
  C:233BH         LINE#         32
  C:2340H         LINE#         33
  -------         ENDPROC       _TIMERGETOVERFLOWITFLAG
  -------         PROC          _TIMERCLEAROVERFLOWFLAG
  D:0007H         SYMBOL        TIMx
  C:0016H         LINE#         36
  C:0016H         LINE#         37
  C:0016H         LINE#         39
  C:0019H         LINE#         40
  C:0019H         LINE#         41
  C:001BH         LINE#         42
  C:001CH         LINE#         43
  C:001FH         LINE#         44
  C:001FH         LINE#         45
  C:0021H         LINE#         46
  C:0021H         LINE#         47
  -------         ENDPROC       _TIMERCLEAROVERFLOWFLAG
  -------         PROC          _TIMEMODEINIT
  D:0007H         SYMBOL        TIMx
  D:0042H         SYMBOL        timeMode
  -------         DO            
  X:0021H         SYMBOL        tempCrl
  -------         ENDDO         
  C:1B87H         LINE#         50
  C:1B87H         LINE#         51
  C:1B87H         LINE#         52
  C:1B8CH         LINE#         56
  C:1BA2H         LINE#         58
  C:1BB8H         LINE#         60
  C:1BD6H         LINE#         62
  C:1BE6H         LINE#         63
  -------         ENDPROC       _TIMEMODEINIT
  -------         PROC          _TIMERELOADNUMINIT
  D:0041H         SYMBOL        TIMx
  D:0005H         SYMBOL        timerMode
  D:0043H         SYMBOL        timerPeriod
  D:0047H         SYMBOL        mechinePeriod
  -------         DO            
  X:0021H         SYMBOL        bitNum
  X:0023H         SYMBOL        reloadNum
  -------         ENDDO         
BL51 BANKED LINKER/LOCATER V6.22                                                      12/15/2017  18:53:27  PAGE 18


  C:1A35H         LINE#         66
  C:1A37H         LINE#         67
  C:1A37H         LINE#         68
  C:1A3EH         LINE#         69
  C:1A42H         LINE#         72
  C:1A48H         LINE#         73
  C:1A48H         LINE#         74
  C:1A50H         LINE#         75
  C:1A52H         LINE#         77
  C:1A52H         LINE#         78
  C:1A5BH         LINE#         79
  C:1A5BH         LINE#         82
  C:1A84H         LINE#         86
  C:1A88H         LINE#         87
  C:1A88H         LINE#         88
  C:1A91H         LINE#         89
  C:1A94H         LINE#         90
  C:1A95H         LINE#         91
  C:1A9AH         LINE#         92
  C:1A9AH         LINE#         93
  C:1AA3H         LINE#         94
  C:1AA6H         LINE#         95
  C:1AA6H         LINE#         97
  -------         ENDPROC       _TIMERELOADNUMINIT
  -------         PROC          _TIMEINIT
  D:0036H         SYMBOL        TIMx
  D:0037H         SYMBOL        timeMode
  D:003BH         SYMBOL        timerPeriod
  D:003FH         SYMBOL        mechinePeriod
  C:1C98H         LINE#         100
  C:1C9AH         LINE#         101
  C:1C9AH         LINE#         104
  C:1CB2H         LINE#         107
  C:1CCBH         LINE#         108
  C:1CD0H         LINE#         109
  C:1CD0H         LINE#         110
  C:1CD4H         LINE#         111
  C:1CD4H         LINE#         112
  C:1CD6H         LINE#         113
  C:1CD8H         LINE#         114
  C:1CDAH         LINE#         115
  C:1CDFH         LINE#         116
  C:1CDFH         LINE#         117
  C:1CE2H         LINE#         118
  C:1CE4H         LINE#         119
  C:1CE4H         LINE#         120
  C:1CE4H         LINE#         123
  -------         ENDPROC       _TIMEINIT
  -------         PROC          _TIMEROVERFLOWITINIT
  D:0007H         SYMBOL        TIMx
  D:0005H         SYMBOL        newState
  C:0026H         LINE#         129
  C:0026H         LINE#         130
  C:0026H         LINE#         132
  C:0029H         LINE#         133
  C:0029H         LINE#         134
  C:002BH         LINE#         135
BL51 BANKED LINKER/LOCATER V6.22                                                      12/15/2017  18:53:27  PAGE 19


  C:002BH         LINE#         136
  C:0035H         LINE#         137
  C:003AH         LINE#         138
  -------         ENDPROC       _TIMEROVERFLOWITINIT
  -------         ENDMOD        TIMER

  -------         MODULE        89C51_IT
  C:0000H         SYMBOL        _ICE_DUMMY_
  D:0080H         PUBLIC        P0
  D:0090H         PUBLIC        P1
  D:00A0H         PUBLIC        P2
  D:00B0H         PUBLIC        P3
  D:00C0H         PUBLIC        P4
  D:00C8H         PUBLIC        P5
  D:00E8H         PUBLIC        P6
  D:00F8H         PUBLIC        P7
  B:00D8H.7       PUBLIC        CF
  D:00A8H         PUBLIC        IE
  C:24DBH         PUBLIC        PCA_ITHandler
  D:00B8H         PUBLIC        IP
  C:248DH         PUBLIC        interint0
  D:00D8H         PUBLIC        CCON
  C:1BE7H         PUBLIC        UART1_ITHandler
  C:1894H         PUBLIC        ExIT1_Handler
  D:0098H         PUBLIC        SCON
  D:0088H         PUBLIC        TCON
  D:008CH         PUBLIC        TH0
  B:0088H.0       PUBLIC        IT0
  B:00A8H.0       PUBLIC        EX0
  B:0088H.2       PUBLIC        IT1
  B:00A8H.2       PUBLIC        EX1
  D:008AH         PUBLIC        TL0
  C:1FE3H         PUBLIC        time0
  D:00D0H         PUBLIC        PSW
  C:246AH         PUBLIC        _ExternalITCmd
  B:00D8H.0       PUBLIC        CCF0
  C:237FH         PUBLIC        _ExternalITInit
  -------         PROC          _EXTERNALITCMD
  D:0007H         SYMBOL        exITx
  D:0005H         SYMBOL        newState
  C:246AH         LINE#         11
  C:246AH         LINE#         12
  C:246AH         LINE#         13
  C:246DH         LINE#         14
  C:246DH         LINE#         15
  C:2472H         LINE#         16
  C:2473H         LINE#         17
  C:2476H         LINE#         18
  C:2476H         LINE#         19
  C:247BH         LINE#         20
  C:247BH         LINE#         21
  -------         ENDPROC       _EXTERNALITCMD
  -------         PROC          _EXTERNALITINIT
  D:0007H         SYMBOL        exITx
  D:0005H         SYMBOL        triggerMode
  C:237FH         LINE#         23
  C:237FH         LINE#         24
BL51 BANKED LINKER/LOCATER V6.22                                                      12/15/2017  18:53:27  PAGE 20


  C:237FH         LINE#         25
  C:2382H         LINE#         26
  C:2382H         LINE#         27
  C:2387H         LINE#         28
  C:238BH         LINE#         29
  C:238DH         LINE#         30
  C:2390H         LINE#         31
  C:2390H         LINE#         32
  C:2395H         LINE#         33
  C:239CH         LINE#         34
  C:239CH         LINE#         35
  -------         ENDPROC       _EXTERNALITINIT
  -------         PROC          INTERINT0
  C:248DH         LINE#         38
  C:248FH         LINE#         40
  C:2493H         LINE#         41
  C:2493H         LINE#         42
  C:2496H         LINE#         43
  C:2498H         LINE#         45
  C:2498H         LINE#         46
  C:249BH         LINE#         47
  C:249BH         LINE#         48
  -------         ENDPROC       INTERINT0
  -------         PROC          EXIT1_HANDLER
  -------         DO            
  X:0063H         SYMBOL        periodCounter
  -------         ENDDO         
  C:1894H         LINE#         51
  C:18B1H         LINE#         56
  C:18B7H         LINE#         57
  C:18BAH         LINE#         58
  C:18BAH         LINE#         59
  C:18BDH         LINE#         60
  C:18C3H         LINE#         61
  C:18CDH         LINE#         62
  C:18D8H         LINE#         63
  C:18DBH         LINE#         64
  C:18DEH         LINE#         65
  C:18E5H         LINE#         67
  C:1912H         LINE#         68
  C:1918H         LINE#         69
  C:1918H         LINE#         72
  -------         ENDPROC       EXIT1_HANDLER
  -------         PROC          TIME0
  C:1FE3H         LINE#         74
  C:2000H         LINE#         76
  C:2005H         LINE#         83
  -------         ENDPROC       TIME0
  -------         PROC          UART1_ITHANDLER
  C:1BE7H         LINE#         87
  C:1C04H         LINE#         89
  C:1C0EH         LINE#         90
  C:1C0EH         LINE#         91
  C:1C15H         LINE#         92
  C:1C1CH         LINE#         93
  C:1C1EH         LINE#         94
  C:1C25H         LINE#         95
BL51 BANKED LINKER/LOCATER V6.22                                                      12/15/2017  18:53:27  PAGE 21


  C:1C25H         LINE#         97
  C:1C25H         LINE#         98
  -------         ENDPROC       UART1_ITHANDLER
  -------         PROC          PCA_ITHANDLER
  C:24DBH         LINE#         100
  C:24DBH         LINE#         102
  C:24DEH         LINE#         103
  C:24DEH         LINE#         104
  C:24E0H         LINE#         106
  C:24E0H         LINE#         107
  C:24E3H         LINE#         108
  C:24E3H         LINE#         109
  C:24E5H         LINE#         110
  C:24E5H         LINE#         113
  -------         ENDPROC       PCA_ITHANDLER
  -------         ENDMOD        89C51_IT

  -------         MODULE        USART
  C:0000H         SYMBOL        _ICE_DUMMY_
  D:0080H         PUBLIC        P0
  D:0090H         PUBLIC        P1
  D:00A0H         PUBLIC        P2
  C:16D6H         PUBLIC        _UARTBaudrateInit
  D:00B0H         PUBLIC        P3
  D:00C0H         PUBLIC        P4
  D:00C8H         PUBLIC        P5
  B:00A8H.7       PUBLIC        EA
  D:00E8H         PUBLIC        P6
  D:00F8H         PUBLIC        P7
  D:00A8H         PUBLIC        IE
  B:00A8H.4       PUBLIC        ES
  D:00B8H         PUBLIC        IP
  C:24BEH         PUBLIC        _UARTRecieveByte
  C:2417H         PUBLIC        _UARTRxCmd
  B:00B8H.4       PUBLIC        PS
  D:00D8H         PUBLIC        CCON
  C:24AEH         PUBLIC        _UARTClearFlagStatus
  D:0099H         PUBLIC        SBUF
  D:0087H         PUBLIC        PCON
  D:0098H         PUBLIC        SCON
  D:0088H         PUBLIC        TCON
  C:23D3H         PUBLIC        _UARTITConfig
  D:00AFH         PUBLIC        IE2
  D:008EH         PUBLIC        AUXR
  C:24F8H         SYMBOL        _?ix1000
  C:24FCH         SYMBOL        _?ix1001
  D:00B5H         PUBLIC        IP2
  C:22B8H         PUBLIC        _UARTInit
  C:2294H         PUBLIC        _UARTModeInit
  B:0098H.4       PUBLIC        RENx
  C:2360H         PUBLIC        _UARTSendByte
  D:009BH         PUBLIC        S2BUF
  C:2341H         PUBLIC        _UARTGetFlagStatus
  D:009AH         PUBLIC        S2CON
  D:00D0H         PUBLIC        PSW
  -------         PROC          _UARTMODEINIT
  D:0007H         SYMBOL        UARTx
BL51 BANKED LINKER/LOCATER V6.22                                                      12/15/2017  18:53:27  PAGE 22


  D:0005H         SYMBOL        UARTMode
  C:2294H         LINE#         7
  C:2294H         LINE#         8
  C:2294H         LINE#         9
  C:2297H         LINE#         10
  C:2297H         LINE#         11
  C:22A5H         LINE#         12
  C:22A6H         LINE#         13
  C:22A9H         LINE#         14
  C:22A9H         LINE#         15
  C:22B7H         LINE#         16
  C:22B7H         LINE#         17
  -------         ENDPROC       _UARTMODEINIT
  -------         PROC          _UARTBAUDRATEINIT
  D:002DH         SYMBOL        UARTx
  D:0005H         SYMBOL        UARTMode
  D:0003H         SYMBOL        isBaudrateDouble
  D:0030H         SYMBOL        baudRate
  -------         DO            
  D:0032H         SYMBOL        timeMode
  D:0032H         SYMBOL        timeMode
  -------         ENDDO         
  -------         DO            
  D:0032H         SYMBOL        timeMode
  -------         ENDDO         
  C:16D6H         LINE#         19
  C:16D8H         LINE#         20
  C:16D8H         LINE#         21
  C:16DCH         LINE#         22
  C:16DCH         LINE#         23
  C:16EBH         LINE#         24
  C:16EBH         LINE#         25
  C:16EBH         LINE#         26
  C:16EBH         LINE#         28
  C:16EBH         LINE#         29
  C:16F7H         LINE#         30
  C:16F7H         LINE#         31
  C:16F7H         LINE#         32
  C:16F7H         LINE#         33
  C:16F7H         LINE#         34
  C:16FBH         LINE#         35
  C:16FBH         LINE#         37
  C:170CH         LINE#         40
  C:170FH         LINE#         41
  C:1711H         LINE#         42
  C:1713H         LINE#         43
  C:1715H         LINE#         45
  C:1759H         LINE#         47
  C:175CH         LINE#         48
  C:175DH         LINE#         49
  C:1761H         LINE#         50
  C:1761H         LINE#         52
  C:1761H         LINE#         53
  C:1762H         LINE#         54
  C:1762H         LINE#         56
  C:1762H         LINE#         57
  C:1762H         LINE#         58
BL51 BANKED LINKER/LOCATER V6.22                                                      12/15/2017  18:53:27  PAGE 23


  C:1766H         LINE#         59
  C:1766H         LINE#         61
  C:1777H         LINE#         64
  C:177AH         LINE#         65
  C:177CH         LINE#         66
  C:177EH         LINE#         67
  C:1780H         LINE#         69
  C:17C4H         LINE#         71
  C:17C7H         LINE#         72
  C:17C7H         LINE#         73
  C:17C7H         LINE#         74
  C:17C7H         LINE#         76
  C:17C7H         LINE#         77
  C:17C7H         LINE#         78
  C:17C7H         LINE#         79
  C:17C7H         LINE#         80
  C:17C7H         LINE#         81
  -------         ENDPROC       _UARTBAUDRATEINIT
  -------         PROC          _UARTRXCMD
  D:0007H         SYMBOL        UARTx
  D:0005H         SYMBOL        newState
  C:2417H         LINE#         84
  C:2417H         LINE#         85
  C:2417H         LINE#         86
  C:241AH         LINE#         87
  C:241AH         LINE#         88
  C:241AH         LINE#         89
  C:241CH         LINE#         90
  C:241FH         LINE#         91
  C:241FH         LINE#         92
  C:2427H         LINE#         93
  C:242CH         LINE#         94
  C:242CH         LINE#         95
  -------         ENDPROC       _UARTRXCMD
  -------         PROC          _UARTGETFLAGSTATUS
  D:0007H         SYMBOL        UARTx
  D:0005H         SYMBOL        UARTFlag
  C:2341H         LINE#         97
  C:2341H         LINE#         98
  C:2341H         LINE#         99
  C:2344H         LINE#         100
  C:2344H         LINE#         101
  C:2349H         LINE#         102
  C:2349H         LINE#         103
  C:234CH         LINE#         104
  C:234CH         LINE#         106
  C:234CH         LINE#         107
  C:234FH         LINE#         108
  C:234FH         LINE#         109
  C:234FH         LINE#         110
  C:2352H         LINE#         111
  C:2352H         LINE#         112
  C:2357H         LINE#         113
  C:2357H         LINE#         114
  C:235AH         LINE#         115
  C:235AH         LINE#         117
  C:235AH         LINE#         118
BL51 BANKED LINKER/LOCATER V6.22                                                      12/15/2017  18:53:27  PAGE 24


  C:235DH         LINE#         119
  C:235DH         LINE#         120
  C:235DH         LINE#         122
  C:235DH         LINE#         123
  C:235FH         LINE#         124
  C:235FH         LINE#         125
  -------         ENDPROC       _UARTGETFLAGSTATUS
  -------         PROC          _UARTCLEARFLAGSTATUS
  D:0007H         SYMBOL        UARTx
  D:0005H         SYMBOL        UARTFlag
  C:24AEH         LINE#         127
  C:24AEH         LINE#         128
  C:24AEH         LINE#         129
  C:24B1H         LINE#         130
  C:24B1H         LINE#         131
  C:24B5H         LINE#         132
  C:24B6H         LINE#         133
  C:24B9H         LINE#         134
  C:24B9H         LINE#         135
  C:24BDH         LINE#         136
  C:24BDH         LINE#         137
  -------         ENDPROC       _UARTCLEARFLAGSTATUS
  -------         PROC          _UARTSENDBYTE
  D:0006H         SYMBOL        UARTx
  D:0005H         SYMBOL        sendData
  C:2360H         LINE#         139
  C:2362H         LINE#         140
  C:2362H         LINE#         141
  C:2365H         LINE#         142
  C:2365H         LINE#         143
  C:2367H         LINE#         144
  C:2369H         LINE#         145
  C:236CH         LINE#         146
  C:236CH         LINE#         147
  C:236EH         LINE#         149
  C:236EH         LINE#         150
  C:2378H         LINE#         151
  -------         ENDPROC       _UARTSENDBYTE
  -------         PROC          _UARTRECIEVEBYTE
  D:0007H         SYMBOL        UARTx
  C:24BEH         LINE#         154
  C:24BEH         LINE#         155
  C:24BEH         LINE#         156
  C:24C1H         LINE#         157
  C:24C1H         LINE#         158
  C:24C4H         LINE#         159
  C:24C4H         LINE#         160
  C:24C7H         LINE#         161
  C:24C7H         LINE#         162
  C:24CAH         LINE#         163
  C:24CAH         LINE#         165
  C:24CAH         LINE#         166
  C:24CCH         LINE#         167
  C:24CCH         LINE#         168
  -------         ENDPROC       _UARTRECIEVEBYTE
  -------         PROC          _UARTINIT
  D:0026H         SYMBOL        UARTx
BL51 BANKED LINKER/LOCATER V6.22                                                      12/15/2017  18:53:27  PAGE 25


  D:0027H         SYMBOL        UARTMode
  D:002BH         SYMBOL        baudRate
  C:22B8H         LINE#         170
  C:22BAH         LINE#         171
  C:22BAH         LINE#         172
  C:22BFH         LINE#         174
  C:22CEH         LINE#         176
  C:22D5H         LINE#         178
  -------         ENDPROC       _UARTINIT
  -------         PROC          _UARTITCONFIG
  D:0007H         SYMBOL        UARTx
  D:0005H         SYMBOL        UARTPriority
  C:23D3H         LINE#         182
  C:23D3H         LINE#         183
  C:23D3H         LINE#         184
  C:23D5H         LINE#         185
  C:23D8H         LINE#         186
  C:23D8H         LINE#         188
  C:23DAH         LINE#         189
  C:23DFH         LINE#         190
  C:23E0H         LINE#         191
  C:23E3H         LINE#         192
  C:23E3H         LINE#         193
  C:23E6H         LINE#         194
  C:23E9H         LINE#         195
  C:23E9H         LINE#         196
  -------         ENDPROC       _UARTITCONFIG
  -------         ENDMOD        USART

  -------         MODULE        8255
  C:0000H         SYMBOL        _ICE_DUMMY_
  C:2150H         PUBLIC        IO8255Init
  C:1B19H         PUBLIC        _IO8255ReadBit
  X:F803H         PUBLIC        IO8255PortCtl
  C:1AA7H         PUBLIC        _IO8255SetBit
  X:F800H         PUBLIC        IO8255PortA
  X:F801H         PUBLIC        IO8255PortB
  X:F802H         PUBLIC        IO8255PortC
  -------         PROC          IO8255INIT
  D:0008H         SYMBOL        IO8255InitStuction
  -------         DO            
  X:0064H         SYMBOL        initData
  -------         ENDDO         
  C:2150H         LINE#         8
  C:2150H         LINE#         9
  C:2150H         LINE#         10
  C:2156H         LINE#         12
  C:2160H         LINE#         13
  C:2168H         LINE#         15
  C:2171H         LINE#         16
  C:2178H         LINE#         18
  C:2181H         LINE#         20
  C:2184H         LINE#         22
  C:2188H         LINE#         24
  -------         ENDPROC       IO8255INIT
  -------         PROC          _IO8255SETBIT
  D:0007H         SYMBOL        IOPort
BL51 BANKED LINKER/LOCATER V6.22                                                      12/15/2017  18:53:27  PAGE 26


  D:0005H         SYMBOL        IOBit
  D:0003H         SYMBOL        state
  C:1AA7H         LINE#         26
  C:1AA7H         LINE#         27
  C:1AA7H         LINE#         28
  C:1AAAH         LINE#         29
  C:1AAAH         LINE#         30
  C:1AB5H         LINE#         31
  C:1AB5H         LINE#         32
  C:1AB5H         LINE#         33
  C:1AC4H         LINE#         34
  C:1AC6H         LINE#         35
  C:1AC6H         LINE#         36
  C:1AD8H         LINE#         37
  C:1AD9H         LINE#         38
  C:1AD9H         LINE#         39
  C:1ADEH         LINE#         40
  C:1AE0H         LINE#         41
  C:1AE0H         LINE#         42
  C:1AE0H         LINE#         43
  C:1AE0H         LINE#         44
  C:1AE0H         LINE#         46
  C:1AE0H         LINE#         47
  C:1AEBH         LINE#         48
  C:1AEBH         LINE#         49
  C:1AEBH         LINE#         50
  C:1AFBH         LINE#         51
  C:1AFDH         LINE#         52
  C:1AFDH         LINE#         53
  C:1B10H         LINE#         54
  C:1B11H         LINE#         55
  C:1B11H         LINE#         56
  C:1B18H         LINE#         57
  C:1B18H         LINE#         58
  C:1B18H         LINE#         59
  C:1B18H         LINE#         60
  C:1B18H         LINE#         61
  C:1B18H         LINE#         62
  -------         ENDPROC       _IO8255SETBIT
  -------         PROC          _IO8255READBIT
  D:0007H         SYMBOL        IOPort
  D:0005H         SYMBOL        IOBit
  C:1B19H         LINE#         65
  C:1B19H         LINE#         66
  C:1B19H         LINE#         67
  C:1B24H         LINE#         68
  C:1B24H         LINE#         69
  C:1B24H         LINE#         70
  C:1B44H         LINE#         71
  C:1B44H         LINE#         72
  C:1B44H         LINE#         73
  C:1B64H         LINE#         74
  C:1B64H         LINE#         75
  C:1B64H         LINE#         76
  C:1B86H         LINE#         77
  C:1B86H         LINE#         78
  C:1B86H         LINE#         79
BL51 BANKED LINKER/LOCATER V6.22                                                      12/15/2017  18:53:27  PAGE 27


  C:1B86H         LINE#         80
  C:1B86H         LINE#         81
  -------         ENDPROC       _IO8255READBIT
  -------         ENDMOD        8255

  -------         MODULE        8254
  C:0000H         SYMBOL        _ICE_DUMMY_
  D:0080H         PUBLIC        P0
  D:0090H         PUBLIC        P1
  D:00A0H         PUBLIC        P2
  D:00B0H         PUBLIC        P3
  C:205DH         PUBLIC        _Timer8254SquareWaveModeInit
  D:00C0H         PUBLIC        P4
  D:00C8H         PUBLIC        P5
  D:00E8H         PUBLIC        P6
  D:00F8H         PUBLIC        P7
  D:00A8H         PUBLIC        IE
  D:00B8H         PUBLIC        IP
  C:20D7H         PUBLIC        _Timer8254HardwareStrobeModeInit
  C:2020H         PUBLIC        _Timer8254PrescalerModeInit
  X:F903H         PUBLIC        timer8254Ctr
  D:00D8H         PUBLIC        CCON
  X:F900H         PUBLIC        timer8254Timer0Base
  X:F901H         PUBLIC        timer8254Timer1Base
  X:F902H         PUBLIC        timer8254Timer2Base
  D:0098H         PUBLIC        SCON
  D:0088H         PUBLIC        TCON
  C:209AH         PUBLIC        _Timer8254SoftwareStrobeModeInit
  C:242DH         PUBLIC        _Timer8254StartTrigger
  C:2189H         PUBLIC        _Timer8254TriggerModeInit
  C:1F67H         PUBLIC        _Timer8254CounterModeInit
  C:1EE7H         PUBLIC        _Timer8254GetCounter
  C:2442H         PUBLIC        _Timer8254StartHardStrobe
  C:24CDH         PUBLIC        _Timer8254Cmd
  D:00D0H         PUBLIC        PSW
  -------         PROC          _TIMER8254CMD
  D:0007H         SYMBOL        timerx
  D:0026H         SYMBOL        newState
  C:24CDH         LINE#         8
  C:24CFH         LINE#         9
  C:24CFH         LINE#         10
  C:24DAH         LINE#         11
  C:24DAH         LINE#         12
  C:24DAH         LINE#         13
  C:24DAH         LINE#         14
  C:24DAH         LINE#         16
  C:24DAH         LINE#         18
  C:24DAH         LINE#         20
  C:24DAH         LINE#         21
  C:24DAH         LINE#         22
  C:24DAH         LINE#         23
  C:24DAH         LINE#         24
  C:24DAH         LINE#         26
  C:24DAH         LINE#         28
  C:24DAH         LINE#         30
  C:24DAH         LINE#         31
  C:24DAH         LINE#         32
BL51 BANKED LINKER/LOCATER V6.22                                                      12/15/2017  18:53:27  PAGE 28


  C:24DAH         LINE#         33
  C:24DAH         LINE#         34
  C:24DAH         LINE#         36
  C:24DAH         LINE#         38
  C:24DAH         LINE#         40
  C:24DAH         LINE#         41
  C:24DAH         LINE#         42
  C:24DAH         LINE#         43
  C:24DAH         LINE#         44
  C:24DAH         LINE#         45
  -------         ENDPROC       _TIMER8254CMD
  -------         PROC          _TIMER8254COUNTERMODEINIT
  D:0003H         SYMBOL        timerx
  D:0004H         SYMBOL        setCounter
  -------         DO            
  X:0065H         SYMBOL        initData
  -------         ENDDO         
  C:1F67H         LINE#         47
  C:1F69H         LINE#         48
  C:1F69H         LINE#         49
  C:1F6EH         LINE#         51
  C:1F75H         LINE#         53
  C:1F78H         LINE#         55
  C:1F7CH         LINE#         57
  C:1F81H         LINE#         59
  C:1F8CH         LINE#         60
  C:1F8CH         LINE#         61
  C:1F8CH         LINE#         62
  C:1F90H         LINE#         63
  C:1F90H         LINE#         64
  C:1F92H         LINE#         65
  C:1F92H         LINE#         66
  C:1F96H         LINE#         67
  C:1F96H         LINE#         68
  C:1F98H         LINE#         69
  C:1F98H         LINE#         70
  C:1F9DH         LINE#         71
  C:1F9FH         LINE#         72
  C:1F9FH         LINE#         73
  C:1F9FH         LINE#         74
  C:1F9FH         LINE#         75
  C:1F9FH         LINE#         76
  -------         ENDPROC       _TIMER8254COUNTERMODEINIT
  -------         PROC          _TIMER8254TRIGGERMODEINIT
  D:0007H         SYMBOL        timerx
  D:0004H         SYMBOL        setCounter
  -------         DO            
  X:0066H         SYMBOL        initData
  -------         ENDDO         
  C:2189H         LINE#         79
  C:2189H         LINE#         80
  C:2189H         LINE#         81
  C:218EH         LINE#         83
  C:2195H         LINE#         85
  C:2198H         LINE#         87
  C:219BH         LINE#         89
  C:219FH         LINE#         91
BL51 BANKED LINKER/LOCATER V6.22                                                      12/15/2017  18:53:27  PAGE 29


  C:21AAH         LINE#         92
  C:21AAH         LINE#         93
  C:21AAH         LINE#         94
  C:21AEH         LINE#         95
  C:21AEH         LINE#         96
  C:21B0H         LINE#         97
  C:21B0H         LINE#         98
  C:21B4H         LINE#         99
  C:21B4H         LINE#         100
  C:21B6H         LINE#         101
  C:21B6H         LINE#         102
  C:21BBH         LINE#         103
  C:21BDH         LINE#         104
  C:21BDH         LINE#         105
  C:21BDH         LINE#         106
  C:21BDH         LINE#         107
  C:21BDH         LINE#         108
  -------         ENDPROC       _TIMER8254TRIGGERMODEINIT
  -------         PROC          _TIMER8254STARTTRIGGER
  D:001EH         SYMBOL        timerx
  C:242DH         LINE#         110
  C:242FH         LINE#         111
  C:242FH         LINE#         112
  C:2434H         LINE#         113
  C:243BH         LINE#         114
  -------         ENDPROC       _TIMER8254STARTTRIGGER
  -------         PROC          _TIMER8254PRESCALERMODEINIT
  D:0003H         SYMBOL        timerx
  D:0004H         SYMBOL        prescale
  -------         DO            
  X:0021H         SYMBOL        initData
  -------         ENDDO         
  C:2020H         LINE#         117
  C:2022H         LINE#         118
  C:2022H         LINE#         119
  C:2027H         LINE#         121
  C:202EH         LINE#         123
  C:2031H         LINE#         125
  C:2034H         LINE#         127
  C:2038H         LINE#         129
  C:2043H         LINE#         130
  C:2043H         LINE#         131
  C:2043H         LINE#         132
  C:2047H         LINE#         133
  C:2047H         LINE#         134
  C:2049H         LINE#         135
  C:2049H         LINE#         136
  C:204DH         LINE#         137
  C:204DH         LINE#         138
  C:204FH         LINE#         139
  C:204FH         LINE#         140
  C:2054H         LINE#         141
  C:2056H         LINE#         142
  C:2056H         LINE#         143
  C:2056H         LINE#         144
  C:2056H         LINE#         145
  C:2056H         LINE#         147
BL51 BANKED LINKER/LOCATER V6.22                                                      12/15/2017  18:53:27  PAGE 30


  -------         ENDPROC       _TIMER8254PRESCALERMODEINIT
  -------         PROC          _TIMER8254SQUAREWAVEMODEINIT
  D:0003H         SYMBOL        timerx
  D:0004H         SYMBOL        period
  -------         DO            
  X:0067H         SYMBOL        initData
  -------         ENDDO         
  C:205DH         LINE#         151
  C:205FH         LINE#         152
  C:205FH         LINE#         153
  C:2064H         LINE#         155
  C:206BH         LINE#         157
  C:206EH         LINE#         159
  C:2071H         LINE#         161
  C:2075H         LINE#         163
  C:2080H         LINE#         164
  C:2080H         LINE#         165
  C:2080H         LINE#         166
  C:2084H         LINE#         167
  C:2084H         LINE#         168
  C:2086H         LINE#         169
  C:2086H         LINE#         170
  C:208AH         LINE#         171
  C:208AH         LINE#         172
  C:208CH         LINE#         173
  C:208CH         LINE#         174
  C:2091H         LINE#         175
  C:2093H         LINE#         176
  C:2093H         LINE#         177
  C:2093H         LINE#         178
  C:2093H         LINE#         179
  C:2093H         LINE#         181
  -------         ENDPROC       _TIMER8254SQUAREWAVEMODEINIT
  -------         PROC          _TIMER8254SOFTWARESTROBEMODEINIT
  D:0003H         SYMBOL        timerx
  D:0004H         SYMBOL        setCounter
  -------         DO            
  X:0068H         SYMBOL        initData
  -------         ENDDO         
  C:209AH         LINE#         184
  C:209CH         LINE#         185
  C:209CH         LINE#         186
  C:20A1H         LINE#         188
  C:20A8H         LINE#         190
  C:20ABH         LINE#         192
  C:20AEH         LINE#         194
  C:20B2H         LINE#         196
  C:20BDH         LINE#         197
  C:20BDH         LINE#         198
  C:20BDH         LINE#         199
  C:20C1H         LINE#         200
  C:20C1H         LINE#         201
  C:20C3H         LINE#         202
  C:20C3H         LINE#         203
  C:20C7H         LINE#         204
  C:20C7H         LINE#         205
  C:20C9H         LINE#         206
BL51 BANKED LINKER/LOCATER V6.22                                                      12/15/2017  18:53:27  PAGE 31


  C:20C9H         LINE#         207
  C:20CEH         LINE#         208
  C:20D0H         LINE#         209
  C:20D0H         LINE#         210
  C:20D0H         LINE#         211
  C:20D0H         LINE#         212
  C:20D0H         LINE#         214
  -------         ENDPROC       _TIMER8254SOFTWARESTROBEMODEINIT
  -------         PROC          _TIMER8254HARDWARESTROBEMODEINIT
  D:0003H         SYMBOL        timerx
  D:0004H         SYMBOL        setCounter
  -------         DO            
  X:0069H         SYMBOL        initData
  -------         ENDDO         
  C:20D7H         LINE#         217
  C:20D9H         LINE#         218
  C:20D9H         LINE#         219
  C:20DEH         LINE#         221
  C:20E5H         LINE#         223
  C:20E8H         LINE#         225
  C:20EBH         LINE#         227
  C:20EFH         LINE#         229
  C:20FAH         LINE#         230
  C:20FAH         LINE#         231
  C:20FAH         LINE#         232
  C:20FEH         LINE#         233
  C:20FEH         LINE#         234
  C:2100H         LINE#         235
  C:2100H         LINE#         236
  C:2104H         LINE#         237
  C:2104H         LINE#         238
  C:2106H         LINE#         239
  C:2106H         LINE#         240
  C:210BH         LINE#         241
  C:210DH         LINE#         242
  C:210DH         LINE#         243
  C:210DH         LINE#         244
  C:210DH         LINE#         245
  C:210DH         LINE#         247
  -------         ENDPROC       _TIMER8254HARDWARESTROBEMODEINIT
  -------         PROC          _TIMER8254STARTHARDSTROBE
  D:001FH         SYMBOL        timerx
  C:2442H         LINE#         250
  C:2444H         LINE#         251
  C:2444H         LINE#         252
  C:2449H         LINE#         253
  C:2450H         LINE#         254
  -------         ENDPROC       _TIMER8254STARTHARDSTROBE
  -------         PROC          _TIMER8254GETCOUNTER
  D:0007H         SYMBOL        timerx
  -------         DO            
  X:005EH         SYMBOL        returnValue
  -------         ENDDO         
  C:1EE7H         LINE#         257
  C:1EE7H         LINE#         258
  C:1EE7H         LINE#         259
  C:1EEEH         LINE#         261
BL51 BANKED LINKER/LOCATER V6.22                                                      12/15/2017  18:53:27  PAGE 32


  C:1EF8H         LINE#         263
  C:1F03H         LINE#         264
  C:1F03H         LINE#         265
  C:1F03H         LINE#         266
  C:1F06H         LINE#         267
  C:1F06H         LINE#         268
  C:1F08H         LINE#         269
  C:1F08H         LINE#         270
  C:1F0BH         LINE#         271
  C:1F0BH         LINE#         272
  C:1F0BH         LINE#         273
  C:1F15H         LINE#         275
  C:1F1FH         LINE#         276
  C:1F1FH         LINE#         277
  C:1F1FH         LINE#         278
  C:1F1FH         LINE#         279
  C:1F1FH         LINE#         281
  C:1F27H         LINE#         282
  -------         ENDPROC       _TIMER8254GETCOUNTER
  -------         ENDMOD        8254

  -------         MODULE        8251A
  C:0000H         SYMBOL        _ICE_DUMMY_
  D:0080H         PUBLIC        P0
  D:0090H         PUBLIC        P1
  D:00A0H         PUBLIC        P2
  D:00B0H         PUBLIC        P3
  D:00C0H         PUBLIC        P4
  D:00C8H         PUBLIC        P5
  D:00E8H         PUBLIC        P6
  D:00F8H         PUBLIC        P7
  D:00A8H         PUBLIC        IE
  D:00B8H         PUBLIC        IP
  D:00D8H         PUBLIC        CCON
  D:0098H         PUBLIC        SCON
  D:0088H         PUBLIC        TCON
  D:00D0H         PUBLIC        PSW
  -------         ENDMOD        8251A

  -------         MODULE        CS5550
  C:0000H         SYMBOL        _ICE_DUMMY_
  D:0080H         PUBLIC        P0
  D:0090H         PUBLIC        P1
  D:00A0H         PUBLIC        P2
  D:00B0H         PUBLIC        P3
  D:00C0H         PUBLIC        P4
  D:00C8H         PUBLIC        P5
  D:00E8H         PUBLIC        P6
  D:00F8H         PUBLIC        P7
  C:23BBH         PUBLIC        _CS5550WriteCmd
  C:1E25H         PUBLIC        _CS5550WriteByte
  D:00A8H         PUBLIC        IE
  C:17C8H         PUBLIC        _CS5550ReadRes
  D:00B8H         PUBLIC        IP
  C:21BEH         PUBLIC        _CS5550WriteRes
  D:00D8H         PUBLIC        CCON
  B:0090H.7       PUBLIC        CS5550_SDI
BL51 BANKED LINKER/LOCATER V6.22                                                      12/15/2017  18:53:27  PAGE 33


  B:0090H.0       PUBLIC        CS5550_SDO
  D:0098H         PUBLIC        SCON
  D:0088H         PUBLIC        TCON
  C:1CEBH         PUBLIC        CS5550RecieveByte
  B:0090H.6       PUBLIC        CS5550_CS
  B:00B0H.2       PUBLIC        CS5550_SCLK
  D:00D0H         PUBLIC        PSW
  -------         PROC          L?0018
  -------         ENDPROC       L?0018
  -------         PROC          _CS5550WRITEBYTE
  D:002BH         SYMBOL        message
  -------         DO            
  X:0025H         SYMBOL        i
  -------         ENDDO         
  C:1E25H         LINE#         5
  C:1E27H         LINE#         6
  C:1E27H         LINE#         7
  C:1E2CH         LINE#         8
  C:1E2DH         LINE#         9
  C:1E2DH         LINE#         10
  C:1E2FH         LINE#         12
  C:1E34H         LINE#         13
  C:1E34H         LINE#         14
  C:1E36H         LINE#         15
  C:1E38H         LINE#         17
  C:1E38H         LINE#         18
  C:1E3AH         LINE#         19
  C:1E3AH         LINE#         20
  C:1E41H         LINE#         21
  C:1E43H         LINE#         22
  C:1E4AH         LINE#         23
  C:1E50H         LINE#         25
  C:1E5CH         LINE#         26
  C:1E5EH         LINE#         27
  -------         ENDPROC       _CS5550WRITEBYTE
  -------         PROC          CS5550RECIEVEBYTE
  -------         DO            
  X:0025H         SYMBOL        recieveData
  X:0026H         SYMBOL        i
  -------         ENDDO         
  C:1CEBH         LINE#         29
  C:1CEBH         LINE#         30
  C:1CEBH         LINE#         31
  C:1CF0H         LINE#         32
  C:1CF2H         LINE#         34
  C:1CFDH         LINE#         35
  C:1CFDH         LINE#         36
  C:1D01H         LINE#         37
  C:1D01H         LINE#         38
  C:1D03H         LINE#         39
  C:1D05H         LINE#         41
  C:1D05H         LINE#         42
  C:1D07H         LINE#         43
  C:1D07H         LINE#         45
  C:1D09H         LINE#         46
  C:1D10H         LINE#         47
  C:1D17H         LINE#         48
BL51 BANKED LINKER/LOCATER V6.22                                                      12/15/2017  18:53:27  PAGE 34


  C:1D19H         LINE#         49
  C:1D20H         LINE#         50
  C:1D27H         LINE#         51
  C:1D27H         LINE#         52
  C:1D2AH         LINE#         53
  C:1D2CH         LINE#         55
  C:1D2CH         LINE#         56
  C:1D2FH         LINE#         57
  C:1D2FH         LINE#         59
  C:1D37H         LINE#         60
  C:1D3CH         LINE#         61
  -------         ENDPROC       CS5550RECIEVEBYTE
  -------         PROC          _CS5550WRITECMD
  D:0007H         SYMBOL        cmd
  D:0027H         SYMBOL        value
[...]
  D:0098H         PUBLIC        SCON
  D:0088H         PUBLIC        TCON
  C:15E0H         PUBLIC        _MotorVelCrl
  D:00D0H         PUBLIC        PSW
  -------         PROC          _MOTORVELCRL
  D:0010H         SYMBOL        expVel
  D:0014H         SYMBOL        actVel
  -------         DO            
  X:0046H         SYMBOL        dutyCycle
  X:004AH         SYMBOL        error
  -------         ENDDO         
  C:15E0H         LINE#         7
  C:15E8H         LINE#         8
  C:15E8H         LINE#         10
  C:15F2H         LINE#         11
  C:15FCH         LINE#         13
  C:1610H         LINE#         14
BL51 BANKED LINKER/LOCATER V6.22                                                      12/15/2017  18:53:27  PAGE 37


  C:1610H         LINE#         15
  C:161BH         LINE#         16
  C:161BH         LINE#         18
  C:163FH         LINE#         20
  C:1658H         LINE#         22
  C:169EH         LINE#         24
  C:16BBH         LINE#         25
  C:16BBH         LINE#         26
  C:16C5H         LINE#         27
  C:16C5H         LINE#         29
  -------         ENDPROC       _MOTORVELCRL
  -------         ENDMOD        BRUSHDCMOTOR

  -------         MODULE        STEPMOTOR
  C:0000H         SYMBOL        _ICE_DUMMY_
  D:0080H         PUBLIC        P0
  D:0090H         PUBLIC        P1
  D:00A0H         PUBLIC        P2
  D:00B0H         PUBLIC        P3
  D:00C0H         PUBLIC        P4
  D:00C8H         PUBLIC        P5
  D:00E8H         PUBLIC        P6
  D:00F8H         PUBLIC        P7
  D:00A8H         PUBLIC        IE
  C:1459H         PUBLIC        _StepMotorSpeedControl
  D:00B8H         PUBLIC        IP
  D:00D8H         PUBLIC        CCON
  D:0098H         PUBLIC        SCON
  D:0088H         PUBLIC        TCON
  C:22DCH         PUBLIC        StepMotorPinInit
  D:00D0H         PUBLIC        PSW
  -------         PROC          STEPMOTORPININIT
  C:22DCH         LINE#         4
  C:22DCH         LINE#         5
  C:22DCH         LINE#         6
  C:22E5H         LINE#         7
  C:22EEH         LINE#         8
  C:22F7H         LINE#         9
  -------         ENDPROC       STEPMOTORPININIT
  -------         PROC          _STEPMOTORSPEEDCONTROL
  D:0018H         SYMBOL        vel
  -------         DO            
  X:0059H         SYMBOL        state
  X:005AH         SYMBOL        counter
  -------         ENDDO         
  C:1459H         LINE#         12
  C:1461H         LINE#         13
  C:1461H         LINE#         17
  C:148CH         LINE#         18
  C:148CH         LINE#         19
  C:148CH         LINE#         20
  C:1493H         LINE#         21
  C:149AH         LINE#         22
  C:149AH         LINE#         23
  C:149AH         LINE#         24
  C:149CH         LINE#         25
  C:149CH         LINE#         26
BL51 BANKED LINKER/LOCATER V6.22                                                      12/15/2017  18:53:27  PAGE 38


  C:14A3H         LINE#         27
  C:14AAH         LINE#         28
  C:14AAH         LINE#         29
  C:14AAH         LINE#         30
  C:14ACH         LINE#         31
  C:14ACH         LINE#         32
  C:14B3H         LINE#         33
  C:14BAH         LINE#         34
  C:14C1H         LINE#         35
  C:14C1H         LINE#         36
  C:14C3H         LINE#         37
  C:14C3H         LINE#         38
  C:14CAH         LINE#         39
  C:14D1H         LINE#         40
  C:14D8H         LINE#         41
  C:14D8H         LINE#         42
  C:14DAH         LINE#         43
  C:14DAH         LINE#         44
  C:14E1H         LINE#         45
  C:14E8H         LINE#         46
  C:14EFH         LINE#         47
  C:14F6H         LINE#         48
  C:14F8H         LINE#         49
  C:14F8H         LINE#         50
  C:14FFH         LINE#         51
  C:1506H         LINE#         52
  C:150DH         LINE#         53
  C:150DH         LINE#         54
  C:150FH         LINE#         55
  C:150FH         LINE#         56
  C:1516H         LINE#         57
  C:151DH         LINE#         58
  C:1524H         LINE#         59
  C:1524H         LINE#         60
  C:1526H         LINE#         61
  C:1526H         LINE#         62
  C:152DH         LINE#         63
  C:1534H         LINE#         64
  C:153BH         LINE#         65
  C:1542H         LINE#         66
  C:1542H         LINE#         67
  C:1542H         LINE#         68
  C:1542H         LINE#         69
  C:1542H         LINE#         71
  C:1561H         LINE#         73
  C:1595H         LINE#         74
  C:1595H         LINE#         75
  C:159FH         LINE#         76
  C:15B3H         LINE#         77
  C:15B3H         LINE#         79
  C:15B9H         LINE#         80
  C:15BDH         LINE#         81
  C:15BEH         LINE#         82
  C:15D0H         LINE#         83
  C:15D0H         LINE#         85
  C:15D6H         LINE#         86
  C:15D6H         LINE#         87
BL51 BANKED LINKER/LOCATER V6.22                                                      12/15/2017  18:53:27  PAGE 39


  C:15D9H         LINE#         88
  C:15D9H         LINE#         89
  C:15DFH         LINE#         90
  C:15DFH         LINE#         91
  C:15DFH         LINE#         92
  -------         ENDPROC       _STEPMOTORSPEEDCONTROL
  -------         ENDMOD        STEPMOTOR

  -------         MODULE        SPEAKER
  C:0000H         SYMBOL        _ICE_DUMMY_
  -------         ENDMOD        SPEAKER

  -------         MODULE        GPIO
  C:0000H         SYMBOL        _ICE_DUMMY_
  D:0092H         PUBLIC        P1M0
  D:0093H         PUBLIC        P0M1
  C:239DH         PUBLIC        _GPIOSetBit
  D:0096H         PUBLIC        P2M0
  D:0091H         PUBLIC        P1M1
  D:0080H         PUBLIC        P0
  D:00B2H         PUBLIC        P3M0
  D:0095H         PUBLIC        P2M1
  D:0090H         PUBLIC        P1
  D:00B1H         PUBLIC        P3M1
  D:00A0H         PUBLIC        P2
  D:00B0H         PUBLIC        P3
  D:00C0H         PUBLIC        P4
  D:00C8H         PUBLIC        P5
  D:00E8H         PUBLIC        P6
  D:00F8H         PUBLIC        P7
  D:00A8H         PUBLIC        IE
  D:00B8H         PUBLIC        IP
  D:00D8H         PUBLIC        CCON
  D:0098H         PUBLIC        SCON
  D:0088H         PUBLIC        TCON
  C:19BFH         PUBLIC        _GPIOInit
  C:1D89H         PUBLIC        _GPIOReadBit
  C:2300H         PUBLIC        _GPIOResetBit
  D:00D0H         PUBLIC        PSW
  D:0094H         PUBLIC        P0M0
  -------         PROC          _GPIOINIT
  D:0007H         SYMBOL        GPIOPort
  D:0005H         SYMBOL        GPIOPin
  D:0003H         SYMBOL        GPIOMode
  C:19BFH         LINE#         3
  C:19BFH         LINE#         4
  C:19BFH         LINE#         5
  C:19CDH         LINE#         6
  C:19CDH         LINE#         7
  C:19CDH         LINE#         8
  C:19D1H         LINE#         9
  C:19D1H         LINE#         10
  C:19D4H         LINE#         11
  C:19D6H         LINE#         13
  C:19D6H         LINE#         14
  C:19DAH         LINE#         15
  C:19DAH         LINE#         16
BL51 BANKED LINKER/LOCATER V6.22                                                      12/15/2017  18:53:27  PAGE 40


  C:19DEH         LINE#         17
  C:19DEH         LINE#         18
  C:19E1H         LINE#         19
  C:19E2H         LINE#         21
  C:19E2H         LINE#         22
  C:19E6H         LINE#         23
  C:19E6H         LINE#         24
  C:19E7H         LINE#         25
  C:19E7H         LINE#         26
  C:19EBH         LINE#         27
  C:19EBH         LINE#         28
  C:19EEH         LINE#         29
  C:19F0H         LINE#         31
  C:19F0H         LINE#         32
  C:19F4H         LINE#         33
  C:19F4H         LINE#         34
  C:19F8H         LINE#         35
  C:19F8H         LINE#         36
  C:19FBH         LINE#         37
  C:19FCH         LINE#         39
  C:19FCH         LINE#         40
  C:1A00H         LINE#         41
  C:1A00H         LINE#         42
  C:1A01H         LINE#         43
  C:1A01H         LINE#         44
  C:1A05H         LINE#         45
  C:1A05H         LINE#         46
  C:1A08H         LINE#         47
  C:1A0AH         LINE#         49
  C:1A0AH         LINE#         50
  C:1A0EH         LINE#         51
  C:1A0EH         LINE#         52
  C:1A12H         LINE#         53
  C:1A12H         LINE#         54
  C:1A15H         LINE#         55
  C:1A16H         LINE#         57
  C:1A16H         LINE#         58
  C:1A1AH         LINE#         59
  C:1A1AH         LINE#         60
  C:1A1BH         LINE#         61
  C:1A1BH         LINE#         62
  C:1A1FH         LINE#         63
  C:1A1FH         LINE#         64
  C:1A22H         LINE#         65
  C:1A24H         LINE#         67
  C:1A24H         LINE#         68
  C:1A28H         LINE#         69
  C:1A28H         LINE#         70
  C:1A2CH         LINE#         71
  C:1A2CH         LINE#         72
  C:1A2FH         LINE#         73
  C:1A30H         LINE#         75
  C:1A30H         LINE#         76
  C:1A34H         LINE#         77
  C:1A34H         LINE#         78
  C:1A34H         LINE#         79
  C:1A34H         LINE#         80
BL51 BANKED LINKER/LOCATER V6.22                                                      12/15/2017  18:53:27  PAGE 41


  C:1A34H         LINE#         81
  C:1A34H         LINE#         83
  -------         ENDPROC       _GPIOINIT
  -------         PROC          _GPIOSETBIT
  D:0007H         SYMBOL        GPIOPort
  D:0005H         SYMBOL        GPIOPin
  C:239DH         LINE#         85
  C:239DH         LINE#         86
  C:239DH         LINE#         87
  C:23ABH         LINE#         88
  C:23ABH         LINE#         89
  C:23ABH         LINE#         90
  C:23AEH         LINE#         91
  C:23AFH         LINE#         92
  C:23AFH         LINE#         93
  C:23B2H         LINE#         94
  C:23B3H         LINE#         95
  C:23B3H         LINE#         96
  C:23B6H         LINE#         97
  C:23B7H         LINE#         98
  C:23B7H         LINE#         99
  C:23BAH         LINE#         100
  C:23BAH         LINE#         101
  C:23BAH         LINE#         102
  C:23BAH         LINE#         103
  C:23BAH         LINE#         105
  -------         ENDPROC       _GPIOSETBIT
  -------         PROC          _GPIORESETBIT
  D:0007H         SYMBOL        GPIOPort
  D:0005H         SYMBOL        GPIOPin
  C:2300H         LINE#         107
  C:2300H         LINE#         108
  C:2300H         LINE#         109
  C:230EH         LINE#         110
  C:230EH         LINE#         111
  C:230EH         LINE#         112
  C:2312H         LINE#         113
  C:2313H         LINE#         114
  C:2313H         LINE#         115
  C:2317H         LINE#         116
  C:2318H         LINE#         117
  C:2318H         LINE#         118
  C:231CH         LINE#         119
  C:231DH         LINE#         120
  C:231DH         LINE#         121
  C:2321H         LINE#         122
  C:2321H         LINE#         123
  C:2321H         LINE#         124
  C:2321H         LINE#         125
  C:2321H         LINE#         126
  -------         ENDPROC       _GPIORESETBIT
  -------         PROC          _GPIOREADBIT
  D:0007H         SYMBOL        GPIOPort
  D:0005H         SYMBOL        GPIOPin
  C:1D89H         LINE#         128
  C:1D89H         LINE#         129
  C:1D89H         LINE#         130
BL51 BANKED LINKER/LOCATER V6.22                                                      12/15/2017  18:53:27  PAGE 42


  C:1D97H         LINE#         131
  C:1D97H         LINE#         132
  C:1D97H         LINE#         133
  C:1D9AH         LINE#         134
  C:1DA5H         LINE#         135
  C:1DA5H         LINE#         136
  C:1DA5H         LINE#         137
  C:1DA8H         LINE#         138
  C:1DB3H         LINE#         139
  C:1DB3H         LINE#         140
  C:1DB3H         LINE#         141
  C:1DB6H         LINE#         142
  C:1DC1H         LINE#         143
  C:1DC1H         LINE#         144
  C:1DC1H         LINE#         145
  C:1DC4H         LINE#         146
  C:1DCFH         LINE#         147
  C:1DCFH         LINE#         148
  C:1DCFH         LINE#         149
  C:1DD1H         LINE#         150
  C:1DD1H         LINE#         151
  C:1DD1H         LINE#         152
  -------         ENDPROC       _GPIOREADBIT
  -------         ENDMOD        GPIO

  -------         MODULE        ?C?FPADD
  C:0045H         PUBLIC        ?C?FPADD
  C:0041H         PUBLIC        ?C?FPSUB
  -------         ENDMOD        ?C?FPADD

  -------         MODULE        ?C?FPMUL
  C:0136H         PUBLIC        ?C?FPMUL
  -------         ENDMOD        ?C?FPMUL

  -------         MODULE        ?C?FPDIV
  C:023FH         PUBLIC        ?C?FPDIV
  -------         ENDMOD        ?C?FPDIV

  -------         MODULE        ?C?FPCMP
  C:02DEH         PUBLIC        ?C?FPCMP
  C:02DCH         PUBLIC        ?C?FPCMP3
  -------         ENDMOD        ?C?FPCMP

  -------         MODULE        ?C?FCAST
  C:035FH         PUBLIC        ?C?FCASTC
  C:035AH         PUBLIC        ?C?FCASTI
  C:0355H         PUBLIC        ?C?FCASTL
  -------         ENDMOD        ?C?FCAST

  -------         MODULE        ?C?CASTF
  C:0393H         PUBLIC        ?C?CASTF
  -------         ENDMOD        ?C?CASTF

  -------         MODULE        PRINTF
  D:002AH         PUBLIC        ?_PRINTF?BYTE
  D:002AH         PUBLIC        ?_SPRINTF?BYTE
  C:0969H         PUBLIC        _PRINTF
BL51 BANKED LINKER/LOCATER V6.22                                                      12/15/2017  18:53:27  PAGE 43


  C:0963H         PUBLIC        _SPRINTF
  -------         ENDMOD        PRINTF

  -------         MODULE        ?C?FPROUND
  C:0414H         PUBLIC        ?C?FPROUND
  -------         ENDMOD        ?C?FPROUND

  -------         MODULE        ?C?FPCONVERT
  C:0443H         PUBLIC        ?C?FPCONVERT
  -------         ENDMOD        ?C?FPCONVERT

  -------         MODULE        ?C?FTNPWR
  C:0576H         PUBLIC        ?C?FTNPWR
  -------         ENDMOD        ?C?FTNPWR

  -------         MODULE        ?C?COPY
  C:0686H         PUBLIC        ?C?COPY
  -------         ENDMOD        ?C?COPY

  -------         MODULE        ?C?CLDPTR
  C:06ACH         PUBLIC        ?C?CLDPTR
  -------         ENDMOD        ?C?CLDPTR

  -------         MODULE        ?C?CLDOPTR
  C:06C5H         PUBLIC        ?C?CLDOPTR
  -------         ENDMOD        ?C?CLDOPTR

  -------         MODULE        ?C?CSTPTR
  C:06F2H         PUBLIC        ?C?CSTPTR
  -------         ENDMOD        ?C?CSTPTR

  -------         MODULE        ?C?IMUL
  C:0704H         PUBLIC        ?C?IMUL
  -------         ENDMOD        ?C?IMUL

  -------         MODULE        ?C?UIDIV
  C:0716H         PUBLIC        ?C?UIDIV
  -------         ENDMOD        ?C?UIDIV

  -------         MODULE        ?C?ULDIV
  C:07A7H         PUBLIC        ?C?ULDIV
  -------         ENDMOD        ?C?ULDIV

  -------         MODULE        ?C?SLDIV
  C:1EA3H         PUBLIC        ?C?SLDIV
  -------         ENDMOD        ?C?SLDIV

  -------         MODULE        ?C?LNEG
  C:0839H         PUBLIC        ?C?LNEG
  -------         ENDMOD        ?C?LNEG

  -------         MODULE        ?C?SLCMP
  C:0847H         PUBLIC        ?C?SLCMP
  -------         ENDMOD        ?C?SLCMP

  -------         MODULE        ?C?ULCMP
  C:085DH         PUBLIC        ?C?ULCMP
BL51 BANKED LINKER/LOCATER V6.22                                                      12/15/2017  18:53:27  PAGE 44


  -------         ENDMOD        ?C?ULCMP

  -------         MODULE        ?C?ULSHR
  C:086EH         PUBLIC        ?C?ULSHR
  -------         ENDMOD        ?C?ULSHR

  -------         MODULE        ?C?LSHL
  C:0881H         PUBLIC        ?C?LSHL
  -------         ENDMOD        ?C?LSHL

  -------         MODULE        ?C?LSTXDATA
  C:0894H         PUBLIC        ?C?LSTXDATA
  -------         ENDMOD        ?C?LSTXDATA

  -------         MODULE        ?C?LSTKXDATA
  C:08A0H         PUBLIC        ?C?LSTKXDATA
  -------         ENDMOD        ?C?LSTKXDATA

  -------         MODULE        ?C?PLDIIDATA
  C:08D1H         PUBLIC        ?C?PLDIIDATA
  -------         ENDMOD        ?C?PLDIIDATA

  -------         MODULE        ?C?CCASE
  C:08E1H         PUBLIC        ?C?CCASE
  -------         ENDMOD        ?C?CCASE

  -------         MODULE        PUTCHAR
  C:226DH         PUBLIC        _PUTCHAR
  -------         ENDMOD        PUTCHAR

*** WARNING L16: UNCALLED SEGMENT, IGNORED FOR OVERLAY PROCESS
    SEGMENT: ?PR?_BLINKIN4?P1IO

*** WARNING L16: UNCALLED SEGMENT, IGNORED FOR OVERLAY PROCESS
    SEGMENT: ?PR?_FLOW?P1IO

*** WARNING L16: UNCALLED SEGMENT, IGNORED FOR OVERLAY PROCESS
    SEGMENT: ?PR?SHOWINPUT?P1IO

*** WARNING L16: UNCALLED SEGMENT, IGNORED FOR OVERLAY PROCESS
    SEGMENT: ?PR?_TIMERGETOVERFLOWITFLAG?TIMER

*** WARNING L16: UNCALLED SEGMENT, IGNORED FOR OVERLAY PROCESS
    SEGMENT: ?PR?_TIMEROVERFLOWITINIT?TIMER

*** WARNING L16: UNCALLED SEGMENT, IGNORED FOR OVERLAY PROCESS
    SEGMENT: ?PR?IO8255INIT?8255

*** WARNING L16: UNCALLED SEGMENT, IGNORED FOR OVERLAY PROCESS
    SEGMENT: ?PR?_IO8255READBIT?8255

*** WARNING L16: UNCALLED SEGMENT, IGNORED FOR OVERLAY PROCESS
    SEGMENT: ?PR?_TIMER8254COUNTERMODEINIT?8254

*** WARNING L16: UNCALLED SEGMENT, IGNORED FOR OVERLAY PROCESS
    SEGMENT: ?PR?_TIMER8254TRIGGERMODEINIT?8254

BL51 BANKED LINKER/LOCATER V6.22                                                      12/15/2017  18:53:27  PAGE 45


*** WARNING L16: UNCALLED SEGMENT, IGNORED FOR OVERLAY PROCESS
    SEGMENT: ?PR?_TIMER8254STARTTRIGGER?8254

*** WARNING L16: UNCALLED SEGMENT, IGNORED FOR OVERLAY PROCESS
    SEGMENT: ?PR?_TIMER8254SQUAREWAVEMODEINIT?8254

*** WARNING L16: UNCALLED SEGMENT, IGNORED FOR OVERLAY PROCESS
    SEGMENT: ?PR?_TIMER8254SOFTWARESTROBEMODEINIT?8254

*** WARNING L16: UNCALLED SEGMENT, IGNORED FOR OVERLAY PROCESS
    SEGMENT: ?PR?_TIMER8254HARDWARESTROBEMODEINIT?8254

*** WARNING L16: UNCALLED SEGMENT, IGNORED FOR OVERLAY PROCESS
    SEGMENT: ?PR?_TIMER8254STARTHARDSTROBE?8254

*** WARNING L16: UNCALLED SEGMENT, IGNORED FOR OVERLAY PROCESS
    SEGMENT: ?PR?_TIMER8254GETCOUNTER?8254

*** WARNING L16: UNCALLED SEGMENT, IGNORED FOR OVERLAY PROCESS
    SEGMENT: ?PR?CCP1INIT?PWM

*** WARNING L16: UNCALLED SEGMENT, IGNORED FOR OVERLAY PROCESS
    SEGMENT: ?PR?_MOTORVELCRL?BRUSHDCMOTOR

*** WARNING L16: UNCALLED SEGMENT, IGNORED FOR OVERLAY PROCESS
    SEGMENT: ?PR?STEPMOTORPININIT?STEPMOTOR

*** WARNING L16: UNCALLED SEGMENT, IGNORED FOR OVERLAY PROCESS
    SEGMENT: ?PR?_STEPMOTORSPEEDCONTROL?STEPMOTOR

*** WARNING L16: UNCALLED SEGMENT, IGNORED FOR OVERLAY PROCESS
    SEGMENT: ?PR?_GPIOREADBIT?GPIO

*** WARNING L6: XDATA SPACE MEMORY OVERLAP
    FROM:    F800H
    TO:      F800H

*** WARNING L6: XDATA SPACE MEMORY OVERLAP
    FROM:    F900H
    TO:      F900H

*** WARNING L1: UNRESOLVED EXTERNAL SYMBOL
    SYMBOL:  UART1RECIEVE
    MODULE:  .\Objects\89C51_it.obj (89C51_IT)

*** WARNING L1: UNRESOLVED EXTERNAL SYMBOL
    SYMBOL:  LEDITSTATUS
    MODULE:  .\Objects\89C51_it.obj (89C51_IT)

*** WARNING L2: REFERENCE MADE TO UNRESOLVED EXTERNAL
    SYMBOL:  LEDITSTATUS
    MODULE:  .\Objects\89C51_it.obj (89C51_IT)
    ADDRESS: 2490H

*** WARNING L2: REFERENCE MADE TO UNRESOLVED EXTERNAL
    SYMBOL:  LEDITSTATUS
    MODULE:  .\Objects\89C51_it.obj (89C51_IT)
BL51 BANKED LINKER/LOCATER V6.22                                                      12/15/2017  18:53:27  PAGE 46


    ADDRESS: 2494H

*** WARNING L2: REFERENCE MADE TO UNRESOLVED EXTERNAL
    SYMBOL:  LEDITSTATUS
    MODULE:  .\Objects\89C51_it.obj (89C51_IT)
    ADDRESS: 2499H

*** WARNING L2: REFERENCE MADE TO UNRESOLVED EXTERNAL
    SYMBOL:  UART1RECIEVE
    MODULE:  .\Objects\89C51_it.obj (89C51_IT)
    ADDRESS: 1C14H

Program Size: data=73.1 xdata=118 code=9461
LINK/LOCATE RUN COMPLETE.  28 WARNING(S),  0 ERROR(S)
