BL51 BANKED LINKER/LOCATER V6.22                                                        12/16/2017  10:27:26  PAGE 1


BL51 BANKED LINKER/LOCATER V6.22, INVOKED BY:
D:\PROGRAM FILES (X86)\KEIL\C51\BIN\BL51.EXE .\Objects\STARTUP.obj, .\Objects\main.obj, .\Objects\HD7279.obj, .\Objects\
>> delay.obj, .\Objects\basicIO.obj, .\Objects\decode.obj, .\Objects\p1IO.obj, .\Objects\dataMemory.obj, .\Objects\timer
>> .obj, .\Objects\89C51_it.obj, .\Objects\usart.obj, .\Objects\8255.obj, .\Objects\8254.obj, .\Objects\8251A.obj, .\Obj
>> ects\CS5550.obj, .\Objects\pwm.obj, .\Objects\brushDcMotor.obj, .\Objects\stepMotor.obj, .\Objects\speaker.obj, .\Obj
>> ects\gpio.obj TO .\Objects\keyLED PRINT (.\Listings\keyLED.m51) RAMSIZE (256)


MEMORY MODEL: SMALL WITH FLOATING POINT ARITHMETIC


INPUT MODULES INCLUDED:
  .\Objects\STARTUP.obj (?C_STARTUP)
  .\Objects\main.obj (MAIN)
  .\Objects\HD7279.obj (HD7279)
  .\Objects\delay.obj (DELAY)
  .\Objects\basicIO.obj (BASICIO)
  .\Objects\decode.obj (DECODE)
  .\Objects\p1IO.obj (P1IO)
  .\Objects\dataMemory.obj (DATAMEMORY)
  .\Objects\timer.obj (TIMER)
  .\Objects\89C51_it.obj (89C51_IT)
  .\Objects\usart.obj (USART)
  .\Objects\8255.obj (8255)
  .\Objects\8254.obj (8254)
  .\Objects\8251A.obj (8251A)
  .\Objects\CS5550.obj (CS5550)
  .\Objects\pwm.obj (PWM)
  .\Objects\brushDcMotor.obj (BRUSHDCMOTOR)
  .\Objects\stepMotor.obj (STEPMOTOR)
  .\Objects\speaker.obj (SPEAKER)
  .\Objects\gpio.obj (GPIO)
  D:\PROGRAM FILES (X86)\KEIL\C51\LIB\C51FPS.LIB (?C?FPADD)
  D:\PROGRAM FILES (X86)\KEIL\C51\LIB\C51FPS.LIB (?C?FPMUL)
  D:\PROGRAM FILES (X86)\KEIL\C51\LIB\C51FPS.LIB (?C?FPDIV)
  D:\PROGRAM FILES (X86)\KEIL\C51\LIB\C51FPS.LIB (?C?FPCMP)
  D:\PROGRAM FILES (X86)\KEIL\C51\LIB\C51FPS.LIB (?C?FCAST)
  D:\PROGRAM FILES (X86)\KEIL\C51\LIB\C51FPS.LIB (?C?CASTF)
  D:\PROGRAM FILES (X86)\KEIL\C51\LIB\C51FPS.LIB (PRINTF)
  D:\PROGRAM FILES (X86)\KEIL\C51\LIB\C51FPS.LIB (?C?FPGETOPN)
  D:\PROGRAM FILES (X86)\KEIL\C51\LIB\C51FPS.LIB (?C?FPROUND)
  D:\PROGRAM FILES (X86)\KEIL\C51\LIB\C51FPS.LIB (?C?FPCONVERT)
  D:\PROGRAM FILES (X86)\KEIL\C51\LIB\C51FPS.LIB (?C?FTNPWR)
  D:\PROGRAM FILES (X86)\KEIL\C51\LIB\C51S.LIB (?C_INIT)
  D:\PROGRAM FILES (X86)\KEIL\C51\LIB\C51S.LIB (?C?COPY)
  D:\PROGRAM FILES (X86)\KEIL\C51\LIB\C51S.LIB (?C?CLDPTR)
  D:\PROGRAM FILES (X86)\KEIL\C51\LIB\C51S.LIB (?C?CLDOPTR)
  D:\PROGRAM FILES (X86)\KEIL\C51\LIB\C51S.LIB (?C?CSTPTR)
  D:\PROGRAM FILES (X86)\KEIL\C51\LIB\C51S.LIB (?C?IMUL)
  D:\PROGRAM FILES (X86)\KEIL\C51\LIB\C51S.LIB (?C?UIDIV)
  D:\PROGRAM FILES (X86)\KEIL\C51\LIB\C51S.LIB (?C?ULDIV)
  D:\PROGRAM FILES (X86)\KEIL\C51\LIB\C51S.LIB (?C?SLDIV)
  D:\PROGRAM FILES (X86)\KEIL\C51\LIB\C51S.LIB (?C?LNEG)
  D:\PROGRAM FILES (X86)\KEIL\C51\LIB\C51S.LIB (?C?SLCMP)
  D:\PROGRAM FILES (X86)\KEIL\C51\LIB\C51S.LIB (?C?ULCMP)
  D:\PROGRAM FILES (X86)\KEIL\C51\LIB\C51S.LIB (?C?ULSHR)
  D:\PROGRAM FILES (X86)\KEIL\C51\LIB\C51S.LIB (?C?LSHL)
  D:\PROGRAM FILES (X86)\KEIL\C51\LIB\C51S.LIB (?C?LSTXDATA)
BL51 BANKED LINKER/LOCATER V6.22                                                      12/16/2017  10:27:26  PAGE 2


  D:\PROGRAM FILES (X86)\KEIL\C51\LIB\C51S.LIB (?C?LSTKXDATA)
  D:\PROGRAM FILES (X86)\KEIL\C51\LIB\C51S.LIB (?C?PLDIIDATA)
  D:\PROGRAM FILES (X86)\KEIL\C51\LIB\C51S.LIB (?C?CCASE)
  D:\PROGRAM FILES (X86)\KEIL\C51\LIB\C51S.LIB (PUTCHAR)


LINK MAP OF MODULE:  .\Objects\keyLED (?C_STARTUP)


            TYPE    BASE      LENGTH    RELOCATION   SEGMENT NAME
            -----------------------------------------------------

            * * * * * * *   D A T A   M E M O R Y   * * * * * * *
            REG     0000H     0008H     ABSOLUTE     "REG BANK 0"
            DATA    0008H     0008H     UNIT         ?DT?_MOTORVELCRL?BRUSHDCMOTOR
            DATA    0010H     0002H     UNIT         ?DT?_BLINKIN4?P1IO
            DATA    0012H     0001H     UNIT         ?DT?_TIMER8254STARTTRIGGER?8254
            DATA    0013H     0001H     UNIT         ?DT?_TIMER8254STARTHARDSTROBE?8254
                    0014H     000CH                  *** GAP ***
            BIT     0020H.0   0001H.1   UNIT         _BIT_GROUP_
                    0021H.1   0000H.7                *** GAP ***
            DATA    0022H     0029H     UNIT         _DATA_GROUP_
            IDATA   004BH     0001H     UNIT         ?STACK

            * * * * * * *  X D A T A   M E M O R Y  * * * * * * *
            XDATA   0000H     0036H     UNIT         _XDATA_GROUP_
            XDATA   0036H     000EH     UNIT         ?XD?HD7279
            XDATA   0044H     0008H     UNIT         ?XD?_MOTORVELCRL?BRUSHDCMOTOR
            XDATA   004CH     0006H     UNIT         ?XD?BRUSHDCMOTOR
            XDATA   0052H     0005H     UNIT         ?XD?P1IO
            XDATA   0057H     0005H     UNIT         ?XD?STEPMOTOR
            XDATA   005CH     0002H     UNIT         ?XD?_TIMER8254GETCOUNTER?8254
            XDATA   005EH     0001H     UNIT         ?XD?MAIN
            XDATA   005FH     0001H     UNIT         ?XD?SHOWINPUT?P1IO
            XDATA   0060H     0001H     UNIT         ?XD?_TIMERGETOVERFLOWITFLAG?TIMER
            XDATA   0061H     0001H     UNIT         ?XD?89C51_IT
            XDATA   0062H     0001H     UNIT         ?XD?_TIMER8254COUNTERMODEINIT?8254
            XDATA   0063H     0001H     UNIT         ?XD?_TIMER8254TRIGGERMODEINIT?8254
            XDATA   0064H     0001H     UNIT         ?XD?_TIMER8254SQUAREWAVEMODEINIT?8254
            XDATA   0065H     0001H     UNIT         ?XD?_TIMER8254SOFTWARESTROBEMODEINIT?8254
            XDATA   0066H     0001H     UNIT         ?XD?_TIMER8254HARDWARESTROBEMODEINIT?8254
                    0067H     F799H                  *** GAP ***
            XDATA   F800H     0001H     ABSOLUTE     
* OVERLAP * XDATA   F800H     0001H     ABSOLUTE     
            XDATA   F801H     0001H     ABSOLUTE     
            XDATA   F802H     0001H     ABSOLUTE     
            XDATA   F803H     0001H     ABSOLUTE     
                    F804H     00FCH                  *** GAP ***
            XDATA   F900H     0001H     ABSOLUTE     
* OVERLAP * XDATA   F900H     0001H     ABSOLUTE     
            XDATA   F901H     0001H     ABSOLUTE     
            XDATA   F902H     0001H     ABSOLUTE     
            XDATA   F903H     0001H     ABSOLUTE     
                    F904H     00FCH                  *** GAP ***
            XDATA   FA00H     0001H     ABSOLUTE     
                    FA01H     00FFH                  *** GAP ***
            XDATA   FB00H     0001H     ABSOLUTE     
BL51 BANKED LINKER/LOCATER V6.22                                                      12/16/2017  10:27:26  PAGE 3



            * * * * * * *   C O D E   M E M O R Y   * * * * * * *
            CODE    0000H     0003H     ABSOLUTE     
            CODE    0003H     0003H     ABSOLUTE     
                    0006H     0005H                  *** GAP ***
            CODE    000BH     0003H     ABSOLUTE     
                    000EH     0005H                  *** GAP ***
            CODE    0013H     0003H     ABSOLUTE     
            CODE    0016H     000CH     UNIT         ?PR?_TIMERCLEAROVERFLOWFLAG?TIMER
                    0022H     0001H                  *** GAP ***
            CODE    0023H     0003H     ABSOLUTE     
            CODE    0026H     0015H     UNIT         ?PR?_TIMEROVERFLOWITINIT?TIMER
            CODE    003BH     0003H     ABSOLUTE     
            CODE    003EH     08C9H     UNIT         ?C?LIB_CODE
            CODE    0907H     046FH     UNIT         ?PR?PRINTF?PRINTF
            CODE    0D76H     03A9H     UNIT         ?PR?MAIN?MAIN
            CODE    111FH     01D9H     UNIT         ?PR?_LEDSHOWFLOAT?HD7279
            CODE    12F8H     0197H     UNIT         ?PR?_STEPMOTORSPEEDCONTROL?STEPMOTOR
            CODE    148FH     018AH     UNIT         ?PR?_LEDSHOWINT?HD7279
            CODE    1619H     00F6H     UNIT         ?PR?_MOTORVELCRL?BRUSHDCMOTOR
            CODE    170FH     00EEH     UNIT         ?PR?_UARTBAUDRATEINIT?USART
            CODE    17FDH     00CCH     UNIT         ?PR?_CS5550READRES?CS5550
            CODE    18C9H     00BBH     UNIT         ?PR?EXIT1_HANDLER?89C51_IT
            CODE    1984H     008CH     UNIT         ?C_C51STARTUP
            CODE    1A10H     0076H     UNIT         ?PR?_GPIOINIT?GPIO
            CODE    1A86H     0072H     UNIT         ?PR?_TIMERELOADNUMINIT?TIMER
            CODE    1AF8H     0072H     UNIT         ?PR?_IO8255SETBIT?8255
            CODE    1B6AH     006EH     UNIT         ?PR?_IO8255READBIT?8255
            CODE    1BD8H     0060H     UNIT         ?PR?_TIMEMODEINIT?TIMER
            CODE    1C38H     0059H     UNIT         ?PR?UART1_ITHANDLER?89C51_IT
            CODE    1C91H     0058H     UNIT         ?PR?_DELAYMS?DELAY
            CODE    1CE9H     0053H     UNIT         ?PR?_TIMEINIT?TIMER
            CODE    1D3CH     0052H     UNIT         ?PR?CS5550RECIEVEBYTE?CS5550
            CODE    1D8EH     0049H     UNIT         ?PR?_GPIOREADBIT?GPIO
            CODE    1DD7H     0048H     UNIT         ?PR?HD7279RECEIVEBYTE?HD7279
            CODE    1E1FH     0046H     UNIT         ?PR?_HD7279SENDBYTE?HD7279
            CODE    1E65H     0045H     UNIT         ?PR?_CS5550WRITEBYTE?CS5550
            CODE    1EAAH     0044H     UNIT         ?PR?_BLINKIN4?P1IO
            CODE    1EEEH     0044H     UNIT         ?C?LDIV
            CODE    1F32H     0041H     UNIT         ?PR?_TIMER8254GETCOUNTER?8254
            CODE    1F73H     003FH     UNIT         ?C_INITSEG
            CODE    1FB2H     003FH     UNIT         ?PR?_TIMER8254COUNTERMODEINIT?8254
            CODE    1FF1H     003DH     UNIT         ?PR?_FLOW?P1IO
            CODE    202EH     003DH     UNIT         ?PR?TIME0?89C51_IT
            CODE    206BH     003DH     UNIT         ?PR?_TIMER8254PRESCALERMODEINIT?8254
            CODE    20A8H     003DH     UNIT         ?PR?_TIMER8254SQUAREWAVEMODEINIT?8254
            CODE    20E5H     003DH     UNIT         ?PR?_TIMER8254SOFTWARESTROBEMODEINIT?8254
            CODE    2122H     003DH     UNIT         ?PR?_TIMER8254HARDWARESTROBEMODEINIT?8254
            CODE    215FH     003CH     UNIT         ?PR?_DELAY10US?DELAY
            CODE    219BH     0039H     UNIT         ?PR?IO8255INIT?8255
            CODE    21D4H     0035H     UNIT         ?PR?_TIMER8254TRIGGERMODEINIT?8254
            CODE    2209H     0032H     UNIT         ?PR?_CS5550WRITERES?CS5550
            CODE    223BH     002CH     UNIT         ?PR?_PWM0SETCOMPARE?PWM
            CODE    2267H     0029H     UNIT         ?CO?HD7279
            CODE    2290H     0028H     UNIT         ?PR?_TIMERCMD?TIMER
            CODE    22B8H     0027H     UNIT         ?PR?PUTCHAR?PUTCHAR
            CODE    22DFH     0024H     UNIT         ?PR?_UARTMODEINIT?USART
BL51 BANKED LINKER/LOCATER V6.22                                                      12/16/2017  10:27:26  PAGE 4


            CODE    2303H     0024H     UNIT         ?PR?_UARTINIT?USART
            CODE    2327H     0024H     UNIT         ?PR?STEPMOTORPININIT?STEPMOTOR
            CODE    234BH     0022H     UNIT         ?PR?_GPIORESETBIT?GPIO
            CODE    236DH     001FH     UNIT         ?PR?_TIMERGETOVERFLOWITFLAG?TIMER
            CODE    238CH     001FH     UNIT         ?PR?_UARTGETFLAGSTATUS?USART
            CODE    23ABH     001FH     UNIT         ?PR?_UARTSENDBYTE?USART
            CODE    23CAH     001EH     UNIT         ?PR?_EXTERNALITINIT?89C51_IT
            CODE    23E8H     001EH     UNIT         ?PR?_GPIOSETBIT?GPIO
            CODE    2406H     0018H     UNIT         ?PR?_CS5550WRITECMD?CS5550
            CODE    241EH     0017H     UNIT         ?PR?_UARTITCONFIG?USART
            CODE    2435H     0017H     UNIT         ?PR?CCP1INIT?PWM
            CODE    244CH     0016H     UNIT         ?PR?SHOWINPUT?P1IO
            CODE    2462H     0016H     UNIT         ?PR?_UARTRXCMD?USART
            CODE    2478H     0015H     UNIT         ?PR?_TIMER8254STARTTRIGGER?8254
            CODE    248DH     0015H     UNIT         ?PR?_TIMER8254STARTHARDSTROBE?8254
            CODE    24A2H     0013H     UNIT         ?PR?PWM0INIT?PWM
            CODE    24B5H     0012H     UNIT         ?PR?_EXTERNALITCMD?89C51_IT
            CODE    24C7H     0011H     UNIT         ?PR?_LEDWRITE?HD7279
            CODE    24D8H     0011H     UNIT         ?PR?INTERINT0?89C51_IT
            CODE    24E9H     0010H     UNIT         ?PR?_UARTCLEARFLAGSTATUS?USART
            CODE    24F9H     000FH     UNIT         ?CO?MAIN
            CODE    2508H     000FH     UNIT         ?PR?_UARTRECIEVEBYTE?USART
            CODE    2517H     000EH     UNIT         ?PR?_TIMER8254CMD?8254
            CODE    2525H     000BH     UNIT         ?PR?PCA_ITHANDLER?89C51_IT
            CODE    2530H     0009H     UNIT         ?PR?KEYREAD?HD7279
            CODE    2539H     0009H     UNIT         ?PR?_PWMCMD?PWM
            CODE    2542H     0006H     UNIT         ?CO?USART



OVERLAY MAP OF MODULE:   .\Objects\keyLED (?C_STARTUP)


SEGMENT                                             BIT_GROUP          DATA_GROUP          XDATA_GROUP
  +--> CALLED SEGMENT                            START    LENGTH     START    LENGTH     START    LENGTH
--------------------------------------------------------------------------------------------------------
?C_C51STARTUP                                    -----    -----      -----    -----      -----    -----
  +--> ?PR?MAIN?MAIN
  +--> ?C_INITSEG

?PR?MAIN?MAIN                                    -----    -----      0022H    0004H      0000H    0020H
  +--> ?CO?MAIN
  +--> ?PR?IO8255INIT?8255
  +--> ?PR?_TIMER8254PRESCALERMODEINIT?8254
  +--> ?PR?_TIMEINIT?TIMER
  +--> ?PR?_UARTINIT?USART
  +--> ?PR?_CS5550WRITECMD?CS5550
  +--> ?PR?_DELAYMS?DELAY
  +--> ?PR?_CS5550WRITERES?CS5550
  +--> ?PR?PWM0INIT?PWM
  +--> ?PR?_PWM0SETCOMPARE?PWM
  +--> ?PR?_PWMCMD?PWM
  +--> ?PR?_EXTERNALITINIT?89C51_IT
  +--> ?PR?_EXTERNALITCMD?89C51_IT
  +--> ?PR?KEYREAD?HD7279
  +--> ?PR?_CS5550READRES?CS5550
  +--> ?PR?_LEDSHOWFLOAT?HD7279
BL51 BANKED LINKER/LOCATER V6.22                                                      12/16/2017  10:27:26  PAGE 5


  +--> ?PR?_LEDWRITE?HD7279
  +--> ?PR?_UARTSENDBYTE?USART
  +--> ?PR?_LEDSHOWINT?HD7279

?PR?IO8255INIT?8255                              -----    -----      0026H    0008H      0020H    0001H

?PR?_TIMER8254PRESCALERMODEINIT?8254             -----    -----      -----    -----      0020H    0001H
  +--> ?PR?_TIMER8254CMD?8254

?PR?_TIMER8254CMD?8254                           -----    -----      0026H    0001H      -----    -----

?PR?_TIMEINIT?TIMER                              -----    -----      0035H    000AH      -----    -----
  +--> ?PR?_TIMEMODEINIT?TIMER
  +--> ?PR?_TIMERELOADNUMINIT?TIMER
  +--> ?PR?_TIMERCMD?TIMER

?PR?_TIMEMODEINIT?TIMER                          -----    -----      003FH    0004H      0020H    0001H

?PR?_TIMERELOADNUMINIT?TIMER                     -----    -----      003FH    0008H      0020H    0004H

?PR?_UARTINIT?USART                              -----    -----      0026H    0007H      -----    -----
  +--> ?PR?_UARTMODEINIT?USART
  +--> ?PR?_UARTBAUDRATEINIT?USART
  +--> ?PR?_UARTITCONFIG?USART
  +--> ?PR?_UARTRXCMD?USART

?PR?_UARTBAUDRATEINIT?USART                      -----    -----      002DH    0008H      -----    -----
  +--> ?CO?USART
  +--> ?PR?_TIMEINIT?TIMER

?PR?_CS5550WRITECMD?CS5550                       -----    -----      0026H    0005H      -----    -----
  +--> ?PR?_CS5550WRITEBYTE?CS5550

?PR?_CS5550WRITEBYTE?CS5550                      -----    -----      002BH    0001H      0024H    0001H
  +--> ?PR?_DELAY10US?DELAY

?PR?_DELAY10US?DELAY                             -----    -----      -----    -----      0033H    0003H

?PR?_DELAYMS?DELAY                               -----    -----      -----    -----      0020H    0005H

?PR?_CS5550WRITERES?CS5550                       -----    -----      0026H    0005H      -----    -----
  +--> ?PR?_CS5550WRITEBYTE?CS5550

?PR?_PWM0SETCOMPARE?PWM                          -----    -----      0026H    0004H      -----    -----

?PR?_EXTERNALITINIT?89C51_IT                     -----    -----      -----    -----      -----    -----
  +--> ?PR?_EXTERNALITCMD?89C51_IT

?PR?KEYREAD?HD7279                               -----    -----      -----    -----      -----    -----
  +--> ?PR?_HD7279SENDBYTE?HD7279
  +--> ?PR?HD7279RECEIVEBYTE?HD7279

?PR?_HD7279SENDBYTE?HD7279                       -----    -----      002BH    0001H      0032H    0001H
  +--> ?PR?_DELAY10US?DELAY

?PR?HD7279RECEIVEBYTE?HD7279                     -----    -----      -----    -----      0020H    0002H
  +--> ?PR?_DELAY10US?DELAY
BL51 BANKED LINKER/LOCATER V6.22                                                      12/16/2017  10:27:26  PAGE 6



?PR?_CS5550READRES?CS5550                        -----    -----      -----    -----      0020H    0004H
  +--> ?PR?_CS5550WRITEBYTE?CS5550
  +--> ?PR?CS5550RECIEVEBYTE?CS5550

?PR?CS5550RECIEVEBYTE?CS5550                     -----    -----      -----    -----      0024H    0002H
  +--> ?PR?_DELAY10US?DELAY

?PR?_LEDSHOWFLOAT?HD7279                         -----    -----      0026H    0004H      0020H    0012H
  +--> ?CO?HD7279
  +--> ?PR?PRINTF?PRINTF
  +--> ?PR?_LEDWRITE?HD7279

?PR?PRINTF?PRINTF                                0020H.0  0001H.1    002AH    001CH      -----    -----
  +--> ?PR?PUTCHAR?PUTCHAR

?PR?_LEDWRITE?HD7279                             -----    -----      002AH    0001H      -----    -----
  +--> ?PR?_HD7279SENDBYTE?HD7279

?PR?_UARTSENDBYTE?USART                          -----    -----      -----    -----      -----    -----
  +--> ?PR?_UARTGETFLAGSTATUS?USART
  +--> ?PR?_UARTCLEARFLAGSTATUS?USART

?PR?_LEDSHOWINT?HD7279                           -----    -----      0026H    0004H      0020H    0012H
  +--> ?CO?HD7279
  +--> ?PR?PRINTF?PRINTF
  +--> ?PR?_LEDWRITE?HD7279

*** NEW ROOT ***************************************************

?PR?EXIT1_HANDLER?89C51_IT                       -----    -----      -----    -----      -----    -----
  +--> ?PR?_TIMERCMD?TIMER
  +--> ?PR?_STEPMOTORSPEEDCONTROL?STEPMOTOR

?PR?_STEPMOTORSPEEDCONTROL?STEPMOTOR             -----    -----      0047H    0004H      -----    -----
  +--> ?PR?_IO8255SETBIT?8255

*** NEW ROOT ***************************************************

?PR?TIME0?89C51_IT                               -----    -----      -----    -----      -----    -----
  +--> ?PR?_TIMERCLEAROVERFLOWFLAG?TIMER

*** NEW ROOT ***************************************************

?PR?UART1_ITHANDLER?89C51_IT                     -----    -----      -----    -----      -----    -----
  +--> ?PR?_UARTGETFLAGSTATUS?USART
  +--> ?PR?_UARTRECIEVEBYTE?USART
  +--> ?PR?_UARTCLEARFLAGSTATUS?USART



UNRESOLVED EXTERNAL SYMBOLS:
   LEDITSTATUS
   UART1RECIEVE



BL51 BANKED LINKER/LOCATER V6.22                                                      12/16/2017  10:27:26  PAGE 7


SYMBOL TABLE OF MODULE:  .\Objects\keyLED (?C_STARTUP)

  VALUE           TYPE          NAME
  ----------------------------------

  -------         MODULE        ?C_STARTUP
  C:1984H         SEGMENT       ?C_C51STARTUP
  I:004BH         SEGMENT       ?STACK
  C:0000H         PUBLIC        ?C_STARTUP
  D:00E0H         SYMBOL        ACC
  D:00F0H         SYMBOL        B
  D:0083H         SYMBOL        DPH
  D:0082H         SYMBOL        DPL
  N:0000H         SYMBOL        IBPSTACK
  N:0100H         SYMBOL        IBPSTACKTOP
  N:0080H         SYMBOL        IDATALEN
  C:1987H         SYMBOL        IDATALOOP
  N:0000H         SYMBOL        PBPSTACK
  N:0100H         SYMBOL        PBPSTACKTOP
  N:0000H         SYMBOL        PDATALEN
  N:0000H         SYMBOL        PDATASTART
  N:0000H         SYMBOL        PPAGE
  N:0000H         SYMBOL        PPAGEENABLE
  D:00A0H         SYMBOL        PPAGE_SFR
  D:0081H         SYMBOL        SP
  C:1984H         SYMBOL        STARTUP1
  N:0000H         SYMBOL        XBPSTACK
  N:0000H         SYMBOL        XBPSTACKTOP
  N:0000H         SYMBOL        XDATALEN
  N:0000H         SYMBOL        XDATASTART
  C:0000H         LINE#         126
  C:1984H         LINE#         133
  C:1986H         LINE#         134
  C:1987H         LINE#         135
  C:1988H         LINE#         136
  C:198AH         LINE#         185
  C:198DH         LINE#         196
  -------         ENDMOD        ?C_STARTUP

  -------         MODULE        MAIN
  C:0000H         SYMBOL        _ICE_DUMMY_
  D:0080H         PUBLIC        P0
  D:0090H         PUBLIC        P1
  D:00A0H         PUBLIC        P2
  D:00B0H         PUBLIC        P3
  D:00C0H         PUBLIC        P4
  D:00C8H         PUBLIC        P5
  B:00A8H.7       PUBLIC        EA
  D:00E8H         PUBLIC        P6
  D:00F8H         PUBLIC        P7
  D:00A8H         PUBLIC        IE
  D:00B8H         PUBLIC        IP
  D:0097H         PUBLIC        CLK_DIV
  D:00D8H         PUBLIC        CCON
  C:0D76H         PUBLIC        main
  D:0098H         PUBLIC        SCON
  D:0088H         PUBLIC        TCON
BL51 BANKED LINKER/LOCATER V6.22                                                      12/16/2017  10:27:26  PAGE 8


  C:24F9H         SYMBOL        _?ix1000
  C:24FCH         SYMBOL        _?ix1001
  C:2504H         SYMBOL        _?ix1002
  X:005EH         PUBLIC        semapher
  D:00D0H         PUBLIC        PSW
  -------         PROC          MAIN
  -------         DO            
  X:0000H         SYMBOL        voltageADValue
  X:0004H         SYMBOL        valueSign
  X:0005H         SYMBOL        resisterValue
  X:0009H         SYMBOL        outputVoltage
  X:000DH         SYMBOL        taskStatus
  X:000EH         SYMBOL        LEDShowStatus
  X:000FH         SYMBOL        keyState
  X:0010H         SYMBOL        keyFlag
  D:0022H         SYMBOL        datatransform
  X:0011H         SYMBOL        timeMode
  X:0014H         SYMBOL        IO8255InitStuct
  X:001CH         SYMBOL        UARTInitStruct
  -------         ENDDO         
  C:0D76H         LINE#         800
  C:0D76H         LINE#         801
  C:0D76H         LINE#         803
  C:0D80H         LINE#         805
  C:0D85H         LINE#         807
  C:0D8DH         LINE#         809
  C:0D97H         LINE#         810
  C:0D9DH         LINE#         812
  C:0DA0H         LINE#         814
  C:0DA2H         LINE#         816
  C:0DA4H         LINE#         825
  C:0DB6H         LINE#         828
  C:0DC9H         LINE#         831
  C:0DDCH         LINE#         834
  C:0DE4H         LINE#         838
  C:0DE9H         LINE#         839
  C:0DEBH         LINE#         842
  C:0DEDH         LINE#         843
  C:0DF0H         LINE#         846
  C:0DF5H         LINE#         847
  C:0DF9H         LINE#         850
  C:0E0DH         LINE#         853
  C:0E16H         LINE#         856
  C:0E1BH         LINE#         857
  C:0E1EH         LINE#         858
  C:0E21H         LINE#         861
  C:0E44H         LINE#         864
  C:0E4AH         LINE#         865
  C:0E4DH         LINE#         866
  C:0E4FH         LINE#         867
  C:0E51H         LINE#         870
  C:0E6DH         LINE#         874
  C:0E7DH         LINE#         875
  C:0E84H         LINE#         877
  C:0E95H         LINE#         878
  C:0E9CH         LINE#         880
  C:0EAAH         LINE#         881
BL51 BANKED LINKER/LOCATER V6.22                                                      12/16/2017  10:27:26  PAGE 9


  C:0EB1H         LINE#         883
  C:0EC1H         LINE#         884
  C:0EC8H         LINE#         886
  C:0ED7H         LINE#         887
  C:0EDEH         LINE#         890
  C:0EE1H         LINE#         893
  C:0EECH         LINE#         895
  C:0EF1H         LINE#         898
  C:0EF3H         LINE#         901
  C:0EFAH         LINE#         903
  C:0F01H         LINE#         906
  C:0F01H         LINE#         907
  C:0F01H         LINE#         909
  C:0F07H         LINE#         911
  C:0F0CH         LINE#         914
  C:0F14H         LINE#         917
  C:0F17H         LINE#         918
  C:0F17H         LINE#         919
  C:0F1AH         LINE#         920
  C:0F1AH         LINE#         923
  C:0F28H         LINE#         924
  C:0F28H         LINE#         926
  C:0F2CH         LINE#         927
  C:0F2CH         LINE#         928
  C:0F32H         LINE#         929
  C:0F32H         LINE#         930
  C:0F34H         LINE#         931
  C:0F36H         LINE#         933
  C:0F36H         LINE#         934
  C:0F3CH         LINE#         935
  C:0F3CH         LINE#         936
  C:0F3CH         LINE#         938
  C:0F42H         LINE#         939
  C:0F42H         LINE#         942
  C:0F4DH         LINE#         945
  C:0F6FH         LINE#         948
  C:0F99H         LINE#         951
  C:0FB8H         LINE#         954
  C:0FE1H         LINE#         957
  C:1013H         LINE#         960
  C:103AH         LINE#         963
  C:1047H         LINE#         964
  C:1047H         LINE#         965
  C:1047H         LINE#         967
  C:1058H         LINE#         969
  C:105FH         LINE#         971
  C:1074H         LINE#         972
  C:107BH         LINE#         973
  C:1082H         LINE#         974
  C:1089H         LINE#         975
  C:1090H         LINE#         976
  C:1093H         LINE#         977
  C:1093H         LINE#         979
  C:10C5H         LINE#         981
  C:10CCH         LINE#         983
  C:1100H         LINE#         984
  C:1107H         LINE#         985
BL51 BANKED LINKER/LOCATER V6.22                                                      12/16/2017  10:27:26  PAGE 10


  C:110EH         LINE#         986
  C:1115H         LINE#         987
  C:111CH         LINE#         988
  -------         ENDPROC       MAIN
  -------         ENDMOD        MAIN

  -------         MODULE        HD7279
  C:0000H         SYMBOL        _ICE_DUMMY_
  D:0080H         PUBLIC        P0
  D:0090H         PUBLIC        P1
  D:00A0H         PUBLIC        P2
  D:00B0H         PUBLIC        P3
  D:00C0H         PUBLIC        P4
  D:00C8H         PUBLIC        P5
  D:00E8H         PUBLIC        P6
  D:00F8H         PUBLIC        P7
  C:1E1FH         PUBLIC        _HD7279SendByte
  D:00A8H         PUBLIC        IE
  D:00B8H         PUBLIC        IP
  X:0036H         PUBLIC        realCode
  D:00D8H         PUBLIC        CCON
  C:24CEH         PUBLIC        _LedWrite
  C:148FH         PUBLIC        _LEDShowInt
  C:2530H         PUBLIC        KeyRead
  D:0098H         PUBLIC        SCON
  D:0088H         PUBLIC        TCON
  B:0090H.4       PUBLIC        dat
  B:0090H.3       PUBLIC        clk
  C:2270H         SYMBOL        _?ix1000
  C:2278H         SYMBOL        _?ix1001
  C:2280H         SYMBOL        _?ix1002
  C:2288H         SYMBOL        _?ix1003
  C:1DD7H         PUBLIC        HD7279ReceiveByte
  B:0090H.2       PUBLIC        cs
  C:111FH         PUBLIC        _LEDShowFloat
  D:00D0H         PUBLIC        PSW
  -------         PROC          _HD7279SENDBYTE
  D:002BH         SYMBOL        sendData
  -------         DO            
  X:0032H         SYMBOL        sendCounter
  -------         ENDDO         
  C:1E1FH         LINE#         19
  C:1E21H         LINE#         20
  C:1E21H         LINE#         22
  C:1E26H         LINE#         24
  C:1E28H         LINE#         25
  C:1E2EH         LINE#         27
  C:1E33H         LINE#         28
  C:1E33H         LINE#         29
  C:1E38H         LINE#         30
  C:1E38H         LINE#         31
  C:1E3AH         LINE#         32
  C:1E3CH         LINE#         34
  C:1E3CH         LINE#         35
  C:1E3EH         LINE#         36
  C:1E3EH         LINE#         38
  C:1E40H         LINE#         39
BL51 BANKED LINKER/LOCATER V6.22                                                      12/16/2017  10:27:26  PAGE 11


  C:1E47H         LINE#         41
  C:1E49H         LINE#         42
  C:1E50H         LINE#         43
  C:1E56H         LINE#         44
  C:1E62H         LINE#         45
  C:1E64H         LINE#         46
  -------         ENDPROC       _HD7279SENDBYTE
  -------         PROC          HD7279RECEIVEBYTE
  -------         DO            
  X:0020H         SYMBOL        receiveCounter
  X:0021H         SYMBOL        receiveData
  -------         ENDDO         
  C:1DD7H         LINE#         56
  C:1DD7H         LINE#         57
  C:1DD7H         LINE#         59
  C:1DDCH         LINE#         60
  C:1DDEH         LINE#         62
  C:1DE0H         LINE#         63
  C:1DE6H         LINE#         65
  C:1DEBH         LINE#         66
  C:1DEBH         LINE#         68
  C:1DEDH         LINE#         69
  C:1DF4H         LINE#         70
  C:1DFBH         LINE#         71
  C:1DFEH         LINE#         72
  C:1DFEH         LINE#         73
  C:1E02H         LINE#         74
  C:1E02H         LINE#         76
  C:1E02H         LINE#         78
  C:1E02H         LINE#         79
  C:1E04H         LINE#         80
  C:1E0BH         LINE#         81
  C:1E17H         LINE#         82
  C:1E19H         LINE#         83
  C:1E1EH         LINE#         84
  -------         ENDPROC       HD7279RECEIVEBYTE
  -------         PROC          L?0056
  -------         ENDPROC       L?0056
  -------         PROC          _LEDWRITE
  D:0007H         SYMBOL        cmd
  D:002AH         SYMBOL        dataSend
  C:24CEH         LINE#         95
  C:24D0H         LINE#         96
  C:24D0H         LINE#         97
  C:24D3H         LINE#         99
  -------         ENDPROC       _LEDWRITE
  -------         PROC          KEYREAD
  C:2530H         LINE#         110
  C:2530H         LINE#         111
  C:2530H         LINE#         112
  C:2535H         LINE#         114
  C:2538H         LINE#         115
  -------         ENDPROC       KEYREAD
  -------         PROC          _LEDSHOWINT
  D:0026H         SYMBOL        showData
  -------         DO            
  X:0020H         SYMBOL        LedData
BL51 BANKED LINKER/LOCATER V6.22                                                      12/16/2017  10:27:26  PAGE 12


  X:0028H         SYMBOL        i
  X:0029H         SYMBOL        tempBuff
  X:0031H         SYMBOL        dataLength
  -------         ENDDO         
  C:148FH         LINE#         125
  C:1497H         LINE#         126
  C:1497H         LINE#         128
  C:14AAH         LINE#         130
  C:14AFH         LINE#         132
  C:14C1H         LINE#         134
  C:14C6H         LINE#         137
  C:14F2H         LINE#         138
  C:14F2H         LINE#         141
  C:1510H         LINE#         144
  C:151FH         LINE#         145
  C:151FH         LINE#         146
  C:152CH         LINE#         147
  C:152CH         LINE#         148
  C:1532H         LINE#         149
  C:1532H         LINE#         150
  C:153AH         LINE#         153
  C:154FH         LINE#         154
  C:154FH         LINE#         155
  C:155FH         LINE#         156
  C:155FH         LINE#         157
  C:1589H         LINE#         158
  C:159FH         LINE#         159
  C:15A1H         LINE#         161
  C:15A1H         LINE#         162
  C:15CAH         LINE#         163
  C:15CAH         LINE#         164
  C:15D3H         LINE#         167
  C:15D8H         LINE#         168
  C:15D8H         LINE#         169
  C:15F1H         LINE#         170
  C:15FEH         LINE#         171
  C:15FEH         LINE#         173
  C:15FEH         LINE#         175
  C:160DH         LINE#         176
  C:160DH         LINE#         177
  C:1610H         LINE#         178
  C:1618H         LINE#         179
  C:1618H         LINE#         180
  -------         ENDPROC       _LEDSHOWINT
  -------         PROC          _LEDSHOWFLOAT
  D:0026H         SYMBOL        showData
  -------         DO            
  X:0020H         SYMBOL        LedData
  X:0028H         SYMBOL        i
  X:0029H         SYMBOL        tempBuff
  X:0031H         SYMBOL        dataLength
  -------         ENDDO         
  C:111FH         LINE#         189
  C:1127H         LINE#         190
  C:1127H         LINE#         192
  C:113AH         LINE#         194
  C:113FH         LINE#         196
BL51 BANKED LINKER/LOCATER V6.22                                                      12/16/2017  10:27:26  PAGE 13


  C:1151H         LINE#         198
  C:1156H         LINE#         201
  C:1188H         LINE#         202
  C:1188H         LINE#         205
  C:11A6H         LINE#         208
  C:11B5H         LINE#         209
  C:11B5H         LINE#         210
  C:11C2H         LINE#         211
  C:11C2H         LINE#         212
  C:11C8H         LINE#         213
  C:11C8H         LINE#         214
  C:11D0H         LINE#         217
  C:11E5H         LINE#         218
  C:11E5H         LINE#         219
  C:11FAH         LINE#         220
  C:11FAH         LINE#         221
  C:122DH         LINE#         222
  C:1243H         LINE#         223
  C:1245H         LINE#         224
  C:1258H         LINE#         225
  C:1258H         LINE#         226
  C:127AH         LINE#         227
  C:127CH         LINE#         228
  C:1280H         LINE#         229
  C:1280H         LINE#         230
  C:12A9H         LINE#         231
  C:12A9H         LINE#         232
  C:12B2H         LINE#         235
  C:12B7H         LINE#         236
  C:12B7H         LINE#         237
  C:12D0H         LINE#         238
  C:12DDH         LINE#         239
  C:12DDH         LINE#         241
  C:12DDH         LINE#         243
  C:12ECH         LINE#         244
  C:12ECH         LINE#         245
  C:12EFH         LINE#         246
  C:12F7H         LINE#         247
  C:12F7H         LINE#         248
  -------         ENDPROC       _LEDSHOWFLOAT
  -------         ENDMOD        HD7279

  -------         MODULE        DELAY
  C:0000H         SYMBOL        _ICE_DUMMY_
  C:215FH         PUBLIC        _Delay10Us
  C:1C91H         PUBLIC        _DelayMs
  -------         PROC          _DELAYMS
  D:0006H         SYMBOL        timeMs
  -------         DO            
  X:0020H         SYMBOL        nMsCounter
  X:0022H         SYMBOL        msCounter
  X:0024H         SYMBOL        i
  -------         ENDDO         
  C:1C91H         LINE#         6
  C:1C91H         LINE#         7
  C:1C91H         LINE#         9
  C:1C98H         LINE#         10
BL51 BANKED LINKER/LOCATER V6.22                                                      12/16/2017  10:27:26  PAGE 14


  C:1C9CH         LINE#         11
  C:1C9EH         LINE#         12
  C:1CB1H         LINE#         13
  C:1CB1H         LINE#         14
  C:1CB8H         LINE#         15
  C:1CB8H         LINE#         16
  C:1CBEH         LINE#         17
  C:1CD8H         LINE#         18
  C:1CE8H         LINE#         19
  -------         ENDPROC       _DELAYMS
  -------         PROC          _DELAY10US
  D:0006H         SYMBOL        timeUs
  -------         DO            
  X:0033H         SYMBOL        nUsCounter
  X:0035H         SYMBOL        usCounter
  -------         ENDDO         
  C:215FH         LINE#         22
  C:215FH         LINE#         23
  C:215FH         LINE#         25
  C:2166H         LINE#         26
  C:2168H         LINE#         27
  C:217BH         LINE#         28
  C:217BH         LINE#         29
  C:2180H         LINE#         30
  C:2180H         LINE#         32
  C:218AH         LINE#         33
  C:219AH         LINE#         34
  -------         ENDPROC       _DELAY10US
  -------         ENDMOD        DELAY

  -------         MODULE        BASICIO
  C:0000H         SYMBOL        _ICE_DUMMY_
  X:FB00H         PUBLIC        chip245Adress
  X:FA00H         PUBLIC        chip374Adress
  -------         ENDMOD        BASICIO

  -------         MODULE        DECODE
  C:0000H         SYMBOL        _ICE_DUMMY_
  X:F800H         PUBLIC        decodeAdress1
  X:F900H         PUBLIC        decodeAdress2
  -------         ENDMOD        DECODE

  -------         MODULE        P1IO
  C:0000H         SYMBOL        _ICE_DUMMY_
  D:0080H         PUBLIC        P0
  D:0090H         PUBLIC        P1
  D:00A0H         PUBLIC        P2
  D:00B0H         PUBLIC        P3
  D:00C0H         PUBLIC        P4
  D:00C8H         PUBLIC        P5
  D:00E8H         PUBLIC        P6
  D:00F8H         PUBLIC        P7
  D:00A8H         PUBLIC        IE
  D:00B8H         PUBLIC        IP
  C:1FF1H         PUBLIC        _Flow
  D:00D8H         PUBLIC        CCON
  D:0098H         PUBLIC        SCON
BL51 BANKED LINKER/LOCATER V6.22                                                      12/16/2017  10:27:26  PAGE 15


  D:0088H         PUBLIC        TCON
  C:244CH         PUBLIC        ShowInput
  C:1EAAH         PUBLIC        _BlinkIn4
  D:00D0H         PUBLIC        PSW
  -------         PROC          _BLINKIN4
  D:0010H         SYMBOL        period
  -------         DO            
  X:0052H         SYMBOL        blinkTimeCounter
  -------         ENDDO         
  C:1EAAH         LINE#         6
  C:1EAEH         LINE#         7
  C:1EAEH         LINE#         10
  C:1EBCH         LINE#         11
  C:1EDBH         LINE#         13
  C:1EE6H         LINE#         14
  C:1EE6H         LINE#         15
  C:1EE9H         LINE#         16
  C:1EEAH         LINE#         18
  C:1EEAH         LINE#         19
  C:1EEDH         LINE#         20
  C:1EEDH         LINE#         21
  -------         ENDPROC       _BLINKIN4
  -------         PROC          _FLOW
  D:0004H         SYMBOL        flowPeriod
  -------         DO            
  X:0054H         SYMBOL        flowCounter
  X:0056H         SYMBOL        flowState
  -------         ENDDO         
  C:1FF1H         LINE#         24
  C:1FF5H         LINE#         25
  C:1FF5H         LINE#         29
  C:2003H         LINE#         30
  C:2013H         LINE#         33
  C:2019H         LINE#         35
  C:201DH         LINE#         36
  C:201DH         LINE#         37
  C:2022H         LINE#         38
  C:2022H         LINE#         39
  C:2026H         LINE#         40
  C:2027H         LINE#         42
  C:2027H         LINE#         43
  C:202DH         LINE#         44
  C:202DH         LINE#         45
  C:202DH         LINE#         47
  -------         ENDPROC       _FLOW
  -------         PROC          SHOWINPUT
  -------         DO            
  X:005FH         SYMBOL        p1Input
  -------         ENDDO         
  C:244CH         LINE#         50
  C:244CH         LINE#         51
  C:244CH         LINE#         52
  C:2451H         LINE#         55
  C:2454H         LINE#         57
  C:2459H         LINE#         59
  C:245EH         LINE#         60
  C:2461H         LINE#         62
BL51 BANKED LINKER/LOCATER V6.22                                                      12/16/2017  10:27:26  PAGE 16


  -------         ENDPROC       SHOWINPUT
  -------         ENDMOD        P1IO

  -------         MODULE        DATAMEMORY
  C:0000H         SYMBOL        _ICE_DUMMY_
  D:0080H         PUBLIC        P0
  D:0090H         PUBLIC        P1
  D:00A0H         PUBLIC        P2
  D:00B0H         PUBLIC        P3
  D:00C0H         PUBLIC        P4
  D:00C8H         PUBLIC        P5
  D:00E8H         PUBLIC        P6
  D:00F8H         PUBLIC        P7
  D:00A8H         PUBLIC        IE
  D:00B8H         PUBLIC        IP
  D:00D8H         PUBLIC        CCON
  D:0098H         PUBLIC        SCON
  D:0088H         PUBLIC        TCON
  D:00D0H         PUBLIC        PSW
  -------         ENDMOD        DATAMEMORY

  -------         MODULE        TIMER
  C:0000H         SYMBOL        _ICE_DUMMY_
  D:0080H         PUBLIC        P0
  D:0090H         PUBLIC        P1
  D:00A0H         PUBLIC        P2
  D:00B0H         PUBLIC        P3
  D:00C0H         PUBLIC        P4
  D:00C8H         PUBLIC        P5
  B:00A8H.7       PUBLIC        EA
  D:00E8H         PUBLIC        P6
  D:00F8H         PUBLIC        P7
  D:00A8H         PUBLIC        IE
  B:00A8H.1       PUBLIC        ETx
  C:0026H         PUBLIC        _TimerOverFlowItInit
  D:00B8H         PUBLIC        IP
  C:2290H         PUBLIC        _TimerCmd
  D:00D8H         PUBLIC        CCON
  C:0016H         PUBLIC        _TimerClearOverFlowFlag
  C:1CE9H         PUBLIC        _TimeInit
  C:1BD8H         PUBLIC        _TimeModeInit
  D:0098H         PUBLIC        SCON
  D:0089H         PUBLIC        TMOD
  D:0088H         PUBLIC        TCON
  C:1A86H         PUBLIC        _TimeReloadNumInit
  B:0088H.5       PUBLIC        TF0
  B:0088H.7       PUBLIC        TF1
  D:008CH         PUBLIC        TH0
  D:008DH         PUBLIC        TH1
  D:008AH         PUBLIC        TL0
  D:008BH         PUBLIC        TL1
  D:00D0H         PUBLIC        PSW
  C:236DH         PUBLIC        _TimerGetOverFlowITFlag
  -------         PROC          _TIMERCMD
  D:0007H         SYMBOL        TIMx
  D:0005H         SYMBOL        newState
  C:2290H         LINE#         7
BL51 BANKED LINKER/LOCATER V6.22                                                      12/16/2017  10:27:26  PAGE 17


  C:2290H         LINE#         8
  C:2290H         LINE#         10
  C:2293H         LINE#         11
  C:2293H         LINE#         12
  C:22A4H         LINE#         13
  C:22A5H         LINE#         15
  C:22A5H         LINE#         16
  C:22B7H         LINE#         17
  C:22B7H         LINE#         19
  -------         ENDPROC       _TIMERCMD
  -------         PROC          _TIMERGETOVERFLOWITFLAG
  D:0007H         SYMBOL        TIMx
  -------         DO            
  X:0060H         SYMBOL        tempItFlag
  -------         ENDDO         
  C:236DH         LINE#         22
  C:236DH         LINE#         23
  C:236DH         LINE#         24
  C:2372H         LINE#         26
  C:2375H         LINE#         27
  C:2375H         LINE#         28
  C:2379H         LINE#         29
  C:237BH         LINE#         30
  C:237EH         LINE#         31
  C:237EH         LINE#         32
  C:2386H         LINE#         33
  C:2386H         LINE#         34
  C:238BH         LINE#         35
  -------         ENDPROC       _TIMERGETOVERFLOWITFLAG
  -------         PROC          _TIMERCLEAROVERFLOWFLAG
  D:0007H         SYMBOL        TIMx
  C:0016H         LINE#         38
  C:0016H         LINE#         39
  C:0016H         LINE#         41
  C:0019H         LINE#         42
  C:0019H         LINE#         43
  C:001BH         LINE#         44
  C:001CH         LINE#         45
  C:001FH         LINE#         46
  C:001FH         LINE#         47
  C:0021H         LINE#         48
  C:0021H         LINE#         49
  -------         ENDPROC       _TIMERCLEAROVERFLOWFLAG
  -------         PROC          _TIMEMODEINIT
  D:0007H         SYMBOL        TIMx
  D:0040H         SYMBOL        timeMode
  -------         DO            
  X:0020H         SYMBOL        tempCrl
  -------         ENDDO         
  C:1BD8H         LINE#         52
  C:1BD8H         LINE#         53
  C:1BD8H         LINE#         54
  C:1BDDH         LINE#         58
  C:1BF3H         LINE#         60
  C:1C09H         LINE#         62
  C:1C27H         LINE#         64
  C:1C37H         LINE#         65
BL51 BANKED LINKER/LOCATER V6.22                                                      12/16/2017  10:27:26  PAGE 18


  -------         ENDPROC       _TIMEMODEINIT
  -------         PROC          _TIMERELOADNUMINIT
  D:003FH         SYMBOL        TIMx
  D:0005H         SYMBOL        timerMode
  D:0041H         SYMBOL        timerPeriod
  D:0045H         SYMBOL        mechinePeriod
  -------         DO            
  X:0020H         SYMBOL        bitNum
  X:0022H         SYMBOL        reloadNum
  -------         ENDDO         
  C:1A86H         LINE#         68
  C:1A88H         LINE#         69
  C:1A88H         LINE#         70
  C:1A8FH         LINE#         71
  C:1A93H         LINE#         74
  C:1A99H         LINE#         75
  C:1A99H         LINE#         76
  C:1AA1H         LINE#         77
  C:1AA3H         LINE#         79
  C:1AA3H         LINE#         80
  C:1AACH         LINE#         81
  C:1AACH         LINE#         84
  C:1AD5H         LINE#         88
  C:1AD9H         LINE#         89
  C:1AD9H         LINE#         90
  C:1AE2H         LINE#         91
  C:1AE5H         LINE#         92
  C:1AE6H         LINE#         93
  C:1AEBH         LINE#         94
  C:1AEBH         LINE#         95
  C:1AF4H         LINE#         96
  C:1AF7H         LINE#         97
  C:1AF7H         LINE#         99
  -------         ENDPROC       _TIMERELOADNUMINIT
  -------         PROC          _TIMEINIT
  D:0035H         SYMBOL        TIMx
  D:0036H         SYMBOL        timeMode
  D:0039H         SYMBOL        timerPeriod
  D:003DH         SYMBOL        mechinePeriod
  C:1CE9H         LINE#         102
  C:1CEBH         LINE#         103
  C:1CEBH         LINE#         106
  C:1D03H         LINE#         109
  C:1D1CH         LINE#         110
  C:1D21H         LINE#         111
  C:1D21H         LINE#         112
  C:1D25H         LINE#         113
  C:1D25H         LINE#         114
  C:1D27H         LINE#         115
  C:1D29H         LINE#         116
  C:1D2BH         LINE#         117
  C:1D30H         LINE#         118
  C:1D30H         LINE#         119
  C:1D33H         LINE#         120
  C:1D35H         LINE#         121
  C:1D35H         LINE#         122
  C:1D35H         LINE#         125
BL51 BANKED LINKER/LOCATER V6.22                                                      12/16/2017  10:27:26  PAGE 19


  -------         ENDPROC       _TIMEINIT
  -------         PROC          _TIMEROVERFLOWITINIT
  D:0007H         SYMBOL        TIMx
  D:0005H         SYMBOL        newState
  C:0026H         LINE#         131
  C:0026H         LINE#         132
  C:0026H         LINE#         134
  C:0029H         LINE#         135
  C:0029H         LINE#         136
  C:002BH         LINE#         137
  C:002BH         LINE#         138
  C:0035H         LINE#         139
  C:003AH         LINE#         140
  -------         ENDPROC       _TIMEROVERFLOWITINIT
  -------         ENDMOD        TIMER

  -------         MODULE        89C51_IT
  C:0000H         SYMBOL        _ICE_DUMMY_
  D:0080H         PUBLIC        P0
  D:0090H         PUBLIC        P1
  D:00A0H         PUBLIC        P2
  D:00B0H         PUBLIC        P3
  D:00C0H         PUBLIC        P4
  D:00C8H         PUBLIC        P5
  D:00E8H         PUBLIC        P6
  D:00F8H         PUBLIC        P7
  B:00D8H.7       PUBLIC        CF
  D:00A8H         PUBLIC        IE
  C:2525H         PUBLIC        PCA_ITHandler
  D:00B8H         PUBLIC        IP
  C:24D8H         PUBLIC        interint0
  D:00D8H         PUBLIC        CCON
  C:1C38H         PUBLIC        UART1_ITHandler
  C:18C9H         PUBLIC        ExIT1_Handler
  D:0098H         PUBLIC        SCON
  D:0088H         PUBLIC        TCON
  D:008CH         PUBLIC        TH0
  B:0088H.0       PUBLIC        IT0
  B:00A8H.0       PUBLIC        EX0
  B:0088H.2       PUBLIC        IT1
  B:00A8H.2       PUBLIC        EX1
  D:008AH         PUBLIC        TL0
  C:202EH         PUBLIC        time0
  D:00D0H         PUBLIC        PSW
  C:24B5H         PUBLIC        _ExternalITCmd
  B:00D8H.0       PUBLIC        CCF0
  C:23CAH         PUBLIC        _ExternalITInit
  -------         PROC          _EXTERNALITCMD
  D:0007H         SYMBOL        exITx
  D:0005H         SYMBOL        newState
  C:24B5H         LINE#         17
  C:24B5H         LINE#         18
  C:24B5H         LINE#         20
  C:24B8H         LINE#         21
  C:24B8H         LINE#         22
  C:24BDH         LINE#         23
  C:24BEH         LINE#         24
BL51 BANKED LINKER/LOCATER V6.22                                                      12/16/2017  10:27:26  PAGE 20


  C:24C1H         LINE#         25
  C:24C1H         LINE#         26
  C:24C6H         LINE#         27
  C:24C6H         LINE#         28
  -------         ENDPROC       _EXTERNALITCMD
  -------         PROC          _EXTERNALITINIT
  D:0007H         SYMBOL        exITx
  D:0005H         SYMBOL        triggerMode
  C:23CAH         LINE#         41
  C:23CAH         LINE#         42
  C:23CAH         LINE#         44
  C:23CDH         LINE#         45
  C:23CDH         LINE#         46
  C:23D2H         LINE#         47
  C:23D6H         LINE#         48
  C:23D8H         LINE#         49
  C:23DBH         LINE#         50
  C:23DBH         LINE#         51
  C:23E0H         LINE#         52
  C:23E7H         LINE#         53
  C:23E7H         LINE#         54
  -------         ENDPROC       _EXTERNALITINIT
  -------         PROC          INTERINT0
  C:24D8H         LINE#         57
  C:24DAH         LINE#         59
  C:24DEH         LINE#         60
  C:24DEH         LINE#         61
  C:24E1H         LINE#         62
  C:24E3H         LINE#         64
  C:24E3H         LINE#         65
  C:24E6H         LINE#         66
  C:24E6H         LINE#         67
  -------         ENDPROC       INTERINT0
  -------         PROC          EXIT1_HANDLER
  -------         DO            
  X:0061H         SYMBOL        periodCounter
  -------         ENDDO         
  C:18C9H         LINE#         70
  C:18E6H         LINE#         77
  C:18ECH         LINE#         79
  C:18EFH         LINE#         80
  C:18EFH         LINE#         81
  C:18F2H         LINE#         84
  C:18F8H         LINE#         85
  C:1902H         LINE#         86
  C:190DH         LINE#         87
  C:1910H         LINE#         88
  C:1913H         LINE#         89
  C:191AH         LINE#         92
  C:1947H         LINE#         94
  C:194DH         LINE#         95
  C:194DH         LINE#         97
  C:1969H         LINE#         98
  -------         ENDPROC       EXIT1_HANDLER
  -------         PROC          TIME0
  C:202EH         LINE#         100
  C:204BH         LINE#         102
BL51 BANKED LINKER/LOCATER V6.22                                                      12/16/2017  10:27:26  PAGE 21


  C:2050H         LINE#         109
  -------         ENDPROC       TIME0
  -------         PROC          UART1_ITHANDLER
  C:1C38H         LINE#         113
  C:1C55H         LINE#         115
  C:1C5FH         LINE#         116
  C:1C5FH         LINE#         117
  C:1C66H         LINE#         118
  C:1C6DH         LINE#         119
  C:1C6FH         LINE#         120
  C:1C76H         LINE#         121
  C:1C76H         LINE#         123
  C:1C76H         LINE#         124
  -------         ENDPROC       UART1_ITHANDLER
  -------         PROC          PCA_ITHANDLER
  C:2525H         LINE#         127
  C:2525H         LINE#         129
  C:2528H         LINE#         130
  C:2528H         LINE#         131
  C:252AH         LINE#         133
  C:252AH         LINE#         134
  C:252DH         LINE#         135
  C:252DH         LINE#         136
  C:252FH         LINE#         137
  C:252FH         LINE#         140
  -------         ENDPROC       PCA_ITHANDLER
  -------         ENDMOD        89C51_IT

  -------         MODULE        USART
  C:0000H         SYMBOL        _ICE_DUMMY_
  D:0080H         PUBLIC        P0
  D:0090H         PUBLIC        P1
  D:00A0H         PUBLIC        P2
  C:170FH         PUBLIC        _UARTBaudrateInit
  D:00B0H         PUBLIC        P3
  D:00C0H         PUBLIC        P4
  D:00C8H         PUBLIC        P5
  B:00A8H.7       PUBLIC        EA
  D:00E8H         PUBLIC        P6
  D:00F8H         PUBLIC        P7
  D:00A8H         PUBLIC        IE
  B:00A8H.4       PUBLIC        ES
  D:00B8H         PUBLIC        IP
  C:2508H         PUBLIC        _UARTRecieveByte
  C:2462H         PUBLIC        _UARTRxCmd
  B:00B8H.4       PUBLIC        PS
  D:00D8H         PUBLIC        CCON
  C:24E9H         PUBLIC        _UARTClearFlagStatus
  D:0099H         PUBLIC        SBUF
  D:0087H         PUBLIC        PCON
  D:0098H         PUBLIC        SCON
  D:0088H         PUBLIC        TCON
  C:241EH         PUBLIC        _UARTITConfig
  D:00AFH         PUBLIC        IE2
  D:008EH         PUBLIC        AUXR
  C:2542H         SYMBOL        _?ix1000
  C:2545H         SYMBOL        _?ix1001
BL51 BANKED LINKER/LOCATER V6.22                                                      12/16/2017  10:27:26  PAGE 22


  D:00B5H         PUBLIC        IP2
  C:2303H         PUBLIC        _UARTInit
  C:22DFH         PUBLIC        _UARTModeInit
  B:0098H.4       PUBLIC        RENx
  C:23ABH         PUBLIC        _UARTSendByte
  D:009BH         PUBLIC        S2BUF
  C:238CH         PUBLIC        _UARTGetFlagStatus
  D:009AH         PUBLIC        S2CON
  D:00D0H         PUBLIC        PSW
  -------         PROC          _UARTMODEINIT
  D:0007H         SYMBOL        UARTx
  D:0005H         SYMBOL        UARTMode
  C:22DFH         LINE#         10
  C:22DFH         LINE#         11
  C:22DFH         LINE#         13
  C:22E2H         LINE#         14
  C:22E2H         LINE#         15
  C:22F0H         LINE#         16
  C:22F1H         LINE#         17
  C:22F4H         LINE#         18
  C:22F4H         LINE#         19
  C:2302H         LINE#         20
  C:2302H         LINE#         21
  -------         ENDPROC       _UARTMODEINIT
  -------         PROC          _UARTBAUDRATEINIT
  D:002DH         SYMBOL        UARTx
  D:0005H         SYMBOL        UARTMode
  D:0003H         SYMBOL        isBaudrateDouble
  D:0030H         SYMBOL        baudRate
  -------         DO            
  D:0032H         SYMBOL        timeMode
  D:0032H         SYMBOL        timeMode
  -------         ENDDO         
  -------         DO            
  D:0032H         SYMBOL        timeMode
  -------         ENDDO         
  C:170FH         LINE#         24
  C:1711H         LINE#         25
  C:1711H         LINE#         27
  C:1715H         LINE#         28
  C:1715H         LINE#         29
  C:1724H         LINE#         30
  C:1724H         LINE#         31
  C:1724H         LINE#         32
  C:1724H         LINE#         34
  C:1724H         LINE#         35
  C:1730H         LINE#         36
  C:1730H         LINE#         37
  C:1730H         LINE#         38
  C:1730H         LINE#         39
  C:1730H         LINE#         40
  C:1734H         LINE#         41
  C:1734H         LINE#         43
  C:1745H         LINE#         46
  C:1748H         LINE#         47
  C:174AH         LINE#         49
  C:174CH         LINE#         52
BL51 BANKED LINKER/LOCATER V6.22                                                      12/16/2017  10:27:26  PAGE 23


  C:1790H         LINE#         55
  C:1793H         LINE#         56
  C:1794H         LINE#         57
  C:1798H         LINE#         58
  C:1798H         LINE#         60
  C:1798H         LINE#         61
  C:1799H         LINE#         62
  C:1799H         LINE#         64
  C:1799H         LINE#         65
  C:1799H         LINE#         66
  C:179DH         LINE#         67
  C:179DH         LINE#         69
  C:17AEH         LINE#         72
  C:17B1H         LINE#         73
  C:17B3H         LINE#         75
  C:17B5H         LINE#         78
  C:17F9H         LINE#         81
  C:17FCH         LINE#         82
  C:17FCH         LINE#         83
  C:17FCH         LINE#         84
  C:17FCH         LINE#         86
  C:17FCH         LINE#         87
  C:17FCH         LINE#         88
  C:17FCH         LINE#         89
  C:17FCH         LINE#         90
  C:17FCH         LINE#         91
  -------         ENDPROC       _UARTBAUDRATEINIT
  -------         PROC          _UARTRXCMD
  D:0007H         SYMBOL        UARTx
  D:0005H         SYMBOL        newState
  C:2462H         LINE#         95
  C:2462H         LINE#         96
  C:2462H         LINE#         98
  C:2465H         LINE#         99
  C:2465H         LINE#         100
  C:2465H         LINE#         101
  C:2467H         LINE#         102
  C:246AH         LINE#         103
  C:246AH         LINE#         104
  C:2472H         LINE#         105
  C:2477H         LINE#         106
  C:2477H         LINE#         107
  -------         ENDPROC       _UARTRXCMD
  -------         PROC          _UARTGETFLAGSTATUS
  D:0007H         SYMBOL        UARTx
  D:0005H         SYMBOL        UARTFlag
  C:238CH         LINE#         110
  C:238CH         LINE#         111
  C:238CH         LINE#         113
  C:238FH         LINE#         114
  C:238FH         LINE#         115
  C:2394H         LINE#         116
  C:2394H         LINE#         117
  C:2397H         LINE#         118
  C:2397H         LINE#         120
  C:2397H         LINE#         121
  C:239AH         LINE#         122
BL51 BANKED LINKER/LOCATER V6.22                                                      12/16/2017  10:27:26  PAGE 24


  C:239AH         LINE#         123
  C:239AH         LINE#         124
  C:239DH         LINE#         125
  C:239DH         LINE#         126
  C:23A2H         LINE#         127
  C:23A2H         LINE#         128
  C:23A5H         LINE#         129
  C:23A5H         LINE#         131
  C:23A5H         LINE#         132
  C:23A8H         LINE#         133
  C:23A8H         LINE#         134
  C:23A8H         LINE#         136
  C:23A8H         LINE#         137
  C:23AAH         LINE#         138
  C:23AAH         LINE#         139
  -------         ENDPROC       _UARTGETFLAGSTATUS
  -------         PROC          _UARTCLEARFLAGSTATUS
  D:0007H         SYMBOL        UARTx
  D:0005H         SYMBOL        UARTFlag
  C:24E9H         LINE#         142
  C:24E9H         LINE#         143
  C:24E9H         LINE#         145
  C:24ECH         LINE#         146
  C:24ECH         LINE#         147
  C:24F0H         LINE#         148
  C:24F1H         LINE#         149
  C:24F4H         LINE#         150
  C:24F4H         LINE#         151
  C:24F8H         LINE#         152
  C:24F8H         LINE#         153
  -------         ENDPROC       _UARTCLEARFLAGSTATUS
  -------         PROC          _UARTSENDBYTE
  D:0006H         SYMBOL        UARTx
  D:0005H         SYMBOL        sendData
  C:23ABH         LINE#         156
  C:23ADH         LINE#         157
  C:23ADH         LINE#         159
  C:23B0H         LINE#         160
  C:23B0H         LINE#         161
  C:23B2H         LINE#         162
  C:23B4H         LINE#         163
  C:23B7H         LINE#         164
  C:23B7H         LINE#         165
  C:23B9H         LINE#         167
  C:23B9H         LINE#         169
  C:23C3H         LINE#         170
  -------         ENDPROC       _UARTSENDBYTE
  -------         PROC          _UARTRECIEVEBYTE
  D:0007H         SYMBOL        UARTx
  C:2508H         LINE#         174
  C:2508H         LINE#         175
  C:2508H         LINE#         177
  C:250BH         LINE#         178
  C:250BH         LINE#         179
  C:250EH         LINE#         180
  C:250EH         LINE#         181
  C:2511H         LINE#         182
BL51 BANKED LINKER/LOCATER V6.22                                                      12/16/2017  10:27:26  PAGE 25


  C:2511H         LINE#         183
  C:2514H         LINE#         184
  C:2514H         LINE#         186
  C:2514H         LINE#         187
  C:2516H         LINE#         188
  C:2516H         LINE#         189
  -------         ENDPROC       _UARTRECIEVEBYTE
  -------         PROC          _UARTINIT
  D:0026H         SYMBOL        UARTx
  D:0027H         SYMBOL        UARTMode
  D:002BH         SYMBOL        baudRate
  C:2303H         LINE#         192
  C:2305H         LINE#         193
  C:2305H         LINE#         195
  C:230AH         LINE#         197
  C:2319H         LINE#         199
  C:2320H         LINE#         201
  -------         ENDPROC       _UARTINIT
  -------         PROC          _UARTITCONFIG
  D:0007H         SYMBOL        UARTx
  D:0005H         SYMBOL        UARTPriority
  C:241EH         LINE#         206
  C:241EH         LINE#         207
  C:241EH         LINE#         209
  C:2420H         LINE#         211
  C:2423H         LINE#         212
  C:2423H         LINE#         214
  C:2425H         LINE#         215
  C:242AH         LINE#         216
  C:242BH         LINE#         217
  C:242EH         LINE#         218
  C:242EH         LINE#         219
  C:2431H         LINE#         220
  C:2434H         LINE#         221
  C:2434H         LINE#         222
  -------         ENDPROC       _UARTITCONFIG
  -------         ENDMOD        USART

  -------         MODULE        8255
  C:0000H         SYMBOL        _ICE_DUMMY_
  C:219BH         PUBLIC        IO8255Init
  C:1B6AH         PUBLIC        _IO8255ReadBit
  X:F803H         PUBLIC        IO8255PortCtl
  C:1AF8H         PUBLIC        _IO8255SetBit
  X:F800H         PUBLIC        IO8255PortA
  X:F801H         PUBLIC        IO8255PortB
  X:F802H         PUBLIC        IO8255PortC
  -------         PROC          IO8255INIT
  D:0026H         SYMBOL        IO8255InitStuction
  -------         DO            
  X:0020H         SYMBOL        initData
  -------         ENDDO         
  C:219BH         LINE#         12
  C:219BH         LINE#         13
  C:219BH         LINE#         14
  C:21A1H         LINE#         17
  C:21ABH         LINE#         18
BL51 BANKED LINKER/LOCATER V6.22                                                      12/16/2017  10:27:26  PAGE 26


  C:21B3H         LINE#         20
  C:21BCH         LINE#         21
  C:21C3H         LINE#         23
  C:21CCH         LINE#         25
  C:21CFH         LINE#         27
  C:21D3H         LINE#         29
  -------         ENDPROC       IO8255INIT
  -------         PROC          _IO8255SETBIT
  D:0007H         SYMBOL        IOPort
  D:0005H         SYMBOL        IOBit
  D:0003H         SYMBOL        state
  C:1AF8H         LINE#         32
  C:1AF8H         LINE#         33
  C:1AF8H         LINE#         35
  C:1AFBH         LINE#         36
  C:1AFBH         LINE#         37
  C:1B06H         LINE#         38
  C:1B06H         LINE#         39
  C:1B06H         LINE#         40
  C:1B15H         LINE#         41
  C:1B17H         LINE#         42
  C:1B17H         LINE#         43
  C:1B29H         LINE#         44
  C:1B2AH         LINE#         45
  C:1B2AH         LINE#         46
  C:1B2FH         LINE#         47
  C:1B31H         LINE#         48
  C:1B31H         LINE#         49
  C:1B31H         LINE#         50
  C:1B31H         LINE#         51
  C:1B31H         LINE#         53
  C:1B31H         LINE#         54
  C:1B3CH         LINE#         55
  C:1B3CH         LINE#         56
  C:1B3CH         LINE#         57
  C:1B4CH         LINE#         58
  C:1B4EH         LINE#         59
  C:1B4EH         LINE#         60
  C:1B61H         LINE#         61
  C:1B62H         LINE#         62
  C:1B62H         LINE#         63
  C:1B69H         LINE#         64
  C:1B69H         LINE#         65
  C:1B69H         LINE#         66
  C:1B69H         LINE#         67
  C:1B69H         LINE#         68
  C:1B69H         LINE#         69
  -------         ENDPROC       _IO8255SETBIT
  -------         PROC          _IO8255READBIT
  D:0007H         SYMBOL        IOPort
  D:0005H         SYMBOL        IOBit
  C:1B6AH         LINE#         72
  C:1B6AH         LINE#         73
  C:1B6AH         LINE#         75
  C:1B75H         LINE#         76
  C:1B75H         LINE#         77
  C:1B75H         LINE#         78
BL51 BANKED LINKER/LOCATER V6.22                                                      12/16/2017  10:27:26  PAGE 27


  C:1B95H         LINE#         79
  C:1B95H         LINE#         80
  C:1B95H         LINE#         81
  C:1BB5H         LINE#         82
  C:1BB5H         LINE#         83
  C:1BB5H         LINE#         84
  C:1BD7H         LINE#         85
  C:1BD7H         LINE#         86
  C:1BD7H         LINE#         87
  C:1BD7H         LINE#         88
  C:1BD7H         LINE#         89
  -------         ENDPROC       _IO8255READBIT
  -------         ENDMOD        8255

  -------         MODULE        8254
  C:0000H         SYMBOL        _ICE_DUMMY_
  D:0080H         PUBLIC        P0
  D:0090H         PUBLIC        P1
  D:00A0H         PUBLIC        P2
  D:00B0H         PUBLIC        P3
  C:20A8H         PUBLIC        _Timer8254SquareWaveModeInit
  D:00C0H         PUBLIC        P4
  D:00C8H         PUBLIC        P5
  D:00E8H         PUBLIC        P6
  D:00F8H         PUBLIC        P7
  D:00A8H         PUBLIC        IE
  D:00B8H         PUBLIC        IP
  C:2122H         PUBLIC        _Timer8254HardwareStrobeModeInit
  C:206BH         PUBLIC        _Timer8254PrescalerModeInit
  X:F903H         PUBLIC        timer8254Ctr
  D:00D8H         PUBLIC        CCON
  X:F900H         PUBLIC        timer8254Timer0Base
  X:F901H         PUBLIC        timer8254Timer1Base
  X:F902H         PUBLIC        timer8254Timer2Base
  D:0098H         PUBLIC        SCON
  D:0088H         PUBLIC        TCON
  C:20E5H         PUBLIC        _Timer8254SoftwareStrobeModeInit
  C:2478H         PUBLIC        _Timer8254StartTrigger
  C:21D4H         PUBLIC        _Timer8254TriggerModeInit
  C:1FB2H         PUBLIC        _Timer8254CounterModeInit
  C:1F32H         PUBLIC        _Timer8254GetCounter
  C:248DH         PUBLIC        _Timer8254StartHardStrobe
  C:2517H         PUBLIC        _Timer8254Cmd
  D:00D0H         PUBLIC        PSW
  -------         PROC          _TIMER8254CMD
  D:0007H         SYMBOL        timerx
  D:0026H         SYMBOL        newState
  C:2517H         LINE#         13
  C:2519H         LINE#         14
  C:2519H         LINE#         16
  C:2524H         LINE#         17
  C:2524H         LINE#         18
  C:2524H         LINE#         19
  C:2524H         LINE#         20
  C:2524H         LINE#         22
  C:2524H         LINE#         24
  C:2524H         LINE#         26
BL51 BANKED LINKER/LOCATER V6.22                                                      12/16/2017  10:27:26  PAGE 28


  C:2524H         LINE#         27
  C:2524H         LINE#         28
  C:2524H         LINE#         29
  C:2524H         LINE#         30
  C:2524H         LINE#         32
  C:2524H         LINE#         34
  C:2524H         LINE#         36
  C:2524H         LINE#         37
  C:2524H         LINE#         38
  C:2524H         LINE#         39
  C:2524H         LINE#         40
  C:2524H         LINE#         42
  C:2524H         LINE#         44
  C:2524H         LINE#         46
  C:2524H         LINE#         47
  C:2524H         LINE#         48
  C:2524H         LINE#         49
  C:2524H         LINE#         50
  C:2524H         LINE#         51
  -------         ENDPROC       _TIMER8254CMD
  -------         PROC          _TIMER8254COUNTERMODEINIT
  D:0003H         SYMBOL        timerx
  D:0004H         SYMBOL        setCounter
  -------         DO            
  X:0062H         SYMBOL        initData
  -------         ENDDO         
  C:1FB2H         LINE#         54
  C:1FB4H         LINE#         55
  C:1FB4H         LINE#         56
  C:1FB9H         LINE#         60
  C:1FC0H         LINE#         62
  C:1FC3H         LINE#         64
  C:1FC7H         LINE#         67
  C:1FCCH         LINE#         69
  C:1FD7H         LINE#         70
  C:1FD7H         LINE#         71
  C:1FD7H         LINE#         72
  C:1FDBH         LINE#         73
  C:1FDBH         LINE#         74
  C:1FDDH         LINE#         75
  C:1FDDH         LINE#         76
  C:1FE1H         LINE#         77
  C:1FE1H         LINE#         78
  C:1FE3H         LINE#         79
  C:1FE3H         LINE#         80
  C:1FE8H         LINE#         81
  C:1FEAH         LINE#         82
  C:1FEAH         LINE#         83
  C:1FEAH         LINE#         84
  C:1FEAH         LINE#         85
  C:1FEAH         LINE#         88
  -------         ENDPROC       _TIMER8254COUNTERMODEINIT
  -------         PROC          _TIMER8254TRIGGERMODEINIT
  D:0007H         SYMBOL        timerx
  D:0004H         SYMBOL        setCounter
  -------         DO            
  X:0063H         SYMBOL        initData
BL51 BANKED LINKER/LOCATER V6.22                                                      12/16/2017  10:27:26  PAGE 29


  -------         ENDDO         
  C:21D4H         LINE#         92
  C:21D4H         LINE#         93
  C:21D4H         LINE#         94
  C:21D9H         LINE#         97
  C:21E0H         LINE#         99
  C:21E3H         LINE#         101
  C:21E6H         LINE#         103
  C:21EAH         LINE#         106
  C:21F5H         LINE#         107
  C:21F5H         LINE#         108
  C:21F5H         LINE#         109
  C:21F9H         LINE#         110
  C:21F9H         LINE#         111
  C:21FBH         LINE#         112
  C:21FBH         LINE#         113
  C:21FFH         LINE#         114
  C:21FFH         LINE#         115
  C:2201H         LINE#         116
  C:2201H         LINE#         117
  C:2206H         LINE#         118
  C:2208H         LINE#         119
  C:2208H         LINE#         120
  C:2208H         LINE#         121
  C:2208H         LINE#         122
  C:2208H         LINE#         123
  -------         ENDPROC       _TIMER8254TRIGGERMODEINIT
  -------         PROC          _TIMER8254STARTTRIGGER
  D:0012H         SYMBOL        timerx
  C:2478H         LINE#         126
  C:247AH         LINE#         127
  C:247AH         LINE#         128
  C:247FH         LINE#         129
  C:2486H         LINE#         130
  -------         ENDPROC       _TIMER8254STARTTRIGGER
  -------         PROC          _TIMER8254PRESCALERMODEINIT
  D:0003H         SYMBOL        timerx
  D:0004H         SYMBOL        prescale
  -------         DO            
  X:0020H         SYMBOL        initData
  -------         ENDDO         
  C:206BH         LINE#         134
  C:206DH         LINE#         135
  C:206DH         LINE#         136
  C:2072H         LINE#         139
  C:2079H         LINE#         141
  C:207CH         LINE#         143
  C:207FH         LINE#         145
  C:2083H         LINE#         148
  C:208EH         LINE#         149
  C:208EH         LINE#         150
  C:208EH         LINE#         151
  C:2092H         LINE#         152
  C:2092H         LINE#         153
  C:2094H         LINE#         154
  C:2094H         LINE#         155
  C:2098H         LINE#         156
BL51 BANKED LINKER/LOCATER V6.22                                                      12/16/2017  10:27:26  PAGE 30


  C:2098H         LINE#         157
  C:209AH         LINE#         158
  C:209AH         LINE#         159
  C:209FH         LINE#         160
  C:20A1H         LINE#         161
  C:20A1H         LINE#         162
  C:20A1H         LINE#         163
  C:20A1H         LINE#         164
  C:20A1H         LINE#         167
  -------         ENDPROC       _TIMER8254PRESCALERMODEINIT
  -------         PROC          _TIMER8254SQUAREWAVEMODEINIT
  D:0003H         SYMBOL        timerx
  D:0004H         SYMBOL        period
  -------         DO            
  X:0064H         SYMBOL        initData
  -------         ENDDO         
  C:20A8H         LINE#         172
  C:20AAH         LINE#         173
  C:20AAH         LINE#         174
  C:20AFH         LINE#         177
  C:20B6H         LINE#         179
  C:20B9H         LINE#         181
  C:20BCH         LINE#         183
  C:20C0H         LINE#         186
  C:20CBH         LINE#         187
  C:20CBH         LINE#         188
  C:20CBH         LINE#         189
  C:20CFH         LINE#         190
  C:20CFH         LINE#         191
  C:20D1H         LINE#         192
  C:20D1H         LINE#         193
  C:20D5H         LINE#         194
  C:20D5H         LINE#         195
  C:20D7H         LINE#         196
  C:20D7H         LINE#         197
  C:20DCH         LINE#         198
  C:20DEH         LINE#         199
  C:20DEH         LINE#         200
  C:20DEH         LINE#         201
  C:20DEH         LINE#         202
  C:20DEH         LINE#         205
  -------         ENDPROC       _TIMER8254SQUAREWAVEMODEINIT
  -------         PROC          _TIMER8254SOFTWARESTROBEMODEINIT
  D:0003H         SYMBOL        timerx
  D:0004H         SYMBOL        setCounter
  -------         DO            
  X:0065H         SYMBOL        initData
  -------         ENDDO         
  C:20E5H         LINE#         209
  C:20E7H         LINE#         210
  C:20E7H         LINE#         211
  C:20ECH         LINE#         214
  C:20F3H         LINE#         216
  C:20F6H         LINE#         218
  C:20F9H         LINE#         220
  C:20FDH         LINE#         223
  C:2108H         LINE#         224
BL51 BANKED LINKER/LOCATER V6.22                                                      12/16/2017  10:27:26  PAGE 31


  C:2108H         LINE#         225
  C:2108H         LINE#         226
  C:210CH         LINE#         227
  C:210CH         LINE#         228
  C:210EH         LINE#         229
  C:210EH         LINE#         230
  C:2112H         LINE#         231
  C:2112H         LINE#         232
  C:2114H         LINE#         233
  C:2114H         LINE#         234
  C:2119H         LINE#         235
  C:211BH         LINE#         236
  C:211BH         LINE#         237
  C:211BH         LINE#         238
  C:211BH         LINE#         239
  C:211BH         LINE#         242
  -------         ENDPROC       _TIMER8254SOFTWARESTROBEMODEINIT
  -------         PROC          _TIMER8254HARDWARESTROBEMODEINIT
  D:0003H         SYMBOL        timerx
  D:0004H         SYMBOL        setCounter
  -------         DO            
  X:0066H         SYMBOL        initData
  -------         ENDDO         
  C:2122H         LINE#         246
  C:2124H         LINE#         247
  C:2124H         LINE#         248
  C:2129H         LINE#         251
  C:2130H         LINE#         253
  C:2133H         LINE#         255
  C:2136H         LINE#         257
  C:213AH         LINE#         260
  C:2145H         LINE#         261
  C:2145H         LINE#         262
  C:2145H         LINE#         263
  C:2149H         LINE#         264
  C:2149H         LINE#         265
  C:214BH         LINE#         266
  C:214BH         LINE#         267
  C:214FH         LINE#         268
  C:214FH         LINE#         269
  C:2151H         LINE#         270
  C:2151H         LINE#         271
  C:2156H         LINE#         272
  C:2158H         LINE#         273
  C:2158H         LINE#         274
  C:2158H         LINE#         275
  C:2158H         LINE#         276
  C:2158H         LINE#         279
  -------         ENDPROC       _TIMER8254HARDWARESTROBEMODEINIT
  -------         PROC          _TIMER8254STARTHARDSTROBE
  D:0013H         SYMBOL        timerx
  C:248DH         LINE#         283
  C:248FH         LINE#         284
  C:248FH         LINE#         285
  C:2494H         LINE#         286
  C:249BH         LINE#         287
  -------         ENDPROC       _TIMER8254STARTHARDSTROBE
BL51 BANKED LINKER/LOCATER V6.22                                                      12/16/2017  10:27:26  PAGE 32


  -------         PROC          _TIMER8254GETCOUNTER
  D:0007H         SYMBOL        timerx
  -------         DO            
  X:005CH         SYMBOL        returnValue
  -------         ENDDO         
  C:1F32H         LINE#         291
  C:1F32H         LINE#         292
  C:1F32H         LINE#         293
  C:1F39H         LINE#         295
  C:1F43H         LINE#         297
  C:1F4EH         LINE#         298
  C:1F4EH         LINE#         299
  C:1F4EH         LINE#         300
  C:1F51H         LINE#         301
  C:1F51H         LINE#         302
  C:1F53H         LINE#         303
  C:1F53H         LINE#         304
  C:1F56H         LINE#         305
  C:1F56H         LINE#         306
  C:1F56H         LINE#         307
  C:1F60H         LINE#         309
  C:1F6AH         LINE#         310
  C:1F6AH         LINE#         311
  C:1F6AH         LINE#         312
  C:1F6AH         LINE#         313
  C:1F6AH         LINE#         315
  C:1F72H         LINE#         316
  -------         ENDPROC       _TIMER8254GETCOUNTER
  -------         ENDMOD        8254

  -------         MODULE        8251A
  C:0000H         SYMBOL        _ICE_DUMMY_
  D:0080H         PUBLIC        P0
  D:0090H         PUBLIC        P1
  D:00A0H         PUBLIC        P2
  D:00B0H         PUBLIC        P3
  D:00C0H         PUBLIC        P4
  D:00C8H         PUBLIC        P5
  D:00E8H         PUBLIC        P6
  D:00F8H         PUBLIC        P7
  D:00A8H         PUBLIC        IE
  D:00B8H         PUBLIC        IP
  D:00D8H         PUBLIC        CCON
  D:0098H         PUBLIC        SCON
  D:0088H         PUBLIC        TCON
  D:00D0H         PUBLIC        PSW
  -------         ENDMOD        8251A

  -------         MODULE        CS5550
  C:0000H         SYMBOL        _ICE_DUMMY_
  D:0080H         PUBLIC        P0
  D:0090H         PUBLIC        P1
  D:00A0H         PUBLIC        P2
  D:00B0H         PUBLIC        P3
  D:00C0H         PUBLIC        P4
  D:00C8H         PUBLIC        P5
  D:00E8H         PUBLIC        P6
BL51 BANKED LINKER/LOCATER V6.22                                                      12/16/2017  10:27:26  PAGE 33


  D:00F8H         PUBLIC        P7
  C:2406H         PUBLIC        _CS5550WriteCmd
  C:1E70H         PUBLIC        _CS5550WriteByte
  D:00A8H         PUBLIC        IE
  C:17FDH         PUBLIC        _CS5550ReadRes
  D:00B8H         PUBLIC        IP
  C:2209H         PUBLIC        _CS5550WriteRes
  D:00D8H         PUBLIC        CCON
  B:0090H.7       PUBLIC        CS5550_SDI
  B:0090H.0       PUBLIC        CS5550_SDO
  D:0098H         PUBLIC        SCON
  D:0088H         PUBLIC        TCON
  C:1D3CH         PUBLIC        CS5550RecieveByte
  B:0090H.6       PUBLIC        CS5550_CS
  B:00B0H.2       PUBLIC        CS5550_SCLK
  D:00D0H         PUBLIC        PSW
  -------         PROC          L?0018
  -------         ENDPROC       L?0018
  -------         PROC          _CS5550WRITEBYTE
  D:002BH         SYMBOL        message
  -------         DO            
  X:0024H         SYMBOL        i
  -------         ENDDO         
  C:1E70H         LINE#         8
  C:1E72H         LINE#         9
  C:1E72H         LINE#         10
  C:1E77H         LINE#         12
  C:1E78H         LINE#         13
  C:1E78H         LINE#         14
  C:1E7AH         LINE#         16
  C:1E7FH         LINE#         17
  C:1E7FH         LINE#         18
  C:1E81H         LINE#         19
  C:1E83H         LINE#         21
  C:1E83H         LINE#         22
  C:1E85H         LINE#         23
  C:1E85H         LINE#         24
  C:1E8CH         LINE#         25
  C:1E8EH         LINE#         26
  C:1E95H         LINE#         27
  C:1E9BH         LINE#         29
  C:1EA7H         LINE#         30
  C:1EA9H         LINE#         31
  -------         ENDPROC       _CS5550WRITEBYTE
  -------         PROC          CS5550RECIEVEBYTE
  -------         DO            
  X:0024H         SYMBOL        recieveData
  X:0025H         SYMBOL        i
  -------         ENDDO         
  C:1D3CH         LINE#         34
  C:1D3CH         LINE#         35
  C:1D3CH         LINE#         36
  C:1D41H         LINE#         37
  C:1D43H         LINE#         40
  C:1D4EH         LINE#         41
  C:1D4EH         LINE#         43
  C:1D52H         LINE#         44
BL51 BANKED LINKER/LOCATER V6.22                                                      12/16/2017  10:27:26  PAGE 34


  C:1D52H         LINE#         45
  C:1D54H         LINE#         46
  C:1D56H         LINE#         48
  C:1D56H         LINE#         49
  C:1D58H         LINE#         50
  C:1D58H         LINE#         52
  C:1D5AH         LINE#         53
  C:1D61H         LINE#         54
  C:1D68H         LINE#         55
  C:1D6AH         LINE#         56
  C:1D71H         LINE#         57
  C:1D78H         LINE#         58
  C:1D78H         LINE#         59
  C:1D7BH         LINE#         60
  C:1D7DH         LINE#         62
[...]
  D:0098H         PUBLIC        SCON
  D:0088H         PUBLIC        TCON
  C:1619H         PUBLIC        _MotorVelCrl
  D:00D0H         PUBLIC        PSW
  -------         PROC          _MOTORVELCRL
  D:0008H         SYMBOL        expVel
  D:000CH         SYMBOL        actVel
  -------         DO            
BL51 BANKED LINKER/LOCATER V6.22                                                      12/16/2017  10:27:26  PAGE 37


  X:0044H         SYMBOL        dutyCycle
  X:0048H         SYMBOL        error
  -------         ENDDO         
  C:1619H         LINE#         11
  C:1621H         LINE#         12
  C:1621H         LINE#         14
  C:162BH         LINE#         15
  C:1635H         LINE#         17
  C:1649H         LINE#         18
  C:1649H         LINE#         19
  C:1654H         LINE#         20
  C:1654H         LINE#         23
  C:1678H         LINE#         26
  C:1691H         LINE#         28
  C:16D7H         LINE#         31
  C:16F4H         LINE#         32
  C:16F4H         LINE#         33
  C:16FEH         LINE#         34
  C:16FEH         LINE#         37
  -------         ENDPROC       _MOTORVELCRL
  -------         ENDMOD        BRUSHDCMOTOR

  -------         MODULE        STEPMOTOR
  C:0000H         SYMBOL        _ICE_DUMMY_
  D:0080H         PUBLIC        P0
  D:0090H         PUBLIC        P1
  D:00A0H         PUBLIC        P2
  D:00B0H         PUBLIC        P3
  D:00C0H         PUBLIC        P4
  D:00C8H         PUBLIC        P5
  D:00E8H         PUBLIC        P6
  D:00F8H         PUBLIC        P7
  D:00A8H         PUBLIC        IE
  C:12F8H         PUBLIC        _StepMotorSpeedControl
  D:00B8H         PUBLIC        IP
  D:00D8H         PUBLIC        CCON
  D:0098H         PUBLIC        SCON
  D:0088H         PUBLIC        TCON
  C:2327H         PUBLIC        StepMotorPinInit
  D:00D0H         PUBLIC        PSW
  -------         PROC          STEPMOTORPININIT
  C:2327H         LINE#         5
  C:2327H         LINE#         6
  C:2327H         LINE#         7
  C:2330H         LINE#         8
  C:2339H         LINE#         9
  C:2342H         LINE#         10
  -------         ENDPROC       STEPMOTORPININIT
  -------         PROC          _STEPMOTORSPEEDCONTROL
  D:0047H         SYMBOL        vel
  -------         DO            
  X:0057H         SYMBOL        state
  X:0058H         SYMBOL        counter
  -------         ENDDO         
  C:12F8H         LINE#         13
  C:1300H         LINE#         14
  C:1300H         LINE#         18
BL51 BANKED LINKER/LOCATER V6.22                                                      12/16/2017  10:27:26  PAGE 38


  C:132BH         LINE#         19
  C:132BH         LINE#         20
  C:132BH         LINE#         21
  C:1333H         LINE#         22
  C:1337H         LINE#         23
  C:1337H         LINE#         24
  C:1337H         LINE#         29
  C:1339H         LINE#         30
  C:1339H         LINE#         31
  C:1341H         LINE#         32
  C:1346H         LINE#         33
  C:1346H         LINE#         34
  C:1346H         LINE#         39
  C:1348H         LINE#         40
  C:1348H         LINE#         41
  C:134FH         LINE#         42
  C:1358H         LINE#         43
  C:135CH         LINE#         44
  C:135CH         LINE#         49
  C:135EH         LINE#         50
  C:135EH         LINE#         51
  C:1365H         LINE#         52
  C:136EH         LINE#         53
  C:1373H         LINE#         54
  C:1373H         LINE#         59
  C:1375H         LINE#         60
  C:1375H         LINE#         61
  C:137CH         LINE#         62
  C:1384H         LINE#         63
  C:138DH         LINE#         64
  C:1391H         LINE#         69
  C:1393H         LINE#         70
  C:1393H         LINE#         71
  C:139AH         LINE#         72
  C:13A2H         LINE#         73
  C:13ABH         LINE#         74
  C:13B0H         LINE#         79
  C:13B2H         LINE#         80
  C:13B2H         LINE#         81
  C:13B9H         LINE#         82
  C:13C1H         LINE#         83
  C:13C9H         LINE#         84
  C:13CEH         LINE#         89
  C:13D0H         LINE#         90
  C:13D0H         LINE#         91
  C:13D8H         LINE#         92
  C:13E0H         LINE#         93
  C:13E8H         LINE#         94
  C:13F1H         LINE#         99
  C:13F1H         LINE#         100
  C:13F1H         LINE#         101
  C:13F1H         LINE#         102
  C:13F1H         LINE#         104
  C:1410H         LINE#         106
  C:1444H         LINE#         107
  C:1444H         LINE#         108
  C:144EH         LINE#         109
BL51 BANKED LINKER/LOCATER V6.22                                                      12/16/2017  10:27:26  PAGE 39


  C:1462H         LINE#         110
  C:1462H         LINE#         112
  C:1468H         LINE#         113
  C:146CH         LINE#         114
  C:146DH         LINE#         115
  C:147FH         LINE#         116
  C:147FH         LINE#         118
  C:1485H         LINE#         119
  C:1485H         LINE#         120
  C:1488H         LINE#         121
  C:1488H         LINE#         122
  C:148EH         LINE#         123
  C:148EH         LINE#         124
  C:148EH         LINE#         125
  -------         ENDPROC       _STEPMOTORSPEEDCONTROL
  -------         ENDMOD        STEPMOTOR

  -------         MODULE        SPEAKER
  C:0000H         SYMBOL        _ICE_DUMMY_
  -------         ENDMOD        SPEAKER

  -------         MODULE        GPIO
  C:0000H         SYMBOL        _ICE_DUMMY_
  D:0092H         PUBLIC        P1M0
  D:0093H         PUBLIC        P0M1
  C:23E8H         PUBLIC        _GPIOSetBit
  D:0096H         PUBLIC        P2M0
  D:0091H         PUBLIC        P1M1
  D:0080H         PUBLIC        P0
  D:00B2H         PUBLIC        P3M0
  D:0095H         PUBLIC        P2M1
  D:0090H         PUBLIC        P1
  D:00B1H         PUBLIC        P3M1
  D:00A0H         PUBLIC        P2
  D:00B0H         PUBLIC        P3
  D:00C0H         PUBLIC        P4
  D:00C8H         PUBLIC        P5
  D:00E8H         PUBLIC        P6
  D:00F8H         PUBLIC        P7
  D:00A8H         PUBLIC        IE
  D:00B8H         PUBLIC        IP
  D:00D8H         PUBLIC        CCON
  D:0098H         PUBLIC        SCON
  D:0088H         PUBLIC        TCON
  C:1A10H         PUBLIC        _GPIOInit
  C:1D8EH         PUBLIC        _GPIOReadBit
  C:234BH         PUBLIC        _GPIOResetBit
  D:00D0H         PUBLIC        PSW
  D:0094H         PUBLIC        P0M0
  -------         PROC          _GPIOINIT
  D:0007H         SYMBOL        GPIOPort
  D:0005H         SYMBOL        GPIOPin
  D:0003H         SYMBOL        GPIOMode
  C:1A10H         LINE#         6
  C:1A10H         LINE#         7
  C:1A10H         LINE#         9
  C:1A1EH         LINE#         10
BL51 BANKED LINKER/LOCATER V6.22                                                      12/16/2017  10:27:26  PAGE 40


  C:1A1EH         LINE#         11
  C:1A1EH         LINE#         12
  C:1A22H         LINE#         13
  C:1A22H         LINE#         14
  C:1A25H         LINE#         15
  C:1A27H         LINE#         17
  C:1A27H         LINE#         18
  C:1A2BH         LINE#         19
  C:1A2BH         LINE#         20
  C:1A2FH         LINE#         21
  C:1A2FH         LINE#         22
  C:1A32H         LINE#         23
  C:1A33H         LINE#         25
  C:1A33H         LINE#         26
  C:1A37H         LINE#         27
  C:1A37H         LINE#         28
  C:1A38H         LINE#         29
  C:1A38H         LINE#         30
  C:1A3CH         LINE#         31
  C:1A3CH         LINE#         32
  C:1A3FH         LINE#         33
  C:1A41H         LINE#         35
  C:1A41H         LINE#         36
  C:1A45H         LINE#         37
  C:1A45H         LINE#         38
  C:1A49H         LINE#         39
  C:1A49H         LINE#         40
  C:1A4CH         LINE#         41
  C:1A4DH         LINE#         43
  C:1A4DH         LINE#         44
  C:1A51H         LINE#         45
  C:1A51H         LINE#         46
  C:1A52H         LINE#         47
  C:1A52H         LINE#         48
  C:1A56H         LINE#         49
  C:1A56H         LINE#         50
  C:1A59H         LINE#         51
  C:1A5BH         LINE#         53
  C:1A5BH         LINE#         54
  C:1A5FH         LINE#         55
  C:1A5FH         LINE#         56
  C:1A63H         LINE#         57
  C:1A63H         LINE#         58
  C:1A66H         LINE#         59
  C:1A67H         LINE#         61
  C:1A67H         LINE#         62
  C:1A6BH         LINE#         63
  C:1A6BH         LINE#         64
  C:1A6CH         LINE#         65
  C:1A6CH         LINE#         66
  C:1A70H         LINE#         67
  C:1A70H         LINE#         68
  C:1A73H         LINE#         69
  C:1A75H         LINE#         71
  C:1A75H         LINE#         72
  C:1A79H         LINE#         73
  C:1A79H         LINE#         74
BL51 BANKED LINKER/LOCATER V6.22                                                      12/16/2017  10:27:26  PAGE 41


  C:1A7DH         LINE#         75
  C:1A7DH         LINE#         76
  C:1A80H         LINE#         77
  C:1A81H         LINE#         79
  C:1A81H         LINE#         80
  C:1A85H         LINE#         81
  C:1A85H         LINE#         82
  C:1A85H         LINE#         83
  C:1A85H         LINE#         84
  C:1A85H         LINE#         85
  C:1A85H         LINE#         87
  -------         ENDPROC       _GPIOINIT
  -------         PROC          _GPIOSETBIT
  D:0007H         SYMBOL        GPIOPort
  D:0005H         SYMBOL        GPIOPin
  C:23E8H         LINE#         90
  C:23E8H         LINE#         91
  C:23E8H         LINE#         92
  C:23F6H         LINE#         93
  C:23F6H         LINE#         94
  C:23F6H         LINE#         95
  C:23F9H         LINE#         96
  C:23FAH         LINE#         97
  C:23FAH         LINE#         98
  C:23FDH         LINE#         99
  C:23FEH         LINE#         100
  C:23FEH         LINE#         101
  C:2401H         LINE#         102
  C:2402H         LINE#         103
  C:2402H         LINE#         104
  C:2405H         LINE#         105
  C:2405H         LINE#         106
  C:2405H         LINE#         107
  C:2405H         LINE#         108
  C:2405H         LINE#         110
  -------         ENDPROC       _GPIOSETBIT
  -------         PROC          _GPIORESETBIT
  D:0007H         SYMBOL        GPIOPort
  D:0005H         SYMBOL        GPIOPin
  C:234BH         LINE#         113
  C:234BH         LINE#         114
  C:234BH         LINE#         115
  C:2359H         LINE#         116
  C:2359H         LINE#         117
  C:2359H         LINE#         118
  C:235DH         LINE#         119
  C:235EH         LINE#         120
  C:235EH         LINE#         121
  C:2362H         LINE#         122
  C:2363H         LINE#         123
  C:2363H         LINE#         124
  C:2367H         LINE#         125
  C:2368H         LINE#         126
  C:2368H         LINE#         127
  C:236CH         LINE#         128
  C:236CH         LINE#         129
  C:236CH         LINE#         130
BL51 BANKED LINKER/LOCATER V6.22                                                      12/16/2017  10:27:26  PAGE 42


  C:236CH         LINE#         131
  C:236CH         LINE#         132
  -------         ENDPROC       _GPIORESETBIT
  -------         PROC          _GPIOREADBIT
  D:0007H         SYMBOL        GPIOPort
  D:0005H         SYMBOL        GPIOPin
  C:1D8EH         LINE#         135
  C:1D8EH         LINE#         136
  C:1D8EH         LINE#         137
  C:1D9CH         LINE#         138
  C:1D9CH         LINE#         139
  C:1D9CH         LINE#         140
  C:1D9FH         LINE#         141
  C:1DAAH         LINE#         142
  C:1DAAH         LINE#         143
  C:1DAAH         LINE#         144
  C:1DADH         LINE#         145
  C:1DB8H         LINE#         146
  C:1DB8H         LINE#         147
  C:1DB8H         LINE#         148
  C:1DBBH         LINE#         149
  C:1DC6H         LINE#         150
  C:1DC6H         LINE#         151
  C:1DC6H         LINE#         152
  C:1DC9H         LINE#         153
  C:1DD4H         LINE#         154
  C:1DD4H         LINE#         155
  C:1DD4H         LINE#         156
  C:1DD6H         LINE#         157
  C:1DD6H         LINE#         158
  C:1DD6H         LINE#         159
  -------         ENDPROC       _GPIOREADBIT
  -------         ENDMOD        GPIO

  -------         MODULE        ?C?FPADD
  C:0045H         PUBLIC        ?C?FPADD
  C:0041H         PUBLIC        ?C?FPSUB
  -------         ENDMOD        ?C?FPADD

  -------         MODULE        ?C?FPMUL
  C:0136H         PUBLIC        ?C?FPMUL
  -------         ENDMOD        ?C?FPMUL

  -------         MODULE        ?C?FPDIV
  C:023FH         PUBLIC        ?C?FPDIV
  -------         ENDMOD        ?C?FPDIV

  -------         MODULE        ?C?FPCMP
  C:02DEH         PUBLIC        ?C?FPCMP
  C:02DCH         PUBLIC        ?C?FPCMP3
  -------         ENDMOD        ?C?FPCMP

  -------         MODULE        ?C?FCAST
  C:035FH         PUBLIC        ?C?FCASTC
  C:035AH         PUBLIC        ?C?FCASTI
  C:0355H         PUBLIC        ?C?FCASTL
  -------         ENDMOD        ?C?FCAST
BL51 BANKED LINKER/LOCATER V6.22                                                      12/16/2017  10:27:26  PAGE 43



  -------         MODULE        ?C?CASTF
  C:0393H         PUBLIC        ?C?CASTF
  -------         ENDMOD        ?C?CASTF

  -------         MODULE        PRINTF
  D:002AH         PUBLIC        ?_PRINTF?BYTE
  D:002AH         PUBLIC        ?_SPRINTF?BYTE
  C:0969H         PUBLIC        _PRINTF
  C:0963H         PUBLIC        _SPRINTF
  -------         ENDMOD        PRINTF

  -------         MODULE        ?C?FPROUND
  C:0414H         PUBLIC        ?C?FPROUND
  -------         ENDMOD        ?C?FPROUND

  -------         MODULE        ?C?FPCONVERT
  C:0443H         PUBLIC        ?C?FPCONVERT
  -------         ENDMOD        ?C?FPCONVERT

  -------         MODULE        ?C?FTNPWR
  C:0576H         PUBLIC        ?C?FTNPWR
  -------         ENDMOD        ?C?FTNPWR

  -------         MODULE        ?C?COPY
  C:0686H         PUBLIC        ?C?COPY
  -------         ENDMOD        ?C?COPY

  -------         MODULE        ?C?CLDPTR
  C:06ACH         PUBLIC        ?C?CLDPTR
  -------         ENDMOD        ?C?CLDPTR

  -------         MODULE        ?C?CLDOPTR
  C:06C5H         PUBLIC        ?C?CLDOPTR
  -------         ENDMOD        ?C?CLDOPTR

  -------         MODULE        ?C?CSTPTR
  C:06F2H         PUBLIC        ?C?CSTPTR
  -------         ENDMOD        ?C?CSTPTR

  -------         MODULE        ?C?IMUL
  C:0704H         PUBLIC        ?C?IMUL
  -------         ENDMOD        ?C?IMUL

  -------         MODULE        ?C?UIDIV
  C:0716H         PUBLIC        ?C?UIDIV
  -------         ENDMOD        ?C?UIDIV

  -------         MODULE        ?C?ULDIV
  C:07A7H         PUBLIC        ?C?ULDIV
  -------         ENDMOD        ?C?ULDIV

  -------         MODULE        ?C?SLDIV
  C:1EEEH         PUBLIC        ?C?SLDIV
  -------         ENDMOD        ?C?SLDIV

  -------         MODULE        ?C?LNEG
BL51 BANKED LINKER/LOCATER V6.22                                                      12/16/2017  10:27:26  PAGE 44


  C:0839H         PUBLIC        ?C?LNEG
  -------         ENDMOD        ?C?LNEG

  -------         MODULE        ?C?SLCMP
  C:0847H         PUBLIC        ?C?SLCMP
  -------         ENDMOD        ?C?SLCMP

  -------         MODULE        ?C?ULCMP
  C:085DH         PUBLIC        ?C?ULCMP
  -------         ENDMOD        ?C?ULCMP

  -------         MODULE        ?C?ULSHR
  C:086EH         PUBLIC        ?C?ULSHR
  -------         ENDMOD        ?C?ULSHR

  -------         MODULE        ?C?LSHL
  C:0881H         PUBLIC        ?C?LSHL
  -------         ENDMOD        ?C?LSHL

  -------         MODULE        ?C?LSTXDATA
  C:0894H         PUBLIC        ?C?LSTXDATA
  -------         ENDMOD        ?C?LSTXDATA

  -------         MODULE        ?C?LSTKXDATA
  C:08A0H         PUBLIC        ?C?LSTKXDATA
  -------         ENDMOD        ?C?LSTKXDATA

  -------         MODULE        ?C?PLDIIDATA
  C:08D1H         PUBLIC        ?C?PLDIIDATA
  -------         ENDMOD        ?C?PLDIIDATA

  -------         MODULE        ?C?CCASE
  C:08E1H         PUBLIC        ?C?CCASE
  -------         ENDMOD        ?C?CCASE

  -------         MODULE        PUTCHAR
  C:22B8H         PUBLIC        _PUTCHAR
  -------         ENDMOD        PUTCHAR

*** WARNING L16: UNCALLED SEGMENT, IGNORED FOR OVERLAY PROCESS
    SEGMENT: ?PR?_BLINKIN4?P1IO

*** WARNING L16: UNCALLED SEGMENT, IGNORED FOR OVERLAY PROCESS
    SEGMENT: ?PR?_FLOW?P1IO

*** WARNING L16: UNCALLED SEGMENT, IGNORED FOR OVERLAY PROCESS
    SEGMENT: ?PR?SHOWINPUT?P1IO

*** WARNING L16: UNCALLED SEGMENT, IGNORED FOR OVERLAY PROCESS
    SEGMENT: ?PR?_TIMERGETOVERFLOWITFLAG?TIMER

*** WARNING L16: UNCALLED SEGMENT, IGNORED FOR OVERLAY PROCESS
    SEGMENT: ?PR?_TIMEROVERFLOWITINIT?TIMER

*** WARNING L16: UNCALLED SEGMENT, IGNORED FOR OVERLAY PROCESS
    SEGMENT: ?PR?_IO8255READBIT?8255

BL51 BANKED LINKER/LOCATER V6.22                                                      12/16/2017  10:27:26  PAGE 45


*** WARNING L16: UNCALLED SEGMENT, IGNORED FOR OVERLAY PROCESS
    SEGMENT: ?PR?_TIMER8254COUNTERMODEINIT?8254

*** WARNING L16: UNCALLED SEGMENT, IGNORED FOR OVERLAY PROCESS
    SEGMENT: ?PR?_TIMER8254TRIGGERMODEINIT?8254

*** WARNING L16: UNCALLED SEGMENT, IGNORED FOR OVERLAY PROCESS
    SEGMENT: ?PR?_TIMER8254STARTTRIGGER?8254

*** WARNING L16: UNCALLED SEGMENT, IGNORED FOR OVERLAY PROCESS
    SEGMENT: ?PR?_TIMER8254SQUAREWAVEMODEINIT?8254

*** WARNING L16: UNCALLED SEGMENT, IGNORED FOR OVERLAY PROCESS
    SEGMENT: ?PR?_TIMER8254SOFTWARESTROBEMODEINIT?8254

*** WARNING L16: UNCALLED SEGMENT, IGNORED FOR OVERLAY PROCESS
    SEGMENT: ?PR?_TIMER8254HARDWARESTROBEMODEINIT?8254

*** WARNING L16: UNCALLED SEGMENT, IGNORED FOR OVERLAY PROCESS
    SEGMENT: ?PR?_TIMER8254STARTHARDSTROBE?8254

*** WARNING L16: UNCALLED SEGMENT, IGNORED FOR OVERLAY PROCESS
    SEGMENT: ?PR?_TIMER8254GETCOUNTER?8254

*** WARNING L16: UNCALLED SEGMENT, IGNORED FOR OVERLAY PROCESS
    SEGMENT: ?PR?CCP1INIT?PWM

*** WARNING L16: UNCALLED SEGMENT, IGNORED FOR OVERLAY PROCESS
    SEGMENT: ?PR?_MOTORVELCRL?BRUSHDCMOTOR

*** WARNING L16: UNCALLED SEGMENT, IGNORED FOR OVERLAY PROCESS
    SEGMENT: ?PR?STEPMOTORPININIT?STEPMOTOR

*** WARNING L16: UNCALLED SEGMENT, IGNORED FOR OVERLAY PROCESS
    SEGMENT: ?PR?_GPIOSETBIT?GPIO

*** WARNING L16: UNCALLED SEGMENT, IGNORED FOR OVERLAY PROCESS
    SEGMENT: ?PR?_GPIORESETBIT?GPIO

*** WARNING L16: UNCALLED SEGMENT, IGNORED FOR OVERLAY PROCESS
    SEGMENT: ?PR?_GPIOREADBIT?GPIO

*** WARNING L6: XDATA SPACE MEMORY OVERLAP
    FROM:    F800H
    TO:      F800H

*** WARNING L6: XDATA SPACE MEMORY OVERLAP
    FROM:    F900H
    TO:      F900H

*** WARNING L1: UNRESOLVED EXTERNAL SYMBOL
    SYMBOL:  UART1RECIEVE
    MODULE:  .\Objects\89C51_it.obj (89C51_IT)

*** WARNING L1: UNRESOLVED EXTERNAL SYMBOL
    SYMBOL:  LEDITSTATUS
    MODULE:  .\Objects\89C51_it.obj (89C51_IT)
BL51 BANKED LINKER/LOCATER V6.22                                                      12/16/2017  10:27:26  PAGE 46



*** WARNING L2: REFERENCE MADE TO UNRESOLVED EXTERNAL
    SYMBOL:  LEDITSTATUS
    MODULE:  .\Objects\89C51_it.obj (89C51_IT)
    ADDRESS: 24DBH

*** WARNING L2: REFERENCE MADE TO UNRESOLVED EXTERNAL
    SYMBOL:  LEDITSTATUS
    MODULE:  .\Objects\89C51_it.obj (89C51_IT)
    ADDRESS: 24DFH

*** WARNING L2: REFERENCE MADE TO UNRESOLVED EXTERNAL
    SYMBOL:  LEDITSTATUS
    MODULE:  .\Objects\89C51_it.obj (89C51_IT)
    ADDRESS: 24E4H

*** WARNING L2: REFERENCE MADE TO UNRESOLVED EXTERNAL
    SYMBOL:  UART1RECIEVE
    MODULE:  .\Objects\89C51_it.obj (89C51_IT)
    ADDRESS: 1C65H

Program Size: data=63.1 xdata=115 code=9533
LINK/LOCATE RUN COMPLETE.  28 WARNING(S),  0 ERROR(S)
