BL51 BANKED LINKER/LOCATER V6.22                                                        12/15/2017  20:19:23  PAGE 1


BL51 BANKED LINKER/LOCATER V6.22, INVOKED BY:
D:\PROGRAM FILES (X86)\KEIL\C51\BIN\BL51.EXE .\Objects\STARTUP.obj, .\Objects\main.obj, .\Objects\HD7279.obj, .\Objects\
>> delay.obj, .\Objects\basicIO.obj, .\Objects\decode.obj, .\Objects\p1IO.obj, .\Objects\dataMemory.obj, .\Objects\timer
>> .obj, .\Objects\89C51_it.obj, .\Objects\usart.obj, .\Objects\8255.obj, .\Objects\8254.obj, .\Objects\8251A.obj, .\Obj
>> ects\CS5550.obj, .\Objects\pwm.obj, .\Objects\brushDcMotor.obj, .\Objects\stepMotor.obj, .\Objects\speaker.obj, .\Obj
>> ects\gpio.obj TO .\Objects\keyLED PRINT (.\Listings\keyLED.m51) RAMSIZE (256)


MEMORY MODEL: SMALL WITH FLOATING POINT ARITHMETIC


INPUT MODULES INCLUDED:
  .\Objects\STARTUP.obj (?C_STARTUP)
  .\Objects\main.obj (MAIN)
  .\Objects\HD7279.obj (HD7279)
  .\Objects\delay.obj (DELAY)
  .\Objects\basicIO.obj (BASICIO)
  .\Objects\decode.obj (DECODE)
  .\Objects\p1IO.obj (P1IO)
  .\Objects\dataMemory.obj (DATAMEMORY)
  .\Objects\timer.obj (TIMER)
  .\Objects\89C51_it.obj (89C51_IT)
  .\Objects\usart.obj (USART)
  .\Objects\8255.obj (8255)
  .\Objects\8254.obj (8254)
  .\Objects\8251A.obj (8251A)
  .\Objects\CS5550.obj (CS5550)
  .\Objects\pwm.obj (PWM)
  .\Objects\brushDcMotor.obj (BRUSHDCMOTOR)
  .\Objects\stepMotor.obj (STEPMOTOR)
  .\Objects\speaker.obj (SPEAKER)
  .\Objects\gpio.obj (GPIO)
  D:\PROGRAM FILES (X86)\KEIL\C51\LIB\C51FPS.LIB (?C?FPADD)
  D:\PROGRAM FILES (X86)\KEIL\C51\LIB\C51FPS.LIB (?C?FPMUL)
  D:\PROGRAM FILES (X86)\KEIL\C51\LIB\C51FPS.LIB (?C?FPDIV)
  D:\PROGRAM FILES (X86)\KEIL\C51\LIB\C51FPS.LIB (?C?FPCMP)
  D:\PROGRAM FILES (X86)\KEIL\C51\LIB\C51FPS.LIB (?C?FCAST)
  D:\PROGRAM FILES (X86)\KEIL\C51\LIB\C51FPS.LIB (?C?CASTF)
  D:\PROGRAM FILES (X86)\KEIL\C51\LIB\C51FPS.LIB (PRINTF)
  D:\PROGRAM FILES (X86)\KEIL\C51\LIB\C51FPS.LIB (?C?FPGETOPN)
  D:\PROGRAM FILES (X86)\KEIL\C51\LIB\C51FPS.LIB (?C?FPROUND)
  D:\PROGRAM FILES (X86)\KEIL\C51\LIB\C51FPS.LIB (?C?FPCONVERT)
  D:\PROGRAM FILES (X86)\KEIL\C51\LIB\C51FPS.LIB (?C?FTNPWR)
  D:\PROGRAM FILES (X86)\KEIL\C51\LIB\C51S.LIB (?C_INIT)
  D:\PROGRAM FILES (X86)\KEIL\C51\LIB\C51S.LIB (?C?COPY)
  D:\PROGRAM FILES (X86)\KEIL\C51\LIB\C51S.LIB (?C?CLDPTR)
  D:\PROGRAM FILES (X86)\KEIL\C51\LIB\C51S.LIB (?C?CLDOPTR)
  D:\PROGRAM FILES (X86)\KEIL\C51\LIB\C51S.LIB (?C?CSTPTR)
  D:\PROGRAM FILES (X86)\KEIL\C51\LIB\C51S.LIB (?C?IMUL)
  D:\PROGRAM FILES (X86)\KEIL\C51\LIB\C51S.LIB (?C?UIDIV)
  D:\PROGRAM FILES (X86)\KEIL\C51\LIB\C51S.LIB (?C?ULDIV)
  D:\PROGRAM FILES (X86)\KEIL\C51\LIB\C51S.LIB (?C?SLDIV)
  D:\PROGRAM FILES (X86)\KEIL\C51\LIB\C51S.LIB (?C?LNEG)
  D:\PROGRAM FILES (X86)\KEIL\C51\LIB\C51S.LIB (?C?SLCMP)
  D:\PROGRAM FILES (X86)\KEIL\C51\LIB\C51S.LIB (?C?ULCMP)
  D:\PROGRAM FILES (X86)\KEIL\C51\LIB\C51S.LIB (?C?ULSHR)
  D:\PROGRAM FILES (X86)\KEIL\C51\LIB\C51S.LIB (?C?LSHL)
  D:\PROGRAM FILES (X86)\KEIL\C51\LIB\C51S.LIB (?C?LSTXDATA)
BL51 BANKED LINKER/LOCATER V6.22                                                      12/15/2017  20:19:23  PAGE 2


  D:\PROGRAM FILES (X86)\KEIL\C51\LIB\C51S.LIB (?C?LSTKXDATA)
  D:\PROGRAM FILES (X86)\KEIL\C51\LIB\C51S.LIB (?C?PLDIIDATA)
  D:\PROGRAM FILES (X86)\KEIL\C51\LIB\C51S.LIB (?C?CCASE)
  D:\PROGRAM FILES (X86)\KEIL\C51\LIB\C51S.LIB (PUTCHAR)


LINK MAP OF MODULE:  .\Objects\keyLED (?C_STARTUP)


            TYPE    BASE      LENGTH    RELOCATION   SEGMENT NAME
            -----------------------------------------------------

            * * * * * * *   D A T A   M E M O R Y   * * * * * * *
            REG     0000H     0008H     ABSOLUTE     "REG BANK 0"
            DATA    0008H     0008H     UNIT         ?DT?_MOTORVELCRL?BRUSHDCMOTOR
            DATA    0010H     0004H     UNIT         ?DT?_LEDSHOWINT?HD7279
            DATA    0014H     0002H     UNIT         ?DT?_BLINKIN4?P1IO
            DATA    0016H     0001H     UNIT         ?DT?_TIMER8254STARTTRIGGER?8254
            DATA    0017H     0001H     UNIT         ?DT?_TIMER8254STARTHARDSTROBE?8254
                    0018H     0008H                  *** GAP ***
            BIT     0020H.0   0001H.1   UNIT         _BIT_GROUP_
                    0021H.1   0000H.7                *** GAP ***
            DATA    0022H     002BH     UNIT         _DATA_GROUP_
            IDATA   004DH     0001H     UNIT         ?STACK

            * * * * * * *  X D A T A   M E M O R Y  * * * * * * *
            XDATA   0000H     0038H     UNIT         _XDATA_GROUP_
            XDATA   0038H     0012H     UNIT         ?XD?_LEDSHOWINT?HD7279
            XDATA   004AH     000EH     UNIT         ?XD?HD7279
            XDATA   0058H     0008H     UNIT         ?XD?_MOTORVELCRL?BRUSHDCMOTOR
            XDATA   0060H     0006H     UNIT         ?XD?BRUSHDCMOTOR
            XDATA   0066H     0005H     UNIT         ?XD?P1IO
            XDATA   006BH     0005H     UNIT         ?XD?STEPMOTOR
            XDATA   0070H     0002H     UNIT         ?XD?_TIMER8254GETCOUNTER?8254
            XDATA   0072H     0001H     UNIT         ?XD?MAIN
            XDATA   0073H     0001H     UNIT         ?XD?SHOWINPUT?P1IO
            XDATA   0074H     0001H     UNIT         ?XD?_TIMERGETOVERFLOWITFLAG?TIMER
            XDATA   0075H     0001H     UNIT         ?XD?89C51_IT
            XDATA   0076H     0001H     UNIT         ?XD?_TIMER8254COUNTERMODEINIT?8254
            XDATA   0077H     0001H     UNIT         ?XD?_TIMER8254TRIGGERMODEINIT?8254
            XDATA   0078H     0001H     UNIT         ?XD?_TIMER8254SQUAREWAVEMODEINIT?8254
            XDATA   0079H     0001H     UNIT         ?XD?_TIMER8254SOFTWARESTROBEMODEINIT?8254
            XDATA   007AH     0001H     UNIT         ?XD?_TIMER8254HARDWARESTROBEMODEINIT?8254
                    007BH     F785H                  *** GAP ***
            XDATA   F800H     0001H     ABSOLUTE     
* OVERLAP * XDATA   F800H     0001H     ABSOLUTE     
            XDATA   F801H     0001H     ABSOLUTE     
            XDATA   F802H     0001H     ABSOLUTE     
            XDATA   F803H     0001H     ABSOLUTE     
                    F804H     00FCH                  *** GAP ***
            XDATA   F900H     0001H     ABSOLUTE     
* OVERLAP * XDATA   F900H     0001H     ABSOLUTE     
            XDATA   F901H     0001H     ABSOLUTE     
            XDATA   F902H     0001H     ABSOLUTE     
            XDATA   F903H     0001H     ABSOLUTE     
                    F904H     00FCH                  *** GAP ***
            XDATA   FA00H     0001H     ABSOLUTE     
BL51 BANKED LINKER/LOCATER V6.22                                                      12/15/2017  20:19:23  PAGE 3


                    FA01H     00FFH                  *** GAP ***
            XDATA   FB00H     0001H     ABSOLUTE     

            * * * * * * *   C O D E   M E M O R Y   * * * * * * *
            CODE    0000H     0003H     ABSOLUTE     
            CODE    0003H     0003H     ABSOLUTE     
                    0006H     0005H                  *** GAP ***
            CODE    000BH     0003H     ABSOLUTE     
                    000EH     0005H                  *** GAP ***
            CODE    0013H     0003H     ABSOLUTE     
            CODE    0016H     000CH     UNIT         ?PR?_TIMERCLEAROVERFLOWFLAG?TIMER
                    0022H     0001H                  *** GAP ***
            CODE    0023H     0003H     ABSOLUTE     
            CODE    0026H     0015H     UNIT         ?PR?_TIMEROVERFLOWITINIT?TIMER
            CODE    003BH     0003H     ABSOLUTE     
            CODE    003EH     08C9H     UNIT         ?C?LIB_CODE
            CODE    0907H     046FH     UNIT         ?PR?PRINTF?PRINTF
            CODE    0D76H     03A4H     UNIT         ?PR?MAIN?MAIN
            CODE    111AH     01DBH     UNIT         ?PR?_LEDSHOWFLOAT?HD7279
            CODE    12F5H     0197H     UNIT         ?PR?_STEPMOTORSPEEDCONTROL?STEPMOTOR
            CODE    148CH     018AH     UNIT         ?PR?_LEDSHOWINT?HD7279
            CODE    1616H     00F6H     UNIT         ?PR?_MOTORVELCRL?BRUSHDCMOTOR
            CODE    170CH     00F2H     UNIT         ?PR?_UARTBAUDRATEINIT?USART
            CODE    17FEH     00CCH     UNIT         ?PR?_CS5550READRES?CS5550
            CODE    18CAH     00BBH     UNIT         ?PR?EXIT1_HANDLER?89C51_IT
            CODE    1985H     008CH     UNIT         ?C_C51STARTUP
            CODE    1A11H     0076H     UNIT         ?PR?_GPIOINIT?GPIO
            CODE    1A87H     0072H     UNIT         ?PR?_TIMERELOADNUMINIT?TIMER
            CODE    1AF9H     0072H     UNIT         ?PR?_IO8255SETBIT?8255
            CODE    1B6BH     006EH     UNIT         ?PR?_IO8255READBIT?8255
            CODE    1BD9H     0060H     UNIT         ?PR?_TIMEMODEINIT?TIMER
            CODE    1C39H     0059H     UNIT         ?PR?UART1_ITHANDLER?89C51_IT
            CODE    1C92H     0058H     UNIT         ?PR?_DELAYMS?DELAY
            CODE    1CEAH     0053H     UNIT         ?PR?_TIMEINIT?TIMER
            CODE    1D3DH     0052H     UNIT         ?PR?CS5550RECIEVEBYTE?CS5550
            CODE    1D8FH     004CH     UNIT         ?PR?_HD7279SENDBYTE?HD7279
            CODE    1DDBH     0049H     UNIT         ?PR?_GPIOREADBIT?GPIO
            CODE    1E24H     0048H     UNIT         ?PR?HD7279RECEIVEBYTE?HD7279
            CODE    1E6CH     0045H     UNIT         ?PR?_CS5550WRITEBYTE?CS5550
            CODE    1EB1H     0044H     UNIT         ?PR?_BLINKIN4?P1IO
            CODE    1EF5H     0044H     UNIT         ?C?LDIV
            CODE    1F39H     0041H     UNIT         ?PR?_TIMER8254GETCOUNTER?8254
            CODE    1F7AH     003FH     UNIT         ?C_INITSEG
            CODE    1FB9H     003FH     UNIT         ?PR?_TIMER8254COUNTERMODEINIT?8254
            CODE    1FF8H     003DH     UNIT         ?PR?_FLOW?P1IO
            CODE    2035H     003DH     UNIT         ?PR?TIME0?89C51_IT
            CODE    2072H     003DH     UNIT         ?PR?_TIMER8254PRESCALERMODEINIT?8254
            CODE    20AFH     003DH     UNIT         ?PR?_TIMER8254SQUAREWAVEMODEINIT?8254
            CODE    20ECH     003DH     UNIT         ?PR?_TIMER8254SOFTWARESTROBEMODEINIT?8254
            CODE    2129H     003DH     UNIT         ?PR?_TIMER8254HARDWARESTROBEMODEINIT?8254
            CODE    2166H     003CH     UNIT         ?PR?_DELAY10US?DELAY
            CODE    21A2H     0039H     UNIT         ?PR?IO8255INIT?8255
            CODE    21DBH     0035H     UNIT         ?PR?_TIMER8254TRIGGERMODEINIT?8254
            CODE    2210H     0032H     UNIT         ?PR?_CS5550WRITERES?CS5550
            CODE    2242H     002CH     UNIT         ?PR?_PWM0SETCOMPARE?PWM
            CODE    226EH     0029H     UNIT         ?CO?HD7279
            CODE    2297H     0028H     UNIT         ?PR?_TIMERCMD?TIMER
BL51 BANKED LINKER/LOCATER V6.22                                                      12/15/2017  20:19:23  PAGE 4


            CODE    22BFH     0027H     UNIT         ?PR?PUTCHAR?PUTCHAR
            CODE    22E6H     0024H     UNIT         ?PR?_UARTMODEINIT?USART
            CODE    230AH     0024H     UNIT         ?PR?_UARTINIT?USART
            CODE    232EH     0024H     UNIT         ?PR?STEPMOTORPININIT?STEPMOTOR
            CODE    2352H     0022H     UNIT         ?PR?_GPIORESETBIT?GPIO
            CODE    2374H     001FH     UNIT         ?PR?_TIMERGETOVERFLOWITFLAG?TIMER
            CODE    2393H     001FH     UNIT         ?PR?_UARTGETFLAGSTATUS?USART
            CODE    23B2H     001FH     UNIT         ?PR?_UARTSENDBYTE?USART
            CODE    23D1H     001EH     UNIT         ?PR?_EXTERNALITINIT?89C51_IT
            CODE    23EFH     001EH     UNIT         ?PR?_GPIOSETBIT?GPIO
            CODE    240DH     0018H     UNIT         ?PR?_CS5550WRITECMD?CS5550
            CODE    2425H     0017H     UNIT         ?PR?_UARTITCONFIG?USART
            CODE    243CH     0017H     UNIT         ?PR?CCP1INIT?PWM
            CODE    2453H     0016H     UNIT         ?PR?SHOWINPUT?P1IO
            CODE    2469H     0016H     UNIT         ?PR?_UARTRXCMD?USART
            CODE    247FH     0015H     UNIT         ?PR?_TIMER8254STARTTRIGGER?8254
            CODE    2494H     0015H     UNIT         ?PR?_TIMER8254STARTHARDSTROBE?8254
            CODE    24A9H     0013H     UNIT         ?PR?PWM0INIT?PWM
            CODE    24BCH     0012H     UNIT         ?PR?_EXTERNALITCMD?89C51_IT
            CODE    24CEH     0011H     UNIT         ?PR?_LEDWRITE?HD7279
            CODE    24DFH     0011H     UNIT         ?PR?INTERINT0?89C51_IT
            CODE    24F0H     0010H     UNIT         ?CO?MAIN
            CODE    2500H     0010H     UNIT         ?PR?_UARTCLEARFLAGSTATUS?USART
            CODE    2510H     000FH     UNIT         ?PR?_UARTRECIEVEBYTE?USART
            CODE    251FH     000EH     UNIT         ?PR?_TIMER8254CMD?8254
            CODE    252DH     000BH     UNIT         ?PR?PCA_ITHANDLER?89C51_IT
            CODE    2538H     0009H     UNIT         ?PR?KEYREAD?HD7279
            CODE    2541H     0009H     UNIT         ?PR?_PWMCMD?PWM
            CODE    254AH     0008H     UNIT         ?CO?USART



OVERLAY MAP OF MODULE:   .\Objects\keyLED (?C_STARTUP)


SEGMENT                                             BIT_GROUP          DATA_GROUP          XDATA_GROUP
  +--> CALLED SEGMENT                            START    LENGTH     START    LENGTH     START    LENGTH
--------------------------------------------------------------------------------------------------------
?C_C51STARTUP                                    -----    -----      -----    -----      -----    -----
  +--> ?PR?MAIN?MAIN
  +--> ?C_INITSEG

?PR?MAIN?MAIN                                    -----    -----      0022H    0004H      0000H    0021H
  +--> ?CO?MAIN
  +--> ?PR?IO8255INIT?8255
  +--> ?PR?_TIMER8254PRESCALERMODEINIT?8254
  +--> ?PR?_TIMEINIT?TIMER
  +--> ?PR?_UARTINIT?USART
  +--> ?PR?_CS5550WRITECMD?CS5550
  +--> ?PR?_DELAYMS?DELAY
  +--> ?PR?_CS5550WRITERES?CS5550
  +--> ?PR?PWM0INIT?PWM
  +--> ?PR?_PWM0SETCOMPARE?PWM
  +--> ?PR?_PWMCMD?PWM
  +--> ?PR?_EXTERNALITINIT?89C51_IT
  +--> ?PR?_EXTERNALITCMD?89C51_IT
  +--> ?PR?KEYREAD?HD7279
BL51 BANKED LINKER/LOCATER V6.22                                                      12/15/2017  20:19:23  PAGE 5


  +--> ?PR?_CS5550READRES?CS5550
  +--> ?PR?_LEDSHOWFLOAT?HD7279
  +--> ?PR?_LEDWRITE?HD7279
  +--> ?PR?_UARTSENDBYTE?USART

?PR?IO8255INIT?8255                              -----    -----      0026H    0008H      0021H    0001H

?PR?_TIMER8254PRESCALERMODEINIT?8254             -----    -----      -----    -----      0021H    0001H
  +--> ?PR?_TIMER8254CMD?8254

?PR?_TIMER8254CMD?8254                           -----    -----      0026H    0001H      -----    -----

?PR?_TIMEINIT?TIMER                              -----    -----      0036H    000BH      -----    -----
  +--> ?PR?_TIMEMODEINIT?TIMER
  +--> ?PR?_TIMERELOADNUMINIT?TIMER
  +--> ?PR?_TIMERCMD?TIMER

?PR?_TIMEMODEINIT?TIMER                          -----    -----      0041H    0005H      0021H    0001H

?PR?_TIMERELOADNUMINIT?TIMER                     -----    -----      0041H    0008H      0021H    0004H

?PR?_UARTINIT?USART                              -----    -----      0026H    0007H      -----    -----
  +--> ?PR?_UARTMODEINIT?USART
  +--> ?PR?_UARTBAUDRATEINIT?USART
  +--> ?PR?_UARTITCONFIG?USART
  +--> ?PR?_UARTRXCMD?USART

?PR?_UARTBAUDRATEINIT?USART                      -----    -----      002DH    0009H      -----    -----
  +--> ?CO?USART
  +--> ?PR?_TIMEINIT?TIMER

?PR?_CS5550WRITECMD?CS5550                       -----    -----      0026H    0005H      -----    -----
  +--> ?PR?_CS5550WRITEBYTE?CS5550

?PR?_CS5550WRITEBYTE?CS5550                      -----    -----      002BH    0001H      0025H    0001H
  +--> ?PR?_DELAY10US?DELAY

?PR?_DELAY10US?DELAY                             -----    -----      -----    -----      0035H    0003H

?PR?_DELAYMS?DELAY                               -----    -----      -----    -----      0021H    0005H

?PR?_CS5550WRITERES?CS5550                       -----    -----      0026H    0005H      -----    -----
  +--> ?PR?_CS5550WRITEBYTE?CS5550

?PR?_PWM0SETCOMPARE?PWM                          -----    -----      0026H    0004H      -----    -----

?PR?_EXTERNALITINIT?89C51_IT                     -----    -----      -----    -----      -----    -----
  +--> ?PR?_EXTERNALITCMD?89C51_IT

?PR?KEYREAD?HD7279                               -----    -----      -----    -----      -----    -----
  +--> ?PR?_HD7279SENDBYTE?HD7279
  +--> ?PR?HD7279RECEIVEBYTE?HD7279

?PR?_HD7279SENDBYTE?HD7279                       -----    -----      002BH    0001H      0034H    0001H
  +--> ?PR?_DELAY10US?DELAY
  +--> ?PR?_IO8255SETBIT?8255

BL51 BANKED LINKER/LOCATER V6.22                                                      12/15/2017  20:19:23  PAGE 6


?PR?HD7279RECEIVEBYTE?HD7279                     -----    -----      -----    -----      0021H    0002H
  +--> ?PR?_DELAY10US?DELAY

?PR?_CS5550READRES?CS5550                        -----    -----      -----    -----      0021H    0004H
  +--> ?PR?_CS5550WRITEBYTE?CS5550
  +--> ?PR?CS5550RECIEVEBYTE?CS5550

?PR?CS5550RECIEVEBYTE?CS5550                     -----    -----      -----    -----      0025H    0002H
  +--> ?PR?_DELAY10US?DELAY

?PR?_LEDSHOWFLOAT?HD7279                         -----    -----      0026H    0004H      0021H    0013H
  +--> ?CO?HD7279
  +--> ?PR?PRINTF?PRINTF
  +--> ?PR?_LEDWRITE?HD7279

?PR?PRINTF?PRINTF                                0020H.0  0001H.1    002AH    001CH      -----    -----
  +--> ?PR?PUTCHAR?PUTCHAR

?PR?_LEDWRITE?HD7279                             -----    -----      002AH    0001H      -----    -----
  +--> ?PR?_HD7279SENDBYTE?HD7279

?PR?_UARTSENDBYTE?USART                          -----    -----      -----    -----      -----    -----
  +--> ?PR?_UARTGETFLAGSTATUS?USART
  +--> ?PR?_UARTCLEARFLAGSTATUS?USART

*** NEW ROOT ***************************************************

?PR?EXIT1_HANDLER?89C51_IT                       -----    -----      -----    -----      -----    -----
  +--> ?PR?_TIMERCMD?TIMER
  +--> ?PR?_STEPMOTORSPEEDCONTROL?STEPMOTOR

?PR?_STEPMOTORSPEEDCONTROL?STEPMOTOR             -----    -----      0049H    0004H      -----    -----
  +--> ?PR?_IO8255SETBIT?8255

*** NEW ROOT ***************************************************

?PR?TIME0?89C51_IT                               -----    -----      -----    -----      -----    -----
  +--> ?PR?_TIMERCLEAROVERFLOWFLAG?TIMER

*** NEW ROOT ***************************************************

?PR?UART1_ITHANDLER?89C51_IT                     -----    -----      -----    -----      -----    -----
  +--> ?PR?_UARTGETFLAGSTATUS?USART
  +--> ?PR?_UARTRECIEVEBYTE?USART
  +--> ?PR?_UARTCLEARFLAGSTATUS?USART



UNRESOLVED EXTERNAL SYMBOLS:
   LEDITSTATUS
   UART1RECIEVE



SYMBOL TABLE OF MODULE:  .\Objects\keyLED (?C_STARTUP)

  VALUE           TYPE          NAME
BL51 BANKED LINKER/LOCATER V6.22                                                      12/15/2017  20:19:23  PAGE 7


  ----------------------------------

  -------         MODULE        ?C_STARTUP
  C:1985H         SEGMENT       ?C_C51STARTUP
  I:004DH         SEGMENT       ?STACK
  C:0000H         PUBLIC        ?C_STARTUP
  D:00E0H         SYMBOL        ACC
  D:00F0H         SYMBOL        B
  D:0083H         SYMBOL        DPH
  D:0082H         SYMBOL        DPL
  N:0000H         SYMBOL        IBPSTACK
  N:0100H         SYMBOL        IBPSTACKTOP
  N:0080H         SYMBOL        IDATALEN
  C:1988H         SYMBOL        IDATALOOP
  N:0000H         SYMBOL        PBPSTACK
  N:0100H         SYMBOL        PBPSTACKTOP
  N:0000H         SYMBOL        PDATALEN
  N:0000H         SYMBOL        PDATASTART
  N:0000H         SYMBOL        PPAGE
  N:0000H         SYMBOL        PPAGEENABLE
  D:00A0H         SYMBOL        PPAGE_SFR
  D:0081H         SYMBOL        SP
  C:1985H         SYMBOL        STARTUP1
  N:0000H         SYMBOL        XBPSTACK
  N:0000H         SYMBOL        XBPSTACKTOP
  N:0000H         SYMBOL        XDATALEN
  N:0000H         SYMBOL        XDATASTART
  C:0000H         LINE#         126
  C:1985H         LINE#         133
  C:1987H         LINE#         134
  C:1988H         LINE#         135
  C:1989H         LINE#         136
  C:198BH         LINE#         185
  C:198EH         LINE#         196
  -------         ENDMOD        ?C_STARTUP

  -------         MODULE        MAIN
  C:0000H         SYMBOL        _ICE_DUMMY_
  D:0080H         PUBLIC        P0
  D:0090H         PUBLIC        P1
  D:00A0H         PUBLIC        P2
  D:00B0H         PUBLIC        P3
  D:00C0H         PUBLIC        P4
  D:00C8H         PUBLIC        P5
  B:00A8H.7       PUBLIC        EA
  D:00E8H         PUBLIC        P6
  D:00F8H         PUBLIC        P7
  D:00A8H         PUBLIC        IE
  D:00B8H         PUBLIC        IP
  D:0097H         PUBLIC        CLK_DIV
  D:00D8H         PUBLIC        CCON
  C:0D76H         PUBLIC        main
  D:0098H         PUBLIC        SCON
  D:0088H         PUBLIC        TCON
  C:24F0H         SYMBOL        _?ix1000
  C:24F4H         SYMBOL        _?ix1001
  C:24FCH         SYMBOL        _?ix1002
BL51 BANKED LINKER/LOCATER V6.22                                                      12/15/2017  20:19:23  PAGE 8


  X:0072H         PUBLIC        semapher
  D:00D0H         PUBLIC        PSW
  -------         PROC          MAIN
  -------         DO            
  X:0000H         SYMBOL        voltageADValue
  X:0004H         SYMBOL        valueSign
  X:0005H         SYMBOL        resisterValue
  X:0009H         SYMBOL        outputVoltage
  X:000DH         SYMBOL        taskStatus
  X:000EH         SYMBOL        LEDShowStatus
  X:000FH         SYMBOL        keyState
  X:0010H         SYMBOL        keyFlag
  D:0022H         SYMBOL        datatransform
  X:0011H         SYMBOL        timeMode
  X:0015H         SYMBOL        IO8255InitStuct
  X:001DH         SYMBOL        UARTInitStruct
  -------         ENDDO         
  C:0D76H         LINE#         793
  C:0D76H         LINE#         794
  C:0D76H         LINE#         797
  C:0D80H         LINE#         798
  C:0D85H         LINE#         800
  C:0D8DH         LINE#         801
  C:0D97H         LINE#         802
  C:0D9DH         LINE#         803
  C:0DA0H         LINE#         804
  C:0DA2H         LINE#         805
  C:0DA4H         LINE#         813
  C:0DB6H         LINE#         816
  C:0DC9H         LINE#         819
  C:0DDCH         LINE#         822
  C:0DE4H         LINE#         825
  C:0DE9H         LINE#         826
  C:0DEBH         LINE#         828
  C:0DEDH         LINE#         829
  C:0DF0H         LINE#         831
  C:0DF5H         LINE#         832
  C:0DF9H         LINE#         834
  C:0E0DH         LINE#         837
  C:0E16H         LINE#         840
  C:0E1BH         LINE#         841
  C:0E1EH         LINE#         842
  C:0E21H         LINE#         843
  C:0E23H         LINE#         846
  C:0E46H         LINE#         849
  C:0E4CH         LINE#         850
  C:0E4FH         LINE#         851
  C:0E51H         LINE#         852
  C:0E53H         LINE#         854
  C:0E6FH         LINE#         857
  C:0E7FH         LINE#         858
  C:0E86H         LINE#         859
  C:0E97H         LINE#         860
  C:0E9EH         LINE#         861
  C:0EACH         LINE#         862
  C:0EB3H         LINE#         863
  C:0EC3H         LINE#         864
BL51 BANKED LINKER/LOCATER V6.22                                                      12/15/2017  20:19:23  PAGE 9


  C:0ECAH         LINE#         865
  C:0EDAH         LINE#         866
  C:0EE1H         LINE#         869
  C:0EE4H         LINE#         871
  C:0EEFH         LINE#         872
  C:0EF4H         LINE#         874
  C:0EF6H         LINE#         878
  C:0EFDH         LINE#         879
  C:0F04H         LINE#         882
  C:0F04H         LINE#         883
  C:0F04H         LINE#         884
  C:0F0AH         LINE#         887
  C:0F12H         LINE#         889
  C:0F15H         LINE#         890
  C:0F15H         LINE#         891
  C:0F18H         LINE#         892
  C:0F18H         LINE#         893
  C:0F26H         LINE#         894
  C:0F26H         LINE#         895
  C:0F2AH         LINE#         896
  C:0F2AH         LINE#         897
  C:0F30H         LINE#         898
  C:0F30H         LINE#         899
  C:0F32H         LINE#         900
  C:0F34H         LINE#         902
  C:0F34H         LINE#         903
  C:0F3AH         LINE#         904
  C:0F3AH         LINE#         905
  C:0F3AH         LINE#         906
  C:0F40H         LINE#         907
  C:0F40H         LINE#         909
  C:0F4BH         LINE#         911
  C:0F6DH         LINE#         913
  C:0F97H         LINE#         915
  C:0FB6H         LINE#         917
  C:0FDFH         LINE#         919
  C:1011H         LINE#         921
  C:1038H         LINE#         923
  C:1045H         LINE#         924
  C:1045H         LINE#         925
  C:1045H         LINE#         926
  C:1056H         LINE#         927
  C:105DH         LINE#         928
  C:1072H         LINE#         929
  C:1079H         LINE#         930
  C:1080H         LINE#         931
  C:1087H         LINE#         932
  C:108EH         LINE#         935
  C:1091H         LINE#         936
  C:1091H         LINE#         937
  C:10C0H         LINE#         938
  C:10C7H         LINE#         939
  C:10FBH         LINE#         940
  C:1102H         LINE#         941
  C:1109H         LINE#         942
  C:1110H         LINE#         943
  C:1117H         LINE#         945
BL51 BANKED LINKER/LOCATER V6.22                                                      12/15/2017  20:19:23  PAGE 10


  -------         ENDPROC       MAIN
  -------         ENDMOD        MAIN

  -------         MODULE        HD7279
  C:0000H         SYMBOL        _ICE_DUMMY_
  D:0080H         PUBLIC        P0
  D:0090H         PUBLIC        P1
  D:00A0H         PUBLIC        P2
  D:00B0H         PUBLIC        P3
  D:00C0H         PUBLIC        P4
  D:00C8H         PUBLIC        P5
  D:00E8H         PUBLIC        P6
  D:00F8H         PUBLIC        P7
  C:1D8FH         PUBLIC        _HD7279SendByte
  D:00A8H         PUBLIC        IE
  D:00B8H         PUBLIC        IP
  X:004AH         PUBLIC        realCode
  D:00D8H         PUBLIC        CCON
  C:24D5H         PUBLIC        _LedWrite
  C:148CH         PUBLIC        _LEDShowInt
  C:2538H         PUBLIC        KeyRead
  D:0098H         PUBLIC        SCON
  D:0088H         PUBLIC        TCON
  B:0090H.4       PUBLIC        dat
  B:0090H.3       PUBLIC        clk
  C:2277H         SYMBOL        _?ix1000
  C:227FH         SYMBOL        _?ix1001
  C:2287H         SYMBOL        _?ix1002
  C:228FH         SYMBOL        _?ix1003
  C:1E24H         PUBLIC        HD7279ReceiveByte
  B:0090H.2       PUBLIC        cs
  C:111AH         PUBLIC        _LEDShowFloat
  D:00D0H         PUBLIC        PSW
  -------         PROC          _HD7279SENDBYTE
  D:002BH         SYMBOL        sendData
  -------         DO            
  X:0034H         SYMBOL        sendCounter
  -------         ENDDO         
  C:1D8FH         LINE#         11
  C:1D91H         LINE#         12
  C:1D91H         LINE#         14
  C:1D96H         LINE#         15
  C:1D98H         LINE#         16
  C:1D9EH         LINE#         18
  C:1DA3H         LINE#         19
  C:1DA3H         LINE#         20
  C:1DA8H         LINE#         21
  C:1DA8H         LINE#         22
  C:1DAAH         LINE#         23
  C:1DACH         LINE#         25
  C:1DACH         LINE#         26
  C:1DAEH         LINE#         27
  C:1DAEH         LINE#         28
  C:1DB0H         LINE#         29
  C:1DB7H         LINE#         30
  C:1DB9H         LINE#         31
  C:1DC0H         LINE#         32
BL51 BANKED LINKER/LOCATER V6.22                                                      12/15/2017  20:19:23  PAGE 11


  C:1DC6H         LINE#         33
  C:1DD2H         LINE#         34
  -------         ENDPROC       _HD7279SENDBYTE
  -------         PROC          HD7279RECEIVEBYTE
  -------         DO            
  X:0021H         SYMBOL        receiveCounter
  X:0022H         SYMBOL        receiveData
  -------         ENDDO         
  C:1E24H         LINE#         38
  C:1E24H         LINE#         39
  C:1E24H         LINE#         41
  C:1E29H         LINE#         42
  C:1E2BH         LINE#         43
  C:1E2DH         LINE#         44
  C:1E33H         LINE#         46
  C:1E38H         LINE#         47
  C:1E38H         LINE#         48
  C:1E3AH         LINE#         49
  C:1E41H         LINE#         50
  C:1E48H         LINE#         51
  C:1E4BH         LINE#         52
  C:1E4BH         LINE#         53
  C:1E4FH         LINE#         54
  C:1E4FH         LINE#         56
  C:1E4FH         LINE#         58
  C:1E4FH         LINE#         59
  C:1E51H         LINE#         60
  C:1E58H         LINE#         61
  C:1E64H         LINE#         62
  C:1E66H         LINE#         63
  C:1E6BH         LINE#         64
  -------         ENDPROC       HD7279RECEIVEBYTE
  -------         PROC          L?0056
  -------         ENDPROC       L?0056
  -------         PROC          _LEDWRITE
  D:0007H         SYMBOL        cmd
  D:002AH         SYMBOL        dataSend
  C:24D5H         LINE#         67
  C:24D7H         LINE#         68
  C:24D7H         LINE#         69
  C:24DAH         LINE#         71
  -------         ENDPROC       _LEDWRITE
  -------         PROC          KEYREAD
  C:2538H         LINE#         75
  C:2538H         LINE#         76
  C:2538H         LINE#         77
  C:253DH         LINE#         79
  C:2540H         LINE#         80
  -------         ENDPROC       KEYREAD
  -------         PROC          _LEDSHOWINT
  D:0010H         SYMBOL        showData
  -------         DO            
  X:0038H         SYMBOL        LedData
  X:0040H         SYMBOL        i
  X:0041H         SYMBOL        tempBuff
  X:0049H         SYMBOL        dataLength
  -------         ENDDO         
BL51 BANKED LINKER/LOCATER V6.22                                                      12/15/2017  20:19:23  PAGE 12


  C:148CH         LINE#         83
  C:1494H         LINE#         84
  C:1494H         LINE#         85
  C:14A7H         LINE#         86
  C:14ACH         LINE#         87
  C:14BEH         LINE#         88
  C:14C3H         LINE#         90
  C:14EFH         LINE#         91
  C:14EFH         LINE#         94
  C:150DH         LINE#         97
  C:151CH         LINE#         98
  C:151CH         LINE#         99
  C:1529H         LINE#         100
  C:1529H         LINE#         101
  C:152FH         LINE#         102
  C:152FH         LINE#         103
  C:1537H         LINE#         106
  C:154CH         LINE#         107
  C:154CH         LINE#         108
  C:155CH         LINE#         109
  C:155CH         LINE#         110
  C:1586H         LINE#         111
  C:159CH         LINE#         112
  C:159EH         LINE#         114
  C:159EH         LINE#         115
  C:15C7H         LINE#         116
  C:15C7H         LINE#         117
  C:15D0H         LINE#         120
  C:15D5H         LINE#         121
  C:15D5H         LINE#         122
  C:15EEH         LINE#         123
  C:15FBH         LINE#         124
  C:15FBH         LINE#         126
  C:15FBH         LINE#         127
  C:160AH         LINE#         128
  C:160AH         LINE#         129
  C:160DH         LINE#         130
  C:1615H         LINE#         131
  C:1615H         LINE#         132
  -------         ENDPROC       _LEDSHOWINT
  -------         PROC          _LEDSHOWFLOAT
  D:0026H         SYMBOL        showData
  -------         DO            
  X:0021H         SYMBOL        LedData
  X:0029H         SYMBOL        i
  X:002AH         SYMBOL        tempBuff
  X:0032H         SYMBOL        dataLength
  X:0033H         SYMBOL        pointPos
  -------         ENDDO         
  C:111AH         LINE#         134
  C:1122H         LINE#         135
  C:1122H         LINE#         136
  C:1135H         LINE#         137
  C:113AH         LINE#         138
  C:114CH         LINE#         139
  C:1151H         LINE#         140
  C:1153H         LINE#         142
BL51 BANKED LINKER/LOCATER V6.22                                                      12/15/2017  20:19:23  PAGE 13


  C:1185H         LINE#         143
  C:1185H         LINE#         146
  C:11A3H         LINE#         149
  C:11B2H         LINE#         150
  C:11B2H         LINE#         151
  C:11BFH         LINE#         152
  C:11BFH         LINE#         153
  C:11C5H         LINE#         154
  C:11C5H         LINE#         155
  C:11CDH         LINE#         158
  C:11E2H         LINE#         159
  C:11E2H         LINE#         160
  C:11F7H         LINE#         161
  C:11F7H         LINE#         162
  C:122AH         LINE#         163
  C:1240H         LINE#         164
  C:1242H         LINE#         165
  C:1255H         LINE#         166
  C:1255H         LINE#         167
  C:1277H         LINE#         168
  C:1279H         LINE#         169
  C:127DH         LINE#         170
  C:127DH         LINE#         171
  C:12A6H         LINE#         172
  C:12A6H         LINE#         173
  C:12AFH         LINE#         176
  C:12B4H         LINE#         177
  C:12B4H         LINE#         178
  C:12CDH         LINE#         179
  C:12DAH         LINE#         180
  C:12DAH         LINE#         182
  C:12DAH         LINE#         183
  C:12E9H         LINE#         184
  C:12E9H         LINE#         185
  C:12ECH         LINE#         186
  C:12F4H         LINE#         187
  C:12F4H         LINE#         188
  -------         ENDPROC       _LEDSHOWFLOAT
  -------         ENDMOD        HD7279

  -------         MODULE        DELAY
  C:0000H         SYMBOL        _ICE_DUMMY_
  C:2166H         PUBLIC        _Delay10Us
  C:1C92H         PUBLIC        _DelayMs
  -------         PROC          _DELAYMS
  D:0006H         SYMBOL        timeMs
  -------         DO            
  X:0021H         SYMBOL        nMsCounter
  X:0023H         SYMBOL        msCounter
  X:0025H         SYMBOL        i
  -------         ENDDO         
  C:1C92H         LINE#         4
  C:1C92H         LINE#         5
  C:1C92H         LINE#         7
  C:1C99H         LINE#         8
  C:1C9DH         LINE#         9
  C:1C9FH         LINE#         10
BL51 BANKED LINKER/LOCATER V6.22                                                      12/15/2017  20:19:23  PAGE 14


  C:1CB2H         LINE#         11
  C:1CB2H         LINE#         12
  C:1CB9H         LINE#         13
  C:1CB9H         LINE#         14
  C:1CBFH         LINE#         15
  C:1CD9H         LINE#         16
  C:1CE9H         LINE#         17
  -------         ENDPROC       _DELAYMS
  -------         PROC          _DELAY10US
  D:0006H         SYMBOL        timeUs
  -------         DO            
  X:0035H         SYMBOL        nUsCounter
  X:0037H         SYMBOL        usCounter
  -------         ENDDO         
  C:2166H         LINE#         20
  C:2166H         LINE#         21
  C:2166H         LINE#         23
  C:216DH         LINE#         24
  C:216FH         LINE#         25
  C:2182H         LINE#         26
  C:2182H         LINE#         27
  C:2187H         LINE#         28
  C:2187H         LINE#         30
  C:2191H         LINE#         31
  C:21A1H         LINE#         32
  -------         ENDPROC       _DELAY10US
  -------         ENDMOD        DELAY

  -------         MODULE        BASICIO
  C:0000H         SYMBOL        _ICE_DUMMY_
  X:FB00H         PUBLIC        chip245Adress
  X:FA00H         PUBLIC        chip374Adress
  -------         ENDMOD        BASICIO

  -------         MODULE        DECODE
  C:0000H         SYMBOL        _ICE_DUMMY_
  X:F800H         PUBLIC        decodeAdress1
  X:F900H         PUBLIC        decodeAdress2
  -------         ENDMOD        DECODE

  -------         MODULE        P1IO
  C:0000H         SYMBOL        _ICE_DUMMY_
  D:0080H         PUBLIC        P0
  D:0090H         PUBLIC        P1
  D:00A0H         PUBLIC        P2
  D:00B0H         PUBLIC        P3
  D:00C0H         PUBLIC        P4
  D:00C8H         PUBLIC        P5
  D:00E8H         PUBLIC        P6
  D:00F8H         PUBLIC        P7
  D:00A8H         PUBLIC        IE
  D:00B8H         PUBLIC        IP
  C:1FF8H         PUBLIC        _Flow
  D:00D8H         PUBLIC        CCON
  D:0098H         PUBLIC        SCON
  D:0088H         PUBLIC        TCON
  C:2453H         PUBLIC        ShowInput
BL51 BANKED LINKER/LOCATER V6.22                                                      12/15/2017  20:19:23  PAGE 15


  C:1EB1H         PUBLIC        _BlinkIn4
  D:00D0H         PUBLIC        PSW
  -------         PROC          _BLINKIN4
  D:0014H         SYMBOL        period
  -------         DO            
  X:0066H         SYMBOL        blinkTimeCounter
  -------         ENDDO         
  C:1EB1H         LINE#         6
  C:1EB5H         LINE#         7
  C:1EB5H         LINE#         10
  C:1EC3H         LINE#         11
  C:1EE2H         LINE#         13
  C:1EEDH         LINE#         14
  C:1EEDH         LINE#         15
  C:1EF0H         LINE#         16
  C:1EF1H         LINE#         18
  C:1EF1H         LINE#         19
  C:1EF4H         LINE#         20
  C:1EF4H         LINE#         21
  -------         ENDPROC       _BLINKIN4
  -------         PROC          _FLOW
  D:0004H         SYMBOL        flowPeriod
  -------         DO            
  X:0068H         SYMBOL        flowCounter
  X:006AH         SYMBOL        flowState
  -------         ENDDO         
  C:1FF8H         LINE#         24
  C:1FFCH         LINE#         25
  C:1FFCH         LINE#         29
  C:200AH         LINE#         30
  C:201AH         LINE#         33
  C:2020H         LINE#         35
  C:2024H         LINE#         36
  C:2024H         LINE#         37
  C:2029H         LINE#         38
  C:2029H         LINE#         39
  C:202DH         LINE#         40
  C:202EH         LINE#         42
  C:202EH         LINE#         43
  C:2034H         LINE#         44
  C:2034H         LINE#         45
  C:2034H         LINE#         47
  -------         ENDPROC       _FLOW
  -------         PROC          SHOWINPUT
  -------         DO            
  X:0073H         SYMBOL        p1Input
  -------         ENDDO         
  C:2453H         LINE#         50
  C:2453H         LINE#         51
  C:2453H         LINE#         52
  C:2458H         LINE#         55
  C:245BH         LINE#         57
  C:2460H         LINE#         59
  C:2465H         LINE#         60
  C:2468H         LINE#         62
  -------         ENDPROC       SHOWINPUT
  -------         ENDMOD        P1IO
BL51 BANKED LINKER/LOCATER V6.22                                                      12/15/2017  20:19:23  PAGE 16



  -------         MODULE        DATAMEMORY
  C:0000H         SYMBOL        _ICE_DUMMY_
  D:0080H         PUBLIC        P0
  D:0090H         PUBLIC        P1
  D:00A0H         PUBLIC        P2
  D:00B0H         PUBLIC        P3
  D:00C0H         PUBLIC        P4
  D:00C8H         PUBLIC        P5
  D:00E8H         PUBLIC        P6
  D:00F8H         PUBLIC        P7
  D:00A8H         PUBLIC        IE
  D:00B8H         PUBLIC        IP
  D:00D8H         PUBLIC        CCON
  D:0098H         PUBLIC        SCON
  D:0088H         PUBLIC        TCON
  D:00D0H         PUBLIC        PSW
  -------         ENDMOD        DATAMEMORY

  -------         MODULE        TIMER
  C:0000H         SYMBOL        _ICE_DUMMY_
  D:0080H         PUBLIC        P0
  D:0090H         PUBLIC        P1
  D:00A0H         PUBLIC        P2
  D:00B0H         PUBLIC        P3
  D:00C0H         PUBLIC        P4
  D:00C8H         PUBLIC        P5
  B:00A8H.7       PUBLIC        EA
  D:00E8H         PUBLIC        P6
  D:00F8H         PUBLIC        P7
  D:00A8H         PUBLIC        IE
  B:00A8H.1       PUBLIC        ETx
  C:0026H         PUBLIC        _TimerOverFlowItInit
  D:00B8H         PUBLIC        IP
  C:2297H         PUBLIC        _TimerCmd
  D:00D8H         PUBLIC        CCON
  C:0016H         PUBLIC        _TimerClearOverFlowFlag
  C:1CEAH         PUBLIC        _TimeInit
  C:1BD9H         PUBLIC        _TimeModeInit
  D:0098H         PUBLIC        SCON
  D:0089H         PUBLIC        TMOD
  D:0088H         PUBLIC        TCON
  C:1A87H         PUBLIC        _TimeReloadNumInit
  B:0088H.5       PUBLIC        TF0
  B:0088H.7       PUBLIC        TF1
  D:008CH         PUBLIC        TH0
  D:008DH         PUBLIC        TH1
  D:008AH         PUBLIC        TL0
  D:008BH         PUBLIC        TL1
  D:00D0H         PUBLIC        PSW
  C:2374H         PUBLIC        _TimerGetOverFlowITFlag
  -------         PROC          _TIMERCMD
  D:0007H         SYMBOL        TIMx
  D:0005H         SYMBOL        newState
  C:2297H         LINE#         5
  C:2297H         LINE#         6
  C:2297H         LINE#         8
BL51 BANKED LINKER/LOCATER V6.22                                                      12/15/2017  20:19:23  PAGE 17


  C:229AH         LINE#         9
  C:229AH         LINE#         10
  C:22ABH         LINE#         11
  C:22ACH         LINE#         13
  C:22ACH         LINE#         14
  C:22BEH         LINE#         15
  C:22BEH         LINE#         17
  -------         ENDPROC       _TIMERCMD
  -------         PROC          _TIMERGETOVERFLOWITFLAG
  D:0007H         SYMBOL        TIMx
  -------         DO            
  X:0074H         SYMBOL        tempItFlag
  -------         ENDDO         
  C:2374H         LINE#         20
  C:2374H         LINE#         21
  C:2374H         LINE#         22
  C:2379H         LINE#         24
  C:237CH         LINE#         25
  C:237CH         LINE#         26
  C:2380H         LINE#         27
  C:2382H         LINE#         28
  C:2385H         LINE#         29
  C:2385H         LINE#         30
  C:238DH         LINE#         31
  C:238DH         LINE#         32
  C:2392H         LINE#         33
  -------         ENDPROC       _TIMERGETOVERFLOWITFLAG
  -------         PROC          _TIMERCLEAROVERFLOWFLAG
  D:0007H         SYMBOL        TIMx
  C:0016H         LINE#         36
  C:0016H         LINE#         37
  C:0016H         LINE#         39
  C:0019H         LINE#         40
  C:0019H         LINE#         41
  C:001BH         LINE#         42
  C:001CH         LINE#         43
  C:001FH         LINE#         44
  C:001FH         LINE#         45
  C:0021H         LINE#         46
  C:0021H         LINE#         47
  -------         ENDPROC       _TIMERCLEAROVERFLOWFLAG
  -------         PROC          _TIMEMODEINIT
  D:0007H         SYMBOL        TIMx
  D:0042H         SYMBOL        timeMode
  -------         DO            
  X:0021H         SYMBOL        tempCrl
  -------         ENDDO         
  C:1BD9H         LINE#         50
  C:1BD9H         LINE#         51
  C:1BD9H         LINE#         52
  C:1BDEH         LINE#         56
  C:1BF4H         LINE#         58
  C:1C0AH         LINE#         60
  C:1C28H         LINE#         62
  C:1C38H         LINE#         63
  -------         ENDPROC       _TIMEMODEINIT
  -------         PROC          _TIMERELOADNUMINIT
BL51 BANKED LINKER/LOCATER V6.22                                                      12/15/2017  20:19:23  PAGE 18


  D:0041H         SYMBOL        TIMx
  D:0005H         SYMBOL        timerMode
  D:0043H         SYMBOL        timerPeriod
  D:0047H         SYMBOL        mechinePeriod
  -------         DO            
  X:0021H         SYMBOL        bitNum
  X:0023H         SYMBOL        reloadNum
  -------         ENDDO         
  C:1A87H         LINE#         66
  C:1A89H         LINE#         67
  C:1A89H         LINE#         68
  C:1A90H         LINE#         69
  C:1A94H         LINE#         72
  C:1A9AH         LINE#         73
  C:1A9AH         LINE#         74
  C:1AA2H         LINE#         75
  C:1AA4H         LINE#         77
  C:1AA4H         LINE#         78
  C:1AADH         LINE#         79
  C:1AADH         LINE#         82
  C:1AD6H         LINE#         86
  C:1ADAH         LINE#         87
  C:1ADAH         LINE#         88
  C:1AE3H         LINE#         89
  C:1AE6H         LINE#         90
  C:1AE7H         LINE#         91
  C:1AECH         LINE#         92
  C:1AECH         LINE#         93
  C:1AF5H         LINE#         94
  C:1AF8H         LINE#         95
  C:1AF8H         LINE#         97
  -------         ENDPROC       _TIMERELOADNUMINIT
  -------         PROC          _TIMEINIT
  D:0036H         SYMBOL        TIMx
  D:0037H         SYMBOL        timeMode
  D:003BH         SYMBOL        timerPeriod
  D:003FH         SYMBOL        mechinePeriod
  C:1CEAH         LINE#         100
  C:1CECH         LINE#         101
  C:1CECH         LINE#         104
  C:1D04H         LINE#         107
  C:1D1DH         LINE#         108
  C:1D22H         LINE#         109
  C:1D22H         LINE#         110
  C:1D26H         LINE#         111
  C:1D26H         LINE#         112
  C:1D28H         LINE#         113
  C:1D2AH         LINE#         114
  C:1D2CH         LINE#         115
  C:1D31H         LINE#         116
  C:1D31H         LINE#         117
  C:1D34H         LINE#         118
  C:1D36H         LINE#         119
  C:1D36H         LINE#         120
  C:1D36H         LINE#         123
  -------         ENDPROC       _TIMEINIT
  -------         PROC          _TIMEROVERFLOWITINIT
BL51 BANKED LINKER/LOCATER V6.22                                                      12/15/2017  20:19:23  PAGE 19


  D:0007H         SYMBOL        TIMx
  D:0005H         SYMBOL        newState
  C:0026H         LINE#         129
  C:0026H         LINE#         130
  C:0026H         LINE#         132
  C:0029H         LINE#         133
  C:0029H         LINE#         134
  C:002BH         LINE#         135
  C:002BH         LINE#         136
  C:0035H         LINE#         137
  C:003AH         LINE#         138
  -------         ENDPROC       _TIMEROVERFLOWITINIT
  -------         ENDMOD        TIMER

  -------         MODULE        89C51_IT
  C:0000H         SYMBOL        _ICE_DUMMY_
  D:0080H         PUBLIC        P0
  D:0090H         PUBLIC        P1
  D:00A0H         PUBLIC        P2
  D:00B0H         PUBLIC        P3
  D:00C0H         PUBLIC        P4
  D:00C8H         PUBLIC        P5
  D:00E8H         PUBLIC        P6
  D:00F8H         PUBLIC        P7
  B:00D8H.7       PUBLIC        CF
  D:00A8H         PUBLIC        IE
  C:252DH         PUBLIC        PCA_ITHandler
  D:00B8H         PUBLIC        IP
  C:24DFH         PUBLIC        interint0
  D:00D8H         PUBLIC        CCON
  C:1C39H         PUBLIC        UART1_ITHandler
  C:18CAH         PUBLIC        ExIT1_Handler
  D:0098H         PUBLIC        SCON
  D:0088H         PUBLIC        TCON
  D:008CH         PUBLIC        TH0
  B:0088H.0       PUBLIC        IT0
  B:00A8H.0       PUBLIC        EX0
  B:0088H.2       PUBLIC        IT1
  B:00A8H.2       PUBLIC        EX1
  D:008AH         PUBLIC        TL0
  C:2035H         PUBLIC        time0
  D:00D0H         PUBLIC        PSW
  C:24BCH         PUBLIC        _ExternalITCmd
  B:00D8H.0       PUBLIC        CCF0
  C:23D1H         PUBLIC        _ExternalITInit
  -------         PROC          _EXTERNALITCMD
  D:0007H         SYMBOL        exITx
  D:0005H         SYMBOL        newState
  C:24BCH         LINE#         11
  C:24BCH         LINE#         12
  C:24BCH         LINE#         13
  C:24BFH         LINE#         14
  C:24BFH         LINE#         15
  C:24C4H         LINE#         16
  C:24C5H         LINE#         17
  C:24C8H         LINE#         18
  C:24C8H         LINE#         19
BL51 BANKED LINKER/LOCATER V6.22                                                      12/15/2017  20:19:23  PAGE 20


  C:24CDH         LINE#         20
  C:24CDH         LINE#         21
  -------         ENDPROC       _EXTERNALITCMD
  -------         PROC          _EXTERNALITINIT
  D:0007H         SYMBOL        exITx
  D:0005H         SYMBOL        triggerMode
  C:23D1H         LINE#         23
  C:23D1H         LINE#         24
  C:23D1H         LINE#         25
  C:23D4H         LINE#         26
  C:23D4H         LINE#         27
  C:23D9H         LINE#         28
  C:23DDH         LINE#         29
  C:23DFH         LINE#         30
  C:23E2H         LINE#         31
  C:23E2H         LINE#         32
  C:23E7H         LINE#         33
  C:23EEH         LINE#         34
  C:23EEH         LINE#         35
  -------         ENDPROC       _EXTERNALITINIT
  -------         PROC          INTERINT0
  C:24DFH         LINE#         38
  C:24E1H         LINE#         40
  C:24E5H         LINE#         41
  C:24E5H         LINE#         42
  C:24E8H         LINE#         43
  C:24EAH         LINE#         45
  C:24EAH         LINE#         46
  C:24EDH         LINE#         47
  C:24EDH         LINE#         48
  -------         ENDPROC       INTERINT0
  -------         PROC          EXIT1_HANDLER
  -------         DO            
  X:0075H         SYMBOL        periodCounter
  -------         ENDDO         
  C:18CAH         LINE#         51
  C:18E7H         LINE#         56
  C:18EDH         LINE#         57
  C:18F0H         LINE#         58
  C:18F0H         LINE#         59
  C:18F3H         LINE#         60
  C:18F9H         LINE#         61
  C:1903H         LINE#         62
  C:190EH         LINE#         63
  C:1911H         LINE#         64
  C:1914H         LINE#         65
  C:191BH         LINE#         67
  C:1948H         LINE#         68
  C:194EH         LINE#         69
  C:194EH         LINE#         71
  C:196AH         LINE#         72
  -------         ENDPROC       EXIT1_HANDLER
  -------         PROC          TIME0
  C:2035H         LINE#         74
  C:2052H         LINE#         76
  C:2057H         LINE#         83
  -------         ENDPROC       TIME0
BL51 BANKED LINKER/LOCATER V6.22                                                      12/15/2017  20:19:23  PAGE 21


  -------         PROC          UART1_ITHANDLER
  C:1C39H         LINE#         87
  C:1C56H         LINE#         89
  C:1C60H         LINE#         90
  C:1C60H         LINE#         91
  C:1C67H         LINE#         92
  C:1C6EH         LINE#         93
  C:1C70H         LINE#         94
  C:1C77H         LINE#         95
  C:1C77H         LINE#         97
  C:1C77H         LINE#         98
  -------         ENDPROC       UART1_ITHANDLER
  -------         PROC          PCA_ITHANDLER
  C:252DH         LINE#         100
  C:252DH         LINE#         102
  C:2530H         LINE#         103
  C:2530H         LINE#         104
  C:2532H         LINE#         106
  C:2532H         LINE#         107
  C:2535H         LINE#         108
  C:2535H         LINE#         109
  C:2537H         LINE#         110
  C:2537H         LINE#         113
  -------         ENDPROC       PCA_ITHANDLER
  -------         ENDMOD        89C51_IT

  -------         MODULE        USART
  C:0000H         SYMBOL        _ICE_DUMMY_
  D:0080H         PUBLIC        P0
  D:0090H         PUBLIC        P1
  D:00A0H         PUBLIC        P2
  C:170CH         PUBLIC        _UARTBaudrateInit
  D:00B0H         PUBLIC        P3
  D:00C0H         PUBLIC        P4
  D:00C8H         PUBLIC        P5
  B:00A8H.7       PUBLIC        EA
  D:00E8H         PUBLIC        P6
  D:00F8H         PUBLIC        P7
  D:00A8H         PUBLIC        IE
  B:00A8H.4       PUBLIC        ES
  D:00B8H         PUBLIC        IP
  C:2510H         PUBLIC        _UARTRecieveByte
  C:2469H         PUBLIC        _UARTRxCmd
  B:00B8H.4       PUBLIC        PS
  D:00D8H         PUBLIC        CCON
  C:2500H         PUBLIC        _UARTClearFlagStatus
  D:0099H         PUBLIC        SBUF
  D:0087H         PUBLIC        PCON
  D:0098H         PUBLIC        SCON
  D:0088H         PUBLIC        TCON
  C:2425H         PUBLIC        _UARTITConfig
  D:00AFH         PUBLIC        IE2
  D:008EH         PUBLIC        AUXR
  C:254AH         SYMBOL        _?ix1000
  C:254EH         SYMBOL        _?ix1001
  D:00B5H         PUBLIC        IP2
  C:230AH         PUBLIC        _UARTInit
BL51 BANKED LINKER/LOCATER V6.22                                                      12/15/2017  20:19:23  PAGE 22


  C:22E6H         PUBLIC        _UARTModeInit
  B:0098H.4       PUBLIC        RENx
  C:23B2H         PUBLIC        _UARTSendByte
  D:009BH         PUBLIC        S2BUF
  C:2393H         PUBLIC        _UARTGetFlagStatus
  D:009AH         PUBLIC        S2CON
  D:00D0H         PUBLIC        PSW
  -------         PROC          _UARTMODEINIT
  D:0007H         SYMBOL        UARTx
  D:0005H         SYMBOL        UARTMode
  C:22E6H         LINE#         7
  C:22E6H         LINE#         8
  C:22E6H         LINE#         9
  C:22E9H         LINE#         10
  C:22E9H         LINE#         11
  C:22F7H         LINE#         12
  C:22F8H         LINE#         13
  C:22FBH         LINE#         14
  C:22FBH         LINE#         15
  C:2309H         LINE#         16
  C:2309H         LINE#         17
  -------         ENDPROC       _UARTMODEINIT
  -------         PROC          _UARTBAUDRATEINIT
  D:002DH         SYMBOL        UARTx
  D:0005H         SYMBOL        UARTMode
  D:0003H         SYMBOL        isBaudrateDouble
  D:0030H         SYMBOL        baudRate
  -------         DO            
  D:0032H         SYMBOL        timeMode
  D:0032H         SYMBOL        timeMode
  -------         ENDDO         
  -------         DO            
  D:0032H         SYMBOL        timeMode
  -------         ENDDO         
  C:170CH         LINE#         19
  C:170EH         LINE#         20
  C:170EH         LINE#         21
  C:1712H         LINE#         22
  C:1712H         LINE#         23
  C:1721H         LINE#         24
  C:1721H         LINE#         25
  C:1721H         LINE#         26
  C:1721H         LINE#         28
  C:1721H         LINE#         29
  C:172DH         LINE#         30
  C:172DH         LINE#         31
  C:172DH         LINE#         32
  C:172DH         LINE#         33
  C:172DH         LINE#         34
  C:1731H         LINE#         35
  C:1731H         LINE#         37
  C:1742H         LINE#         40
  C:1745H         LINE#         41
  C:1747H         LINE#         42
  C:1749H         LINE#         43
  C:174BH         LINE#         45
  C:178FH         LINE#         47
BL51 BANKED LINKER/LOCATER V6.22                                                      12/15/2017  20:19:23  PAGE 23


  C:1792H         LINE#         48
  C:1793H         LINE#         49
  C:1797H         LINE#         50
  C:1797H         LINE#         52
  C:1797H         LINE#         53
  C:1798H         LINE#         54
  C:1798H         LINE#         56
  C:1798H         LINE#         57
  C:1798H         LINE#         58
  C:179CH         LINE#         59
  C:179CH         LINE#         61
  C:17ADH         LINE#         64
  C:17B0H         LINE#         65
  C:17B2H         LINE#         66
  C:17B4H         LINE#         67
  C:17B6H         LINE#         69
  C:17FAH         LINE#         71
  C:17FDH         LINE#         72
  C:17FDH         LINE#         73
  C:17FDH         LINE#         74
  C:17FDH         LINE#         76
  C:17FDH         LINE#         77
  C:17FDH         LINE#         78
  C:17FDH         LINE#         79
  C:17FDH         LINE#         80
  C:17FDH         LINE#         81
  -------         ENDPROC       _UARTBAUDRATEINIT
  -------         PROC          _UARTRXCMD
  D:0007H         SYMBOL        UARTx
  D:0005H         SYMBOL        newState
  C:2469H         LINE#         84
  C:2469H         LINE#         85
  C:2469H         LINE#         86
  C:246CH         LINE#         87
  C:246CH         LINE#         88
  C:246CH         LINE#         89
  C:246EH         LINE#         90
  C:2471H         LINE#         91
  C:2471H         LINE#         92
  C:2479H         LINE#         93
  C:247EH         LINE#         94
  C:247EH         LINE#         95
  -------         ENDPROC       _UARTRXCMD
  -------         PROC          _UARTGETFLAGSTATUS
  D:0007H         SYMBOL        UARTx
  D:0005H         SYMBOL        UARTFlag
  C:2393H         LINE#         97
  C:2393H         LINE#         98
  C:2393H         LINE#         99
  C:2396H         LINE#         100
  C:2396H         LINE#         101
  C:239BH         LINE#         102
  C:239BH         LINE#         103
  C:239EH         LINE#         104
  C:239EH         LINE#         106
  C:239EH         LINE#         107
  C:23A1H         LINE#         108
BL51 BANKED LINKER/LOCATER V6.22                                                      12/15/2017  20:19:23  PAGE 24


  C:23A1H         LINE#         109
  C:23A1H         LINE#         110
  C:23A4H         LINE#         111
  C:23A4H         LINE#         112
  C:23A9H         LINE#         113
  C:23A9H         LINE#         114
  C:23ACH         LINE#         115
  C:23ACH         LINE#         117
  C:23ACH         LINE#         118
  C:23AFH         LINE#         119
  C:23AFH         LINE#         120
  C:23AFH         LINE#         122
  C:23AFH         LINE#         123
  C:23B1H         LINE#         124
  C:23B1H         LINE#         125
  -------         ENDPROC       _UARTGETFLAGSTATUS
  -------         PROC          _UARTCLEARFLAGSTATUS
  D:0007H         SYMBOL        UARTx
  D:0005H         SYMBOL        UARTFlag
  C:2500H         LINE#         127
  C:2500H         LINE#         128
  C:2500H         LINE#         129
  C:2503H         LINE#         130
  C:2503H         LINE#         131
  C:2507H         LINE#         132
  C:2508H         LINE#         133
  C:250BH         LINE#         134
  C:250BH         LINE#         135
  C:250FH         LINE#         136
  C:250FH         LINE#         137
  -------         ENDPROC       _UARTCLEARFLAGSTATUS
  -------         PROC          _UARTSENDBYTE
  D:0006H         SYMBOL        UARTx
  D:0005H         SYMBOL        sendData
  C:23B2H         LINE#         139
  C:23B4H         LINE#         140
  C:23B4H         LINE#         141
  C:23B7H         LINE#         142
  C:23B7H         LINE#         143
  C:23B9H         LINE#         144
  C:23BBH         LINE#         145
  C:23BEH         LINE#         146
  C:23BEH         LINE#         147
  C:23C0H         LINE#         149
  C:23C0H         LINE#         150
  C:23CAH         LINE#         151
  -------         ENDPROC       _UARTSENDBYTE
  -------         PROC          _UARTRECIEVEBYTE
  D:0007H         SYMBOL        UARTx
  C:2510H         LINE#         154
  C:2510H         LINE#         155
  C:2510H         LINE#         156
  C:2513H         LINE#         157
  C:2513H         LINE#         158
  C:2516H         LINE#         159
  C:2516H         LINE#         160
  C:2519H         LINE#         161
BL51 BANKED LINKER/LOCATER V6.22                                                      12/15/2017  20:19:23  PAGE 25


  C:2519H         LINE#         162
  C:251CH         LINE#         163
  C:251CH         LINE#         165
  C:251CH         LINE#         166
  C:251EH         LINE#         167
  C:251EH         LINE#         168
  -------         ENDPROC       _UARTRECIEVEBYTE
  -------         PROC          _UARTINIT
  D:0026H         SYMBOL        UARTx
  D:0027H         SYMBOL        UARTMode
  D:002BH         SYMBOL        baudRate
  C:230AH         LINE#         170
  C:230CH         LINE#         171
  C:230CH         LINE#         172
  C:2311H         LINE#         174
  C:2320H         LINE#         176
  C:2327H         LINE#         178
  -------         ENDPROC       _UARTINIT
  -------         PROC          _UARTITCONFIG
  D:0007H         SYMBOL        UARTx
  D:0005H         SYMBOL        UARTPriority
  C:2425H         LINE#         182
  C:2425H         LINE#         183
  C:2425H         LINE#         184
  C:2427H         LINE#         185
  C:242AH         LINE#         186
  C:242AH         LINE#         188
  C:242CH         LINE#         189
  C:2431H         LINE#         190
  C:2432H         LINE#         191
  C:2435H         LINE#         192
  C:2435H         LINE#         193
  C:2438H         LINE#         194
  C:243BH         LINE#         195
  C:243BH         LINE#         196
  -------         ENDPROC       _UARTITCONFIG
  -------         ENDMOD        USART

  -------         MODULE        8255
  C:0000H         SYMBOL        _ICE_DUMMY_
  C:21A2H         PUBLIC        IO8255Init
  C:1B6BH         PUBLIC        _IO8255ReadBit
  X:F803H         PUBLIC        IO8255PortCtl
  C:1AF9H         PUBLIC        _IO8255SetBit
  X:F800H         PUBLIC        IO8255PortA
  X:F801H         PUBLIC        IO8255PortB
  X:F802H         PUBLIC        IO8255PortC
  -------         PROC          IO8255INIT
  D:0026H         SYMBOL        IO8255InitStuction
  -------         DO            
  X:0021H         SYMBOL        initData
  -------         ENDDO         
  C:21A2H         LINE#         8
  C:21A2H         LINE#         9
  C:21A2H         LINE#         10
  C:21A8H         LINE#         12
  C:21B2H         LINE#         13
BL51 BANKED LINKER/LOCATER V6.22                                                      12/15/2017  20:19:23  PAGE 26


  C:21BAH         LINE#         15
  C:21C3H         LINE#         16
  C:21CAH         LINE#         18
  C:21D3H         LINE#         20
  C:21D6H         LINE#         22
  C:21DAH         LINE#         24
  -------         ENDPROC       IO8255INIT
  -------         PROC          _IO8255SETBIT
  D:0007H         SYMBOL        IOPort
  D:0005H         SYMBOL        IOBit
  D:0003H         SYMBOL        state
  C:1AF9H         LINE#         26
  C:1AF9H         LINE#         27
  C:1AF9H         LINE#         28
  C:1AFCH         LINE#         29
  C:1AFCH         LINE#         30
  C:1B07H         LINE#         31
  C:1B07H         LINE#         32
  C:1B07H         LINE#         33
  C:1B16H         LINE#         34
  C:1B18H         LINE#         35
  C:1B18H         LINE#         36
  C:1B2AH         LINE#         37
  C:1B2BH         LINE#         38
  C:1B2BH         LINE#         39
  C:1B30H         LINE#         40
  C:1B32H         LINE#         41
  C:1B32H         LINE#         42
  C:1B32H         LINE#         43
  C:1B32H         LINE#         44
  C:1B32H         LINE#         46
  C:1B32H         LINE#         47
  C:1B3DH         LINE#         48
  C:1B3DH         LINE#         49
  C:1B3DH         LINE#         50
  C:1B4DH         LINE#         51
  C:1B4FH         LINE#         52
  C:1B4FH         LINE#         53
  C:1B62H         LINE#         54
  C:1B63H         LINE#         55
  C:1B63H         LINE#         56
  C:1B6AH         LINE#         57
  C:1B6AH         LINE#         58
  C:1B6AH         LINE#         59
  C:1B6AH         LINE#         60
  C:1B6AH         LINE#         61
  C:1B6AH         LINE#         62
  -------         ENDPROC       _IO8255SETBIT
  -------         PROC          _IO8255READBIT
  D:0007H         SYMBOL        IOPort
  D:0005H         SYMBOL        IOBit
  C:1B6BH         LINE#         65
  C:1B6BH         LINE#         66
  C:1B6BH         LINE#         67
  C:1B76H         LINE#         68
  C:1B76H         LINE#         69
  C:1B76H         LINE#         70
BL51 BANKED LINKER/LOCATER V6.22                                                      12/15/2017  20:19:23  PAGE 27


  C:1B96H         LINE#         71
  C:1B96H         LINE#         72
  C:1B96H         LINE#         73
  C:1BB6H         LINE#         74
  C:1BB6H         LINE#         75
  C:1BB6H         LINE#         76
  C:1BD8H         LINE#         77
  C:1BD8H         LINE#         78
  C:1BD8H         LINE#         79
  C:1BD8H         LINE#         80
  C:1BD8H         LINE#         81
  -------         ENDPROC       _IO8255READBIT
  -------         ENDMOD        8255

  -------         MODULE        8254
  C:0000H         SYMBOL        _ICE_DUMMY_
  D:0080H         PUBLIC        P0
  D:0090H         PUBLIC        P1
  D:00A0H         PUBLIC        P2
  D:00B0H         PUBLIC        P3
  C:20AFH         PUBLIC        _Timer8254SquareWaveModeInit
  D:00C0H         PUBLIC        P4
  D:00C8H         PUBLIC        P5
  D:00E8H         PUBLIC        P6
  D:00F8H         PUBLIC        P7
  D:00A8H         PUBLIC        IE
  D:00B8H         PUBLIC        IP
  C:2129H         PUBLIC        _Timer8254HardwareStrobeModeInit
  C:2072H         PUBLIC        _Timer8254PrescalerModeInit
  X:F903H         PUBLIC        timer8254Ctr
  D:00D8H         PUBLIC        CCON
  X:F900H         PUBLIC        timer8254Timer0Base
  X:F901H         PUBLIC        timer8254Timer1Base
  X:F902H         PUBLIC        timer8254Timer2Base
  D:0098H         PUBLIC        SCON
  D:0088H         PUBLIC        TCON
  C:20ECH         PUBLIC        _Timer8254SoftwareStrobeModeInit
  C:247FH         PUBLIC        _Timer8254StartTrigger
  C:21DBH         PUBLIC        _Timer8254TriggerModeInit
  C:1FB9H         PUBLIC        _Timer8254CounterModeInit
  C:1F39H         PUBLIC        _Timer8254GetCounter
  C:2494H         PUBLIC        _Timer8254StartHardStrobe
  C:251FH         PUBLIC        _Timer8254Cmd
  D:00D0H         PUBLIC        PSW
  -------         PROC          _TIMER8254CMD
  D:0007H         SYMBOL        timerx
  D:0026H         SYMBOL        newState
  C:251FH         LINE#         8
  C:2521H         LINE#         9
  C:2521H         LINE#         10
  C:252CH         LINE#         11
  C:252CH         LINE#         12
  C:252CH         LINE#         13
  C:252CH         LINE#         14
  C:252CH         LINE#         16
  C:252CH         LINE#         18
  C:252CH         LINE#         20
BL51 BANKED LINKER/LOCATER V6.22                                                      12/15/2017  20:19:23  PAGE 28


  C:252CH         LINE#         21
  C:252CH         LINE#         22
  C:252CH         LINE#         23
  C:252CH         LINE#         24
  C:252CH         LINE#         26
  C:252CH         LINE#         28
  C:252CH         LINE#         30
  C:252CH         LINE#         31
  C:252CH         LINE#         32
  C:252CH         LINE#         33
  C:252CH         LINE#         34
  C:252CH         LINE#         36
  C:252CH         LINE#         38
  C:252CH         LINE#         40
  C:252CH         LINE#         41
  C:252CH         LINE#         42
  C:252CH         LINE#         43
  C:252CH         LINE#         44
  C:252CH         LINE#         45
  -------         ENDPROC       _TIMER8254CMD
  -------         PROC          _TIMER8254COUNTERMODEINIT
  D:0003H         SYMBOL        timerx
  D:0004H         SYMBOL        setCounter
  -------         DO            
  X:0076H         SYMBOL        initData
  -------         ENDDO         
  C:1FB9H         LINE#         47
  C:1FBBH         LINE#         48
  C:1FBBH         LINE#         49
  C:1FC0H         LINE#         51
  C:1FC7H         LINE#         53
  C:1FCAH         LINE#         55
  C:1FCEH         LINE#         57
  C:1FD3H         LINE#         59
  C:1FDEH         LINE#         60
  C:1FDEH         LINE#         61
  C:1FDEH         LINE#         62
  C:1FE2H         LINE#         63
  C:1FE2H         LINE#         64
  C:1FE4H         LINE#         65
  C:1FE4H         LINE#         66
  C:1FE8H         LINE#         67
  C:1FE8H         LINE#         68
  C:1FEAH         LINE#         69
  C:1FEAH         LINE#         70
  C:1FEFH         LINE#         71
  C:1FF1H         LINE#         72
  C:1FF1H         LINE#         73
  C:1FF1H         LINE#         74
  C:1FF1H         LINE#         75
  C:1FF1H         LINE#         76
  -------         ENDPROC       _TIMER8254COUNTERMODEINIT
  -------         PROC          _TIMER8254TRIGGERMODEINIT
  D:0007H         SYMBOL        timerx
  D:0004H         SYMBOL        setCounter
  -------         DO            
  X:0077H         SYMBOL        initData
BL51 BANKED LINKER/LOCATER V6.22                                                      12/15/2017  20:19:23  PAGE 29


  -------         ENDDO         
  C:21DBH         LINE#         79
  C:21DBH         LINE#         80
  C:21DBH         LINE#         81
  C:21E0H         LINE#         83
  C:21E7H         LINE#         85
  C:21EAH         LINE#         87
  C:21EDH         LINE#         89
  C:21F1H         LINE#         91
  C:21FCH         LINE#         92
  C:21FCH         LINE#         93
  C:21FCH         LINE#         94
  C:2200H         LINE#         95
  C:2200H         LINE#         96
  C:2202H         LINE#         97
  C:2202H         LINE#         98
  C:2206H         LINE#         99
  C:2206H         LINE#         100
  C:2208H         LINE#         101
  C:2208H         LINE#         102
  C:220DH         LINE#         103
  C:220FH         LINE#         104
  C:220FH         LINE#         105
  C:220FH         LINE#         106
  C:220FH         LINE#         107
  C:220FH         LINE#         108
  -------         ENDPROC       _TIMER8254TRIGGERMODEINIT
  -------         PROC          _TIMER8254STARTTRIGGER
  D:0016H         SYMBOL        timerx
  C:247FH         LINE#         110
  C:2481H         LINE#         111
  C:2481H         LINE#         112
  C:2486H         LINE#         113
  C:248DH         LINE#         114
  -------         ENDPROC       _TIMER8254STARTTRIGGER
  -------         PROC          _TIMER8254PRESCALERMODEINIT
  D:0003H         SYMBOL        timerx
  D:0004H         SYMBOL        prescale
  -------         DO            
  X:0021H         SYMBOL        initData
  -------         ENDDO         
  C:2072H         LINE#         117
  C:2074H         LINE#         118
  C:2074H         LINE#         119
  C:2079H         LINE#         121
  C:2080H         LINE#         123
  C:2083H         LINE#         125
  C:2086H         LINE#         127
  C:208AH         LINE#         129
  C:2095H         LINE#         130
  C:2095H         LINE#         131
  C:2095H         LINE#         132
  C:2099H         LINE#         133
  C:2099H         LINE#         134
  C:209BH         LINE#         135
  C:209BH         LINE#         136
  C:209FH         LINE#         137
BL51 BANKED LINKER/LOCATER V6.22                                                      12/15/2017  20:19:23  PAGE 30


  C:209FH         LINE#         138
  C:20A1H         LINE#         139
  C:20A1H         LINE#         140
  C:20A6H         LINE#         141
  C:20A8H         LINE#         142
  C:20A8H         LINE#         143
  C:20A8H         LINE#         144
  C:20A8H         LINE#         145
  C:20A8H         LINE#         147
  -------         ENDPROC       _TIMER8254PRESCALERMODEINIT
  -------         PROC          _TIMER8254SQUAREWAVEMODEINIT
  D:0003H         SYMBOL        timerx
  D:0004H         SYMBOL        period
  -------         DO            
  X:0078H         SYMBOL        initData
  -------         ENDDO         
  C:20AFH         LINE#         151
  C:20B1H         LINE#         152
  C:20B1H         LINE#         153
  C:20B6H         LINE#         155
  C:20BDH         LINE#         157
  C:20C0H         LINE#         159
  C:20C3H         LINE#         161
  C:20C7H         LINE#         163
  C:20D2H         LINE#         164
  C:20D2H         LINE#         165
  C:20D2H         LINE#         166
  C:20D6H         LINE#         167
  C:20D6H         LINE#         168
  C:20D8H         LINE#         169
  C:20D8H         LINE#         170
  C:20DCH         LINE#         171
  C:20DCH         LINE#         172
  C:20DEH         LINE#         173
  C:20DEH         LINE#         174
  C:20E3H         LINE#         175
  C:20E5H         LINE#         176
  C:20E5H         LINE#         177
  C:20E5H         LINE#         178
  C:20E5H         LINE#         179
  C:20E5H         LINE#         181
  -------         ENDPROC       _TIMER8254SQUAREWAVEMODEINIT
  -------         PROC          _TIMER8254SOFTWARESTROBEMODEINIT
  D:0003H         SYMBOL        timerx
  D:0004H         SYMBOL        setCounter
  -------         DO            
  X:0079H         SYMBOL        initData
  -------         ENDDO         
  C:20ECH         LINE#         184
  C:20EEH         LINE#         185
  C:20EEH         LINE#         186
  C:20F3H         LINE#         188
  C:20FAH         LINE#         190
  C:20FDH         LINE#         192
  C:2100H         LINE#         194
  C:2104H         LINE#         196
  C:210FH         LINE#         197
BL51 BANKED LINKER/LOCATER V6.22                                                      12/15/2017  20:19:23  PAGE 31


  C:210FH         LINE#         198
  C:210FH         LINE#         199
  C:2113H         LINE#         200
  C:2113H         LINE#         201
  C:2115H         LINE#         202
  C:2115H         LINE#         203
  C:2119H         LINE#         204
  C:2119H         LINE#         205
  C:211BH         LINE#         206
  C:211BH         LINE#         207
  C:2120H         LINE#         208
  C:2122H         LINE#         209
  C:2122H         LINE#         210
  C:2122H         LINE#         211
  C:2122H         LINE#         212
  C:2122H         LINE#         214
  -------         ENDPROC       _TIMER8254SOFTWARESTROBEMODEINIT
  -------         PROC          _TIMER8254HARDWARESTROBEMODEINIT
  D:0003H         SYMBOL        timerx
  D:0004H         SYMBOL        setCounter
  -------         DO            
  X:007AH         SYMBOL        initData
  -------         ENDDO         
  C:2129H         LINE#         217
  C:212BH         LINE#         218
  C:212BH         LINE#         219
  C:2130H         LINE#         221
  C:2137H         LINE#         223
  C:213AH         LINE#         225
  C:213DH         LINE#         227
  C:2141H         LINE#         229
  C:214CH         LINE#         230
  C:214CH         LINE#         231
  C:214CH         LINE#         232
  C:2150H         LINE#         233
  C:2150H         LINE#         234
  C:2152H         LINE#         235
  C:2152H         LINE#         236
  C:2156H         LINE#         237
  C:2156H         LINE#         238
  C:2158H         LINE#         239
  C:2158H         LINE#         240
  C:215DH         LINE#         241
  C:215FH         LINE#         242
  C:215FH         LINE#         243
  C:215FH         LINE#         244
  C:215FH         LINE#         245
  C:215FH         LINE#         247
  -------         ENDPROC       _TIMER8254HARDWARESTROBEMODEINIT
  -------         PROC          _TIMER8254STARTHARDSTROBE
  D:0017H         SYMBOL        timerx
  C:2494H         LINE#         250
  C:2496H         LINE#         251
  C:2496H         LINE#         252
  C:249BH         LINE#         253
  C:24A2H         LINE#         254
  -------         ENDPROC       _TIMER8254STARTHARDSTROBE
BL51 BANKED LINKER/LOCATER V6.22                                                      12/15/2017  20:19:23  PAGE 32


  -------         PROC          _TIMER8254GETCOUNTER
  D:0007H         SYMBOL        timerx
  -------         DO            
  X:0070H         SYMBOL        returnValue
  -------         ENDDO         
  C:1F39H         LINE#         257
  C:1F39H         LINE#         258
  C:1F39H         LINE#         259
  C:1F40H         LINE#         261
  C:1F4AH         LINE#         263
  C:1F55H         LINE#         264
  C:1F55H         LINE#         265
  C:1F55H         LINE#         266
  C:1F58H         LINE#         267
  C:1F58H         LINE#         268
  C:1F5AH         LINE#         269
  C:1F5AH         LINE#         270
  C:1F5DH         LINE#         271
  C:1F5DH         LINE#         272
  C:1F5DH         LINE#         273
  C:1F67H         LINE#         275
  C:1F71H         LINE#         276
  C:1F71H         LINE#         277
  C:1F71H         LINE#         278
  C:1F71H         LINE#         279
  C:1F71H         LINE#         281
  C:1F79H         LINE#         282
  -------         ENDPROC       _TIMER8254GETCOUNTER
  -------         ENDMOD        8254

  -------         MODULE        8251A
  C:0000H         SYMBOL        _ICE_DUMMY_
  D:0080H         PUBLIC        P0
  D:0090H         PUBLIC        P1
  D:00A0H         PUBLIC        P2
  D:00B0H         PUBLIC        P3
  D:00C0H         PUBLIC        P4
  D:00C8H         PUBLIC        P5
  D:00E8H         PUBLIC        P6
  D:00F8H         PUBLIC        P7
  D:00A8H         PUBLIC        IE
  D:00B8H         PUBLIC        IP
  D:00D8H         PUBLIC        CCON
  D:0098H         PUBLIC        SCON
  D:0088H         PUBLIC        TCON
  D:00D0H         PUBLIC        PSW
  -------         ENDMOD        8251A

  -------         MODULE        CS5550
  C:0000H         SYMBOL        _ICE_DUMMY_
  D:0080H         PUBLIC        P0
  D:0090H         PUBLIC        P1
  D:00A0H         PUBLIC        P2
  D:00B0H         PUBLIC        P3
  D:00C0H         PUBLIC        P4
  D:00C8H         PUBLIC        P5
  D:00E8H         PUBLIC        P6
BL51 BANKED LINKER/LOCATER V6.22                                                      12/15/2017  20:19:23  PAGE 33


  D:00F8H         PUBLIC        P7
  C:240DH         PUBLIC        _CS5550WriteCmd
  C:1E77H         PUBLIC        _CS5550WriteByte
  D:00A8H         PUBLIC        IE
  C:17FEH         PUBLIC        _CS5550ReadRes
  D:00B8H         PUBLIC        IP
  C:2210H         PUBLIC        _CS5550WriteRes
  D:00D8H         PUBLIC        CCON
  B:0090H.7       PUBLIC        CS5550_SDI
  B:0090H.0       PUBLIC        CS5550_SDO
  D:0098H         PUBLIC        SCON
  D:0088H         PUBLIC        TCON
  C:1D3DH         PUBLIC        CS5550RecieveByte
  B:0090H.6       PUBLIC        CS5550_CS
  B:00B0H.2       PUBLIC        CS5550_SCLK
  D:00D0H         PUBLIC        PSW
  -------         PROC          L?0018
  -------         ENDPROC       L?0018
  -------         PROC          _CS5550WRITEBYTE
  D:002BH         SYMBOL        message
  -------         DO            
  X:0025H         SYMBOL        i
  -------         ENDDO         
  C:1E77H         LINE#         5
  C:1E79H         LINE#         6
  C:1E79H         LINE#         7
  C:1E7EH         LINE#         8
  C:1E7FH         LINE#         9
  C:1E7FH         LINE#         10
  C:1E81H         LINE#         12
  C:1E86H         LINE#         13
  C:1E86H         LINE#         14
  C:1E88H         LINE#         15
  C:1E8AH         LINE#         17
  C:1E8AH         LINE#         18
  C:1E8CH         LINE#         19
  C:1E8CH         LINE#         20
  C:1E93H         LINE#         21
  C:1E95H         LINE#         22
  C:1E9CH         LINE#         23
  C:1EA2H         LINE#         25
  C:1EAEH         LINE#         26
  C:1EB0H         LINE#         27
  -------         ENDPROC       _CS5550WRITEBYTE
  -------         PROC          CS5550RECIEVEBYTE
  -------         DO            
  X:0025H         SYMBOL        recieveData
  X:0026H         SYMBOL        i
  -------         ENDDO         
  C:1D3DH         LINE#         29
  C:1D3DH         LINE#         30
  C:1D3DH         LINE#         31
  C:1D42H         LINE#         32
  C:1D44H         LINE#         34
  C:1D4FH         LINE#         35
  C:1D4FH         LINE#         36
  C:1D53H         LINE#         37
BL51 BANKED LINKER/LOCATER V6.22                                                      12/15/2017  20:19:23  PAGE 34


  C:1D53H         LINE#         38
  C:1D55H         LINE#         39
  C:1D57H         LINE#         41
  C:1D57H         LINE#         42
  C:1D59H         LINE#         43
  C:1D59H         LINE#         45
  C:1D5BH         LINE#         46
  C:1D62H         LINE#         47
  C:1D69H         LINE#         48
  C:1D6BH         LINE#         49
  C:1D72H         LINE#         50
  C:1D79H         LINE#         51
  C:1D79H         LINE#         52
  C:1D7CH         LINE#         53
  C:1D7EH         LINE#         55
[...]
  D:00D0H         PUBLIC        PSW
  -------         PROC          _MOTORVELCRL
  D:0008H         SYMBOL        expVel
  D:000CH         SYMBOL        actVel
  -------         DO            
BL51 BANKED LINKER/LOCATER V6.22                                                      12/15/2017  20:19:23  PAGE 37


  X:0058H         SYMBOL        dutyCycle
  X:005CH         SYMBOL        error
  -------         ENDDO         
  C:1616H         LINE#         7
  C:161EH         LINE#         8
  C:161EH         LINE#         10
  C:1628H         LINE#         11
  C:1632H         LINE#         13
  C:1646H         LINE#         14
  C:1646H         LINE#         15
  C:1651H         LINE#         16
  C:1651H         LINE#         18
  C:1675H         LINE#         20
  C:168EH         LINE#         22
  C:16D4H         LINE#         24
  C:16F1H         LINE#         25
  C:16F1H         LINE#         26
  C:16FBH         LINE#         27
  C:16FBH         LINE#         29
  -------         ENDPROC       _MOTORVELCRL
  -------         ENDMOD        BRUSHDCMOTOR

  -------         MODULE        STEPMOTOR
  C:0000H         SYMBOL        _ICE_DUMMY_
  D:0080H         PUBLIC        P0
  D:0090H         PUBLIC        P1
  D:00A0H         PUBLIC        P2
  D:00B0H         PUBLIC        P3
  D:00C0H         PUBLIC        P4
  D:00C8H         PUBLIC        P5
  D:00E8H         PUBLIC        P6
  D:00F8H         PUBLIC        P7
  D:00A8H         PUBLIC        IE
  C:12F5H         PUBLIC        _StepMotorSpeedControl
  D:00B8H         PUBLIC        IP
  D:00D8H         PUBLIC        CCON
  D:0098H         PUBLIC        SCON
  D:0088H         PUBLIC        TCON
  C:232EH         PUBLIC        StepMotorPinInit
  D:00D0H         PUBLIC        PSW
  -------         PROC          STEPMOTORPININIT
  C:232EH         LINE#         5
  C:232EH         LINE#         6
  C:232EH         LINE#         7
  C:2337H         LINE#         8
  C:2340H         LINE#         9
  C:2349H         LINE#         10
  -------         ENDPROC       STEPMOTORPININIT
  -------         PROC          _STEPMOTORSPEEDCONTROL
  D:0049H         SYMBOL        vel
  -------         DO            
  X:006BH         SYMBOL        state
  X:006CH         SYMBOL        counter
  -------         ENDDO         
  C:12F5H         LINE#         13
  C:12FDH         LINE#         14
  C:12FDH         LINE#         18
BL51 BANKED LINKER/LOCATER V6.22                                                      12/15/2017  20:19:23  PAGE 38


  C:1328H         LINE#         19
  C:1328H         LINE#         20
  C:1328H         LINE#         21
  C:1330H         LINE#         22
  C:1334H         LINE#         23
  C:1334H         LINE#         24
  C:1334H         LINE#         29
  C:1336H         LINE#         30
  C:1336H         LINE#         31
  C:133EH         LINE#         32
  C:1343H         LINE#         33
  C:1343H         LINE#         34
  C:1343H         LINE#         39
  C:1345H         LINE#         40
  C:1345H         LINE#         41
  C:134CH         LINE#         42
  C:1355H         LINE#         43
  C:1359H         LINE#         44
  C:1359H         LINE#         49
  C:135BH         LINE#         50
  C:135BH         LINE#         51
  C:1362H         LINE#         52
  C:136BH         LINE#         53
  C:1370H         LINE#         54
  C:1370H         LINE#         59
  C:1372H         LINE#         60
  C:1372H         LINE#         61
  C:1379H         LINE#         62
  C:1381H         LINE#         63
  C:138AH         LINE#         64
  C:138EH         LINE#         69
  C:1390H         LINE#         70
  C:1390H         LINE#         71
  C:1397H         LINE#         72
  C:139FH         LINE#         73
  C:13A8H         LINE#         74
  C:13ADH         LINE#         79
  C:13AFH         LINE#         80
  C:13AFH         LINE#         81
  C:13B6H         LINE#         82
  C:13BEH         LINE#         83
  C:13C6H         LINE#         84
  C:13CBH         LINE#         89
  C:13CDH         LINE#         90
  C:13CDH         LINE#         91
  C:13D5H         LINE#         92
  C:13DDH         LINE#         93
  C:13E5H         LINE#         94
  C:13EEH         LINE#         99
  C:13EEH         LINE#         100
  C:13EEH         LINE#         101
  C:13EEH         LINE#         102
  C:13EEH         LINE#         104
  C:140DH         LINE#         106
  C:1441H         LINE#         107
  C:1441H         LINE#         108
  C:144BH         LINE#         109
BL51 BANKED LINKER/LOCATER V6.22                                                      12/15/2017  20:19:23  PAGE 39


  C:145FH         LINE#         110
  C:145FH         LINE#         112
  C:1465H         LINE#         113
  C:1469H         LINE#         114
  C:146AH         LINE#         115
  C:147CH         LINE#         116
  C:147CH         LINE#         118
  C:1482H         LINE#         119
  C:1482H         LINE#         120
  C:1485H         LINE#         121
  C:1485H         LINE#         122
  C:148BH         LINE#         123
  C:148BH         LINE#         124
  C:148BH         LINE#         125
  -------         ENDPROC       _STEPMOTORSPEEDCONTROL
  -------         ENDMOD        STEPMOTOR

  -------         MODULE        SPEAKER
  C:0000H         SYMBOL        _ICE_DUMMY_
  -------         ENDMOD        SPEAKER

  -------         MODULE        GPIO
  C:0000H         SYMBOL        _ICE_DUMMY_
  D:0092H         PUBLIC        P1M0
  D:0093H         PUBLIC        P0M1
  C:23EFH         PUBLIC        _GPIOSetBit
  D:0096H         PUBLIC        P2M0
  D:0091H         PUBLIC        P1M1
  D:0080H         PUBLIC        P0
  D:00B2H         PUBLIC        P3M0
  D:0095H         PUBLIC        P2M1
  D:0090H         PUBLIC        P1
  D:00B1H         PUBLIC        P3M1
  D:00A0H         PUBLIC        P2
  D:00B0H         PUBLIC        P3
  D:00C0H         PUBLIC        P4
  D:00C8H         PUBLIC        P5
  D:00E8H         PUBLIC        P6
  D:00F8H         PUBLIC        P7
  D:00A8H         PUBLIC        IE
  D:00B8H         PUBLIC        IP
  D:00D8H         PUBLIC        CCON
  D:0098H         PUBLIC        SCON
  D:0088H         PUBLIC        TCON
  C:1A11H         PUBLIC        _GPIOInit
  C:1DDBH         PUBLIC        _GPIOReadBit
  C:2352H         PUBLIC        _GPIOResetBit
  D:00D0H         PUBLIC        PSW
  D:0094H         PUBLIC        P0M0
  -------         PROC          _GPIOINIT
  D:0007H         SYMBOL        GPIOPort
  D:0005H         SYMBOL        GPIOPin
  D:0003H         SYMBOL        GPIOMode
  C:1A11H         LINE#         3
  C:1A11H         LINE#         4
  C:1A11H         LINE#         5
  C:1A1FH         LINE#         6
BL51 BANKED LINKER/LOCATER V6.22                                                      12/15/2017  20:19:23  PAGE 40


  C:1A1FH         LINE#         7
  C:1A1FH         LINE#         8
  C:1A23H         LINE#         9
  C:1A23H         LINE#         10
  C:1A26H         LINE#         11
  C:1A28H         LINE#         13
  C:1A28H         LINE#         14
  C:1A2CH         LINE#         15
  C:1A2CH         LINE#         16
  C:1A30H         LINE#         17
  C:1A30H         LINE#         18
  C:1A33H         LINE#         19
  C:1A34H         LINE#         21
  C:1A34H         LINE#         22
  C:1A38H         LINE#         23
  C:1A38H         LINE#         24
  C:1A39H         LINE#         25
  C:1A39H         LINE#         26
  C:1A3DH         LINE#         27
  C:1A3DH         LINE#         28
  C:1A40H         LINE#         29
  C:1A42H         LINE#         31
  C:1A42H         LINE#         32
  C:1A46H         LINE#         33
  C:1A46H         LINE#         34
  C:1A4AH         LINE#         35
  C:1A4AH         LINE#         36
  C:1A4DH         LINE#         37
  C:1A4EH         LINE#         39
  C:1A4EH         LINE#         40
  C:1A52H         LINE#         41
  C:1A52H         LINE#         42
  C:1A53H         LINE#         43
  C:1A53H         LINE#         44
  C:1A57H         LINE#         45
  C:1A57H         LINE#         46
  C:1A5AH         LINE#         47
  C:1A5CH         LINE#         49
  C:1A5CH         LINE#         50
  C:1A60H         LINE#         51
  C:1A60H         LINE#         52
  C:1A64H         LINE#         53
  C:1A64H         LINE#         54
  C:1A67H         LINE#         55
  C:1A68H         LINE#         57
  C:1A68H         LINE#         58
  C:1A6CH         LINE#         59
  C:1A6CH         LINE#         60
  C:1A6DH         LINE#         61
  C:1A6DH         LINE#         62
  C:1A71H         LINE#         63
  C:1A71H         LINE#         64
  C:1A74H         LINE#         65
  C:1A76H         LINE#         67
  C:1A76H         LINE#         68
  C:1A7AH         LINE#         69
  C:1A7AH         LINE#         70
BL51 BANKED LINKER/LOCATER V6.22                                                      12/15/2017  20:19:23  PAGE 41


  C:1A7EH         LINE#         71
  C:1A7EH         LINE#         72
  C:1A81H         LINE#         73
  C:1A82H         LINE#         75
  C:1A82H         LINE#         76
  C:1A86H         LINE#         77
  C:1A86H         LINE#         78
  C:1A86H         LINE#         79
  C:1A86H         LINE#         80
  C:1A86H         LINE#         81
  C:1A86H         LINE#         83
  -------         ENDPROC       _GPIOINIT
  -------         PROC          _GPIOSETBIT
  D:0007H         SYMBOL        GPIOPort
  D:0005H         SYMBOL        GPIOPin
  C:23EFH         LINE#         85
  C:23EFH         LINE#         86
  C:23EFH         LINE#         87
  C:23FDH         LINE#         88
  C:23FDH         LINE#         89
  C:23FDH         LINE#         90
  C:2400H         LINE#         91
  C:2401H         LINE#         92
  C:2401H         LINE#         93
  C:2404H         LINE#         94
  C:2405H         LINE#         95
  C:2405H         LINE#         96
  C:2408H         LINE#         97
  C:2409H         LINE#         98
  C:2409H         LINE#         99
  C:240CH         LINE#         100
  C:240CH         LINE#         101
  C:240CH         LINE#         102
  C:240CH         LINE#         103
  C:240CH         LINE#         105
  -------         ENDPROC       _GPIOSETBIT
  -------         PROC          _GPIORESETBIT
  D:0007H         SYMBOL        GPIOPort
  D:0005H         SYMBOL        GPIOPin
  C:2352H         LINE#         107
  C:2352H         LINE#         108
  C:2352H         LINE#         109
  C:2360H         LINE#         110
  C:2360H         LINE#         111
  C:2360H         LINE#         112
  C:2364H         LINE#         113
  C:2365H         LINE#         114
  C:2365H         LINE#         115
  C:2369H         LINE#         116
  C:236AH         LINE#         117
  C:236AH         LINE#         118
  C:236EH         LINE#         119
  C:236FH         LINE#         120
  C:236FH         LINE#         121
  C:2373H         LINE#         122
  C:2373H         LINE#         123
  C:2373H         LINE#         124
BL51 BANKED LINKER/LOCATER V6.22                                                      12/15/2017  20:19:23  PAGE 42


  C:2373H         LINE#         125
  C:2373H         LINE#         126
  -------         ENDPROC       _GPIORESETBIT
  -------         PROC          _GPIOREADBIT
  D:0007H         SYMBOL        GPIOPort
  D:0005H         SYMBOL        GPIOPin
  C:1DDBH         LINE#         128
  C:1DDBH         LINE#         129
  C:1DDBH         LINE#         130
  C:1DE9H         LINE#         131
  C:1DE9H         LINE#         132
  C:1DE9H         LINE#         133
  C:1DECH         LINE#         134
  C:1DF7H         LINE#         135
  C:1DF7H         LINE#         136
  C:1DF7H         LINE#         137
  C:1DFAH         LINE#         138
  C:1E05H         LINE#         139
  C:1E05H         LINE#         140
  C:1E05H         LINE#         141
  C:1E08H         LINE#         142
  C:1E13H         LINE#         143
  C:1E13H         LINE#         144
  C:1E13H         LINE#         145
  C:1E16H         LINE#         146
  C:1E21H         LINE#         147
  C:1E21H         LINE#         148
  C:1E21H         LINE#         149
  C:1E23H         LINE#         150
  C:1E23H         LINE#         151
  C:1E23H         LINE#         152
  -------         ENDPROC       _GPIOREADBIT
  -------         ENDMOD        GPIO

  -------         MODULE        ?C?FPADD
  C:0045H         PUBLIC        ?C?FPADD
  C:0041H         PUBLIC        ?C?FPSUB
  -------         ENDMOD        ?C?FPADD

  -------         MODULE        ?C?FPMUL
  C:0136H         PUBLIC        ?C?FPMUL
  -------         ENDMOD        ?C?FPMUL

  -------         MODULE        ?C?FPDIV
  C:023FH         PUBLIC        ?C?FPDIV
  -------         ENDMOD        ?C?FPDIV

  -------         MODULE        ?C?FPCMP
  C:02DEH         PUBLIC        ?C?FPCMP
  C:02DCH         PUBLIC        ?C?FPCMP3
  -------         ENDMOD        ?C?FPCMP

  -------         MODULE        ?C?FCAST
  C:035FH         PUBLIC        ?C?FCASTC
  C:035AH         PUBLIC        ?C?FCASTI
  C:0355H         PUBLIC        ?C?FCASTL
  -------         ENDMOD        ?C?FCAST
BL51 BANKED LINKER/LOCATER V6.22                                                      12/15/2017  20:19:23  PAGE 43



  -------         MODULE        ?C?CASTF
  C:0393H         PUBLIC        ?C?CASTF
  -------         ENDMOD        ?C?CASTF

  -------         MODULE        PRINTF
  D:002AH         PUBLIC        ?_PRINTF?BYTE
  D:002AH         PUBLIC        ?_SPRINTF?BYTE
  C:0969H         PUBLIC        _PRINTF
  C:0963H         PUBLIC        _SPRINTF
  -------         ENDMOD        PRINTF

  -------         MODULE        ?C?FPROUND
  C:0414H         PUBLIC        ?C?FPROUND
  -------         ENDMOD        ?C?FPROUND

  -------         MODULE        ?C?FPCONVERT
  C:0443H         PUBLIC        ?C?FPCONVERT
  -------         ENDMOD        ?C?FPCONVERT

  -------         MODULE        ?C?FTNPWR
  C:0576H         PUBLIC        ?C?FTNPWR
  -------         ENDMOD        ?C?FTNPWR

  -------         MODULE        ?C?COPY
  C:0686H         PUBLIC        ?C?COPY
  -------         ENDMOD        ?C?COPY

  -------         MODULE        ?C?CLDPTR
  C:06ACH         PUBLIC        ?C?CLDPTR
  -------         ENDMOD        ?C?CLDPTR

  -------         MODULE        ?C?CLDOPTR
  C:06C5H         PUBLIC        ?C?CLDOPTR
  -------         ENDMOD        ?C?CLDOPTR

  -------         MODULE        ?C?CSTPTR
  C:06F2H         PUBLIC        ?C?CSTPTR
  -------         ENDMOD        ?C?CSTPTR

  -------         MODULE        ?C?IMUL
  C:0704H         PUBLIC        ?C?IMUL
  -------         ENDMOD        ?C?IMUL

  -------         MODULE        ?C?UIDIV
  C:0716H         PUBLIC        ?C?UIDIV
  -------         ENDMOD        ?C?UIDIV

  -------         MODULE        ?C?ULDIV
  C:07A7H         PUBLIC        ?C?ULDIV
  -------         ENDMOD        ?C?ULDIV

  -------         MODULE        ?C?SLDIV
  C:1EF5H         PUBLIC        ?C?SLDIV
  -------         ENDMOD        ?C?SLDIV

  -------         MODULE        ?C?LNEG
BL51 BANKED LINKER/LOCATER V6.22                                                      12/15/2017  20:19:23  PAGE 44


  C:0839H         PUBLIC        ?C?LNEG
  -------         ENDMOD        ?C?LNEG

  -------         MODULE        ?C?SLCMP
  C:0847H         PUBLIC        ?C?SLCMP
  -------         ENDMOD        ?C?SLCMP

  -------         MODULE        ?C?ULCMP
  C:085DH         PUBLIC        ?C?ULCMP
  -------         ENDMOD        ?C?ULCMP

  -------         MODULE        ?C?ULSHR
  C:086EH         PUBLIC        ?C?ULSHR
  -------         ENDMOD        ?C?ULSHR

  -------         MODULE        ?C?LSHL
  C:0881H         PUBLIC        ?C?LSHL
  -------         ENDMOD        ?C?LSHL

  -------         MODULE        ?C?LSTXDATA
  C:0894H         PUBLIC        ?C?LSTXDATA
  -------         ENDMOD        ?C?LSTXDATA

  -------         MODULE        ?C?LSTKXDATA
  C:08A0H         PUBLIC        ?C?LSTKXDATA
  -------         ENDMOD        ?C?LSTKXDATA

  -------         MODULE        ?C?PLDIIDATA
  C:08D1H         PUBLIC        ?C?PLDIIDATA
  -------         ENDMOD        ?C?PLDIIDATA

  -------         MODULE        ?C?CCASE
  C:08E1H         PUBLIC        ?C?CCASE
  -------         ENDMOD        ?C?CCASE

  -------         MODULE        PUTCHAR
  C:22BFH         PUBLIC        _PUTCHAR
  -------         ENDMOD        PUTCHAR

*** WARNING L16: UNCALLED SEGMENT, IGNORED FOR OVERLAY PROCESS
    SEGMENT: ?PR?_LEDSHOWINT?HD7279

*** WARNING L16: UNCALLED SEGMENT, IGNORED FOR OVERLAY PROCESS
    SEGMENT: ?PR?_BLINKIN4?P1IO

*** WARNING L16: UNCALLED SEGMENT, IGNORED FOR OVERLAY PROCESS
    SEGMENT: ?PR?_FLOW?P1IO

*** WARNING L16: UNCALLED SEGMENT, IGNORED FOR OVERLAY PROCESS
    SEGMENT: ?PR?SHOWINPUT?P1IO

*** WARNING L16: UNCALLED SEGMENT, IGNORED FOR OVERLAY PROCESS
    SEGMENT: ?PR?_TIMERGETOVERFLOWITFLAG?TIMER

*** WARNING L16: UNCALLED SEGMENT, IGNORED FOR OVERLAY PROCESS
    SEGMENT: ?PR?_TIMEROVERFLOWITINIT?TIMER

BL51 BANKED LINKER/LOCATER V6.22                                                      12/15/2017  20:19:23  PAGE 45


*** WARNING L16: UNCALLED SEGMENT, IGNORED FOR OVERLAY PROCESS
    SEGMENT: ?PR?_IO8255READBIT?8255

*** WARNING L16: UNCALLED SEGMENT, IGNORED FOR OVERLAY PROCESS
    SEGMENT: ?PR?_TIMER8254COUNTERMODEINIT?8254

*** WARNING L16: UNCALLED SEGMENT, IGNORED FOR OVERLAY PROCESS
    SEGMENT: ?PR?_TIMER8254TRIGGERMODEINIT?8254

*** WARNING L16: UNCALLED SEGMENT, IGNORED FOR OVERLAY PROCESS
    SEGMENT: ?PR?_TIMER8254STARTTRIGGER?8254

*** WARNING L16: UNCALLED SEGMENT, IGNORED FOR OVERLAY PROCESS
    SEGMENT: ?PR?_TIMER8254SQUAREWAVEMODEINIT?8254

*** WARNING L16: UNCALLED SEGMENT, IGNORED FOR OVERLAY PROCESS
    SEGMENT: ?PR?_TIMER8254SOFTWARESTROBEMODEINIT?8254

*** WARNING L16: UNCALLED SEGMENT, IGNORED FOR OVERLAY PROCESS
    SEGMENT: ?PR?_TIMER8254HARDWARESTROBEMODEINIT?8254

*** WARNING L16: UNCALLED SEGMENT, IGNORED FOR OVERLAY PROCESS
    SEGMENT: ?PR?_TIMER8254STARTHARDSTROBE?8254

*** WARNING L16: UNCALLED SEGMENT, IGNORED FOR OVERLAY PROCESS
    SEGMENT: ?PR?_TIMER8254GETCOUNTER?8254

*** WARNING L16: UNCALLED SEGMENT, IGNORED FOR OVERLAY PROCESS
    SEGMENT: ?PR?CCP1INIT?PWM

*** WARNING L16: UNCALLED SEGMENT, IGNORED FOR OVERLAY PROCESS
    SEGMENT: ?PR?_MOTORVELCRL?BRUSHDCMOTOR

*** WARNING L16: UNCALLED SEGMENT, IGNORED FOR OVERLAY PROCESS
    SEGMENT: ?PR?STEPMOTORPININIT?STEPMOTOR

*** WARNING L16: UNCALLED SEGMENT, IGNORED FOR OVERLAY PROCESS
    SEGMENT: ?PR?_GPIOSETBIT?GPIO

*** WARNING L16: UNCALLED SEGMENT, IGNORED FOR OVERLAY PROCESS
    SEGMENT: ?PR?_GPIORESETBIT?GPIO

*** WARNING L16: UNCALLED SEGMENT, IGNORED FOR OVERLAY PROCESS
    SEGMENT: ?PR?_GPIOREADBIT?GPIO

*** WARNING L6: XDATA SPACE MEMORY OVERLAP
    FROM:    F800H
    TO:      F800H

*** WARNING L6: XDATA SPACE MEMORY OVERLAP
    FROM:    F900H
    TO:      F900H

*** WARNING L1: UNRESOLVED EXTERNAL SYMBOL
    SYMBOL:  UART1RECIEVE
    MODULE:  .\Objects\89C51_it.obj (89C51_IT)

BL51 BANKED LINKER/LOCATER V6.22                                                      12/15/2017  20:19:23  PAGE 46


*** WARNING L1: UNRESOLVED EXTERNAL SYMBOL
    SYMBOL:  LEDITSTATUS
    MODULE:  .\Objects\89C51_it.obj (89C51_IT)

*** WARNING L2: REFERENCE MADE TO UNRESOLVED EXTERNAL
    SYMBOL:  LEDITSTATUS
    MODULE:  .\Objects\89C51_it.obj (89C51_IT)
    ADDRESS: 24E2H

*** WARNING L2: REFERENCE MADE TO UNRESOLVED EXTERNAL
    SYMBOL:  LEDITSTATUS
    MODULE:  .\Objects\89C51_it.obj (89C51_IT)
    ADDRESS: 24E6H

*** WARNING L2: REFERENCE MADE TO UNRESOLVED EXTERNAL
    SYMBOL:  LEDITSTATUS
    MODULE:  .\Objects\89C51_it.obj (89C51_IT)
    ADDRESS: 24EBH

*** WARNING L2: REFERENCE MADE TO UNRESOLVED EXTERNAL
    SYMBOL:  UART1RECIEVE
    MODULE:  .\Objects\89C51_it.obj (89C51_IT)
    ADDRESS: 1C66H

Program Size: data=69.1 xdata=135 code=9543
LINK/LOCATE RUN COMPLETE.  29 WARNING(S),  0 ERROR(S)
