BL51 BANKED LINKER/LOCATER V6.22                                                        12/15/2017  19:57:19  PAGE 1


BL51 BANKED LINKER/LOCATER V6.22, INVOKED BY:
D:\PROGRAM FILES (X86)\KEIL\C51\BIN\BL51.EXE .\Objects\STARTUP.obj, .\Objects\main.obj, .\Objects\HD7279.obj, .\Objects\
>> delay.obj, .\Objects\basicIO.obj, .\Objects\decode.obj, .\Objects\p1IO.obj, .\Objects\dataMemory.obj, .\Objects\timer
>> .obj, .\Objects\89C51_it.obj, .\Objects\usart.obj, .\Objects\8255.obj, .\Objects\8254.obj, .\Objects\8251A.obj, .\Obj
>> ects\CS5550.obj, .\Objects\pwm.obj, .\Objects\brushDcMotor.obj, .\Objects\stepMotor.obj, .\Objects\speaker.obj, .\Obj
>> ects\gpio.obj TO .\Objects\keyLED PRINT (.\Listings\keyLED.m51) RAMSIZE (256)


MEMORY MODEL: SMALL WITH FLOATING POINT ARITHMETIC


INPUT MODULES INCLUDED:
  .\Objects\STARTUP.obj (?C_STARTUP)
  .\Objects\main.obj (MAIN)
  .\Objects\HD7279.obj (HD7279)
  .\Objects\delay.obj (DELAY)
  .\Objects\basicIO.obj (BASICIO)
  .\Objects\decode.obj (DECODE)
  .\Objects\p1IO.obj (P1IO)
  .\Objects\dataMemory.obj (DATAMEMORY)
  .\Objects\timer.obj (TIMER)
  .\Objects\89C51_it.obj (89C51_IT)
  .\Objects\usart.obj (USART)
  .\Objects\8255.obj (8255)
  .\Objects\8254.obj (8254)
  .\Objects\8251A.obj (8251A)
  .\Objects\CS5550.obj (CS5550)
  .\Objects\pwm.obj (PWM)
  .\Objects\brushDcMotor.obj (BRUSHDCMOTOR)
  .\Objects\stepMotor.obj (STEPMOTOR)
  .\Objects\speaker.obj (SPEAKER)
  .\Objects\gpio.obj (GPIO)
  D:\PROGRAM FILES (X86)\KEIL\C51\LIB\C51FPS.LIB (?C?FPADD)
  D:\PROGRAM FILES (X86)\KEIL\C51\LIB\C51FPS.LIB (?C?FPMUL)
  D:\PROGRAM FILES (X86)\KEIL\C51\LIB\C51FPS.LIB (?C?FPDIV)
  D:\PROGRAM FILES (X86)\KEIL\C51\LIB\C51FPS.LIB (?C?FPCMP)
  D:\PROGRAM FILES (X86)\KEIL\C51\LIB\C51FPS.LIB (?C?FCAST)
  D:\PROGRAM FILES (X86)\KEIL\C51\LIB\C51FPS.LIB (?C?CASTF)
  D:\PROGRAM FILES (X86)\KEIL\C51\LIB\C51FPS.LIB (PRINTF)
  D:\PROGRAM FILES (X86)\KEIL\C51\LIB\C51FPS.LIB (?C?FPGETOPN)
  D:\PROGRAM FILES (X86)\KEIL\C51\LIB\C51FPS.LIB (?C?FPROUND)
  D:\PROGRAM FILES (X86)\KEIL\C51\LIB\C51FPS.LIB (?C?FPCONVERT)
  D:\PROGRAM FILES (X86)\KEIL\C51\LIB\C51FPS.LIB (?C?FTNPWR)
  D:\PROGRAM FILES (X86)\KEIL\C51\LIB\C51S.LIB (?C_INIT)
  D:\PROGRAM FILES (X86)\KEIL\C51\LIB\C51S.LIB (?C?COPY)
  D:\PROGRAM FILES (X86)\KEIL\C51\LIB\C51S.LIB (?C?CLDPTR)
  D:\PROGRAM FILES (X86)\KEIL\C51\LIB\C51S.LIB (?C?CLDOPTR)
  D:\PROGRAM FILES (X86)\KEIL\C51\LIB\C51S.LIB (?C?CSTPTR)
  D:\PROGRAM FILES (X86)\KEIL\C51\LIB\C51S.LIB (?C?IMUL)
  D:\PROGRAM FILES (X86)\KEIL\C51\LIB\C51S.LIB (?C?UIDIV)
  D:\PROGRAM FILES (X86)\KEIL\C51\LIB\C51S.LIB (?C?ULDIV)
  D:\PROGRAM FILES (X86)\KEIL\C51\LIB\C51S.LIB (?C?SLDIV)
  D:\PROGRAM FILES (X86)\KEIL\C51\LIB\C51S.LIB (?C?LNEG)
  D:\PROGRAM FILES (X86)\KEIL\C51\LIB\C51S.LIB (?C?SLCMP)
  D:\PROGRAM FILES (X86)\KEIL\C51\LIB\C51S.LIB (?C?ULCMP)
  D:\PROGRAM FILES (X86)\KEIL\C51\LIB\C51S.LIB (?C?ULSHR)
  D:\PROGRAM FILES (X86)\KEIL\C51\LIB\C51S.LIB (?C?LSHL)
  D:\PROGRAM FILES (X86)\KEIL\C51\LIB\C51S.LIB (?C?LSTXDATA)
BL51 BANKED LINKER/LOCATER V6.22                                                      12/15/2017  19:57:19  PAGE 2


  D:\PROGRAM FILES (X86)\KEIL\C51\LIB\C51S.LIB (?C?LSTKXDATA)
  D:\PROGRAM FILES (X86)\KEIL\C51\LIB\C51S.LIB (?C?PLDIIDATA)
  D:\PROGRAM FILES (X86)\KEIL\C51\LIB\C51S.LIB (?C?CCASE)
  D:\PROGRAM FILES (X86)\KEIL\C51\LIB\C51S.LIB (PUTCHAR)


LINK MAP OF MODULE:  .\Objects\keyLED (?C_STARTUP)


            TYPE    BASE      LENGTH    RELOCATION   SEGMENT NAME
            -----------------------------------------------------

            * * * * * * *   D A T A   M E M O R Y   * * * * * * *
            REG     0000H     0008H     ABSOLUTE     "REG BANK 0"
            DATA    0008H     0008H     UNIT         ?DT?_MOTORVELCRL?BRUSHDCMOTOR
            DATA    0010H     0002H     UNIT         ?DT?_BLINKIN4?P1IO
            DATA    0012H     0001H     UNIT         ?DT?_TIMER8254STARTTRIGGER?8254
            DATA    0013H     0001H     UNIT         ?DT?_TIMER8254STARTHARDSTROBE?8254
                    0014H     000CH                  *** GAP ***
            BIT     0020H.0   0001H.1   UNIT         _BIT_GROUP_
                    0021H.1   0000H.7                *** GAP ***
            DATA    0022H     002BH     UNIT         _DATA_GROUP_
            IDATA   004DH     0001H     UNIT         ?STACK

            * * * * * * *  X D A T A   M E M O R Y  * * * * * * *
            XDATA   0000H     0038H     UNIT         _XDATA_GROUP_
            XDATA   0038H     000EH     UNIT         ?XD?HD7279
            XDATA   0046H     0008H     UNIT         ?XD?_MOTORVELCRL?BRUSHDCMOTOR
            XDATA   004EH     0006H     UNIT         ?XD?BRUSHDCMOTOR
            XDATA   0054H     0005H     UNIT         ?XD?P1IO
            XDATA   0059H     0005H     UNIT         ?XD?STEPMOTOR
            XDATA   005EH     0002H     UNIT         ?XD?_TIMER8254GETCOUNTER?8254
            XDATA   0060H     0001H     UNIT         ?XD?MAIN
            XDATA   0061H     0001H     UNIT         ?XD?SHOWINPUT?P1IO
            XDATA   0062H     0001H     UNIT         ?XD?_TIMERGETOVERFLOWITFLAG?TIMER
            XDATA   0063H     0001H     UNIT         ?XD?89C51_IT
            XDATA   0064H     0001H     UNIT         ?XD?_TIMER8254COUNTERMODEINIT?8254
            XDATA   0065H     0001H     UNIT         ?XD?_TIMER8254TRIGGERMODEINIT?8254
            XDATA   0066H     0001H     UNIT         ?XD?_TIMER8254SQUAREWAVEMODEINIT?8254
            XDATA   0067H     0001H     UNIT         ?XD?_TIMER8254SOFTWARESTROBEMODEINIT?8254
            XDATA   0068H     0001H     UNIT         ?XD?_TIMER8254HARDWARESTROBEMODEINIT?8254
                    0069H     F797H                  *** GAP ***
            XDATA   F800H     0001H     ABSOLUTE     
* OVERLAP * XDATA   F800H     0001H     ABSOLUTE     
            XDATA   F801H     0001H     ABSOLUTE     
            XDATA   F802H     0001H     ABSOLUTE     
            XDATA   F803H     0001H     ABSOLUTE     
                    F804H     00FCH                  *** GAP ***
            XDATA   F900H     0001H     ABSOLUTE     
* OVERLAP * XDATA   F900H     0001H     ABSOLUTE     
            XDATA   F901H     0001H     ABSOLUTE     
            XDATA   F902H     0001H     ABSOLUTE     
            XDATA   F903H     0001H     ABSOLUTE     
                    F904H     00FCH                  *** GAP ***
            XDATA   FA00H     0001H     ABSOLUTE     
                    FA01H     00FFH                  *** GAP ***
            XDATA   FB00H     0001H     ABSOLUTE     
BL51 BANKED LINKER/LOCATER V6.22                                                      12/15/2017  19:57:19  PAGE 3



            * * * * * * *   C O D E   M E M O R Y   * * * * * * *
            CODE    0000H     0003H     ABSOLUTE     
            CODE    0003H     0003H     ABSOLUTE     
                    0006H     0005H                  *** GAP ***
            CODE    000BH     0003H     ABSOLUTE     
                    000EH     0005H                  *** GAP ***
            CODE    0013H     0003H     ABSOLUTE     
            CODE    0016H     000CH     UNIT         ?PR?_TIMERCLEAROVERFLOWFLAG?TIMER
                    0022H     0001H                  *** GAP ***
            CODE    0023H     0003H     ABSOLUTE     
            CODE    0026H     0015H     UNIT         ?PR?_TIMEROVERFLOWITINIT?TIMER
            CODE    003BH     0003H     ABSOLUTE     
            CODE    003EH     08C9H     UNIT         ?C?LIB_CODE
            CODE    0907H     046FH     UNIT         ?PR?PRINTF?PRINTF
            CODE    0D76H     03A7H     UNIT         ?PR?MAIN?MAIN
            CODE    111DH     01DBH     UNIT         ?PR?_LEDSHOWFLOAT?HD7279
            CODE    12F8H     0197H     UNIT         ?PR?_STEPMOTORSPEEDCONTROL?STEPMOTOR
            CODE    148FH     018AH     UNIT         ?PR?_LEDSHOWINT?HD7279
            CODE    1619H     00F6H     UNIT         ?PR?_MOTORVELCRL?BRUSHDCMOTOR
            CODE    170FH     00F2H     UNIT         ?PR?_UARTBAUDRATEINIT?USART
            CODE    1801H     00CCH     UNIT         ?PR?_CS5550READRES?CS5550
            CODE    18CDH     00B0H     UNIT         ?PR?EXIT1_HANDLER?89C51_IT
            CODE    197DH     008CH     UNIT         ?C_C51STARTUP
            CODE    1A09H     0076H     UNIT         ?PR?_GPIOINIT?GPIO
            CODE    1A7FH     0072H     UNIT         ?PR?_TIMERELOADNUMINIT?TIMER
            CODE    1AF1H     0072H     UNIT         ?PR?_IO8255SETBIT?8255
            CODE    1B63H     006EH     UNIT         ?PR?_IO8255READBIT?8255
            CODE    1BD1H     0060H     UNIT         ?PR?_TIMEMODEINIT?TIMER
            CODE    1C31H     0059H     UNIT         ?PR?UART1_ITHANDLER?89C51_IT
            CODE    1C8AH     0058H     UNIT         ?PR?_DELAYMS?DELAY
            CODE    1CE2H     0053H     UNIT         ?PR?_TIMEINIT?TIMER
            CODE    1D35H     0052H     UNIT         ?PR?CS5550RECIEVEBYTE?CS5550
            CODE    1D87H     004CH     UNIT         ?PR?_HD7279SENDBYTE?HD7279
            CODE    1DD3H     0049H     UNIT         ?PR?_GPIOREADBIT?GPIO
            CODE    1E1CH     0048H     UNIT         ?PR?HD7279RECEIVEBYTE?HD7279
            CODE    1E64H     0045H     UNIT         ?PR?_CS5550WRITEBYTE?CS5550
            CODE    1EA9H     0044H     UNIT         ?PR?_BLINKIN4?P1IO
            CODE    1EEDH     0044H     UNIT         ?C?LDIV
            CODE    1F31H     0041H     UNIT         ?PR?_TIMER8254GETCOUNTER?8254
            CODE    1F72H     003FH     UNIT         ?C_INITSEG
            CODE    1FB1H     003FH     UNIT         ?PR?_TIMER8254COUNTERMODEINIT?8254
            CODE    1FF0H     003DH     UNIT         ?PR?_FLOW?P1IO
            CODE    202DH     003DH     UNIT         ?PR?TIME0?89C51_IT
            CODE    206AH     003DH     UNIT         ?PR?_TIMER8254PRESCALERMODEINIT?8254
            CODE    20A7H     003DH     UNIT         ?PR?_TIMER8254SQUAREWAVEMODEINIT?8254
            CODE    20E4H     003DH     UNIT         ?PR?_TIMER8254SOFTWARESTROBEMODEINIT?8254
            CODE    2121H     003DH     UNIT         ?PR?_TIMER8254HARDWARESTROBEMODEINIT?8254
            CODE    215EH     003CH     UNIT         ?PR?_DELAY10US?DELAY
            CODE    219AH     0039H     UNIT         ?PR?IO8255INIT?8255
            CODE    21D3H     0035H     UNIT         ?PR?_TIMER8254TRIGGERMODEINIT?8254
            CODE    2208H     0032H     UNIT         ?PR?_CS5550WRITERES?CS5550
            CODE    223AH     002CH     UNIT         ?PR?_PWM0SETCOMPARE?PWM
            CODE    2266H     0029H     UNIT         ?CO?HD7279
            CODE    228FH     0028H     UNIT         ?PR?_TIMERCMD?TIMER
            CODE    22B7H     0027H     UNIT         ?PR?PUTCHAR?PUTCHAR
            CODE    22DEH     0024H     UNIT         ?PR?_UARTMODEINIT?USART
BL51 BANKED LINKER/LOCATER V6.22                                                      12/15/2017  19:57:19  PAGE 4


            CODE    2302H     0024H     UNIT         ?PR?_UARTINIT?USART
            CODE    2326H     0024H     UNIT         ?PR?STEPMOTORPININIT?STEPMOTOR
            CODE    234AH     0022H     UNIT         ?PR?_GPIORESETBIT?GPIO
            CODE    236CH     001FH     UNIT         ?PR?_TIMERGETOVERFLOWITFLAG?TIMER
            CODE    238BH     001FH     UNIT         ?PR?_UARTGETFLAGSTATUS?USART
            CODE    23AAH     001FH     UNIT         ?PR?_UARTSENDBYTE?USART
            CODE    23C9H     001EH     UNIT         ?PR?_EXTERNALITINIT?89C51_IT
            CODE    23E7H     001EH     UNIT         ?PR?_GPIOSETBIT?GPIO
            CODE    2405H     0018H     UNIT         ?PR?_CS5550WRITECMD?CS5550
            CODE    241DH     0017H     UNIT         ?PR?_UARTITCONFIG?USART
            CODE    2434H     0017H     UNIT         ?PR?CCP1INIT?PWM
            CODE    244BH     0016H     UNIT         ?PR?SHOWINPUT?P1IO
            CODE    2461H     0016H     UNIT         ?PR?_UARTRXCMD?USART
            CODE    2477H     0015H     UNIT         ?PR?_TIMER8254STARTTRIGGER?8254
            CODE    248CH     0015H     UNIT         ?PR?_TIMER8254STARTHARDSTROBE?8254
            CODE    24A1H     0013H     UNIT         ?PR?PWM0INIT?PWM
            CODE    24B4H     0012H     UNIT         ?PR?_EXTERNALITCMD?89C51_IT
            CODE    24C6H     0011H     UNIT         ?PR?_LEDWRITE?HD7279
            CODE    24D7H     0011H     UNIT         ?PR?INTERINT0?89C51_IT
            CODE    24E8H     0010H     UNIT         ?CO?MAIN
            CODE    24F8H     0010H     UNIT         ?PR?_UARTCLEARFLAGSTATUS?USART
            CODE    2508H     000FH     UNIT         ?PR?_UARTRECIEVEBYTE?USART
            CODE    2517H     000EH     UNIT         ?PR?_TIMER8254CMD?8254
            CODE    2525H     000BH     UNIT         ?PR?PCA_ITHANDLER?89C51_IT
            CODE    2530H     0009H     UNIT         ?PR?KEYREAD?HD7279
            CODE    2539H     0009H     UNIT         ?PR?_PWMCMD?PWM
            CODE    2542H     0008H     UNIT         ?CO?USART



OVERLAY MAP OF MODULE:   .\Objects\keyLED (?C_STARTUP)


SEGMENT                                             BIT_GROUP          DATA_GROUP          XDATA_GROUP
  +--> CALLED SEGMENT                            START    LENGTH     START    LENGTH     START    LENGTH
--------------------------------------------------------------------------------------------------------
?C_C51STARTUP                                    -----    -----      -----    -----      -----    -----
  +--> ?PR?MAIN?MAIN
  +--> ?C_INITSEG

?PR?MAIN?MAIN                                    -----    -----      0022H    0004H      0000H    0021H
  +--> ?CO?MAIN
  +--> ?PR?IO8255INIT?8255
  +--> ?PR?_TIMER8254PRESCALERMODEINIT?8254
  +--> ?PR?_TIMEINIT?TIMER
  +--> ?PR?_UARTINIT?USART
  +--> ?PR?_CS5550WRITECMD?CS5550
  +--> ?PR?_DELAYMS?DELAY
  +--> ?PR?_CS5550WRITERES?CS5550
  +--> ?PR?PWM0INIT?PWM
  +--> ?PR?_PWM0SETCOMPARE?PWM
  +--> ?PR?_PWMCMD?PWM
  +--> ?PR?_EXTERNALITINIT?89C51_IT
  +--> ?PR?_EXTERNALITCMD?89C51_IT
  +--> ?PR?KEYREAD?HD7279
  +--> ?PR?_CS5550READRES?CS5550
  +--> ?PR?_LEDSHOWFLOAT?HD7279
BL51 BANKED LINKER/LOCATER V6.22                                                      12/15/2017  19:57:19  PAGE 5


  +--> ?PR?_LEDWRITE?HD7279
  +--> ?PR?_UARTSENDBYTE?USART
  +--> ?PR?_LEDSHOWINT?HD7279

?PR?IO8255INIT?8255                              -----    -----      0026H    0008H      0021H    0001H

?PR?_TIMER8254PRESCALERMODEINIT?8254             -----    -----      -----    -----      0021H    0001H
  +--> ?PR?_TIMER8254CMD?8254

?PR?_TIMER8254CMD?8254                           -----    -----      0026H    0001H      -----    -----

?PR?_TIMEINIT?TIMER                              -----    -----      0036H    000BH      -----    -----
  +--> ?PR?_TIMEMODEINIT?TIMER
  +--> ?PR?_TIMERELOADNUMINIT?TIMER
  +--> ?PR?_TIMERCMD?TIMER

?PR?_TIMEMODEINIT?TIMER                          -----    -----      0041H    0005H      0021H    0001H

?PR?_TIMERELOADNUMINIT?TIMER                     -----    -----      0041H    0008H      0021H    0004H

?PR?_UARTINIT?USART                              -----    -----      0026H    0007H      -----    -----
  +--> ?PR?_UARTMODEINIT?USART
  +--> ?PR?_UARTBAUDRATEINIT?USART
  +--> ?PR?_UARTITCONFIG?USART
  +--> ?PR?_UARTRXCMD?USART

?PR?_UARTBAUDRATEINIT?USART                      -----    -----      002DH    0009H      -----    -----
  +--> ?CO?USART
  +--> ?PR?_TIMEINIT?TIMER

?PR?_CS5550WRITECMD?CS5550                       -----    -----      0026H    0005H      -----    -----
  +--> ?PR?_CS5550WRITEBYTE?CS5550

?PR?_CS5550WRITEBYTE?CS5550                      -----    -----      002BH    0001H      0025H    0001H
  +--> ?PR?_DELAY10US?DELAY

?PR?_DELAY10US?DELAY                             -----    -----      -----    -----      0035H    0003H

?PR?_DELAYMS?DELAY                               -----    -----      -----    -----      0021H    0005H

?PR?_CS5550WRITERES?CS5550                       -----    -----      0026H    0005H      -----    -----
  +--> ?PR?_CS5550WRITEBYTE?CS5550

?PR?_PWM0SETCOMPARE?PWM                          -----    -----      0026H    0004H      -----    -----

?PR?_EXTERNALITINIT?89C51_IT                     -----    -----      -----    -----      -----    -----
  +--> ?PR?_EXTERNALITCMD?89C51_IT

?PR?KEYREAD?HD7279                               -----    -----      -----    -----      -----    -----
  +--> ?PR?_HD7279SENDBYTE?HD7279
  +--> ?PR?HD7279RECEIVEBYTE?HD7279

?PR?_HD7279SENDBYTE?HD7279                       -----    -----      002BH    0001H      0034H    0001H
  +--> ?PR?_DELAY10US?DELAY
  +--> ?PR?_IO8255SETBIT?8255

?PR?HD7279RECEIVEBYTE?HD7279                     -----    -----      -----    -----      0021H    0002H
BL51 BANKED LINKER/LOCATER V6.22                                                      12/15/2017  19:57:19  PAGE 6


  +--> ?PR?_DELAY10US?DELAY

?PR?_CS5550READRES?CS5550                        -----    -----      -----    -----      0021H    0004H
  +--> ?PR?_CS5550WRITEBYTE?CS5550
  +--> ?PR?CS5550RECIEVEBYTE?CS5550

?PR?CS5550RECIEVEBYTE?CS5550                     -----    -----      -----    -----      0025H    0002H
  +--> ?PR?_DELAY10US?DELAY

?PR?_LEDSHOWFLOAT?HD7279                         -----    -----      0026H    0004H      0021H    0013H
  +--> ?CO?HD7279
  +--> ?PR?PRINTF?PRINTF
  +--> ?PR?_LEDWRITE?HD7279

?PR?PRINTF?PRINTF                                0020H.0  0001H.1    002AH    001CH      -----    -----
  +--> ?PR?PUTCHAR?PUTCHAR

?PR?_LEDWRITE?HD7279                             -----    -----      002AH    0001H      -----    -----
  +--> ?PR?_HD7279SENDBYTE?HD7279

?PR?_UARTSENDBYTE?USART                          -----    -----      -----    -----      -----    -----
  +--> ?PR?_UARTGETFLAGSTATUS?USART
  +--> ?PR?_UARTCLEARFLAGSTATUS?USART

?PR?_LEDSHOWINT?HD7279                           -----    -----      0026H    0004H      0021H    0012H
  +--> ?CO?HD7279
  +--> ?PR?PRINTF?PRINTF
  +--> ?PR?_LEDWRITE?HD7279

*** NEW ROOT ***************************************************

?PR?EXIT1_HANDLER?89C51_IT                       -----    -----      -----    -----      -----    -----
  +--> ?PR?_TIMERCMD?TIMER
  +--> ?PR?_STEPMOTORSPEEDCONTROL?STEPMOTOR

?PR?_STEPMOTORSPEEDCONTROL?STEPMOTOR             -----    -----      0049H    0004H      -----    -----
  +--> ?PR?_IO8255SETBIT?8255

*** NEW ROOT ***************************************************

?PR?TIME0?89C51_IT                               -----    -----      -----    -----      -----    -----
  +--> ?PR?_TIMERCLEAROVERFLOWFLAG?TIMER

*** NEW ROOT ***************************************************

?PR?UART1_ITHANDLER?89C51_IT                     -----    -----      -----    -----      -----    -----
  +--> ?PR?_UARTGETFLAGSTATUS?USART
  +--> ?PR?_UARTRECIEVEBYTE?USART
  +--> ?PR?_UARTCLEARFLAGSTATUS?USART



UNRESOLVED EXTERNAL SYMBOLS:
   LEDITSTATUS
   UART1RECIEVE


BL51 BANKED LINKER/LOCATER V6.22                                                      12/15/2017  19:57:19  PAGE 7



SYMBOL TABLE OF MODULE:  .\Objects\keyLED (?C_STARTUP)

  VALUE           TYPE          NAME
  ----------------------------------

  -------         MODULE        ?C_STARTUP
  C:197DH         SEGMENT       ?C_C51STARTUP
  I:004DH         SEGMENT       ?STACK
  C:0000H         PUBLIC        ?C_STARTUP
  D:00E0H         SYMBOL        ACC
  D:00F0H         SYMBOL        B
  D:0083H         SYMBOL        DPH
  D:0082H         SYMBOL        DPL
  N:0000H         SYMBOL        IBPSTACK
  N:0100H         SYMBOL        IBPSTACKTOP
  N:0080H         SYMBOL        IDATALEN
  C:1980H         SYMBOL        IDATALOOP
  N:0000H         SYMBOL        PBPSTACK
  N:0100H         SYMBOL        PBPSTACKTOP
  N:0000H         SYMBOL        PDATALEN
  N:0000H         SYMBOL        PDATASTART
  N:0000H         SYMBOL        PPAGE
  N:0000H         SYMBOL        PPAGEENABLE
  D:00A0H         SYMBOL        PPAGE_SFR
  D:0081H         SYMBOL        SP
  C:197DH         SYMBOL        STARTUP1
  N:0000H         SYMBOL        XBPSTACK
  N:0000H         SYMBOL        XBPSTACKTOP
  N:0000H         SYMBOL        XDATALEN
  N:0000H         SYMBOL        XDATASTART
  C:0000H         LINE#         126
  C:197DH         LINE#         133
  C:197FH         LINE#         134
  C:1980H         LINE#         135
  C:1981H         LINE#         136
  C:1983H         LINE#         185
  C:1986H         LINE#         196
  -------         ENDMOD        ?C_STARTUP

  -------         MODULE        MAIN
  C:0000H         SYMBOL        _ICE_DUMMY_
  D:0080H         PUBLIC        P0
  D:0090H         PUBLIC        P1
  D:00A0H         PUBLIC        P2
  D:00B0H         PUBLIC        P3
  D:00C0H         PUBLIC        P4
  D:00C8H         PUBLIC        P5
  B:00A8H.7       PUBLIC        EA
  D:00E8H         PUBLIC        P6
  D:00F8H         PUBLIC        P7
  D:00A8H         PUBLIC        IE
  D:00B8H         PUBLIC        IP
  D:0097H         PUBLIC        CLK_DIV
  D:00D8H         PUBLIC        CCON
  C:0D76H         PUBLIC        main
  D:0098H         PUBLIC        SCON
BL51 BANKED LINKER/LOCATER V6.22                                                      12/15/2017  19:57:19  PAGE 8


  D:0088H         PUBLIC        TCON
  C:24E8H         SYMBOL        _?ix1000
  C:24ECH         SYMBOL        _?ix1001
  C:24F4H         SYMBOL        _?ix1002
  X:0060H         PUBLIC        semapher
  D:00D0H         PUBLIC        PSW
  -------         PROC          MAIN
  -------         DO            
  X:0000H         SYMBOL        voltageADValue
  X:0004H         SYMBOL        valueSign
  X:0005H         SYMBOL        resisterValue
  X:0009H         SYMBOL        outputVoltage
  X:000DH         SYMBOL        taskStatus
  X:000EH         SYMBOL        LEDShowStatus
  X:000FH         SYMBOL        keyState
  X:0010H         SYMBOL        keyFlag
  D:0022H         SYMBOL        datatransform
  X:0011H         SYMBOL        timeMode
  X:0015H         SYMBOL        IO8255InitStuct
  X:001DH         SYMBOL        UARTInitStruct
  -------         ENDDO         
  C:0D76H         LINE#         793
  C:0D76H         LINE#         794
  C:0D76H         LINE#         797
  C:0D80H         LINE#         798
  C:0D85H         LINE#         800
  C:0D8DH         LINE#         801
  C:0D97H         LINE#         802
  C:0D9DH         LINE#         803
  C:0DA0H         LINE#         804
  C:0DA2H         LINE#         805
  C:0DA4H         LINE#         813
  C:0DB6H         LINE#         816
  C:0DC9H         LINE#         819
  C:0DDCH         LINE#         822
  C:0DE4H         LINE#         825
  C:0DE9H         LINE#         826
  C:0DEBH         LINE#         828
  C:0DEDH         LINE#         829
  C:0DF0H         LINE#         831
  C:0DF5H         LINE#         832
  C:0DF9H         LINE#         834
  C:0E0DH         LINE#         837
  C:0E16H         LINE#         840
  C:0E1BH         LINE#         841
  C:0E1EH         LINE#         842
  C:0E21H         LINE#         843
  C:0E23H         LINE#         846
  C:0E46H         LINE#         849
  C:0E4CH         LINE#         850
  C:0E4FH         LINE#         851
  C:0E51H         LINE#         852
  C:0E53H         LINE#         854
  C:0E6FH         LINE#         857
  C:0E7FH         LINE#         858
  C:0E86H         LINE#         859
  C:0E97H         LINE#         860
BL51 BANKED LINKER/LOCATER V6.22                                                      12/15/2017  19:57:19  PAGE 9


  C:0E9EH         LINE#         861
  C:0EACH         LINE#         862
  C:0EB3H         LINE#         863
  C:0EC3H         LINE#         864
  C:0ECAH         LINE#         865
  C:0EDAH         LINE#         866
  C:0EE1H         LINE#         869
  C:0EE4H         LINE#         871
  C:0EEFH         LINE#         872
  C:0EF4H         LINE#         874
  C:0EF6H         LINE#         878
  C:0EFDH         LINE#         879
  C:0F04H         LINE#         882
  C:0F04H         LINE#         883
  C:0F04H         LINE#         884
  C:0F0AH         LINE#         887
  C:0F12H         LINE#         889
  C:0F15H         LINE#         890
  C:0F15H         LINE#         891
  C:0F18H         LINE#         892
  C:0F18H         LINE#         893
  C:0F26H         LINE#         894
  C:0F26H         LINE#         895
  C:0F2AH         LINE#         896
  C:0F2AH         LINE#         897
  C:0F30H         LINE#         898
  C:0F30H         LINE#         899
  C:0F32H         LINE#         900
  C:0F34H         LINE#         902
  C:0F34H         LINE#         903
  C:0F3AH         LINE#         904
  C:0F3AH         LINE#         905
  C:0F3AH         LINE#         906
  C:0F40H         LINE#         907
  C:0F40H         LINE#         909
  C:0F4BH         LINE#         911
  C:0F6DH         LINE#         913
  C:0F97H         LINE#         915
  C:0FB6H         LINE#         917
  C:0FDFH         LINE#         919
  C:1011H         LINE#         921
  C:1038H         LINE#         923
  C:1045H         LINE#         924
  C:1045H         LINE#         925
  C:1045H         LINE#         926
  C:1056H         LINE#         927
  C:105DH         LINE#         928
  C:1072H         LINE#         929
  C:1079H         LINE#         930
  C:1080H         LINE#         931
  C:1087H         LINE#         932
  C:108EH         LINE#         935
  C:1091H         LINE#         936
  C:1091H         LINE#         937
  C:10C3H         LINE#         938
  C:10CAH         LINE#         939
  C:10FEH         LINE#         940
BL51 BANKED LINKER/LOCATER V6.22                                                      12/15/2017  19:57:19  PAGE 10


  C:1105H         LINE#         941
  C:110CH         LINE#         942
  C:1113H         LINE#         943
  C:111AH         LINE#         945
  -------         ENDPROC       MAIN
  -------         ENDMOD        MAIN

  -------         MODULE        HD7279
  C:0000H         SYMBOL        _ICE_DUMMY_
  D:0080H         PUBLIC        P0
  D:0090H         PUBLIC        P1
  D:00A0H         PUBLIC        P2
  D:00B0H         PUBLIC        P3
  D:00C0H         PUBLIC        P4
  D:00C8H         PUBLIC        P5
  D:00E8H         PUBLIC        P6
  D:00F8H         PUBLIC        P7
  C:1D87H         PUBLIC        _HD7279SendByte
  D:00A8H         PUBLIC        IE
  D:00B8H         PUBLIC        IP
  X:0038H         PUBLIC        realCode
  D:00D8H         PUBLIC        CCON
  C:24CDH         PUBLIC        _LedWrite
  C:148FH         PUBLIC        _LEDShowInt
  C:2530H         PUBLIC        KeyRead
  D:0098H         PUBLIC        SCON
  D:0088H         PUBLIC        TCON
  B:0090H.4       PUBLIC        dat
  B:0090H.3       PUBLIC        clk
  C:226FH         SYMBOL        _?ix1000
  C:2277H         SYMBOL        _?ix1001
  C:227FH         SYMBOL        _?ix1002
  C:2287H         SYMBOL        _?ix1003
  C:1E1CH         PUBLIC        HD7279ReceiveByte
  B:0090H.2       PUBLIC        cs
  C:111DH         PUBLIC        _LEDShowFloat
  D:00D0H         PUBLIC        PSW
  -------         PROC          _HD7279SENDBYTE
  D:002BH         SYMBOL        sendData
  -------         DO            
  X:0034H         SYMBOL        sendCounter
  -------         ENDDO         
  C:1D87H         LINE#         11
  C:1D89H         LINE#         12
  C:1D89H         LINE#         14
  C:1D8EH         LINE#         15
  C:1D90H         LINE#         16
  C:1D96H         LINE#         18
  C:1D9BH         LINE#         19
  C:1D9BH         LINE#         20
  C:1DA0H         LINE#         21
  C:1DA0H         LINE#         22
  C:1DA2H         LINE#         23
  C:1DA4H         LINE#         25
  C:1DA4H         LINE#         26
  C:1DA6H         LINE#         27
  C:1DA6H         LINE#         28
BL51 BANKED LINKER/LOCATER V6.22                                                      12/15/2017  19:57:19  PAGE 11


  C:1DA8H         LINE#         29
  C:1DAFH         LINE#         30
  C:1DB1H         LINE#         31
  C:1DB8H         LINE#         32
  C:1DBEH         LINE#         33
  C:1DCAH         LINE#         34
  -------         ENDPROC       _HD7279SENDBYTE
  -------         PROC          HD7279RECEIVEBYTE
  -------         DO            
  X:0021H         SYMBOL        receiveCounter
  X:0022H         SYMBOL        receiveData
  -------         ENDDO         
  C:1E1CH         LINE#         38
  C:1E1CH         LINE#         39
  C:1E1CH         LINE#         41
  C:1E21H         LINE#         42
  C:1E23H         LINE#         43
  C:1E25H         LINE#         44
  C:1E2BH         LINE#         46
  C:1E30H         LINE#         47
  C:1E30H         LINE#         48
  C:1E32H         LINE#         49
  C:1E39H         LINE#         50
  C:1E40H         LINE#         51
  C:1E43H         LINE#         52
  C:1E43H         LINE#         53
  C:1E47H         LINE#         54
  C:1E47H         LINE#         56
  C:1E47H         LINE#         58
  C:1E47H         LINE#         59
  C:1E49H         LINE#         60
  C:1E50H         LINE#         61
  C:1E5CH         LINE#         62
  C:1E5EH         LINE#         63
  C:1E63H         LINE#         64
  -------         ENDPROC       HD7279RECEIVEBYTE
  -------         PROC          L?0056
  -------         ENDPROC       L?0056
  -------         PROC          _LEDWRITE
  D:0007H         SYMBOL        cmd
  D:002AH         SYMBOL        dataSend
  C:24CDH         LINE#         67
  C:24CFH         LINE#         68
  C:24CFH         LINE#         69
  C:24D2H         LINE#         71
  -------         ENDPROC       _LEDWRITE
  -------         PROC          KEYREAD
  C:2530H         LINE#         75
  C:2530H         LINE#         76
  C:2530H         LINE#         77
  C:2535H         LINE#         79
  C:2538H         LINE#         80
  -------         ENDPROC       KEYREAD
  -------         PROC          _LEDSHOWINT
  D:0026H         SYMBOL        showData
  -------         DO            
  X:0021H         SYMBOL        LedData
BL51 BANKED LINKER/LOCATER V6.22                                                      12/15/2017  19:57:19  PAGE 12


  X:0029H         SYMBOL        i
  X:002AH         SYMBOL        tempBuff
  X:0032H         SYMBOL        dataLength
  -------         ENDDO         
  C:148FH         LINE#         83
  C:1497H         LINE#         84
  C:1497H         LINE#         85
  C:14AAH         LINE#         86
  C:14AFH         LINE#         87
  C:14C1H         LINE#         88
  C:14C6H         LINE#         90
  C:14F2H         LINE#         91
  C:14F2H         LINE#         94
  C:1510H         LINE#         97
  C:151FH         LINE#         98
  C:151FH         LINE#         99
  C:152CH         LINE#         100
  C:152CH         LINE#         101
  C:1532H         LINE#         102
  C:1532H         LINE#         103
  C:153AH         LINE#         106
  C:154FH         LINE#         107
  C:154FH         LINE#         108
  C:155FH         LINE#         109
  C:155FH         LINE#         110
  C:1589H         LINE#         111
  C:159FH         LINE#         112
  C:15A1H         LINE#         114
  C:15A1H         LINE#         115
  C:15CAH         LINE#         116
  C:15CAH         LINE#         117
  C:15D3H         LINE#         120
  C:15D8H         LINE#         121
  C:15D8H         LINE#         122
  C:15F1H         LINE#         123
  C:15FEH         LINE#         124
  C:15FEH         LINE#         126
  C:15FEH         LINE#         127
  C:160DH         LINE#         128
  C:160DH         LINE#         129
  C:1610H         LINE#         130
  C:1618H         LINE#         131
  C:1618H         LINE#         132
  -------         ENDPROC       _LEDSHOWINT
  -------         PROC          _LEDSHOWFLOAT
  D:0026H         SYMBOL        showData
  -------         DO            
  X:0021H         SYMBOL        LedData
  X:0029H         SYMBOL        i
  X:002AH         SYMBOL        tempBuff
  X:0032H         SYMBOL        dataLength
  X:0033H         SYMBOL        pointPos
  -------         ENDDO         
  C:111DH         LINE#         134
  C:1125H         LINE#         135
  C:1125H         LINE#         136
  C:1138H         LINE#         137
BL51 BANKED LINKER/LOCATER V6.22                                                      12/15/2017  19:57:19  PAGE 13


  C:113DH         LINE#         138
  C:114FH         LINE#         139
  C:1154H         LINE#         140
  C:1156H         LINE#         142
  C:1188H         LINE#         143
  C:1188H         LINE#         146
  C:11A6H         LINE#         149
  C:11B5H         LINE#         150
  C:11B5H         LINE#         151
  C:11C2H         LINE#         152
  C:11C2H         LINE#         153
  C:11C8H         LINE#         154
  C:11C8H         LINE#         155
  C:11D0H         LINE#         158
  C:11E5H         LINE#         159
  C:11E5H         LINE#         160
  C:11FAH         LINE#         161
  C:11FAH         LINE#         162
  C:122DH         LINE#         163
  C:1243H         LINE#         164
  C:1245H         LINE#         165
  C:1258H         LINE#         166
  C:1258H         LINE#         167
  C:127AH         LINE#         168
  C:127CH         LINE#         169
  C:1280H         LINE#         170
  C:1280H         LINE#         171
  C:12A9H         LINE#         172
  C:12A9H         LINE#         173
  C:12B2H         LINE#         176
  C:12B7H         LINE#         177
  C:12B7H         LINE#         178
  C:12D0H         LINE#         179
  C:12DDH         LINE#         180
  C:12DDH         LINE#         182
  C:12DDH         LINE#         183
  C:12ECH         LINE#         184
  C:12ECH         LINE#         185
  C:12EFH         LINE#         186
  C:12F7H         LINE#         187
  C:12F7H         LINE#         188
  -------         ENDPROC       _LEDSHOWFLOAT
  -------         ENDMOD        HD7279

  -------         MODULE        DELAY
  C:0000H         SYMBOL        _ICE_DUMMY_
  C:215EH         PUBLIC        _Delay10Us
  C:1C8AH         PUBLIC        _DelayMs
  -------         PROC          _DELAYMS
  D:0006H         SYMBOL        timeMs
  -------         DO            
  X:0021H         SYMBOL        nMsCounter
  X:0023H         SYMBOL        msCounter
  X:0025H         SYMBOL        i
  -------         ENDDO         
  C:1C8AH         LINE#         4
  C:1C8AH         LINE#         5
BL51 BANKED LINKER/LOCATER V6.22                                                      12/15/2017  19:57:19  PAGE 14


  C:1C8AH         LINE#         7
  C:1C91H         LINE#         8
  C:1C95H         LINE#         9
  C:1C97H         LINE#         10
  C:1CAAH         LINE#         11
  C:1CAAH         LINE#         12
  C:1CB1H         LINE#         13
  C:1CB1H         LINE#         14
  C:1CB7H         LINE#         15
  C:1CD1H         LINE#         16
  C:1CE1H         LINE#         17
  -------         ENDPROC       _DELAYMS
  -------         PROC          _DELAY10US
  D:0006H         SYMBOL        timeUs
  -------         DO            
  X:0035H         SYMBOL        nUsCounter
  X:0037H         SYMBOL        usCounter
  -------         ENDDO         
  C:215EH         LINE#         20
  C:215EH         LINE#         21
  C:215EH         LINE#         23
  C:2165H         LINE#         24
  C:2167H         LINE#         25
  C:217AH         LINE#         26
  C:217AH         LINE#         27
  C:217FH         LINE#         28
  C:217FH         LINE#         30
  C:2189H         LINE#         31
  C:2199H         LINE#         32
  -------         ENDPROC       _DELAY10US
  -------         ENDMOD        DELAY

  -------         MODULE        BASICIO
  C:0000H         SYMBOL        _ICE_DUMMY_
  X:FB00H         PUBLIC        chip245Adress
  X:FA00H         PUBLIC        chip374Adress
  -------         ENDMOD        BASICIO

  -------         MODULE        DECODE
  C:0000H         SYMBOL        _ICE_DUMMY_
  X:F800H         PUBLIC        decodeAdress1
  X:F900H         PUBLIC        decodeAdress2
  -------         ENDMOD        DECODE

  -------         MODULE        P1IO
  C:0000H         SYMBOL        _ICE_DUMMY_
  D:0080H         PUBLIC        P0
  D:0090H         PUBLIC        P1
  D:00A0H         PUBLIC        P2
  D:00B0H         PUBLIC        P3
  D:00C0H         PUBLIC        P4
  D:00C8H         PUBLIC        P5
  D:00E8H         PUBLIC        P6
  D:00F8H         PUBLIC        P7
  D:00A8H         PUBLIC        IE
  D:00B8H         PUBLIC        IP
  C:1FF0H         PUBLIC        _Flow
BL51 BANKED LINKER/LOCATER V6.22                                                      12/15/2017  19:57:19  PAGE 15


  D:00D8H         PUBLIC        CCON
  D:0098H         PUBLIC        SCON
  D:0088H         PUBLIC        TCON
  C:244BH         PUBLIC        ShowInput
  C:1EA9H         PUBLIC        _BlinkIn4
  D:00D0H         PUBLIC        PSW
  -------         PROC          _BLINKIN4
  D:0010H         SYMBOL        period
  -------         DO            
  X:0054H         SYMBOL        blinkTimeCounter
  -------         ENDDO         
  C:1EA9H         LINE#         6
  C:1EADH         LINE#         7
  C:1EADH         LINE#         10
  C:1EBBH         LINE#         11
  C:1EDAH         LINE#         13
  C:1EE5H         LINE#         14
  C:1EE5H         LINE#         15
  C:1EE8H         LINE#         16
  C:1EE9H         LINE#         18
  C:1EE9H         LINE#         19
  C:1EECH         LINE#         20
  C:1EECH         LINE#         21
  -------         ENDPROC       _BLINKIN4
  -------         PROC          _FLOW
  D:0004H         SYMBOL        flowPeriod
  -------         DO            
  X:0056H         SYMBOL        flowCounter
  X:0058H         SYMBOL        flowState
  -------         ENDDO         
  C:1FF0H         LINE#         24
  C:1FF4H         LINE#         25
  C:1FF4H         LINE#         29
  C:2002H         LINE#         30
  C:2012H         LINE#         33
  C:2018H         LINE#         35
  C:201CH         LINE#         36
  C:201CH         LINE#         37
  C:2021H         LINE#         38
  C:2021H         LINE#         39
  C:2025H         LINE#         40
  C:2026H         LINE#         42
  C:2026H         LINE#         43
  C:202CH         LINE#         44
  C:202CH         LINE#         45
  C:202CH         LINE#         47
  -------         ENDPROC       _FLOW
  -------         PROC          SHOWINPUT
  -------         DO            
  X:0061H         SYMBOL        p1Input
  -------         ENDDO         
  C:244BH         LINE#         50
  C:244BH         LINE#         51
  C:244BH         LINE#         52
  C:2450H         LINE#         55
  C:2453H         LINE#         57
  C:2458H         LINE#         59
BL51 BANKED LINKER/LOCATER V6.22                                                      12/15/2017  19:57:19  PAGE 16


  C:245DH         LINE#         60
  C:2460H         LINE#         62
  -------         ENDPROC       SHOWINPUT
  -------         ENDMOD        P1IO

  -------         MODULE        DATAMEMORY
  C:0000H         SYMBOL        _ICE_DUMMY_
  D:0080H         PUBLIC        P0
  D:0090H         PUBLIC        P1
  D:00A0H         PUBLIC        P2
  D:00B0H         PUBLIC        P3
  D:00C0H         PUBLIC        P4
  D:00C8H         PUBLIC        P5
  D:00E8H         PUBLIC        P6
  D:00F8H         PUBLIC        P7
  D:00A8H         PUBLIC        IE
  D:00B8H         PUBLIC        IP
  D:00D8H         PUBLIC        CCON
  D:0098H         PUBLIC        SCON
  D:0088H         PUBLIC        TCON
  D:00D0H         PUBLIC        PSW
  -------         ENDMOD        DATAMEMORY

  -------         MODULE        TIMER
  C:0000H         SYMBOL        _ICE_DUMMY_
  D:0080H         PUBLIC        P0
  D:0090H         PUBLIC        P1
  D:00A0H         PUBLIC        P2
  D:00B0H         PUBLIC        P3
  D:00C0H         PUBLIC        P4
  D:00C8H         PUBLIC        P5
  B:00A8H.7       PUBLIC        EA
  D:00E8H         PUBLIC        P6
  D:00F8H         PUBLIC        P7
  D:00A8H         PUBLIC        IE
  B:00A8H.1       PUBLIC        ETx
  C:0026H         PUBLIC        _TimerOverFlowItInit
  D:00B8H         PUBLIC        IP
  C:228FH         PUBLIC        _TimerCmd
  D:00D8H         PUBLIC        CCON
  C:0016H         PUBLIC        _TimerClearOverFlowFlag
  C:1CE2H         PUBLIC        _TimeInit
  C:1BD1H         PUBLIC        _TimeModeInit
  D:0098H         PUBLIC        SCON
  D:0089H         PUBLIC        TMOD
  D:0088H         PUBLIC        TCON
  C:1A7FH         PUBLIC        _TimeReloadNumInit
  B:0088H.5       PUBLIC        TF0
  B:0088H.7       PUBLIC        TF1
  D:008CH         PUBLIC        TH0
  D:008DH         PUBLIC        TH1
  D:008AH         PUBLIC        TL0
  D:008BH         PUBLIC        TL1
  D:00D0H         PUBLIC        PSW
  C:236CH         PUBLIC        _TimerGetOverFlowITFlag
  -------         PROC          _TIMERCMD
  D:0007H         SYMBOL        TIMx
BL51 BANKED LINKER/LOCATER V6.22                                                      12/15/2017  19:57:19  PAGE 17


  D:0005H         SYMBOL        newState
  C:228FH         LINE#         5
  C:228FH         LINE#         6
  C:228FH         LINE#         8
  C:2292H         LINE#         9
  C:2292H         LINE#         10
  C:22A3H         LINE#         11
  C:22A4H         LINE#         13
  C:22A4H         LINE#         14
  C:22B6H         LINE#         15
  C:22B6H         LINE#         17
  -------         ENDPROC       _TIMERCMD
  -------         PROC          _TIMERGETOVERFLOWITFLAG
  D:0007H         SYMBOL        TIMx
  -------         DO            
  X:0062H         SYMBOL        tempItFlag
  -------         ENDDO         
  C:236CH         LINE#         20
  C:236CH         LINE#         21
  C:236CH         LINE#         22
  C:2371H         LINE#         24
  C:2374H         LINE#         25
  C:2374H         LINE#         26
  C:2378H         LINE#         27
  C:237AH         LINE#         28
  C:237DH         LINE#         29
  C:237DH         LINE#         30
  C:2385H         LINE#         31
  C:2385H         LINE#         32
  C:238AH         LINE#         33
  -------         ENDPROC       _TIMERGETOVERFLOWITFLAG
  -------         PROC          _TIMERCLEAROVERFLOWFLAG
  D:0007H         SYMBOL        TIMx
  C:0016H         LINE#         36
  C:0016H         LINE#         37
  C:0016H         LINE#         39
  C:0019H         LINE#         40
  C:0019H         LINE#         41
  C:001BH         LINE#         42
  C:001CH         LINE#         43
  C:001FH         LINE#         44
  C:001FH         LINE#         45
  C:0021H         LINE#         46
  C:0021H         LINE#         47
  -------         ENDPROC       _TIMERCLEAROVERFLOWFLAG
  -------         PROC          _TIMEMODEINIT
  D:0007H         SYMBOL        TIMx
  D:0042H         SYMBOL        timeMode
  -------         DO            
  X:0021H         SYMBOL        tempCrl
  -------         ENDDO         
  C:1BD1H         LINE#         50
  C:1BD1H         LINE#         51
  C:1BD1H         LINE#         52
  C:1BD6H         LINE#         56
  C:1BECH         LINE#         58
  C:1C02H         LINE#         60
BL51 BANKED LINKER/LOCATER V6.22                                                      12/15/2017  19:57:19  PAGE 18


  C:1C20H         LINE#         62
  C:1C30H         LINE#         63
  -------         ENDPROC       _TIMEMODEINIT
  -------         PROC          _TIMERELOADNUMINIT
  D:0041H         SYMBOL        TIMx
  D:0005H         SYMBOL        timerMode
  D:0043H         SYMBOL        timerPeriod
  D:0047H         SYMBOL        mechinePeriod
  -------         DO            
  X:0021H         SYMBOL        bitNum
  X:0023H         SYMBOL        reloadNum
  -------         ENDDO         
  C:1A7FH         LINE#         66
  C:1A81H         LINE#         67
  C:1A81H         LINE#         68
  C:1A88H         LINE#         69
  C:1A8CH         LINE#         72
  C:1A92H         LINE#         73
  C:1A92H         LINE#         74
  C:1A9AH         LINE#         75
  C:1A9CH         LINE#         77
  C:1A9CH         LINE#         78
  C:1AA5H         LINE#         79
  C:1AA5H         LINE#         82
  C:1ACEH         LINE#         86
  C:1AD2H         LINE#         87
  C:1AD2H         LINE#         88
  C:1ADBH         LINE#         89
  C:1ADEH         LINE#         90
  C:1ADFH         LINE#         91
  C:1AE4H         LINE#         92
  C:1AE4H         LINE#         93
  C:1AEDH         LINE#         94
  C:1AF0H         LINE#         95
  C:1AF0H         LINE#         97
  -------         ENDPROC       _TIMERELOADNUMINIT
  -------         PROC          _TIMEINIT
  D:0036H         SYMBOL        TIMx
  D:0037H         SYMBOL        timeMode
  D:003BH         SYMBOL        timerPeriod
  D:003FH         SYMBOL        mechinePeriod
  C:1CE2H         LINE#         100
  C:1CE4H         LINE#         101
  C:1CE4H         LINE#         104
  C:1CFCH         LINE#         107
  C:1D15H         LINE#         108
  C:1D1AH         LINE#         109
  C:1D1AH         LINE#         110
  C:1D1EH         LINE#         111
  C:1D1EH         LINE#         112
  C:1D20H         LINE#         113
  C:1D22H         LINE#         114
  C:1D24H         LINE#         115
  C:1D29H         LINE#         116
  C:1D29H         LINE#         117
  C:1D2CH         LINE#         118
  C:1D2EH         LINE#         119
BL51 BANKED LINKER/LOCATER V6.22                                                      12/15/2017  19:57:19  PAGE 19


  C:1D2EH         LINE#         120
  C:1D2EH         LINE#         123
  -------         ENDPROC       _TIMEINIT
  -------         PROC          _TIMEROVERFLOWITINIT
  D:0007H         SYMBOL        TIMx
  D:0005H         SYMBOL        newState
  C:0026H         LINE#         129
  C:0026H         LINE#         130
  C:0026H         LINE#         132
  C:0029H         LINE#         133
  C:0029H         LINE#         134
  C:002BH         LINE#         135
  C:002BH         LINE#         136
  C:0035H         LINE#         137
  C:003AH         LINE#         138
  -------         ENDPROC       _TIMEROVERFLOWITINIT
  -------         ENDMOD        TIMER

  -------         MODULE        89C51_IT
  C:0000H         SYMBOL        _ICE_DUMMY_
  D:0080H         PUBLIC        P0
  D:0090H         PUBLIC        P1
  D:00A0H         PUBLIC        P2
  D:00B0H         PUBLIC        P3
  D:00C0H         PUBLIC        P4
  D:00C8H         PUBLIC        P5
  D:00E8H         PUBLIC        P6
  D:00F8H         PUBLIC        P7
  B:00D8H.7       PUBLIC        CF
  D:00A8H         PUBLIC        IE
  C:2525H         PUBLIC        PCA_ITHandler
  D:00B8H         PUBLIC        IP
  C:24D7H         PUBLIC        interint0
  D:00D8H         PUBLIC        CCON
  C:1C31H         PUBLIC        UART1_ITHandler
  C:18CDH         PUBLIC        ExIT1_Handler
  D:0098H         PUBLIC        SCON
  D:0088H         PUBLIC        TCON
  D:008CH         PUBLIC        TH0
  B:0088H.0       PUBLIC        IT0
  B:00A8H.0       PUBLIC        EX0
  B:0088H.2       PUBLIC        IT1
  B:00A8H.2       PUBLIC        EX1
  D:008AH         PUBLIC        TL0
  C:202DH         PUBLIC        time0
  D:00D0H         PUBLIC        PSW
  C:24B4H         PUBLIC        _ExternalITCmd
  B:00D8H.0       PUBLIC        CCF0
  C:23C9H         PUBLIC        _ExternalITInit
  -------         PROC          _EXTERNALITCMD
  D:0007H         SYMBOL        exITx
  D:0005H         SYMBOL        newState
  C:24B4H         LINE#         11
  C:24B4H         LINE#         12
  C:24B4H         LINE#         13
  C:24B7H         LINE#         14
  C:24B7H         LINE#         15
BL51 BANKED LINKER/LOCATER V6.22                                                      12/15/2017  19:57:19  PAGE 20


  C:24BCH         LINE#         16
  C:24BDH         LINE#         17
  C:24C0H         LINE#         18
  C:24C0H         LINE#         19
  C:24C5H         LINE#         20
  C:24C5H         LINE#         21
  -------         ENDPROC       _EXTERNALITCMD
  -------         PROC          _EXTERNALITINIT
  D:0007H         SYMBOL        exITx
  D:0005H         SYMBOL        triggerMode
  C:23C9H         LINE#         23
  C:23C9H         LINE#         24
  C:23C9H         LINE#         25
  C:23CCH         LINE#         26
  C:23CCH         LINE#         27
  C:23D1H         LINE#         28
  C:23D5H         LINE#         29
  C:23D7H         LINE#         30
  C:23DAH         LINE#         31
  C:23DAH         LINE#         32
  C:23DFH         LINE#         33
  C:23E6H         LINE#         34
  C:23E6H         LINE#         35
  -------         ENDPROC       _EXTERNALITINIT
  -------         PROC          INTERINT0
  C:24D7H         LINE#         38
  C:24D9H         LINE#         40
  C:24DDH         LINE#         41
  C:24DDH         LINE#         42
  C:24E0H         LINE#         43
  C:24E2H         LINE#         45
  C:24E2H         LINE#         46
  C:24E5H         LINE#         47
  C:24E5H         LINE#         48
  -------         ENDPROC       INTERINT0
  -------         PROC          EXIT1_HANDLER
  -------         DO            
  X:0063H         SYMBOL        periodCounter
  -------         ENDDO         
  C:18CDH         LINE#         51
  C:18EAH         LINE#         56
  C:18F0H         LINE#         57
  C:18F3H         LINE#         58
  C:18F3H         LINE#         59
  C:18F6H         LINE#         60
  C:18FCH         LINE#         61
  C:1906H         LINE#         62
  C:1911H         LINE#         63
  C:1914H         LINE#         64
  C:1917H         LINE#         65
  C:191EH         LINE#         67
  C:194BH         LINE#         68
  C:1951H         LINE#         69
  C:1951H         LINE#         71
  C:1962H         LINE#         72
  -------         ENDPROC       EXIT1_HANDLER
  -------         PROC          TIME0
BL51 BANKED LINKER/LOCATER V6.22                                                      12/15/2017  19:57:19  PAGE 21


  C:202DH         LINE#         74
  C:204AH         LINE#         76
  C:204FH         LINE#         83
  -------         ENDPROC       TIME0
  -------         PROC          UART1_ITHANDLER
  C:1C31H         LINE#         87
  C:1C4EH         LINE#         89
  C:1C58H         LINE#         90
  C:1C58H         LINE#         91
  C:1C5FH         LINE#         92
  C:1C66H         LINE#         93
  C:1C68H         LINE#         94
  C:1C6FH         LINE#         95
  C:1C6FH         LINE#         97
  C:1C6FH         LINE#         98
  -------         ENDPROC       UART1_ITHANDLER
  -------         PROC          PCA_ITHANDLER
  C:2525H         LINE#         100
  C:2525H         LINE#         102
  C:2528H         LINE#         103
  C:2528H         LINE#         104
  C:252AH         LINE#         106
  C:252AH         LINE#         107
  C:252DH         LINE#         108
  C:252DH         LINE#         109
  C:252FH         LINE#         110
  C:252FH         LINE#         113
  -------         ENDPROC       PCA_ITHANDLER
  -------         ENDMOD        89C51_IT

  -------         MODULE        USART
  C:0000H         SYMBOL        _ICE_DUMMY_
  D:0080H         PUBLIC        P0
  D:0090H         PUBLIC        P1
  D:00A0H         PUBLIC        P2
  C:170FH         PUBLIC        _UARTBaudrateInit
  D:00B0H         PUBLIC        P3
  D:00C0H         PUBLIC        P4
  D:00C8H         PUBLIC        P5
  B:00A8H.7       PUBLIC        EA
  D:00E8H         PUBLIC        P6
  D:00F8H         PUBLIC        P7
  D:00A8H         PUBLIC        IE
  B:00A8H.4       PUBLIC        ES
  D:00B8H         PUBLIC        IP
  C:2508H         PUBLIC        _UARTRecieveByte
  C:2461H         PUBLIC        _UARTRxCmd
  B:00B8H.4       PUBLIC        PS
  D:00D8H         PUBLIC        CCON
  C:24F8H         PUBLIC        _UARTClearFlagStatus
  D:0099H         PUBLIC        SBUF
  D:0087H         PUBLIC        PCON
  D:0098H         PUBLIC        SCON
  D:0088H         PUBLIC        TCON
  C:241DH         PUBLIC        _UARTITConfig
  D:00AFH         PUBLIC        IE2
  D:008EH         PUBLIC        AUXR
BL51 BANKED LINKER/LOCATER V6.22                                                      12/15/2017  19:57:19  PAGE 22


  C:2542H         SYMBOL        _?ix1000
  C:2546H         SYMBOL        _?ix1001
  D:00B5H         PUBLIC        IP2
  C:2302H         PUBLIC        _UARTInit
  C:22DEH         PUBLIC        _UARTModeInit
  B:0098H.4       PUBLIC        RENx
  C:23AAH         PUBLIC        _UARTSendByte
  D:009BH         PUBLIC        S2BUF
  C:238BH         PUBLIC        _UARTGetFlagStatus
  D:009AH         PUBLIC        S2CON
  D:00D0H         PUBLIC        PSW
  -------         PROC          _UARTMODEINIT
  D:0007H         SYMBOL        UARTx
  D:0005H         SYMBOL        UARTMode
  C:22DEH         LINE#         7
  C:22DEH         LINE#         8
  C:22DEH         LINE#         9
  C:22E1H         LINE#         10
  C:22E1H         LINE#         11
  C:22EFH         LINE#         12
  C:22F0H         LINE#         13
  C:22F3H         LINE#         14
  C:22F3H         LINE#         15
  C:2301H         LINE#         16
  C:2301H         LINE#         17
  -------         ENDPROC       _UARTMODEINIT
  -------         PROC          _UARTBAUDRATEINIT
  D:002DH         SYMBOL        UARTx
  D:0005H         SYMBOL        UARTMode
  D:0003H         SYMBOL        isBaudrateDouble
  D:0030H         SYMBOL        baudRate
  -------         DO            
  D:0032H         SYMBOL        timeMode
  D:0032H         SYMBOL        timeMode
  -------         ENDDO         
  -------         DO            
  D:0032H         SYMBOL        timeMode
  -------         ENDDO         
  C:170FH         LINE#         19
  C:1711H         LINE#         20
  C:1711H         LINE#         21
  C:1715H         LINE#         22
  C:1715H         LINE#         23
  C:1724H         LINE#         24
  C:1724H         LINE#         25
  C:1724H         LINE#         26
  C:1724H         LINE#         28
  C:1724H         LINE#         29
  C:1730H         LINE#         30
  C:1730H         LINE#         31
  C:1730H         LINE#         32
  C:1730H         LINE#         33
  C:1730H         LINE#         34
  C:1734H         LINE#         35
  C:1734H         LINE#         37
  C:1745H         LINE#         40
  C:1748H         LINE#         41
BL51 BANKED LINKER/LOCATER V6.22                                                      12/15/2017  19:57:19  PAGE 23


  C:174AH         LINE#         42
  C:174CH         LINE#         43
  C:174EH         LINE#         45
  C:1792H         LINE#         47
  C:1795H         LINE#         48
  C:1796H         LINE#         49
  C:179AH         LINE#         50
  C:179AH         LINE#         52
  C:179AH         LINE#         53
  C:179BH         LINE#         54
  C:179BH         LINE#         56
  C:179BH         LINE#         57
  C:179BH         LINE#         58
  C:179FH         LINE#         59
  C:179FH         LINE#         61
  C:17B0H         LINE#         64
  C:17B3H         LINE#         65
  C:17B5H         LINE#         66
  C:17B7H         LINE#         67
  C:17B9H         LINE#         69
  C:17FDH         LINE#         71
  C:1800H         LINE#         72
  C:1800H         LINE#         73
  C:1800H         LINE#         74
  C:1800H         LINE#         76
  C:1800H         LINE#         77
  C:1800H         LINE#         78
  C:1800H         LINE#         79
  C:1800H         LINE#         80
  C:1800H         LINE#         81
  -------         ENDPROC       _UARTBAUDRATEINIT
  -------         PROC          _UARTRXCMD
  D:0007H         SYMBOL        UARTx
  D:0005H         SYMBOL        newState
  C:2461H         LINE#         84
  C:2461H         LINE#         85
  C:2461H         LINE#         86
  C:2464H         LINE#         87
  C:2464H         LINE#         88
  C:2464H         LINE#         89
  C:2466H         LINE#         90
  C:2469H         LINE#         91
  C:2469H         LINE#         92
  C:2471H         LINE#         93
  C:2476H         LINE#         94
  C:2476H         LINE#         95
  -------         ENDPROC       _UARTRXCMD
  -------         PROC          _UARTGETFLAGSTATUS
  D:0007H         SYMBOL        UARTx
  D:0005H         SYMBOL        UARTFlag
  C:238BH         LINE#         97
  C:238BH         LINE#         98
  C:238BH         LINE#         99
  C:238EH         LINE#         100
  C:238EH         LINE#         101
  C:2393H         LINE#         102
  C:2393H         LINE#         103
BL51 BANKED LINKER/LOCATER V6.22                                                      12/15/2017  19:57:19  PAGE 24


  C:2396H         LINE#         104
  C:2396H         LINE#         106
  C:2396H         LINE#         107
  C:2399H         LINE#         108
  C:2399H         LINE#         109
  C:2399H         LINE#         110
  C:239CH         LINE#         111
  C:239CH         LINE#         112
  C:23A1H         LINE#         113
  C:23A1H         LINE#         114
  C:23A4H         LINE#         115
  C:23A4H         LINE#         117
  C:23A4H         LINE#         118
  C:23A7H         LINE#         119
  C:23A7H         LINE#         120
  C:23A7H         LINE#         122
  C:23A7H         LINE#         123
  C:23A9H         LINE#         124
  C:23A9H         LINE#         125
  -------         ENDPROC       _UARTGETFLAGSTATUS
  -------         PROC          _UARTCLEARFLAGSTATUS
  D:0007H         SYMBOL        UARTx
  D:0005H         SYMBOL        UARTFlag
  C:24F8H         LINE#         127
  C:24F8H         LINE#         128
  C:24F8H         LINE#         129
  C:24FBH         LINE#         130
  C:24FBH         LINE#         131
  C:24FFH         LINE#         132
  C:2500H         LINE#         133
  C:2503H         LINE#         134
  C:2503H         LINE#         135
  C:2507H         LINE#         136
  C:2507H         LINE#         137
  -------         ENDPROC       _UARTCLEARFLAGSTATUS
  -------         PROC          _UARTSENDBYTE
  D:0006H         SYMBOL        UARTx
  D:0005H         SYMBOL        sendData
  C:23AAH         LINE#         139
  C:23ACH         LINE#         140
  C:23ACH         LINE#         141
  C:23AFH         LINE#         142
  C:23AFH         LINE#         143
  C:23B1H         LINE#         144
  C:23B3H         LINE#         145
  C:23B6H         LINE#         146
  C:23B6H         LINE#         147
  C:23B8H         LINE#         149
  C:23B8H         LINE#         150
  C:23C2H         LINE#         151
  -------         ENDPROC       _UARTSENDBYTE
  -------         PROC          _UARTRECIEVEBYTE
  D:0007H         SYMBOL        UARTx
  C:2508H         LINE#         154
  C:2508H         LINE#         155
  C:2508H         LINE#         156
  C:250BH         LINE#         157
BL51 BANKED LINKER/LOCATER V6.22                                                      12/15/2017  19:57:19  PAGE 25


  C:250BH         LINE#         158
  C:250EH         LINE#         159
  C:250EH         LINE#         160
  C:2511H         LINE#         161
  C:2511H         LINE#         162
  C:2514H         LINE#         163
  C:2514H         LINE#         165
  C:2514H         LINE#         166
  C:2516H         LINE#         167
  C:2516H         LINE#         168
  -------         ENDPROC       _UARTRECIEVEBYTE
  -------         PROC          _UARTINIT
  D:0026H         SYMBOL        UARTx
  D:0027H         SYMBOL        UARTMode
  D:002BH         SYMBOL        baudRate
  C:2302H         LINE#         170
  C:2304H         LINE#         171
  C:2304H         LINE#         172
  C:2309H         LINE#         174
  C:2318H         LINE#         176
  C:231FH         LINE#         178
  -------         ENDPROC       _UARTINIT
  -------         PROC          _UARTITCONFIG
  D:0007H         SYMBOL        UARTx
  D:0005H         SYMBOL        UARTPriority
  C:241DH         LINE#         182
  C:241DH         LINE#         183
  C:241DH         LINE#         184
  C:241FH         LINE#         185
  C:2422H         LINE#         186
  C:2422H         LINE#         188
  C:2424H         LINE#         189
  C:2429H         LINE#         190
  C:242AH         LINE#         191
  C:242DH         LINE#         192
  C:242DH         LINE#         193
  C:2430H         LINE#         194
  C:2433H         LINE#         195
  C:2433H         LINE#         196
  -------         ENDPROC       _UARTITCONFIG
  -------         ENDMOD        USART

  -------         MODULE        8255
  C:0000H         SYMBOL        _ICE_DUMMY_
  C:219AH         PUBLIC        IO8255Init
  C:1B63H         PUBLIC        _IO8255ReadBit
  X:F803H         PUBLIC        IO8255PortCtl
  C:1AF1H         PUBLIC        _IO8255SetBit
  X:F800H         PUBLIC        IO8255PortA
  X:F801H         PUBLIC        IO8255PortB
  X:F802H         PUBLIC        IO8255PortC
  -------         PROC          IO8255INIT
  D:0026H         SYMBOL        IO8255InitStuction
  -------         DO            
  X:0021H         SYMBOL        initData
  -------         ENDDO         
  C:219AH         LINE#         8
BL51 BANKED LINKER/LOCATER V6.22                                                      12/15/2017  19:57:19  PAGE 26


  C:219AH         LINE#         9
  C:219AH         LINE#         10
  C:21A0H         LINE#         12
  C:21AAH         LINE#         13
  C:21B2H         LINE#         15
  C:21BBH         LINE#         16
  C:21C2H         LINE#         18
  C:21CBH         LINE#         20
  C:21CEH         LINE#         22
  C:21D2H         LINE#         24
  -------         ENDPROC       IO8255INIT
  -------         PROC          _IO8255SETBIT
  D:0007H         SYMBOL        IOPort
  D:0005H         SYMBOL        IOBit
  D:0003H         SYMBOL        state
  C:1AF1H         LINE#         26
  C:1AF1H         LINE#         27
  C:1AF1H         LINE#         28
  C:1AF4H         LINE#         29
  C:1AF4H         LINE#         30
  C:1AFFH         LINE#         31
  C:1AFFH         LINE#         32
  C:1AFFH         LINE#         33
  C:1B0EH         LINE#         34
  C:1B10H         LINE#         35
  C:1B10H         LINE#         36
  C:1B22H         LINE#         37
  C:1B23H         LINE#         38
  C:1B23H         LINE#         39
  C:1B28H         LINE#         40
  C:1B2AH         LINE#         41
  C:1B2AH         LINE#         42
  C:1B2AH         LINE#         43
  C:1B2AH         LINE#         44
  C:1B2AH         LINE#         46
  C:1B2AH         LINE#         47
  C:1B35H         LINE#         48
  C:1B35H         LINE#         49
  C:1B35H         LINE#         50
  C:1B45H         LINE#         51
  C:1B47H         LINE#         52
  C:1B47H         LINE#         53
  C:1B5AH         LINE#         54
  C:1B5BH         LINE#         55
  C:1B5BH         LINE#         56
  C:1B62H         LINE#         57
  C:1B62H         LINE#         58
  C:1B62H         LINE#         59
  C:1B62H         LINE#         60
  C:1B62H         LINE#         61
  C:1B62H         LINE#         62
  -------         ENDPROC       _IO8255SETBIT
  -------         PROC          _IO8255READBIT
  D:0007H         SYMBOL        IOPort
  D:0005H         SYMBOL        IOBit
  C:1B63H         LINE#         65
  C:1B63H         LINE#         66
BL51 BANKED LINKER/LOCATER V6.22                                                      12/15/2017  19:57:19  PAGE 27


  C:1B63H         LINE#         67
  C:1B6EH         LINE#         68
  C:1B6EH         LINE#         69
  C:1B6EH         LINE#         70
  C:1B8EH         LINE#         71
  C:1B8EH         LINE#         72
  C:1B8EH         LINE#         73
  C:1BAEH         LINE#         74
  C:1BAEH         LINE#         75
  C:1BAEH         LINE#         76
  C:1BD0H         LINE#         77
  C:1BD0H         LINE#         78
  C:1BD0H         LINE#         79
  C:1BD0H         LINE#         80
  C:1BD0H         LINE#         81
  -------         ENDPROC       _IO8255READBIT
  -------         ENDMOD        8255

  -------         MODULE        8254
  C:0000H         SYMBOL        _ICE_DUMMY_
  D:0080H         PUBLIC        P0
  D:0090H         PUBLIC        P1
  D:00A0H         PUBLIC        P2
  D:00B0H         PUBLIC        P3
  C:20A7H         PUBLIC        _Timer8254SquareWaveModeInit
  D:00C0H         PUBLIC        P4
  D:00C8H         PUBLIC        P5
  D:00E8H         PUBLIC        P6
  D:00F8H         PUBLIC        P7
  D:00A8H         PUBLIC        IE
  D:00B8H         PUBLIC        IP
  C:2121H         PUBLIC        _Timer8254HardwareStrobeModeInit
  C:206AH         PUBLIC        _Timer8254PrescalerModeInit
  X:F903H         PUBLIC        timer8254Ctr
  D:00D8H         PUBLIC        CCON
  X:F900H         PUBLIC        timer8254Timer0Base
  X:F901H         PUBLIC        timer8254Timer1Base
  X:F902H         PUBLIC        timer8254Timer2Base
  D:0098H         PUBLIC        SCON
  D:0088H         PUBLIC        TCON
  C:20E4H         PUBLIC        _Timer8254SoftwareStrobeModeInit
  C:2477H         PUBLIC        _Timer8254StartTrigger
  C:21D3H         PUBLIC        _Timer8254TriggerModeInit
  C:1FB1H         PUBLIC        _Timer8254CounterModeInit
  C:1F31H         PUBLIC        _Timer8254GetCounter
  C:248CH         PUBLIC        _Timer8254StartHardStrobe
  C:2517H         PUBLIC        _Timer8254Cmd
  D:00D0H         PUBLIC        PSW
  -------         PROC          _TIMER8254CMD
  D:0007H         SYMBOL        timerx
  D:0026H         SYMBOL        newState
  C:2517H         LINE#         8
  C:2519H         LINE#         9
  C:2519H         LINE#         10
  C:2524H         LINE#         11
  C:2524H         LINE#         12
  C:2524H         LINE#         13
BL51 BANKED LINKER/LOCATER V6.22                                                      12/15/2017  19:57:19  PAGE 28


  C:2524H         LINE#         14
  C:2524H         LINE#         16
  C:2524H         LINE#         18
  C:2524H         LINE#         20
  C:2524H         LINE#         21
  C:2524H         LINE#         22
  C:2524H         LINE#         23
  C:2524H         LINE#         24
  C:2524H         LINE#         26
  C:2524H         LINE#         28
  C:2524H         LINE#         30
  C:2524H         LINE#         31
  C:2524H         LINE#         32
  C:2524H         LINE#         33
  C:2524H         LINE#         34
  C:2524H         LINE#         36
  C:2524H         LINE#         38
  C:2524H         LINE#         40
  C:2524H         LINE#         41
  C:2524H         LINE#         42
  C:2524H         LINE#         43
  C:2524H         LINE#         44
  C:2524H         LINE#         45
  -------         ENDPROC       _TIMER8254CMD
  -------         PROC          _TIMER8254COUNTERMODEINIT
  D:0003H         SYMBOL        timerx
  D:0004H         SYMBOL        setCounter
  -------         DO            
  X:0064H         SYMBOL        initData
  -------         ENDDO         
  C:1FB1H         LINE#         47
  C:1FB3H         LINE#         48
  C:1FB3H         LINE#         49
  C:1FB8H         LINE#         51
  C:1FBFH         LINE#         53
  C:1FC2H         LINE#         55
  C:1FC6H         LINE#         57
  C:1FCBH         LINE#         59
  C:1FD6H         LINE#         60
  C:1FD6H         LINE#         61
  C:1FD6H         LINE#         62
  C:1FDAH         LINE#         63
  C:1FDAH         LINE#         64
  C:1FDCH         LINE#         65
  C:1FDCH         LINE#         66
  C:1FE0H         LINE#         67
  C:1FE0H         LINE#         68
  C:1FE2H         LINE#         69
  C:1FE2H         LINE#         70
  C:1FE7H         LINE#         71
  C:1FE9H         LINE#         72
  C:1FE9H         LINE#         73
  C:1FE9H         LINE#         74
  C:1FE9H         LINE#         75
  C:1FE9H         LINE#         76
  -------         ENDPROC       _TIMER8254COUNTERMODEINIT
  -------         PROC          _TIMER8254TRIGGERMODEINIT
BL51 BANKED LINKER/LOCATER V6.22                                                      12/15/2017  19:57:19  PAGE 29


  D:0007H         SYMBOL        timerx
  D:0004H         SYMBOL        setCounter
  -------         DO            
  X:0065H         SYMBOL        initData
  -------         ENDDO         
  C:21D3H         LINE#         79
  C:21D3H         LINE#         80
  C:21D3H         LINE#         81
  C:21D8H         LINE#         83
  C:21DFH         LINE#         85
  C:21E2H         LINE#         87
  C:21E5H         LINE#         89
  C:21E9H         LINE#         91
  C:21F4H         LINE#         92
  C:21F4H         LINE#         93
  C:21F4H         LINE#         94
  C:21F8H         LINE#         95
  C:21F8H         LINE#         96
  C:21FAH         LINE#         97
  C:21FAH         LINE#         98
  C:21FEH         LINE#         99
  C:21FEH         LINE#         100
  C:2200H         LINE#         101
  C:2200H         LINE#         102
  C:2205H         LINE#         103
  C:2207H         LINE#         104
  C:2207H         LINE#         105
  C:2207H         LINE#         106
  C:2207H         LINE#         107
  C:2207H         LINE#         108
  -------         ENDPROC       _TIMER8254TRIGGERMODEINIT
  -------         PROC          _TIMER8254STARTTRIGGER
  D:0012H         SYMBOL        timerx
  C:2477H         LINE#         110
  C:2479H         LINE#         111
  C:2479H         LINE#         112
  C:247EH         LINE#         113
  C:2485H         LINE#         114
  -------         ENDPROC       _TIMER8254STARTTRIGGER
  -------         PROC          _TIMER8254PRESCALERMODEINIT
  D:0003H         SYMBOL        timerx
  D:0004H         SYMBOL        prescale
  -------         DO            
  X:0021H         SYMBOL        initData
  -------         ENDDO         
  C:206AH         LINE#         117
  C:206CH         LINE#         118
  C:206CH         LINE#         119
  C:2071H         LINE#         121
  C:2078H         LINE#         123
  C:207BH         LINE#         125
  C:207EH         LINE#         127
  C:2082H         LINE#         129
  C:208DH         LINE#         130
  C:208DH         LINE#         131
  C:208DH         LINE#         132
  C:2091H         LINE#         133
BL51 BANKED LINKER/LOCATER V6.22                                                      12/15/2017  19:57:19  PAGE 30


  C:2091H         LINE#         134
  C:2093H         LINE#         135
  C:2093H         LINE#         136
  C:2097H         LINE#         137
  C:2097H         LINE#         138
  C:2099H         LINE#         139
  C:2099H         LINE#         140
  C:209EH         LINE#         141
  C:20A0H         LINE#         142
  C:20A0H         LINE#         143
  C:20A0H         LINE#         144
  C:20A0H         LINE#         145
  C:20A0H         LINE#         147
  -------         ENDPROC       _TIMER8254PRESCALERMODEINIT
  -------         PROC          _TIMER8254SQUAREWAVEMODEINIT
  D:0003H         SYMBOL        timerx
  D:0004H         SYMBOL        period
  -------         DO            
  X:0066H         SYMBOL        initData
  -------         ENDDO         
  C:20A7H         LINE#         151
  C:20A9H         LINE#         152
  C:20A9H         LINE#         153
  C:20AEH         LINE#         155
  C:20B5H         LINE#         157
  C:20B8H         LINE#         159
  C:20BBH         LINE#         161
  C:20BFH         LINE#         163
  C:20CAH         LINE#         164
  C:20CAH         LINE#         165
  C:20CAH         LINE#         166
  C:20CEH         LINE#         167
  C:20CEH         LINE#         168
  C:20D0H         LINE#         169
  C:20D0H         LINE#         170
  C:20D4H         LINE#         171
  C:20D4H         LINE#         172
  C:20D6H         LINE#         173
  C:20D6H         LINE#         174
  C:20DBH         LINE#         175
  C:20DDH         LINE#         176
  C:20DDH         LINE#         177
  C:20DDH         LINE#         178
  C:20DDH         LINE#         179
  C:20DDH         LINE#         181
  -------         ENDPROC       _TIMER8254SQUAREWAVEMODEINIT
  -------         PROC          _TIMER8254SOFTWARESTROBEMODEINIT
  D:0003H         SYMBOL        timerx
  D:0004H         SYMBOL        setCounter
  -------         DO            
  X:0067H         SYMBOL        initData
  -------         ENDDO         
  C:20E4H         LINE#         184
  C:20E6H         LINE#         185
  C:20E6H         LINE#         186
  C:20EBH         LINE#         188
  C:20F2H         LINE#         190
BL51 BANKED LINKER/LOCATER V6.22                                                      12/15/2017  19:57:19  PAGE 31


  C:20F5H         LINE#         192
  C:20F8H         LINE#         194
  C:20FCH         LINE#         196
  C:2107H         LINE#         197
  C:2107H         LINE#         198
  C:2107H         LINE#         199
  C:210BH         LINE#         200
  C:210BH         LINE#         201
  C:210DH         LINE#         202
  C:210DH         LINE#         203
  C:2111H         LINE#         204
  C:2111H         LINE#         205
  C:2113H         LINE#         206
  C:2113H         LINE#         207
  C:2118H         LINE#         208
  C:211AH         LINE#         209
  C:211AH         LINE#         210
  C:211AH         LINE#         211
  C:211AH         LINE#         212
  C:211AH         LINE#         214
  -------         ENDPROC       _TIMER8254SOFTWARESTROBEMODEINIT
  -------         PROC          _TIMER8254HARDWARESTROBEMODEINIT
  D:0003H         SYMBOL        timerx
  D:0004H         SYMBOL        setCounter
  -------         DO            
  X:0068H         SYMBOL        initData
  -------         ENDDO         
  C:2121H         LINE#         217
  C:2123H         LINE#         218
  C:2123H         LINE#         219
  C:2128H         LINE#         221
  C:212FH         LINE#         223
  C:2132H         LINE#         225
  C:2135H         LINE#         227
  C:2139H         LINE#         229
  C:2144H         LINE#         230
  C:2144H         LINE#         231
  C:2144H         LINE#         232
  C:2148H         LINE#         233
  C:2148H         LINE#         234
  C:214AH         LINE#         235
  C:214AH         LINE#         236
  C:214EH         LINE#         237
  C:214EH         LINE#         238
  C:2150H         LINE#         239
  C:2150H         LINE#         240
  C:2155H         LINE#         241
  C:2157H         LINE#         242
  C:2157H         LINE#         243
  C:2157H         LINE#         244
  C:2157H         LINE#         245
  C:2157H         LINE#         247
  -------         ENDPROC       _TIMER8254HARDWARESTROBEMODEINIT
  -------         PROC          _TIMER8254STARTHARDSTROBE
  D:0013H         SYMBOL        timerx
  C:248CH         LINE#         250
  C:248EH         LINE#         251
BL51 BANKED LINKER/LOCATER V6.22                                                      12/15/2017  19:57:19  PAGE 32


  C:248EH         LINE#         252
  C:2493H         LINE#         253
  C:249AH         LINE#         254
  -------         ENDPROC       _TIMER8254STARTHARDSTROBE
  -------         PROC          _TIMER8254GETCOUNTER
  D:0007H         SYMBOL        timerx
  -------         DO            
  X:005EH         SYMBOL        returnValue
  -------         ENDDO         
  C:1F31H         LINE#         257
  C:1F31H         LINE#         258
  C:1F31H         LINE#         259
  C:1F38H         LINE#         261
  C:1F42H         LINE#         263
  C:1F4DH         LINE#         264
  C:1F4DH         LINE#         265
  C:1F4DH         LINE#         266
  C:1F50H         LINE#         267
  C:1F50H         LINE#         268
  C:1F52H         LINE#         269
  C:1F52H         LINE#         270
  C:1F55H         LINE#         271
  C:1F55H         LINE#         272
  C:1F55H         LINE#         273
  C:1F5FH         LINE#         275
  C:1F69H         LINE#         276
  C:1F69H         LINE#         277
  C:1F69H         LINE#         278
  C:1F69H         LINE#         279
  C:1F69H         LINE#         281
  C:1F71H         LINE#         282
  -------         ENDPROC       _TIMER8254GETCOUNTER
  -------         ENDMOD        8254

  -------         MODULE        8251A
  C:0000H         SYMBOL        _ICE_DUMMY_
  D:0080H         PUBLIC        P0
  D:0090H         PUBLIC        P1
  D:00A0H         PUBLIC        P2
  D:00B0H         PUBLIC        P3
  D:00C0H         PUBLIC        P4
  D:00C8H         PUBLIC        P5
  D:00E8H         PUBLIC        P6
  D:00F8H         PUBLIC        P7
  D:00A8H         PUBLIC        IE
  D:00B8H         PUBLIC        IP
  D:00D8H         PUBLIC        CCON
  D:0098H         PUBLIC        SCON
  D:0088H         PUBLIC        TCON
  D:00D0H         PUBLIC        PSW
  -------         ENDMOD        8251A

  -------         MODULE        CS5550
  C:0000H         SYMBOL        _ICE_DUMMY_
  D:0080H         PUBLIC        P0
  D:0090H         PUBLIC        P1
  D:00A0H         PUBLIC        P2
BL51 BANKED LINKER/LOCATER V6.22                                                      12/15/2017  19:57:19  PAGE 33


  D:00B0H         PUBLIC        P3
  D:00C0H         PUBLIC        P4
  D:00C8H         PUBLIC        P5
  D:00E8H         PUBLIC        P6
  D:00F8H         PUBLIC        P7
  C:2405H         PUBLIC        _CS5550WriteCmd
  C:1E6FH         PUBLIC        _CS5550WriteByte
  D:00A8H         PUBLIC        IE
  C:1801H         PUBLIC        _CS5550ReadRes
  D:00B8H         PUBLIC        IP
  C:2208H         PUBLIC        _CS5550WriteRes
  D:00D8H         PUBLIC        CCON
  B:0090H.7       PUBLIC        CS5550_SDI
  B:0090H.0       PUBLIC        CS5550_SDO
  D:0098H         PUBLIC        SCON
  D:0088H         PUBLIC        TCON
  C:1D35H         PUBLIC        CS5550RecieveByte
  B:0090H.6       PUBLIC        CS5550_CS
  B:00B0H.2       PUBLIC        CS5550_SCLK
  D:00D0H         PUBLIC        PSW
  -------         PROC          L?0018
  -------         ENDPROC       L?0018
  -------         PROC          _CS5550WRITEBYTE
  D:002BH         SYMBOL        message
  -------         DO            
  X:0025H         SYMBOL        i
  -------         ENDDO         
  C:1E6FH         LINE#         5
  C:1E71H         LINE#         6
  C:1E71H         LINE#         7
  C:1E76H         LINE#         8
  C:1E77H         LINE#         9
  C:1E77H         LINE#         10
  C:1E79H         LINE#         12
  C:1E7EH         LINE#         13
  C:1E7EH         LINE#         14
  C:1E80H         LINE#         15
  C:1E82H         LINE#         17
  C:1E82H         LINE#         18
  C:1E84H         LINE#         19
  C:1E84H         LINE#         20
  C:1E8BH         LINE#         21
  C:1E8DH         LINE#         22
  C:1E94H         LINE#         23
  C:1E9AH         LINE#         25
  C:1EA6H         LINE#         26
  C:1EA8H         LINE#         27
  -------         ENDPROC       _CS5550WRITEBYTE
  -------         PROC          CS5550RECIEVEBYTE
  -------         DO            
  X:0025H         SYMBOL        recieveData
  X:0026H         SYMBOL        i
  -------         ENDDO         
  C:1D35H         LINE#         29
  C:1D35H         LINE#         30
  C:1D35H         LINE#         31
  C:1D3AH         LINE#         32
BL51 BANKED LINKER/LOCATER V6.22                                                      12/15/2017  19:57:19  PAGE 34


  C:1D3CH         LINE#         34
  C:1D47H         LINE#         35
  C:1D47H         LINE#         36
  C:1D4BH         LINE#         37
  C:1D4BH         LINE#         38
  C:1D4DH         LINE#         39
  C:1D4FH         LINE#         41
  C:1D4FH         LINE#         42
  C:1D51H         LINE#         43
  C:1D51H         LINE#         45
  C:1D53H         LINE#         46
  C:1D5AH         LINE#         47
  C:1D61H         LINE#         48
  C:1D63H         LINE#         49
  C:1D6AH         LINE#         50
  C:1D71H         LINE#         51
  C:1D71H         LINE#         52
[...]
  D:0098H         PUBLIC        SCON
  D:0088H         PUBLIC        TCON
  C:1619H         PUBLIC        _MotorVelCrl
  D:00D0H         PUBLIC        PSW
BL51 BANKED LINKER/LOCATER V6.22                                                      12/15/2017  19:57:19  PAGE 37


  -------         PROC          _MOTORVELCRL
  D:0008H         SYMBOL        expVel
  D:000CH         SYMBOL        actVel
  -------         DO            
  X:0046H         SYMBOL        dutyCycle
  X:004AH         SYMBOL        error
  -------         ENDDO         
  C:1619H         LINE#         7
  C:1621H         LINE#         8
  C:1621H         LINE#         10
  C:162BH         LINE#         11
  C:1635H         LINE#         13
  C:1649H         LINE#         14
  C:1649H         LINE#         15
  C:1654H         LINE#         16
  C:1654H         LINE#         18
  C:1678H         LINE#         20
  C:1691H         LINE#         22
  C:16D7H         LINE#         24
  C:16F4H         LINE#         25
  C:16F4H         LINE#         26
  C:16FEH         LINE#         27
  C:16FEH         LINE#         29
  -------         ENDPROC       _MOTORVELCRL
  -------         ENDMOD        BRUSHDCMOTOR

  -------         MODULE        STEPMOTOR
  C:0000H         SYMBOL        _ICE_DUMMY_
  D:0080H         PUBLIC        P0
  D:0090H         PUBLIC        P1
  D:00A0H         PUBLIC        P2
  D:00B0H         PUBLIC        P3
  D:00C0H         PUBLIC        P4
  D:00C8H         PUBLIC        P5
  D:00E8H         PUBLIC        P6
  D:00F8H         PUBLIC        P7
  D:00A8H         PUBLIC        IE
  C:12F8H         PUBLIC        _StepMotorSpeedControl
  D:00B8H         PUBLIC        IP
  D:00D8H         PUBLIC        CCON
  D:0098H         PUBLIC        SCON
  D:0088H         PUBLIC        TCON
  C:2326H         PUBLIC        StepMotorPinInit
  D:00D0H         PUBLIC        PSW
  -------         PROC          STEPMOTORPININIT
  C:2326H         LINE#         5
  C:2326H         LINE#         6
  C:2326H         LINE#         7
  C:232FH         LINE#         8
  C:2338H         LINE#         9
  C:2341H         LINE#         10
  -------         ENDPROC       STEPMOTORPININIT
  -------         PROC          _STEPMOTORSPEEDCONTROL
  D:0049H         SYMBOL        vel
  -------         DO            
  X:0059H         SYMBOL        state
  X:005AH         SYMBOL        counter
BL51 BANKED LINKER/LOCATER V6.22                                                      12/15/2017  19:57:19  PAGE 38


  -------         ENDDO         
  C:12F8H         LINE#         13
  C:1300H         LINE#         14
  C:1300H         LINE#         18
  C:132BH         LINE#         19
  C:132BH         LINE#         20
  C:132BH         LINE#         21
  C:1333H         LINE#         22
  C:1337H         LINE#         23
  C:1337H         LINE#         24
  C:1337H         LINE#         29
  C:1339H         LINE#         30
  C:1339H         LINE#         31
  C:1341H         LINE#         32
  C:1346H         LINE#         33
  C:1346H         LINE#         34
  C:1346H         LINE#         39
  C:1348H         LINE#         40
  C:1348H         LINE#         41
  C:134FH         LINE#         42
  C:1358H         LINE#         43
  C:135CH         LINE#         44
  C:135CH         LINE#         49
  C:135EH         LINE#         50
  C:135EH         LINE#         51
  C:1365H         LINE#         52
  C:136EH         LINE#         53
  C:1373H         LINE#         54
  C:1373H         LINE#         59
  C:1375H         LINE#         60
  C:1375H         LINE#         61
  C:137CH         LINE#         62
  C:1384H         LINE#         63
  C:138DH         LINE#         64
  C:1391H         LINE#         69
  C:1393H         LINE#         70
  C:1393H         LINE#         71
  C:139AH         LINE#         72
  C:13A2H         LINE#         73
  C:13ABH         LINE#         74
  C:13B0H         LINE#         79
  C:13B2H         LINE#         80
  C:13B2H         LINE#         81
  C:13B9H         LINE#         82
  C:13C1H         LINE#         83
  C:13C9H         LINE#         84
  C:13CEH         LINE#         89
  C:13D0H         LINE#         90
  C:13D0H         LINE#         91
  C:13D8H         LINE#         92
  C:13E0H         LINE#         93
  C:13E8H         LINE#         94
  C:13F1H         LINE#         99
  C:13F1H         LINE#         100
  C:13F1H         LINE#         101
  C:13F1H         LINE#         102
  C:13F1H         LINE#         104
BL51 BANKED LINKER/LOCATER V6.22                                                      12/15/2017  19:57:19  PAGE 39


  C:1410H         LINE#         106
  C:1444H         LINE#         107
  C:1444H         LINE#         108
  C:144EH         LINE#         109
  C:1462H         LINE#         110
  C:1462H         LINE#         112
  C:1468H         LINE#         113
  C:146CH         LINE#         114
  C:146DH         LINE#         115
  C:147FH         LINE#         116
  C:147FH         LINE#         118
  C:1485H         LINE#         119
  C:1485H         LINE#         120
  C:1488H         LINE#         121
  C:1488H         LINE#         122
  C:148EH         LINE#         123
  C:148EH         LINE#         124
  C:148EH         LINE#         125
  -------         ENDPROC       _STEPMOTORSPEEDCONTROL
  -------         ENDMOD        STEPMOTOR

  -------         MODULE        SPEAKER
  C:0000H         SYMBOL        _ICE_DUMMY_
  -------         ENDMOD        SPEAKER

  -------         MODULE        GPIO
  C:0000H         SYMBOL        _ICE_DUMMY_
  D:0092H         PUBLIC        P1M0
  D:0093H         PUBLIC        P0M1
  C:23E7H         PUBLIC        _GPIOSetBit
  D:0096H         PUBLIC        P2M0
  D:0091H         PUBLIC        P1M1
  D:0080H         PUBLIC        P0
  D:00B2H         PUBLIC        P3M0
  D:0095H         PUBLIC        P2M1
  D:0090H         PUBLIC        P1
  D:00B1H         PUBLIC        P3M1
  D:00A0H         PUBLIC        P2
  D:00B0H         PUBLIC        P3
  D:00C0H         PUBLIC        P4
  D:00C8H         PUBLIC        P5
  D:00E8H         PUBLIC        P6
  D:00F8H         PUBLIC        P7
  D:00A8H         PUBLIC        IE
  D:00B8H         PUBLIC        IP
  D:00D8H         PUBLIC        CCON
  D:0098H         PUBLIC        SCON
  D:0088H         PUBLIC        TCON
  C:1A09H         PUBLIC        _GPIOInit
  C:1DD3H         PUBLIC        _GPIOReadBit
  C:234AH         PUBLIC        _GPIOResetBit
  D:00D0H         PUBLIC        PSW
  D:0094H         PUBLIC        P0M0
  -------         PROC          _GPIOINIT
  D:0007H         SYMBOL        GPIOPort
  D:0005H         SYMBOL        GPIOPin
  D:0003H         SYMBOL        GPIOMode
BL51 BANKED LINKER/LOCATER V6.22                                                      12/15/2017  19:57:19  PAGE 40


  C:1A09H         LINE#         3
  C:1A09H         LINE#         4
  C:1A09H         LINE#         5
  C:1A17H         LINE#         6
  C:1A17H         LINE#         7
  C:1A17H         LINE#         8
  C:1A1BH         LINE#         9
  C:1A1BH         LINE#         10
  C:1A1EH         LINE#         11
  C:1A20H         LINE#         13
  C:1A20H         LINE#         14
  C:1A24H         LINE#         15
  C:1A24H         LINE#         16
  C:1A28H         LINE#         17
  C:1A28H         LINE#         18
  C:1A2BH         LINE#         19
  C:1A2CH         LINE#         21
  C:1A2CH         LINE#         22
  C:1A30H         LINE#         23
  C:1A30H         LINE#         24
  C:1A31H         LINE#         25
  C:1A31H         LINE#         26
  C:1A35H         LINE#         27
  C:1A35H         LINE#         28
  C:1A38H         LINE#         29
  C:1A3AH         LINE#         31
  C:1A3AH         LINE#         32
  C:1A3EH         LINE#         33
  C:1A3EH         LINE#         34
  C:1A42H         LINE#         35
  C:1A42H         LINE#         36
  C:1A45H         LINE#         37
  C:1A46H         LINE#         39
  C:1A46H         LINE#         40
  C:1A4AH         LINE#         41
  C:1A4AH         LINE#         42
  C:1A4BH         LINE#         43
  C:1A4BH         LINE#         44
  C:1A4FH         LINE#         45
  C:1A4FH         LINE#         46
  C:1A52H         LINE#         47
  C:1A54H         LINE#         49
  C:1A54H         LINE#         50
  C:1A58H         LINE#         51
  C:1A58H         LINE#         52
  C:1A5CH         LINE#         53
  C:1A5CH         LINE#         54
  C:1A5FH         LINE#         55
  C:1A60H         LINE#         57
  C:1A60H         LINE#         58
  C:1A64H         LINE#         59
  C:1A64H         LINE#         60
  C:1A65H         LINE#         61
  C:1A65H         LINE#         62
  C:1A69H         LINE#         63
  C:1A69H         LINE#         64
  C:1A6CH         LINE#         65
BL51 BANKED LINKER/LOCATER V6.22                                                      12/15/2017  19:57:19  PAGE 41


  C:1A6EH         LINE#         67
  C:1A6EH         LINE#         68
  C:1A72H         LINE#         69
  C:1A72H         LINE#         70
  C:1A76H         LINE#         71
  C:1A76H         LINE#         72
  C:1A79H         LINE#         73
  C:1A7AH         LINE#         75
  C:1A7AH         LINE#         76
  C:1A7EH         LINE#         77
  C:1A7EH         LINE#         78
  C:1A7EH         LINE#         79
  C:1A7EH         LINE#         80
  C:1A7EH         LINE#         81
  C:1A7EH         LINE#         83
  -------         ENDPROC       _GPIOINIT
  -------         PROC          _GPIOSETBIT
  D:0007H         SYMBOL        GPIOPort
  D:0005H         SYMBOL        GPIOPin
  C:23E7H         LINE#         85
  C:23E7H         LINE#         86
  C:23E7H         LINE#         87
  C:23F5H         LINE#         88
  C:23F5H         LINE#         89
  C:23F5H         LINE#         90
  C:23F8H         LINE#         91
  C:23F9H         LINE#         92
  C:23F9H         LINE#         93
  C:23FCH         LINE#         94
  C:23FDH         LINE#         95
  C:23FDH         LINE#         96
  C:2400H         LINE#         97
  C:2401H         LINE#         98
  C:2401H         LINE#         99
  C:2404H         LINE#         100
  C:2404H         LINE#         101
  C:2404H         LINE#         102
  C:2404H         LINE#         103
  C:2404H         LINE#         105
  -------         ENDPROC       _GPIOSETBIT
  -------         PROC          _GPIORESETBIT
  D:0007H         SYMBOL        GPIOPort
  D:0005H         SYMBOL        GPIOPin
  C:234AH         LINE#         107
  C:234AH         LINE#         108
  C:234AH         LINE#         109
  C:2358H         LINE#         110
  C:2358H         LINE#         111
  C:2358H         LINE#         112
  C:235CH         LINE#         113
  C:235DH         LINE#         114
  C:235DH         LINE#         115
  C:2361H         LINE#         116
  C:2362H         LINE#         117
  C:2362H         LINE#         118
  C:2366H         LINE#         119
  C:2367H         LINE#         120
BL51 BANKED LINKER/LOCATER V6.22                                                      12/15/2017  19:57:19  PAGE 42


  C:2367H         LINE#         121
  C:236BH         LINE#         122
  C:236BH         LINE#         123
  C:236BH         LINE#         124
  C:236BH         LINE#         125
  C:236BH         LINE#         126
  -------         ENDPROC       _GPIORESETBIT
  -------         PROC          _GPIOREADBIT
  D:0007H         SYMBOL        GPIOPort
  D:0005H         SYMBOL        GPIOPin
  C:1DD3H         LINE#         128
  C:1DD3H         LINE#         129
  C:1DD3H         LINE#         130
  C:1DE1H         LINE#         131
  C:1DE1H         LINE#         132
  C:1DE1H         LINE#         133
  C:1DE4H         LINE#         134
  C:1DEFH         LINE#         135
  C:1DEFH         LINE#         136
  C:1DEFH         LINE#         137
  C:1DF2H         LINE#         138
  C:1DFDH         LINE#         139
  C:1DFDH         LINE#         140
  C:1DFDH         LINE#         141
  C:1E00H         LINE#         142
  C:1E0BH         LINE#         143
  C:1E0BH         LINE#         144
  C:1E0BH         LINE#         145
  C:1E0EH         LINE#         146
  C:1E19H         LINE#         147
  C:1E19H         LINE#         148
  C:1E19H         LINE#         149
  C:1E1BH         LINE#         150
  C:1E1BH         LINE#         151
  C:1E1BH         LINE#         152
  -------         ENDPROC       _GPIOREADBIT
  -------         ENDMOD        GPIO

  -------         MODULE        ?C?FPADD
  C:0045H         PUBLIC        ?C?FPADD
  C:0041H         PUBLIC        ?C?FPSUB
  -------         ENDMOD        ?C?FPADD

  -------         MODULE        ?C?FPMUL
  C:0136H         PUBLIC        ?C?FPMUL
  -------         ENDMOD        ?C?FPMUL

  -------         MODULE        ?C?FPDIV
  C:023FH         PUBLIC        ?C?FPDIV
  -------         ENDMOD        ?C?FPDIV

  -------         MODULE        ?C?FPCMP
  C:02DEH         PUBLIC        ?C?FPCMP
  C:02DCH         PUBLIC        ?C?FPCMP3
  -------         ENDMOD        ?C?FPCMP

  -------         MODULE        ?C?FCAST
BL51 BANKED LINKER/LOCATER V6.22                                                      12/15/2017  19:57:19  PAGE 43


  C:035FH         PUBLIC        ?C?FCASTC
  C:035AH         PUBLIC        ?C?FCASTI
  C:0355H         PUBLIC        ?C?FCASTL
  -------         ENDMOD        ?C?FCAST

  -------         MODULE        ?C?CASTF
  C:0393H         PUBLIC        ?C?CASTF
  -------         ENDMOD        ?C?CASTF

  -------         MODULE        PRINTF
  D:002AH         PUBLIC        ?_PRINTF?BYTE
  D:002AH         PUBLIC        ?_SPRINTF?BYTE
  C:0969H         PUBLIC        _PRINTF
  C:0963H         PUBLIC        _SPRINTF
  -------         ENDMOD        PRINTF

  -------         MODULE        ?C?FPROUND
  C:0414H         PUBLIC        ?C?FPROUND
  -------         ENDMOD        ?C?FPROUND

  -------         MODULE        ?C?FPCONVERT
  C:0443H         PUBLIC        ?C?FPCONVERT
  -------         ENDMOD        ?C?FPCONVERT

  -------         MODULE        ?C?FTNPWR
  C:0576H         PUBLIC        ?C?FTNPWR
  -------         ENDMOD        ?C?FTNPWR

  -------         MODULE        ?C?COPY
  C:0686H         PUBLIC        ?C?COPY
  -------         ENDMOD        ?C?COPY

  -------         MODULE        ?C?CLDPTR
  C:06ACH         PUBLIC        ?C?CLDPTR
  -------         ENDMOD        ?C?CLDPTR

  -------         MODULE        ?C?CLDOPTR
  C:06C5H         PUBLIC        ?C?CLDOPTR
  -------         ENDMOD        ?C?CLDOPTR

  -------         MODULE        ?C?CSTPTR
  C:06F2H         PUBLIC        ?C?CSTPTR
  -------         ENDMOD        ?C?CSTPTR

  -------         MODULE        ?C?IMUL
  C:0704H         PUBLIC        ?C?IMUL
  -------         ENDMOD        ?C?IMUL

  -------         MODULE        ?C?UIDIV
  C:0716H         PUBLIC        ?C?UIDIV
  -------         ENDMOD        ?C?UIDIV

  -------         MODULE        ?C?ULDIV
  C:07A7H         PUBLIC        ?C?ULDIV
  -------         ENDMOD        ?C?ULDIV

  -------         MODULE        ?C?SLDIV
BL51 BANKED LINKER/LOCATER V6.22                                                      12/15/2017  19:57:19  PAGE 44


  C:1EEDH         PUBLIC        ?C?SLDIV
  -------         ENDMOD        ?C?SLDIV

  -------         MODULE        ?C?LNEG
  C:0839H         PUBLIC        ?C?LNEG
  -------         ENDMOD        ?C?LNEG

  -------         MODULE        ?C?SLCMP
  C:0847H         PUBLIC        ?C?SLCMP
  -------         ENDMOD        ?C?SLCMP

  -------         MODULE        ?C?ULCMP
  C:085DH         PUBLIC        ?C?ULCMP
  -------         ENDMOD        ?C?ULCMP

  -------         MODULE        ?C?ULSHR
  C:086EH         PUBLIC        ?C?ULSHR
  -------         ENDMOD        ?C?ULSHR

  -------         MODULE        ?C?LSHL
  C:0881H         PUBLIC        ?C?LSHL
  -------         ENDMOD        ?C?LSHL

  -------         MODULE        ?C?LSTXDATA
  C:0894H         PUBLIC        ?C?LSTXDATA
  -------         ENDMOD        ?C?LSTXDATA

  -------         MODULE        ?C?LSTKXDATA
  C:08A0H         PUBLIC        ?C?LSTKXDATA
  -------         ENDMOD        ?C?LSTKXDATA

  -------         MODULE        ?C?PLDIIDATA
  C:08D1H         PUBLIC        ?C?PLDIIDATA
  -------         ENDMOD        ?C?PLDIIDATA

  -------         MODULE        ?C?CCASE
  C:08E1H         PUBLIC        ?C?CCASE
  -------         ENDMOD        ?C?CCASE

  -------         MODULE        PUTCHAR
  C:22B7H         PUBLIC        _PUTCHAR
  -------         ENDMOD        PUTCHAR

*** WARNING L16: UNCALLED SEGMENT, IGNORED FOR OVERLAY PROCESS
    SEGMENT: ?PR?_BLINKIN4?P1IO

*** WARNING L16: UNCALLED SEGMENT, IGNORED FOR OVERLAY PROCESS
    SEGMENT: ?PR?_FLOW?P1IO

*** WARNING L16: UNCALLED SEGMENT, IGNORED FOR OVERLAY PROCESS
    SEGMENT: ?PR?SHOWINPUT?P1IO

*** WARNING L16: UNCALLED SEGMENT, IGNORED FOR OVERLAY PROCESS
    SEGMENT: ?PR?_TIMERGETOVERFLOWITFLAG?TIMER

*** WARNING L16: UNCALLED SEGMENT, IGNORED FOR OVERLAY PROCESS
    SEGMENT: ?PR?_TIMEROVERFLOWITINIT?TIMER
BL51 BANKED LINKER/LOCATER V6.22                                                      12/15/2017  19:57:19  PAGE 45



*** WARNING L16: UNCALLED SEGMENT, IGNORED FOR OVERLAY PROCESS
    SEGMENT: ?PR?_IO8255READBIT?8255

*** WARNING L16: UNCALLED SEGMENT, IGNORED FOR OVERLAY PROCESS
    SEGMENT: ?PR?_TIMER8254COUNTERMODEINIT?8254

*** WARNING L16: UNCALLED SEGMENT, IGNORED FOR OVERLAY PROCESS
    SEGMENT: ?PR?_TIMER8254TRIGGERMODEINIT?8254

*** WARNING L16: UNCALLED SEGMENT, IGNORED FOR OVERLAY PROCESS
    SEGMENT: ?PR?_TIMER8254STARTTRIGGER?8254

*** WARNING L16: UNCALLED SEGMENT, IGNORED FOR OVERLAY PROCESS
    SEGMENT: ?PR?_TIMER8254SQUAREWAVEMODEINIT?8254

*** WARNING L16: UNCALLED SEGMENT, IGNORED FOR OVERLAY PROCESS
    SEGMENT: ?PR?_TIMER8254SOFTWARESTROBEMODEINIT?8254

*** WARNING L16: UNCALLED SEGMENT, IGNORED FOR OVERLAY PROCESS
    SEGMENT: ?PR?_TIMER8254HARDWARESTROBEMODEINIT?8254

*** WARNING L16: UNCALLED SEGMENT, IGNORED FOR OVERLAY PROCESS
    SEGMENT: ?PR?_TIMER8254STARTHARDSTROBE?8254

*** WARNING L16: UNCALLED SEGMENT, IGNORED FOR OVERLAY PROCESS
    SEGMENT: ?PR?_TIMER8254GETCOUNTER?8254

*** WARNING L16: UNCALLED SEGMENT, IGNORED FOR OVERLAY PROCESS
    SEGMENT: ?PR?CCP1INIT?PWM

*** WARNING L16: UNCALLED SEGMENT, IGNORED FOR OVERLAY PROCESS
    SEGMENT: ?PR?_MOTORVELCRL?BRUSHDCMOTOR

*** WARNING L16: UNCALLED SEGMENT, IGNORED FOR OVERLAY PROCESS
    SEGMENT: ?PR?STEPMOTORPININIT?STEPMOTOR

*** WARNING L16: UNCALLED SEGMENT, IGNORED FOR OVERLAY PROCESS
    SEGMENT: ?PR?_GPIOSETBIT?GPIO

*** WARNING L16: UNCALLED SEGMENT, IGNORED FOR OVERLAY PROCESS
    SEGMENT: ?PR?_GPIORESETBIT?GPIO

*** WARNING L16: UNCALLED SEGMENT, IGNORED FOR OVERLAY PROCESS
    SEGMENT: ?PR?_GPIOREADBIT?GPIO

*** WARNING L6: XDATA SPACE MEMORY OVERLAP
    FROM:    F800H
    TO:      F800H

*** WARNING L6: XDATA SPACE MEMORY OVERLAP
    FROM:    F900H
    TO:      F900H

*** WARNING L1: UNRESOLVED EXTERNAL SYMBOL
    SYMBOL:  UART1RECIEVE
    MODULE:  .\Objects\89C51_it.obj (89C51_IT)
BL51 BANKED LINKER/LOCATER V6.22                                                      12/15/2017  19:57:19  PAGE 46



*** WARNING L1: UNRESOLVED EXTERNAL SYMBOL
    SYMBOL:  LEDITSTATUS
    MODULE:  .\Objects\89C51_it.obj (89C51_IT)

*** WARNING L2: REFERENCE MADE TO UNRESOLVED EXTERNAL
    SYMBOL:  LEDITSTATUS
    MODULE:  .\Objects\89C51_it.obj (89C51_IT)
    ADDRESS: 24DAH

*** WARNING L2: REFERENCE MADE TO UNRESOLVED EXTERNAL
    SYMBOL:  LEDITSTATUS
    MODULE:  .\Objects\89C51_it.obj (89C51_IT)
    ADDRESS: 24DEH

*** WARNING L2: REFERENCE MADE TO UNRESOLVED EXTERNAL
    SYMBOL:  LEDITSTATUS
    MODULE:  .\Objects\89C51_it.obj (89C51_IT)
    ADDRESS: 24E3H

*** WARNING L2: REFERENCE MADE TO UNRESOLVED EXTERNAL
    SYMBOL:  UART1RECIEVE
    MODULE:  .\Objects\89C51_it.obj (89C51_IT)
    ADDRESS: 1C5EH

Program Size: data=65.1 xdata=117 code=9535
LINK/LOCATE RUN COMPLETE.  28 WARNING(S),  0 ERROR(S)
